[2m2026-07-04T18:58:48.076502Z[0m [32m INFO[0m [2mpm_bot[0m[2m:[0m pm-bot démarre (PAPER mode) — archives: /home/user/rustfactor/polymarket-btc5m-bot/data_v2/run_v3_20260704T185839
[2m2026-07-04T18:58:48.483108Z[0m [32m INFO[0m [2mpm_bot[0m[2m:[0m fenêtre active: btc-updown-5m-1783191300 [1783191300000 → 1783191600000]
[2m2026-07-04T18:58:48.782128Z[0m [32m INFO[0m [2mpm_acquisition::rtds[0m[2m:[0m RTDS connecté
[2m2026-07-04T18:58:49.065304Z[0m [32m INFO[0m [2mpm_acquisition::clob[0m[2m:[0m CLOB connecté (up=89175800…, down=72877497…)
[2m2026-07-04T18:58:50.040672Z[0m [32m INFO[0m [2mpm_bot[0m[2m:[0m strike gelé: Some(63110.42257357994) (confidence=0.000, gap=Some(229000) ms)
[2m2026-07-04T19:00:02.073819Z[0m [32m INFO[0m [2mpm_bot[0m[2m:[0m RÈGLEMENT btc-updown-5m-1783191300 | strike=Some("63110.42") issue=Up (estimé) | PnL up=+0.00 down=+0.00 | taker=0 maker_fills=0 | PnL cumulé=+0.00
[2m2026-07-04T19:00:02.073861Z[0m [32m INFO[0m [2mpm_bot[0m[2m:[0m fenêtre active: btc-updown-5m-1783191600 [1783191600000 → 1783191900000]
[2m2026-07-04T19:00:02.073874Z[0m [32m INFO[0m [2mpm_bot[0m[2m:[0m strike gelé: Some(63115.03323206965) (confidence=1.000, gap=Some(0) ms)
[2m2026-07-04T19:00:02.672659Z[0m [32m INFO[0m [2mpm_acquisition::clob[0m[2m:[0m CLOB connecté (up=56025922…, down=63726130…)
[2m2026-07-04T19:00:02.832805Z[0m [32m INFO[0m [2mpm_bot[0m[2m:[0m MAKER UP quotes: bid=Some((0.5, 50.0)) ask=None (bid@0.50 fair=0.667)
[2m2026-07-04T19:00:03.801186Z[0m [32m INFO[0m [2mpm_bot[0m[2m:[0m PAPER fill maker 56025922 sur trade @0.500 (achat=true vente=false)
[2m2026-07-04T19:00:03.832748Z[0m [32m INFO[0m [2mpm_bot[0m[2m:[0m MAKER UP quotes: bid=Some((0.5, 50.0)) ask=Some((0.68, 50.0)) (TP ask@0.68 | bid@0.50 fair=0.663)
[2m2026-07-04T19:00:04.769628Z[0m [32m INFO[0m [2mpm_bot[0m[2m:[0m PAPER fill maker 56025922 sur trade @0.500 (achat=true vente=false)
[2m2026-07-04T19:00:04.833146Z[0m [32m INFO[0m [2mpm_bot[0m[2m:[0m MAKER UP quotes: bid=Some((0.5, 50.0)) ask=Some((0.68, 100.0)) (TP ask@0.68 | bid@0.50 fair=0.666)
[2m2026-07-04T19:00:05.348281Z[0m [32m INFO[0m [2mpm_bot[0m[2m:[0m PAPER fill maker 56025922 sur trade @0.490 (achat=true vente=false)
[2m2026-07-04T19:00:05.583280Z[0m [32m INFO[0m [2mpm_bot[0m[2m:[0m MAKER UP quotes: bid=None ask=Some((0.68, 150.0)) (TP ask@0.68)
[2m2026-07-04T19:00:06.333315Z[0m [32m INFO[0m [2mpm_bot[0m[2m:[0m MAKER UP quotes: bid=None ask=Some((0.67, 150.0)) (TP ask@0.67)
[2m2026-07-04T19:00:07.583352Z[0m [32m INFO[0m [2mpm_bot[0m[2m:[0m MAKER UP quotes: bid=None ask=Some((0.66, 150.0)) (TP ask@0.66)
[2m2026-07-04T19:00:08.832444Z[0m [32m INFO[0m [2mpm_bot[0m[2m:[0m MAKER UP quotes: bid=None ask=Some((0.58, 150.0)) (TP ask@0.58)
[2m2026-07-04T19:00:14.582439Z[0m [32m INFO[0m [2mpm_bot[0m[2m:[0m MAKER DOWN quotes: bid=Some((0.51, 50.0)) ask=None (bid@0.51 fair=0.546)
[2m2026-07-04T19:00:14.833088Z[0m [32m INFO[0m [2mpm_bot[0m[2m:[0m MAKER DOWN quotes: bid=Some((0.49, 50.0)) ask=None (bid@0.49 fair=0.546)
[2m2026-07-04T19:00:14.867802Z[0m [32m INFO[0m [2mpm_bot[0m[2m:[0m PAPER fill maker 63726130 sur trade @0.490 (achat=true vente=false)
[2m2026-07-04T19:00:15.082548Z[0m [32m INFO[0m [2mpm_bot[0m[2m:[0m MAKER DOWN quotes: bid=Some((0.49, 50.0)) ask=Some((0.57, 50.0)) (TP ask@0.57 | bid@0.49 fair=0.546)
[2m2026-07-04T19:00:15.098708Z[0m [32m INFO[0m [2mpm_bot[0m[2m:[0m PAPER fill maker 63726130 sur trade @0.490 (achat=true vente=false)
[2m2026-07-04T19:00:15.332737Z[0m [32m INFO[0m [2mpm_bot[0m[2m:[0m MAKER DOWN quotes: bid=Some((0.48, 50.0)) ask=Some((0.57, 100.0)) (TP ask@0.57 | bid@0.48 fair=0.545)
[2m2026-07-04T19:00:15.376225Z[0m [32m INFO[0m [2mpm_bot[0m[2m:[0m PAPER fill maker 63726130 sur trade @0.480 (achat=true vente=false)
[2m2026-07-04T19:00:15.582382Z[0m [32m INFO[0m [2mpm_bot[0m[2m:[0m MAKER DOWN quotes: bid=None ask=Some((0.57, 150.0)) (TP ask@0.57)
[2m2026-07-04T19:00:15.827488Z[0m [32m INFO[0m [2mpm_bot[0m[2m:[0m PAPER fill maker 56025922 sur trade @0.580 (achat=false vente=true)
[2m2026-07-04T19:00:19.083292Z[0m [32m INFO[0m [2mexecution[0m[2m:[0m [DRY-RUN] dryrun-0 Sell 63726130 x 150 @ 0.310 (Fak)
[2m2026-07-04T19:00:19.332621Z[0m [32m INFO[0m [2mpm_bot[0m[2m:[0m MAKER DOWN quotes: bid=Some((0.34, 50.0)) ask=None (bid@0.34 fair=0.371)
[2m2026-07-04T19:00:20.082386Z[0m [32m INFO[0m [2mpm_bot[0m[2m:[0m MAKER UP quotes: bid=Some((0.64, 50.0)) ask=None (bid@0.64 fair=0.736)
[2m2026-07-04T19:00:20.082409Z[0m [32m INFO[0m [2mpm_bot[0m[2m:[0m MAKER DOWN quotes: bid=None ask=None ()
[2m2026-07-04T19:00:20.504456Z[0m [32m INFO[0m [2mpm_bot[0m[2m:[0m PAPER fill maker 56025922 sur trade @0.640 (achat=true vente=false)
[2m2026-07-04T19:00:20.582324Z[0m [32m INFO[0m [2mpm_bot[0m[2m:[0m MAKER UP quotes: bid=Some((0.64, 50.0)) ask=Some((0.75, 50.0)) (TP ask@0.75 | bid@0.64 fair=0.736)
[2m2026-07-04T19:00:20.833318Z[0m [32m INFO[0m [2mpm_bot[0m[2m:[0m MAKER UP quotes: bid=Some((0.67, 50.0)) ask=Some((0.75, 50.0)) (TP ask@0.75 | bid@0.67 fair=0.736)
[2m2026-07-04T19:00:21.082492Z[0m [32m INFO[0m [2mpm_bot[0m[2m:[0m MAKER UP quotes: bid=Some((0.67, 50.0)) ask=Some((0.8, 50.0)) (TP ask@0.80 | bid@0.67 fair=0.785)
[2m2026-07-04T19:00:21.445954Z[0m [32m INFO[0m [2mpm_bot[0m[2m:[0m PAPER fill maker 56025922 sur trade @0.670 (achat=true vente=false)
[2m2026-07-04T19:00:21.583450Z[0m [32m INFO[0m [2mpm_bot[0m[2m:[0m MAKER UP quotes: bid=Some((0.67, 50.0)) ask=Some((0.8, 100.0)) (TP ask@0.80 | bid@0.67 fair=0.785)
[2m2026-07-04T19:00:21.820702Z[0m [32m INFO[0m [2mpm_bot[0m[2m:[0m PAPER fill maker 56025922 sur trade @0.670 (achat=true vente=false)
[2m2026-07-04T19:00:21.832922Z[0m [32m INFO[0m [2mpm_bot[0m[2m:[0m MAKER UP quotes: bid=None ask=Some((0.8, 150.0)) (TP ask@0.80)
[2m2026-07-04T19:00:23.333080Z[0m [32m INFO[0m [2mpm_bot[0m[2m:[0m MAKER UP quotes: bid=None ask=Some((0.83, 150.0)) (TP ask@0.83)
[2m2026-07-04T19:00:24.332976Z[0m [32m INFO[0m [2mpm_bot[0m[2m:[0m MAKER UP quotes: bid=None ask=Some((0.84, 150.0)) (TP ask@0.84)
[2m2026-07-04T19:00:25.083167Z[0m [32m INFO[0m [2mpm_bot[0m[2m:[0m MAKER UP quotes: bid=None ask=Some((0.85, 150.0)) (TP ask@0.85)
[2m2026-07-04T19:00:26.332765Z[0m [32m INFO[0m [2mpm_bot[0m[2m:[0m MAKER UP quotes: bid=None ask=Some((0.88, 150.0)) (TP ask@0.88)
[2m2026-07-04T19:00:27.582983Z[0m [32m INFO[0m [2mpm_bot[0m[2m:[0m MAKER UP quotes: bid=None ask=Some((0.89, 150.0)) (TP ask@0.89)
[2m2026-07-04T19:00:30.083045Z[0m [32m INFO[0m [2mpm_bot[0m[2m:[0m MAKER UP quotes: bid=None ask=Some((0.88, 150.0)) (TP ask@0.88)
[2m2026-07-04T19:00:34.372257Z[0m [32m INFO[0m [2mpm_bot[0m[2m:[0m MAKER UP quotes: bid=None ask=Some((0.89, 150.0)) (TP ask@0.89)
[2m2026-07-04T19:00:39.121955Z[0m [32m INFO[0m [2mpm_bot[0m[2m:[0m MAKER UP quotes: bid=None ask=Some((0.88, 150.0)) (TP ask@0.88)
[2m2026-07-04T19:00:44.622404Z[0m [32m INFO[0m [2mpm_bot[0m[2m:[0m MAKER UP quotes: bid=None ask=Some((0.87, 150.0)) (TP ask@0.87)
[2m2026-07-04T19:00:46.372345Z[0m [32m INFO[0m [2mpm_bot[0m[2m:[0m MAKER UP quotes: bid=None ask=Some((0.9, 150.0)) (TP ask@0.90)
[2m2026-07-04T19:00:47.372190Z[0m [32m INFO[0m [2mpm_bot[0m[2m:[0m MAKER UP quotes: bid=None ask=Some((0.92, 150.0)) (TP ask@0.92)
[2m2026-07-04T19:00:48.372372Z[0m [32m INFO[0m [2mpm_bot[0m[2m:[0m MAKER UP quotes: bid=None ask=Some((0.93, 150.0)) (TP ask@0.93)
[2m2026-07-04T19:00:49.621794Z[0m [32m INFO[0m [2mpm_bot[0m[2m:[0m MAKER UP quotes: bid=None ask=Some((0.95, 150.0)) (TP ask@0.95)
[2m2026-07-04T19:00:51.122301Z[0m [32m INFO[0m [2mpm_bot[0m[2m:[0m MAKER UP quotes: bid=None ask=Some((0.96, 150.0)) (TP ask@0.96)
[2m2026-07-04T19:00:54.372195Z[0m [32m INFO[0m [2mpm_bot[0m[2m:[0m MAKER UP quotes: bid=None ask=Some((0.97, 150.0)) (TP ask@0.97)
[2m2026-07-04T19:00:55.621893Z[0m [32m INFO[0m [2mpm_bot[0m[2m:[0m MAKER UP quotes: bid=None ask=Some((0.98, 150.0)) (TP ask@0.98)
[2m2026-07-04T19:00:56.121653Z[0m [32m INFO[0m [2mpm_bot[0m[2m:[0m MAKER UP quotes: bid=None ask=Some((0.99, 150.0)) (TP ask@0.99)
[2m2026-07-04T19:01:16.121479Z[0m [32m INFO[0m [2mexecution[0m[2m:[0m [DRY-RUN] dryrun-1 Sell 56025922 x 150 @ 0.900 (Fak)
[2m2026-07-04T19:01:17.122297Z[0m [32m INFO[0m [2mpm_bot[0m[2m:[0m TAKER: UP (z=4.19 p=1.000 ask=0.910 avg=0.920 tau=223s)
[2m2026-07-04T19:01:17.122325Z[0m [32m INFO[0m [2mexecution[0m[2m:[0m [DRY-RUN] dryrun-2 Buy 56025922 x 274 @ 0.930 (Fak)
[2m2026-07-04T19:01:17.122335Z[0m [32m INFO[0m [2mpm_bot[0m[2m:[0m MAKER UP quotes: bid=None ask=Some((0.99, 274.0)) (TP ask@0.99)
[2m2026-07-04T19:01:18.815232Z[0m [32m INFO[0m [2mpm_bot[0m[2m:[0m résolution officielle btc-updown-5m-1783191300: Up — CONFIRME notre estimation ✓
[2m2026-07-04T19:01:18.815249Z[0m [32m INFO[0m [2mpm_acquisition::clob[0m[2m:[0m CLOB flux terminé (marché résolu/fermé)
[2m2026-07-04T19:02:21.122032Z[0m [32m INFO[0m [2mexecution[0m[2m:[0m [DRY-RUN] dryrun-3 Sell 56025922 x 274 @ 0.890 (Fak)
[2m2026-07-04T19:05:02.410971Z[0m [32m INFO[0m [2mpm_bot[0m[2m:[0m RÈGLEMENT btc-updown-5m-1783191600 | strike=Some("63115.03") issue=Up (estimé) | PnL up=+39.68 down=-26.50 | taker=1 maker_fills=10 | PnL cumulé=+13.18
[2m2026-07-04T19:05:02.411016Z[0m [32m INFO[0m [2mpm_bot[0m[2m:[0m fenêtre active: btc-updown-5m-1783191900 [1783191900000 → 1783192200000]
[2m2026-07-04T19:05:02.411037Z[0m [32m INFO[0m [2mpm_bot[0m[2m:[0m strike gelé: Some(63171.02539025871) (confidence=1.000, gap=Some(0) ms)
[2m2026-07-04T19:05:03.026169Z[0m [32m INFO[0m [2mpm_acquisition::clob[0m[2m:[0m CLOB connecté (up=92609511…, down=32889917…)
[2m2026-07-04T19:05:03.659550Z[0m [32m INFO[0m [2mpm_bot[0m[2m:[0m MAKER DOWN quotes: bid=Some((0.52, 50.0)) ask=None (bid@0.52 fair=0.692)
[2m2026-07-04T19:05:04.292137Z[0m [32m INFO[0m [2mpm_bot[0m[2m:[0m PAPER fill maker 32889917 sur trade @0.520 (achat=true vente=false)
[2m2026-07-04T19:05:04.408521Z[0m [32m INFO[0m [2mpm_bot[0m[2m:[0m MAKER DOWN quotes: bid=Some((0.52, 50.0)) ask=Some((0.71, 50.0)) (TP ask@0.71 | bid@0.52 fair=0.691)
[2m2026-07-04T19:05:04.909242Z[0m [32m INFO[0m [2mpm_bot[0m[2m:[0m MAKER DOWN quotes: bid=Some((0.52, 50.0)) ask=Some((0.7, 50.0)) (TP ask@0.70 | bid@0.52 fair=0.686)
[2m2026-07-04T19:05:05.039681Z[0m [32m INFO[0m [2mpm_bot[0m[2m:[0m PAPER fill maker 32889917 sur trade @0.520 (achat=true vente=false)
[2m2026-07-04T19:05:05.159178Z[0m [32m INFO[0m [2mpm_bot[0m[2m:[0m MAKER DOWN quotes: bid=Some((0.52, 50.0)) ask=Some((0.7, 100.0)) (TP ask@0.70 | bid@0.52 fair=0.686)
[2m2026-07-04T19:05:05.408651Z[0m [32m INFO[0m [2mpm_bot[0m[2m:[0m MAKER DOWN quotes: bid=Some((0.52, 50.0)) ask=Some((0.69, 100.0)) (TP ask@0.69 | bid@0.52 fair=0.674)
[2m2026-07-04T19:05:05.535191Z[0m [32m INFO[0m [2mpm_bot[0m[2m:[0m PAPER fill maker 32889917 sur trade @0.510 (achat=true vente=false)
[2m2026-07-04T19:05:05.658320Z[0m [32m INFO[0m [2mpm_bot[0m[2m:[0m MAKER DOWN quotes: bid=None ask=Some((0.69, 150.0)) (TP ask@0.69)
[2m2026-07-04T19:05:07.909036Z[0m [32m INFO[0m [2mpm_bot[0m[2m:[0m MAKER DOWN quotes: bid=None ask=Some((0.65, 150.0)) (TP ask@0.65)
[2m2026-07-04T19:05:09.158882Z[0m [32m INFO[0m [2mpm_bot[0m[2m:[0m MAKER DOWN quotes: bid=None ask=Some((0.66, 150.0)) (TP ask@0.66)
[2m2026-07-04T19:05:10.409270Z[0m [32m INFO[0m [2mpm_bot[0m[2m:[0m MAKER DOWN quotes: bid=None ask=Some((0.64, 150.0)) (TP ask@0.64)
[2m2026-07-04T19:05:11.908896Z[0m [32m INFO[0m [2mpm_bot[0m[2m:[0m MAKER DOWN quotes: bid=None ask=Some((0.63, 150.0)) (TP ask@0.63)
[2m2026-07-04T19:05:12.658993Z[0m [32m INFO[0m [2mpm_bot[0m[2m:[0m MAKER DOWN quotes: bid=None ask=Some((0.64, 150.0)) (TP ask@0.64)
[2m2026-07-04T19:05:13.908466Z[0m [32m INFO[0m [2mpm_bot[0m[2m:[0m MAKER DOWN quotes: bid=None ask=Some((0.66, 150.0)) (TP ask@0.66)
[2m2026-07-04T19:05:16.908992Z[0m [32m INFO[0m [2mpm_bot[0m[2m:[0m MAKER DOWN quotes: bid=None ask=Some((0.79, 150.0)) (TP ask@0.79)
[2m2026-07-04T19:05:17.408575Z[0m [32m INFO[0m [2mpm_bot[0m[2m:[0m MAKER DOWN quotes: bid=None ask=Some((0.85, 150.0)) (TP ask@0.85)
[2m2026-07-04T19:05:18.909367Z[0m [32m INFO[0m [2mpm_bot[0m[2m:[0m MAKER DOWN quotes: bid=None ask=Some((0.86, 150.0)) (TP ask@0.86)
[2m2026-07-04T19:05:19.159351Z[0m [32m INFO[0m [2mpm_bot[0m[2m:[0m MAKER DOWN quotes: bid=None ask=Some((0.88, 150.0)) (TP ask@0.88)
[2m2026-07-04T19:05:20.659122Z[0m [32m INFO[0m [2mpm_bot[0m[2m:[0m MAKER DOWN quotes: bid=None ask=Some((0.9, 150.0)) (TP ask@0.90)
[2m2026-07-04T19:05:21.159619Z[0m [32m INFO[0m [2mpm_bot[0m[2m:[0m MAKER DOWN quotes: bid=None ask=Some((0.91, 150.0)) (TP ask@0.91)
[2m2026-07-04T19:05:22.408988Z[0m [32m INFO[0m [2mpm_bot[0m[2m:[0m MAKER DOWN quotes: bid=None ask=Some((0.92, 150.0)) (TP ask@0.92)
[2m2026-07-04T19:05:23.659208Z[0m [32m INFO[0m [2mpm_bot[0m[2m:[0m MAKER DOWN quotes: bid=None ask=Some((0.93, 150.0)) (TP ask@0.93)
[2m2026-07-04T19:05:27.658694Z[0m [32m INFO[0m [2mpm_bot[0m[2m:[0m MAKER DOWN quotes: bid=None ask=Some((0.92, 150.0)) (TP ask@0.92)
[2m2026-07-04T19:05:28.158869Z[0m [32m INFO[0m [2mpm_bot[0m[2m:[0m MAKER DOWN quotes: bid=None ask=Some((0.93, 150.0)) (TP ask@0.93)
[2m2026-07-04T19:05:28.908706Z[0m [32m INFO[0m [2mpm_bot[0m[2m:[0m MAKER DOWN quotes: bid=None ask=Some((0.92, 150.0)) (TP ask@0.92)
[2m2026-07-04T19:05:32.159089Z[0m [32m INFO[0m [2mexecution[0m[2m:[0m [DRY-RUN] dryrun-4 Sell 32889917 x 150 @ 0.640 (Fak)
[2m2026-07-04T19:05:54.408857Z[0m [32m INFO[0m [2mpm_bot[0m[2m:[0m MAKER DOWN quotes: bid=Some((0.59, 50.0)) ask=None (bid@0.59 fair=0.834)
[2m2026-07-04T19:05:55.353407Z[0m [32m INFO[0m [2mpm_bot[0m[2m:[0m PAPER fill maker 32889917 sur trade @0.590 (achat=true vente=false)
[2m2026-07-04T19:05:55.408452Z[0m [32m INFO[0m [2mpm_bot[0m[2m:[0m MAKER DOWN quotes: bid=Some((0.59, 50.0)) ask=Some((0.84, 50.0)) (TP ask@0.84 | bid@0.59 fair=0.830)
[2m2026-07-04T19:05:56.112404Z[0m [32m INFO[0m [2mpm_bot[0m[2m:[0m PAPER fill maker 32889917 sur trade @0.590 (achat=true vente=false)
[2m2026-07-04T19:05:56.158578Z[0m [32m INFO[0m [2mpm_bot[0m[2m:[0m MAKER DOWN quotes: bid=Some((0.59, 50.0)) ask=Some((0.84, 100.0)) (TP ask@0.84 | bid@0.59 fair=0.830)
[2m2026-07-04T19:05:56.318494Z[0m [32m INFO[0m [2mpm_bot[0m[2m:[0m PAPER fill maker 32889917 sur trade @0.590 (achat=true vente=false)
[2m2026-07-04T19:05:56.409252Z[0m [32m INFO[0m [2mpm_bot[0m[2m:[0m MAKER DOWN quotes: bid=None ask=Some((0.84, 150.0)) (TP ask@0.84)
[2m2026-07-04T19:05:57.659110Z[0m [32m INFO[0m [2mpm_bot[0m[2m:[0m MAKER DOWN quotes: bid=None ask=Some((0.82, 150.0)) (TP ask@0.82)
[2m2026-07-04T19:06:01.408692Z[0m [32m INFO[0m [2mpm_bot[0m[2m:[0m MAKER DOWN quotes: bid=None ask=Some((0.81, 150.0)) (TP ask@0.81)
[2m2026-07-04T19:06:03.659085Z[0m [32m INFO[0m [2mpm_bot[0m[2m:[0m MAKER DOWN quotes: bid=None ask=Some((0.78, 150.0)) (TP ask@0.78)
[2m2026-07-04T19:06:04.659195Z[0m [32m INFO[0m [2mpm_bot[0m[2m:[0m MAKER DOWN quotes: bid=None ask=Some((0.76, 150.0)) (TP ask@0.76)
[2m2026-07-04T19:06:05.408864Z[0m [32m INFO[0m [2mpm_bot[0m[2m:[0m MAKER DOWN quotes: bid=None ask=Some((0.74, 150.0)) (TP ask@0.74)
[2m2026-07-04T19:06:06.408471Z[0m [32m INFO[0m [2mpm_bot[0m[2m:[0m MAKER DOWN quotes: bid=None ask=Some((0.67, 150.0)) (TP ask@0.67)
[2m2026-07-04T19:06:08.435426Z[0m [32m INFO[0m [2mpm_bot[0m[2m:[0m MAKER UP quotes: bid=Some((0.55, 50.0)) ask=None (bid@0.55 fair=0.606)
[2m2026-07-04T19:06:08.435457Z[0m [32m INFO[0m [2mexecution[0m[2m:[0m [DRY-RUN] dryrun-5 Sell 32889917 x 150 @ 0.430 (Fak)
[2m2026-07-04T19:06:08.994731Z[0m [32m INFO[0m [2mpm_bot[0m[2m:[0m PAPER fill maker 92609511 sur trade @0.550 (achat=true vente=false)
[2m2026-07-04T19:06:09.185049Z[0m [32m INFO[0m [2mpm_bot[0m[2m:[0m MAKER UP quotes: bid=Some((0.55, 50.0)) ask=Some((0.63, 50.0)) (TP ask@0.63 | bid@0.55 fair=0.606)
[2m2026-07-04T19:06:09.434990Z[0m [32m INFO[0m [2mpm_bot[0m[2m:[0m MAKER UP quotes: bid=Some((0.55, 50.0)) ask=Some((0.67, 50.0)) (TP ask@0.67 | bid@0.55 fair=0.655)
[2m2026-07-04T19:06:09.628053Z[0m [32m INFO[0m [2mpm_bot[0m[2m:[0m PAPER fill maker 92609511 sur trade @0.550 (achat=true vente=false)
[2m2026-07-04T19:06:09.684980Z[0m [32m INFO[0m [2mpm_bot[0m[2m:[0m MAKER UP quotes: bid=Some((0.55, 50.0)) ask=Some((0.67, 100.0)) (TP ask@0.67 | bid@0.55 fair=0.655)
[2m2026-07-04T19:06:09.795865Z[0m [32m INFO[0m [2mpm_bot[0m[2m:[0m PAPER fill maker 92609511 sur trade @0.540 (achat=true vente=false)
[2m2026-07-04T19:06:09.934931Z[0m [32m INFO[0m [2mpm_bot[0m[2m:[0m MAKER UP quotes: bid=None ask=Some((0.67, 150.0)) (TP ask@0.67)
[2m2026-07-04T19:06:10.435326Z[0m [32m INFO[0m [2mpm_bot[0m[2m:[0m MAKER UP quotes: bid=None ask=Some((0.68, 150.0)) (TP ask@0.68)
[2m2026-07-04T19:06:11.434969Z[0m [32m INFO[0m [2mpm_bot[0m[2m:[0m MAKER UP quotes: bid=None ask=Some((0.69, 150.0)) (TP ask@0.69)
[2m2026-07-04T19:06:12.184764Z[0m [32m INFO[0m [2mpm_bot[0m[2m:[0m MAKER UP quotes: bid=None ask=Some((0.7, 150.0)) (TP ask@0.70)
[2m2026-07-04T19:06:13.684678Z[0m [32m INFO[0m [2mpm_bot[0m[2m:[0m MAKER UP quotes: bid=None ask=Some((0.71, 150.0)) (TP ask@0.71)
[2m2026-07-04T19:06:14.184793Z[0m [32m INFO[0m [2mpm_bot[0m[2m:[0m MAKER UP quotes: bid=None ask=Some((0.73, 150.0)) (TP ask@0.73)
[2m2026-07-04T19:06:15.935213Z[0m [32m INFO[0m [2mpm_bot[0m[2m:[0m MAKER UP quotes: bid=None ask=Some((0.74, 150.0)) (TP ask@0.74)
[2m2026-07-04T19:06:18.184816Z[0m [32m INFO[0m [2mpm_bot[0m[2m:[0m MAKER UP quotes: bid=None ask=Some((0.75, 150.0)) (TP ask@0.75)
[2m2026-07-04T19:06:20.435420Z[0m [32m INFO[0m [2mpm_bot[0m[2m:[0m MAKER UP quotes: bid=None ask=Some((0.78, 150.0)) (TP ask@0.78)
[2m2026-07-04T19:06:21.184771Z[0m [32m INFO[0m [2mpm_bot[0m[2m:[0m MAKER UP quotes: bid=None ask=Some((0.79, 150.0)) (TP ask@0.79)
[2m2026-07-04T19:06:22.434694Z[0m [32m INFO[0m [2mpm_bot[0m[2m:[0m MAKER UP quotes: bid=None ask=Some((0.78, 150.0)) (TP ask@0.78)
[2m2026-07-04T19:06:23.435078Z[0m [32m INFO[0m [2mpm_bot[0m[2m:[0m MAKER UP quotes: bid=None ask=Some((0.83, 150.0)) (TP ask@0.83)
[2m2026-07-04T19:06:25.435032Z[0m [32m INFO[0m [2mpm_bot[0m[2m:[0m MAKER UP quotes: bid=None ask=Some((0.81, 150.0)) (TP ask@0.81)
[2m2026-07-04T19:06:26.435419Z[0m [32m INFO[0m [2mpm_bot[0m[2m:[0m MAKER UP quotes: bid=None ask=Some((0.82, 150.0)) (TP ask@0.82)
[2m2026-07-04T19:06:29.185265Z[0m [32m INFO[0m [2mpm_bot[0m[2m:[0m MAKER UP quotes: bid=None ask=Some((0.79, 150.0)) (TP ask@0.79)
[2m2026-07-04T19:06:29.934793Z[0m [32m INFO[0m [2mpm_bot[0m[2m:[0m MAKER UP quotes: bid=None ask=Some((0.8, 150.0)) (TP ask@0.80)
[2m2026-07-04T19:06:32.185422Z[0m [32m INFO[0m [2mpm_bot[0m[2m:[0m MAKER UP quotes: bid=None ask=Some((0.79, 150.0)) (TP ask@0.79)
[2m2026-07-04T19:06:39.184678Z[0m [32m INFO[0m [2mpm_bot[0m[2m:[0m MAKER UP quotes: bid=None ask=Some((0.78, 150.0)) (TP ask@0.78)
[2m2026-07-04T19:06:41.684906Z[0m [32m INFO[0m [2mpm_bot[0m[2m:[0m MAKER UP quotes: bid=None ask=Some((0.73, 150.0)) (TP ask@0.73)
[2m2026-07-04T19:06:42.185361Z[0m [32m INFO[0m [2mpm_bot[0m[2m:[0m MAKER UP quotes: bid=None ask=Some((0.64, 150.0)) (TP ask@0.64)
[2m2026-07-04T19:06:43.185321Z[0m [32m INFO[0m [2mpm_bot[0m[2m:[0m MAKER UP quotes: bid=None ask=Some((0.63, 150.0)) (TP ask@0.63)
[2m2026-07-04T19:06:59.361001Z[0m [32m INFO[0m [2mpm_bot[0m[2m:[0m résolution officielle btc-updown-5m-1783191600: Up — CONFIRME notre estimation ✓
[2m2026-07-04T19:06:59.361098Z[0m [32m INFO[0m [2mpm_acquisition::clob[0m[2m:[0m CLOB flux terminé (marché résolu/fermé)
[2m2026-07-04T19:06:59.434630Z[0m [32m INFO[0m [2mpm_bot[0m[2m:[0m MAKER DOWN quotes: bid=Some((0.5, 50.0)) ask=None (bid@0.50 fair=0.531)
[2m2026-07-04T19:07:00.292940Z[0m [32m INFO[0m [2mpm_bot[0m[2m:[0m PAPER fill maker 32889917 sur trade @0.500 (achat=true vente=false)
[2m2026-07-04T19:07:00.435030Z[0m [32m INFO[0m [2mpm_bot[0m[2m:[0m MAKER DOWN quotes: bid=Some((0.5, 50.0)) ask=Some((0.58, 50.0)) (TP ask@0.58 | bid@0.50 fair=0.531)
[2m2026-07-04T19:07:00.935206Z[0m [32m INFO[0m [2mpm_bot[0m[2m:[0m MAKER DOWN quotes: bid=None ask=Some((0.58, 50.0)) (TP ask@0.58)
[2m2026-07-04T19:07:03.367480Z[0m [32m INFO[0m [2mpm_bot[0m[2m:[0m PAPER fill maker 32889917 sur trade @0.580 (achat=false vente=true)
[2m2026-07-04T19:07:06.684860Z[0m [32m INFO[0m [2mexecution[0m[2m:[0m [DRY-RUN] dryrun-6 Sell 92609511 x 150 @ 0.360 (Fak)
[2m2026-07-04T19:07:06.935188Z[0m [32m INFO[0m [2mpm_bot[0m[2m:[0m MAKER UP quotes: bid=Some((0.4, 50.0)) ask=None (bid@0.40 fair=0.431)
[2m2026-07-04T19:07:06.969768Z[0m [32m INFO[0m [2mpm_bot[0m[2m:[0m PAPER fill maker 92609511 sur trade @0.400 (achat=true vente=false)
[2m2026-07-04T19:07:07.184646Z[0m [32m INFO[0m [2mpm_bot[0m[2m:[0m MAKER UP quotes: bid=None ask=Some((0.49, 50.0)) (TP ask@0.49)
[2m2026-07-04T19:07:07.184672Z[0m [32m INFO[0m [2mpm_bot[0m[2m:[0m MAKER DOWN quotes: bid=Some((0.62, 50.0)) ask=None (bid@0.62 fair=0.678)
[2m2026-07-04T19:07:07.211510Z[0m [32m INFO[0m [2mpm_bot[0m[2m:[0m PAPER fill maker 32889917 sur trade @0.620 (achat=true vente=false)
[2m2026-07-04T19:07:07.435311Z[0m [32m INFO[0m [2mpm_bot[0m[2m:[0m MAKER DOWN quotes: bid=Some((0.62, 50.0)) ask=Some((0.7, 50.0)) (TP ask@0.70 | bid@0.62 fair=0.678)
[2m2026-07-04T19:07:07.504309Z[0m [32m INFO[0m [2mpm_bot[0m[2m:[0m PAPER fill maker 32889917 sur trade @0.620 (achat=true vente=false)
[2m2026-07-04T19:07:07.685057Z[0m [32m INFO[0m [2mpm_bot[0m[2m:[0m MAKER DOWN quotes: bid=Some((0.61, 50.0)) ask=Some((0.7, 100.0)) (TP ask@0.70 | bid@0.61 fair=0.678)
[2m2026-07-04T19:07:07.784650Z[0m [32m INFO[0m [2mpm_bot[0m[2m:[0m PAPER fill maker 32889917 sur trade @0.610 (achat=true vente=false)
[2m2026-07-04T19:07:07.934990Z[0m [32m INFO[0m [2mpm_bot[0m[2m:[0m MAKER DOWN quotes: bid=None ask=Some((0.7, 150.0)) (TP ask@0.70)
[2m2026-07-04T19:07:12.185287Z[0m [32m INFO[0m [2mexecution[0m[2m:[0m [DRY-RUN] dryrun-7 Sell 92609511 x 50 @ 0.390 (Fak)
[2m2026-07-04T19:07:12.185323Z[0m [32m INFO[0m [2mexecution[0m[2m:[0m [DRY-RUN] dryrun-8 Sell 32889917 x 150 @ 0.560 (Fak)
[2m2026-07-04T19:07:16.583291Z[0m [33m WARN[0m [2mpm_acquisition::watchdog[0m[2m:[0m flux rtds stale (6493 ms de silence)
[2m2026-07-04T19:07:16.583347Z[0m [33m WARN[0m [2mpm_bot[0m[2m:[0m FEED STALE: rtds silencieux 6493 ms
[2m2026-07-04T19:07:16.782528Z[0m [33m WARN[0m [2mpm_acquisition::rtds[0m[2m:[0m RTDS silencieux 5500 ms → réabonnement
[2m2026-07-04T19:07:18.434614Z[0m [32m INFO[0m [2mpm_bot[0m[2m:[0m MAKER DOWN quotes: bid=Some((0.54, 50.0)) ask=None (bid@0.54 fair=0.581)
[2m2026-07-04T19:07:18.690110Z[0m [32m INFO[0m [2mpm_bot[0m[2m:[0m PAPER fill maker 32889917 sur trade @0.540 (achat=true vente=false)
[2m2026-07-04T19:07:18.935125Z[0m [32m INFO[0m [2mpm_bot[0m[2m:[0m MAKER DOWN quotes: bid=Some((0.54, 50.0)) ask=Some((0.62, 50.0)) (TP ask@0.62 | bid@0.54 fair=0.586)
[2m2026-07-04T19:07:19.096802Z[0m [32m INFO[0m [2mpm_bot[0m[2m:[0m PAPER fill maker 32889917 sur trade @0.540 (achat=true vente=false)
[2m2026-07-04T19:07:19.185261Z[0m [32m INFO[0m [2mpm_bot[0m[2m:[0m MAKER DOWN quotes: bid=Some((0.54, 50.0)) ask=Some((0.62, 100.0)) (TP ask@0.62 | bid@0.54 fair=0.586)
[2m2026-07-04T19:07:19.295935Z[0m [32m INFO[0m [2mpm_bot[0m[2m:[0m PAPER fill maker 32889917 sur trade @0.540 (achat=true vente=false)
[2m2026-07-04T19:07:19.434512Z[0m [32m INFO[0m [2mpm_bot[0m[2m:[0m MAKER DOWN quotes: bid=None ask=Some((0.62, 150.0)) (TP ask@0.62)
[2m2026-07-04T19:07:52.434443Z[0m [32m INFO[0m [2mpm_bot[0m[2m:[0m MAKER DOWN quotes: bid=None ask=Some((0.63, 150.0)) (TP ask@0.63)
[2m2026-07-04T19:07:55.935417Z[0m [32m INFO[0m [2mpm_bot[0m[2m:[0m MAKER DOWN quotes: bid=None ask=Some((0.64, 150.0)) (TP ask@0.64)
[2m2026-07-04T19:07:57.184889Z[0m [32m INFO[0m [2mpm_bot[0m[2m:[0m MAKER DOWN quotes: bid=None ask=Some((0.63, 150.0)) (TP ask@0.63)
[2m2026-07-04T19:07:57.411330Z[0m [32m INFO[0m [2mpm_bot[0m[2m:[0m PAPER fill maker 32889917 sur trade @0.640 (achat=false vente=true)
[2m2026-07-04T19:07:57.684552Z[0m [32m INFO[0m [2mpm_bot[0m[2m:[0m MAKER UP quotes: bid=Some((0.34, 50.0)) ask=None (bid@0.34 fair=0.380)
[2m2026-07-04T19:07:57.703492Z[0m [32m INFO[0m [2mpm_bot[0m[2m:[0m PAPER fill maker 92609511 sur trade @0.340 (achat=true vente=false)
[2m2026-07-04T19:07:57.934795Z[0m [32m INFO[0m [2mpm_bot[0m[2m:[0m MAKER UP quotes: bid=Some((0.34, 50.0)) ask=Some((0.43, 50.0)) (TP ask@0.43 | bid@0.34 fair=0.380)
[2m2026-07-04T19:07:57.968902Z[0m [32m INFO[0m [2mpm_bot[0m[2m:[0m PAPER fill maker 92609511 sur trade @0.340 (achat=true vente=false)
[2m2026-07-04T19:07:58.185408Z[0m [32m INFO[0m [2mpm_bot[0m[2m:[0m MAKER UP quotes: bid=Some((0.34, 50.0)) ask=Some((0.43, 100.0)) (TP ask@0.43 | bid@0.34 fair=0.380)
[2m2026-07-04T19:07:58.407592Z[0m [32m INFO[0m [2mpm_bot[0m[2m:[0m PAPER fill maker 92609511 sur trade @0.340 (achat=true vente=false)
[2m2026-07-04T19:07:58.434456Z[0m [32m INFO[0m [2mpm_bot[0m[2m:[0m MAKER UP quotes: bid=None ask=Some((0.43, 150.0)) (TP ask@0.43)
[2m2026-07-04T19:08:02.434833Z[0m [32m INFO[0m [2mpm_bot[0m[2m:[0m MAKER DOWN quotes: bid=Some((0.61, 50.0)) ask=None (bid@0.61 fair=0.642)
[2m2026-07-04T19:08:02.504446Z[0m [32m INFO[0m [2mpm_bot[0m[2m:[0m PAPER fill maker 32889917 sur trade @0.610 (achat=true vente=false)
[2m2026-07-04T19:08:02.684383Z[0m [32m INFO[0m [2mpm_bot[0m[2m:[0m MAKER DOWN quotes: bid=Some((0.61, 50.0)) ask=Some((0.69, 50.0)) (TP ask@0.69 | bid@0.61 fair=0.643)
[2m2026-07-04T19:08:02.749103Z[0m [32m INFO[0m [2mpm_bot[0m[2m:[0m PAPER fill maker 32889917 sur trade @0.610 (achat=true vente=false)
[2m2026-07-04T19:08:02.935230Z[0m [32m INFO[0m [2mpm_bot[0m[2m:[0m MAKER DOWN quotes: bid=Some((0.61, 50.0)) ask=Some((0.69, 100.0)) (TP ask@0.69 | bid@0.61 fair=0.646)
[2m2026-07-04T19:08:03.434551Z[0m [32m INFO[0m [2mpm_bot[0m[2m:[0m MAKER DOWN quotes: bid=None ask=Some((0.69, 100.0)) (TP ask@0.69)
[2m2026-07-04T19:08:04.935028Z[0m [32m INFO[0m [2mpm_bot[0m[2m:[0m MAKER DOWN quotes: bid=Some((0.62, 50.0)) ask=Some((0.69, 100.0)) (TP ask@0.69 | bid@0.62 fair=0.652)
[2m2026-07-04T19:08:05.684701Z[0m [32m INFO[0m [2mpm_bot[0m[2m:[0m MAKER DOWN quotes: bid=None ask=Some((0.69, 100.0)) (TP ask@0.69)
[2m2026-07-04T19:08:07.934941Z[0m [32m INFO[0m [2mpm_bot[0m[2m:[0m MAKER DOWN quotes: bid=Some((0.69, 50.0)) ask=Some((0.77, 100.0)) (TP ask@0.77 | bid@0.69 fair=0.752)
[2m2026-07-04T19:08:08.048822Z[0m [32m INFO[0m [2mpm_bot[0m[2m:[0m PAPER fill maker 32889917 sur trade @0.690 (achat=true vente=false)
[2m2026-07-04T19:08:08.185350Z[0m [32m INFO[0m [2mpm_bot[0m[2m:[0m MAKER DOWN quotes: bid=None ask=Some((0.77, 150.0)) (TP ask@0.77)
[2m2026-07-04T19:08:08.434594Z[0m [32m INFO[0m [2mexecution[0m[2m:[0m [DRY-RUN] dryrun-9 Sell 92609511 x 150 @ 0.270 (Fak)
[2m2026-07-04T19:08:08.434620Z[0m [32m INFO[0m [2mpm_bot[0m[2m:[0m MAKER DOWN quotes: bid=None ask=Some((0.79, 150.0)) (TP ask@0.79)
[2m2026-07-04T19:08:09.434614Z[0m [32m INFO[0m [2mpm_bot[0m[2m:[0m MAKER DOWN quotes: bid=None ask=Some((0.8, 150.0)) (TP ask@0.80)
[2m2026-07-04T19:08:13.435069Z[0m [32m INFO[0m [2mpm_bot[0m[2m:[0m MAKER DOWN quotes: bid=None ask=Some((0.78, 150.0)) (TP ask@0.78)
[2m2026-07-04T19:08:14.434850Z[0m [32m INFO[0m [2mpm_bot[0m[2m:[0m MAKER DOWN quotes: bid=None ask=Some((0.82, 150.0)) (TP ask@0.82)
[2m2026-07-04T19:08:15.434781Z[0m [32m INFO[0m [2mpm_bot[0m[2m:[0m MAKER DOWN quotes: bid=None ask=Some((0.85, 150.0)) (TP ask@0.85)
[2m2026-07-04T19:08:17.435023Z[0m [32m INFO[0m [2mpm_bot[0m[2m:[0m MAKER DOWN quotes: bid=None ask=Some((0.86, 150.0)) (TP ask@0.86)
[2m2026-07-04T19:08:20.934502Z[0m [32m INFO[0m [2mpm_bot[0m[2m:[0m MAKER DOWN quotes: bid=None ask=Some((0.85, 150.0)) (TP ask@0.85)
[2m2026-07-04T19:08:22.935293Z[0m [32m INFO[0m [2mpm_bot[0m[2m:[0m MAKER DOWN quotes: bid=None ask=Some((0.87, 150.0)) (TP ask@0.87)
[2m2026-07-04T19:08:24.434534Z[0m [32m INFO[0m [2mpm_bot[0m[2m:[0m MAKER DOWN quotes: bid=None ask=Some((0.88, 150.0)) (TP ask@0.88)
[2m2026-07-04T19:08:25.434519Z[0m [32m INFO[0m [2mpm_bot[0m[2m:[0m MAKER DOWN quotes: bid=None ask=Some((0.89, 150.0)) (TP ask@0.89)
[2m2026-07-04T19:08:29.184402Z[0m [32m INFO[0m [2mpm_bot[0m[2m:[0m MAKER DOWN quotes: bid=None ask=Some((0.88, 150.0)) (TP ask@0.88)
[2m2026-07-04T19:08:33.184999Z[0m [32m INFO[0m [2mexecution[0m[2m:[0m [DRY-RUN] dryrun-10 Sell 32889917 x 150 @ 0.500 (Fak)
[2m2026-07-04T19:08:43.435393Z[0m [32m INFO[0m [2mpm_bot[0m[2m:[0m MAKER DOWN quotes: bid=Some((0.27, 50.0)) ask=None (bid@0.27 fair=0.847)
[2m2026-07-04T19:08:43.934702Z[0m [32m INFO[0m [2mpm_bot[0m[2m:[0m MAKER DOWN quotes: bid=Some((0.28, 50.0)) ask=None (bid@0.28 fair=0.847)
[2m2026-07-04T19:08:43.959286Z[0m [32m INFO[0m [2mpm_bot[0m[2m:[0m PAPER fill maker 32889917 sur trade @0.270 (achat=true vente=false)
[2m2026-07-04T19:08:44.185449Z[0m [32m INFO[0m [2mpm_bot[0m[2m:[0m MAKER DOWN quotes: bid=Some((0.29, 50.0)) ask=Some((0.86, 50.0)) (TP ask@0.86 | bid@0.29 fair=0.847)
[2m2026-07-04T19:08:44.188355Z[0m [32m INFO[0m [2mpm_bot[0m[2m:[0m PAPER fill maker 32889917 sur trade @0.280 (achat=true vente=false)
[2m2026-07-04T19:08:44.434507Z[0m [32m INFO[0m [2mpm_bot[0m[2m:[0m MAKER DOWN quotes: bid=Some((0.33, 50.0)) ask=Some((0.86, 100.0)) (TP ask@0.86 | bid@0.33 fair=0.847)
[2m2026-07-04T19:08:44.463865Z[0m [32m INFO[0m [2mpm_bot[0m[2m:[0m PAPER fill maker 32889917 sur trade @0.320 (achat=true vente=false)
[2m2026-07-04T19:08:44.684807Z[0m [32m INFO[0m [2mpm_bot[0m[2m:[0m MAKER DOWN quotes: bid=None ask=Some((0.86, 150.0)) (TP ask@0.86)
[2m2026-07-04T19:08:44.934881Z[0m [32m INFO[0m [2mpm_bot[0m[2m:[0m MAKER DOWN quotes: bid=None ask=Some((0.63, 150.0)) (TP ask@0.63)
[2m2026-07-04T19:08:50.434626Z[0m [32m INFO[0m [2mpm_bot[0m[2m:[0m MAKER DOWN quotes: bid=None ask=Some((0.62, 150.0)) (TP ask@0.62)
[2m2026-07-04T19:08:51.685337Z[0m [32m INFO[0m [2mpm_bot[0m[2m:[0m MAKER DOWN quotes: bid=None ask=Some((0.63, 150.0)) (TP ask@0.63)
[2m2026-07-04T19:08:51.934834Z[0m [32m INFO[0m [2mpm_bot[0m[2m:[0m MAKER DOWN quotes: bid=None ask=Some((0.62, 150.0)) (TP ask@0.62)
[2m2026-07-04T19:08:52.934774Z[0m [32m INFO[0m [2mpm_bot[0m[2m:[0m MAKER DOWN quotes: bid=None ask=Some((0.6, 150.0)) (TP ask@0.60)
[2m2026-07-04T19:08:53.185004Z[0m [32m INFO[0m [2mpm_bot[0m[2m:[0m MAKER DOWN quotes: bid=None ask=Some((0.56, 150.0)) (TP ask@0.56)
[2m2026-07-04T19:08:54.185410Z[0m [32m INFO[0m [2mpm_bot[0m[2m:[0m MAKER DOWN quotes: bid=None ask=Some((0.53, 150.0)) (TP ask@0.53)
[2m2026-07-04T19:08:55.185557Z[0m [32m INFO[0m [2mpm_bot[0m[2m:[0m MAKER DOWN quotes: bid=None ask=Some((0.52, 150.0)) (TP ask@0.52)
[2m2026-07-04T19:08:58.435334Z[0m [32m INFO[0m [2mpm_bot[0m[2m:[0m MAKER DOWN quotes: bid=None ask=Some((0.51, 150.0)) (TP ask@0.51)
[2m2026-07-04T19:09:03.184588Z[0m [32m INFO[0m [2mpm_bot[0m[2m:[0m MAKER DOWN quotes: bid=None ask=Some((0.52, 150.0)) (TP ask@0.52)
[2m2026-07-04T19:09:05.184777Z[0m [32m INFO[0m [2mpm_bot[0m[2m:[0m MAKER DOWN quotes: bid=None ask=Some((0.53, 150.0)) (TP ask@0.53)
[2m2026-07-04T19:09:06.434546Z[0m [32m INFO[0m [2mpm_bot[0m[2m:[0m MAKER DOWN quotes: bid=None ask=Some((0.57, 150.0)) (TP ask@0.57)
[2m2026-07-04T19:09:07.434837Z[0m [32m INFO[0m [2mpm_bot[0m[2m:[0m MAKER DOWN quotes: bid=None ask=Some((0.56, 150.0)) (TP ask@0.56)
[2m2026-07-04T19:09:08.434607Z[0m [32m INFO[0m [2mpm_bot[0m[2m:[0m MAKER DOWN quotes: bid=None ask=Some((0.55, 150.0)) (TP ask@0.55)
[2m2026-07-04T19:09:09.434560Z[0m [32m INFO[0m [2mpm_bot[0m[2m:[0m MAKER DOWN quotes: bid=None ask=Some((0.54, 150.0)) (TP ask@0.54)
[2m2026-07-04T19:09:10.434938Z[0m [32m INFO[0m [2mpm_bot[0m[2m:[0m MAKER DOWN quotes: bid=None ask=Some((0.53, 150.0)) (TP ask@0.53)
[2m2026-07-04T19:09:14.434614Z[0m [32m INFO[0m [2mpm_bot[0m[2m:[0m MAKER DOWN quotes: bid=None ask=Some((0.54, 150.0)) (TP ask@0.54)
[2m2026-07-04T19:09:15.434719Z[0m [32m INFO[0m [2mpm_bot[0m[2m:[0m MAKER DOWN quotes: bid=None ask=Some((0.56, 150.0)) (TP ask@0.56)
[2m2026-07-04T19:09:16.434450Z[0m [32m INFO[0m [2mpm_bot[0m[2m:[0m MAKER DOWN quotes: bid=None ask=Some((0.57, 150.0)) (TP ask@0.57)
[2m2026-07-04T19:09:20.323846Z[0m [32m INFO[0m [2mpm_bot[0m[2m:[0m PAPER fill maker 32889917 sur trade @0.580 (achat=false vente=true)
[2m2026-07-04T19:10:02.412344Z[0m [32m INFO[0m [2mpm_bot[0m[2m:[0m RÈGLEMENT btc-updown-5m-1783191900 | strike=Some("63171.03") issue=Up (estimé) | PnL up=-39.50 down=+23.00 | taker=0 maker_fills=29 | PnL cumulé=-3.32
[2m2026-07-04T19:10:02.412385Z[0m [32m INFO[0m [2mpm_bot[0m[2m:[0m fenêtre active: btc-updown-5m-1783192200 [1783192200000 → 1783192500000]
[2m2026-07-04T19:10:02.412488Z[0m [32m INFO[0m [2mpm_bot[0m[2m:[0m strike gelé: Some(63180.64046762885) (confidence=1.000, gap=Some(0) ms)
[2m2026-07-04T19:10:03.018805Z[0m [32m INFO[0m [2mpm_acquisition::clob[0m[2m:[0m CLOB connecté (up=58479694…, down=30865834…)
[2m2026-07-04T19:10:03.434947Z[0m [32m INFO[0m [2mpm_bot[0m[2m:[0m MAKER UP quotes: bid=Some((0.45, 50.0)) ask=None (bid@0.45 fair=0.846)
[2m2026-07-04T19:10:04.560277Z[0m [32m INFO[0m [2mpm_bot[0m[2m:[0m PAPER fill maker 58479694 sur trade @0.450 (achat=true vente=false)
[2m2026-07-04T19:10:04.685193Z[0m [32m INFO[0m [2mpm_bot[0m[2m:[0m MAKER UP quotes: bid=Some((0.45, 50.0)) ask=Some((0.86, 50.0)) (TP ask@0.86 | bid@0.45 fair=0.847)
[2m2026-07-04T19:10:04.691483Z[0m [32m INFO[0m [2mpm_bot[0m[2m:[0m PAPER fill maker 58479694 sur trade @0.450 (achat=true vente=false)
[2m2026-07-04T19:10:04.934816Z[0m [32m INFO[0m [2mpm_bot[0m[2m:[0m MAKER UP quotes: bid=Some((0.45, 50.0)) ask=Some((0.86, 100.0)) (TP ask@0.86 | bid@0.45 fair=0.847)
[2m2026-07-04T19:10:05.612290Z[0m [32m INFO[0m [2mpm_bot[0m[2m:[0m PAPER fill maker 58479694 sur trade @0.450 (achat=true vente=false)
[2m2026-07-04T19:10:05.685244Z[0m [32m INFO[0m [2mpm_bot[0m[2m:[0m MAKER UP quotes: bid=None ask=Some((0.86, 150.0)) (TP ask@0.86)
[2m2026-07-04T19:10:09.434958Z[0m [32m INFO[0m [2mpm_bot[0m[2m:[0m MAKER UP quotes: bid=None ask=Some((0.85, 150.0)) (TP ask@0.85)
[2m2026-07-04T19:10:14.184636Z[0m [32m INFO[0m [2mpm_bot[0m[2m:[0m MAKER UP quotes: bid=None ask=Some((0.83, 150.0)) (TP ask@0.83)
[2m2026-07-04T19:10:14.685320Z[0m [32m INFO[0m [2mpm_bot[0m[2m:[0m MAKER UP quotes: bid=None ask=Some((0.86, 150.0)) (TP ask@0.86)
[2m2026-07-04T19:10:15.434993Z[0m [32m INFO[0m [2mpm_bot[0m[2m:[0m MAKER UP quotes: bid=None ask=Some((0.88, 150.0)) (TP ask@0.88)
[2m2026-07-04T19:10:16.935360Z[0m [32m INFO[0m [2mpm_bot[0m[2m:[0m MAKER UP quotes: bid=None ask=Some((0.87, 150.0)) (TP ask@0.87)
[2m2026-07-04T19:10:17.435300Z[0m [32m INFO[0m [2mpm_bot[0m[2m:[0m MAKER UP quotes: bid=None ask=Some((0.88, 150.0)) (TP ask@0.88)
[2m2026-07-04T19:10:19.184551Z[0m [32m INFO[0m [2mpm_bot[0m[2m:[0m MAKER UP quotes: bid=None ask=Some((0.85, 150.0)) (TP ask@0.85)
[2m2026-07-04T19:10:19.935259Z[0m [32m INFO[0m [2mpm_bot[0m[2m:[0m MAKER UP quotes: bid=None ask=Some((0.82, 150.0)) (TP ask@0.82)
[2m2026-07-04T19:10:20.685012Z[0m [32m INFO[0m [2mpm_bot[0m[2m:[0m MAKER UP quotes: bid=None ask=Some((0.8, 150.0)) (TP ask@0.80)
[2m2026-07-04T19:10:23.684872Z[0m [32m INFO[0m [2mpm_bot[0m[2m:[0m MAKER UP quotes: bid=None ask=Some((0.81, 150.0)) (TP ask@0.81)
[2m2026-07-04T19:10:24.435518Z[0m [32m INFO[0m [2mpm_bot[0m[2m:[0m MAKER UP quotes: bid=None ask=Some((0.83, 150.0)) (TP ask@0.83)
[2m2026-07-04T19:10:25.685090Z[0m [32m INFO[0m [2mpm_bot[0m[2m:[0m MAKER UP quotes: bid=None ask=Some((0.82, 150.0)) (TP ask@0.82)
[2m2026-07-04T19:10:25.934356Z[0m [32m INFO[0m [2mpm_bot[0m[2m:[0m MAKER UP quotes: bid=None ask=Some((0.83, 150.0)) (TP ask@0.83)
[2m2026-07-04T19:10:28.684383Z[0m [32m INFO[0m [2mpm_bot[0m[2m:[0m MAKER UP quotes: bid=None ask=Some((0.82, 150.0)) (TP ask@0.82)
[2m2026-07-04T19:10:33.434322Z[0m [32m INFO[0m [2mpm_bot[0m[2m:[0m MAKER UP quotes: bid=None ask=Some((0.81, 150.0)) (TP ask@0.81)
[2m2026-07-04T19:10:34.435411Z[0m [32m INFO[0m [2mpm_bot[0m[2m:[0m MAKER UP quotes: bid=None ask=Some((0.76, 150.0)) (TP ask@0.76)
[2m2026-07-04T19:10:35.435352Z[0m [32m INFO[0m [2mpm_bot[0m[2m:[0m MAKER UP quotes: bid=None ask=Some((0.73, 150.0)) (TP ask@0.73)
[2m2026-07-04T19:10:36.435163Z[0m [32m INFO[0m [2mpm_bot[0m[2m:[0m MAKER UP quotes: bid=None ask=Some((0.71, 150.0)) (TP ask@0.71)
[2m2026-07-04T19:10:37.434952Z[0m [32m INFO[0m [2mpm_bot[0m[2m:[0m MAKER UP quotes: bid=None ask=Some((0.72, 150.0)) (TP ask@0.72)
[2m2026-07-04T19:10:38.435232Z[0m [32m INFO[0m [2mpm_bot[0m[2m:[0m MAKER UP quotes: bid=None ask=Some((0.73, 150.0)) (TP ask@0.73)
[2m2026-07-04T19:10:39.684900Z[0m [32m INFO[0m [2mpm_bot[0m[2m:[0m MAKER UP quotes: bid=None ask=Some((0.72, 150.0)) (TP ask@0.72)
[2m2026-07-04T19:10:41.434532Z[0m [32m INFO[0m [2mpm_bot[0m[2m:[0m MAKER UP quotes: bid=None ask=Some((0.7, 150.0)) (TP ask@0.70)
[2m2026-07-04T19:10:44.434641Z[0m [32m INFO[0m [2mpm_bot[0m[2m:[0m MAKER UP quotes: bid=None ask=Some((0.54, 150.0)) (TP ask@0.54)
[2m2026-07-04T19:10:45.934376Z[0m [32m INFO[0m [2mpm_bot[0m[2m:[0m MAKER UP quotes: bid=None ask=Some((0.53, 150.0)) (TP ask@0.53)
[2m2026-07-04T19:10:47.434576Z[0m [32m INFO[0m [2mpm_bot[0m[2m:[0m MAKER UP quotes: bid=None ask=Some((0.54, 150.0)) (TP ask@0.54)
[2m2026-07-04T19:10:49.435356Z[0m [32m INFO[0m [2mpm_bot[0m[2m:[0m MAKER UP quotes: bid=None ask=Some((0.53, 150.0)) (TP ask@0.53)
[2m2026-07-04T19:11:22.185257Z[0m [32m INFO[0m [2mpm_bot[0m[2m:[0m MAKER UP quotes: bid=None ask=Some((0.55, 150.0)) (TP ask@0.55)
[2m2026-07-04T19:11:23.435122Z[0m [32m INFO[0m [2mpm_bot[0m[2m:[0m MAKER UP quotes: bid=None ask=Some((0.6, 150.0)) (TP ask@0.60)
[2m2026-07-04T19:11:29.185332Z[0m [32m INFO[0m [2mpm_bot[0m[2m:[0m MAKER UP quotes: bid=None ask=Some((0.59, 150.0)) (TP ask@0.59)
[2m2026-07-04T19:11:32.434646Z[0m [32m INFO[0m [2mpm_bot[0m[2m:[0m MAKER UP quotes: bid=None ask=Some((0.53, 150.0)) (TP ask@0.53)
[2m2026-07-04T19:11:33.685140Z[0m [32m INFO[0m [2mexecution[0m[2m:[0m [DRY-RUN] dryrun-11 Sell 58479694 x 150 @ 0.350 (Fak)
[2m2026-07-04T19:11:33.685170Z[0m [32m INFO[0m [2mpm_bot[0m[2m:[0m MAKER DOWN quotes: bid=Some((0.62, 50.0)) ask=None (bid@0.62 fair=0.651)
[2m2026-07-04T19:11:33.835365Z[0m [32m INFO[0m [2mpm_bot[0m[2m:[0m PAPER fill maker 30865834 sur trade @0.620 (achat=true vente=false)
[2m2026-07-04T19:11:33.934728Z[0m [32m INFO[0m [2mpm_bot[0m[2m:[0m MAKER DOWN quotes: bid=Some((0.62, 50.0)) ask=Some((0.7, 50.0)) (TP ask@0.70 | bid@0.62 fair=0.651)
[2m2026-07-04T19:11:34.038208Z[0m [32m INFO[0m [2mpm_bot[0m[2m:[0m PAPER fill maker 30865834 sur trade @0.620 (achat=true vente=false)
[2m2026-07-04T19:11:34.185416Z[0m [32m INFO[0m [2mpm_bot[0m[2m:[0m MAKER DOWN quotes: bid=Some((0.62, 50.0)) ask=Some((0.7, 100.0)) (TP ask@0.70 | bid@0.62 fair=0.651)
[2m2026-07-04T19:11:34.245355Z[0m [32m INFO[0m [2mpm_bot[0m[2m:[0m PAPER fill maker 30865834 sur trade @0.620 (achat=true vente=false)
[2m2026-07-04T19:11:34.435286Z[0m [32m INFO[0m [2mpm_bot[0m[2m:[0m MAKER DOWN quotes: bid=None ask=Some((0.7, 150.0)) (TP ask@0.70)
[2m2026-07-04T19:11:37.435300Z[0m [32m INFO[0m [2mpm_bot[0m[2m:[0m MAKER UP quotes: bid=Some((0.41, 50.0)) ask=None (bid@0.41 fair=0.493)
[2m2026-07-04T19:11:37.435330Z[0m [32m INFO[0m [2mexecution[0m[2m:[0m [DRY-RUN] dryrun-12 Sell 30865834 x 150 @ 0.570 (Fak)
[2m2026-07-04T19:11:37.558659Z[0m [32m INFO[0m [2mpm_bot[0m[2m:[0m PAPER fill maker 58479694 sur trade @0.410 (achat=true vente=false)
[2m2026-07-04T19:11:37.684928Z[0m [32m INFO[0m [2mpm_bot[0m[2m:[0m MAKER UP quotes: bid=Some((0.41, 50.0)) ask=Some((0.51, 50.0)) (TP ask@0.51 | bid@0.41 fair=0.493)
[2m2026-07-04T19:11:37.935016Z[0m [32m INFO[0m [2mpm_bot[0m[2m:[0m MAKER UP quotes: bid=Some((0.38, 50.0)) ask=Some((0.51, 50.0)) (TP ask@0.51 | bid@0.38 fair=0.493)
[2m2026-07-04T19:11:38.173562Z[0m [32m INFO[0m [2mpm_bot[0m[2m:[0m PAPER fill maker 58479694 sur trade @0.380 (achat=true vente=false)
[2m2026-07-04T19:11:38.184871Z[0m [32m INFO[0m [2mpm_bot[0m[2m:[0m MAKER UP quotes: bid=Some((0.38, 50.0)) ask=Some((0.51, 100.0)) (TP ask@0.51 | bid@0.38 fair=0.493)
[2m2026-07-04T19:11:38.308596Z[0m [32m INFO[0m [2mpm_bot[0m[2m:[0m PAPER fill maker 58479694 sur trade @0.370 (achat=true vente=false)
[2m2026-07-04T19:11:38.435063Z[0m [32m INFO[0m [2mpm_bot[0m[2m:[0m MAKER UP quotes: bid=None ask=Some((0.51, 150.0)) (TP ask@0.51)
[2m2026-07-04T19:11:39.934712Z[0m [32m INFO[0m [2mpm_bot[0m[2m:[0m MAKER UP quotes: bid=None ask=Some((0.5, 150.0)) (TP ask@0.50)
[2m2026-07-04T19:11:40.935386Z[0m [32m INFO[0m [2mpm_bot[0m[2m:[0m MAKER UP quotes: bid=None ask=Some((0.47, 150.0)) (TP ask@0.47)
[2m2026-07-04T19:11:40.935414Z[0m [32m INFO[0m [2mpm_bot[0m[2m:[0m MAKER DOWN quotes: bid=Some((0.6, 50.0)) ask=None (bid@0.60 fair=0.632)
[2m2026-07-04T19:11:43.837833Z[0m [32m INFO[0m [2mpm_bot[0m[2m:[0m PAPER fill maker 30865834 sur trade @0.600 (achat=true vente=false)
[2m2026-07-04T19:11:43.934687Z[0m [32m INFO[0m [2mpm_bot[0m[2m:[0m MAKER DOWN quotes: bid=Some((0.6, 50.0)) ask=Some((0.68, 50.0)) (TP ask@0.68 | bid@0.60 fair=0.633)
[2m2026-07-04T19:11:43.977869Z[0m [32m INFO[0m [2mpm_bot[0m[2m:[0m PAPER fill maker 30865834 sur trade @0.600 (achat=true vente=false)
[2m2026-07-04T19:11:44.184676Z[0m [32m INFO[0m [2mpm_bot[0m[2m:[0m MAKER DOWN quotes: bid=Some((0.6, 50.0)) ask=Some((0.68, 100.0)) (TP ask@0.68 | bid@0.60 fair=0.633)
[2m2026-07-04T19:11:44.434596Z[0m [32m INFO[0m [2mpm_bot[0m[2m:[0m MAKER DOWN quotes: bid=Some((0.59, 50.0)) ask=Some((0.68, 100.0)) (TP ask@0.68 | bid@0.59 fair=0.633)
[2m2026-07-04T19:11:44.658550Z[0m [32m INFO[0m [2mpm_bot[0m[2m:[0m PAPER fill maker 30865834 sur trade @0.590 (achat=true vente=false)
[2m2026-07-04T19:11:44.684377Z[0m [32m INFO[0m [2mpm_bot[0m[2m:[0m MAKER DOWN quotes: bid=None ask=Some((0.68, 150.0)) (TP ask@0.68)
[2m2026-07-04T19:11:47.435167Z[0m [32m INFO[0m [2mexecution[0m[2m:[0m [DRY-RUN] dryrun-13 Sell 58479694 x 150 @ 0.390 (Fak)
[2m2026-07-04T19:11:47.435196Z[0m [32m INFO[0m [2mpm_bot[0m[2m:[0m MAKER DOWN quotes: bid=None ask=Some((0.78, 150.0)) (TP ask@0.78)
[2m2026-07-04T19:11:48.434655Z[0m [32m INFO[0m [2mpm_bot[0m[2m:[0m MAKER DOWN quotes: bid=None ask=Some((0.81, 150.0)) (TP ask@0.81)
[2m2026-07-04T19:11:49.434967Z[0m [32m INFO[0m [2mpm_bot[0m[2m:[0m MAKER DOWN quotes: bid=None ask=Some((0.82, 150.0)) (TP ask@0.82)
[2m2026-07-04T19:11:50.434838Z[0m [32m INFO[0m [2mpm_bot[0m[2m:[0m MAKER DOWN quotes: bid=None ask=Some((0.84, 150.0)) (TP ask@0.84)
[2m2026-07-04T19:11:51.434367Z[0m [32m INFO[0m [2mpm_bot[0m[2m:[0m MAKER DOWN quotes: bid=None ask=Some((0.85, 150.0)) (TP ask@0.85)
[2m2026-07-04T19:11:53.435011Z[0m [32m INFO[0m [2mpm_bot[0m[2m:[0m MAKER DOWN quotes: bid=None ask=Some((0.84, 150.0)) (TP ask@0.84)
[2m2026-07-04T19:11:55.185242Z[0m [32m INFO[0m [2mpm_bot[0m[2m:[0m MAKER DOWN quotes: bid=None ask=Some((0.82, 150.0)) (TP ask@0.82)
[2m2026-07-04T19:11:58.684684Z[0m [32m INFO[0m [2mpm_bot[0m[2m:[0m MAKER DOWN quotes: bid=None ask=Some((0.83, 150.0)) (TP ask@0.83)
[2m2026-07-04T19:11:59.184953Z[0m [32m INFO[0m [2mpm_bot[0m[2m:[0m MAKER DOWN quotes: bid=None ask=Some((0.84, 150.0)) (TP ask@0.84)
[2m2026-07-04T19:12:00.434677Z[0m [32m INFO[0m [2mpm_bot[0m[2m:[0m MAKER DOWN quotes: bid=None ask=Some((0.82, 150.0)) (TP ask@0.82)
[2m2026-07-04T19:12:01.435017Z[0m [32m INFO[0m [2mpm_bot[0m[2m:[0m MAKER DOWN quotes: bid=None ask=Some((0.8, 150.0)) (TP ask@0.80)
[2m2026-07-04T19:12:02.684597Z[0m [32m INFO[0m [2mpm_bot[0m[2m:[0m MAKER DOWN quotes: bid=None ask=Some((0.79, 150.0)) (TP ask@0.79)
[2m2026-07-04T19:12:03.185276Z[0m [32m INFO[0m [2mpm_bot[0m[2m:[0m MAKER DOWN quotes: bid=None ask=Some((0.77, 150.0)) (TP ask@0.77)
[2m2026-07-04T19:12:04.434836Z[0m [32m INFO[0m [2mpm_bot[0m[2m:[0m MAKER DOWN quotes: bid=None ask=Some((0.68, 150.0)) (TP ask@0.68)
[2m2026-07-04T19:12:05.762641Z[0m [32m INFO[0m [2mpm_bot[0m[2m:[0m résolution officielle btc-updown-5m-1783191900: Up — CONFIRME notre estimation ✓
[2m2026-07-04T19:12:05.762701Z[0m [32m INFO[0m [2mpm_acquisition::clob[0m[2m:[0m CLOB flux terminé (marché résolu/fermé)
[2m2026-07-04T19:12:23.684774Z[0m [32m INFO[0m [2mpm_bot[0m[2m:[0m MAKER UP quotes: bid=Some((0.4, 50.0)) ask=None (bid@0.40 fair=0.438)
[2m2026-07-04T19:12:26.165673Z[0m [32m INFO[0m [2mpm_bot[0m[2m:[0m PAPER fill maker 58479694 sur trade @0.400 (achat=true vente=false)
[2m2026-07-04T19:12:26.184392Z[0m [32m INFO[0m [2mpm_bot[0m[2m:[0m MAKER UP quotes: bid=Some((0.4, 50.0)) ask=Some((0.49, 50.0)) (TP ask@0.49 | bid@0.40 fair=0.433)
[2m2026-07-04T19:12:26.877259Z[0m [32m INFO[0m [2mpm_bot[0m[2m:[0m PAPER fill maker 58479694 sur trade @0.400 (achat=true vente=false)
[2m2026-07-04T19:12:26.934690Z[0m [32m INFO[0m [2mpm_bot[0m[2m:[0m MAKER UP quotes: bid=Some((0.4, 50.0)) ask=Some((0.49, 100.0)) (TP ask@0.49 | bid@0.40 fair=0.433)
[2m2026-07-04T19:12:27.434464Z[0m [32m INFO[0m [2mpm_bot[0m[2m:[0m MAKER UP quotes: bid=Some((0.36, 50.0)) ask=Some((0.49, 100.0)) (TP ask@0.49 | bid@0.36 fair=0.431)
[2m2026-07-04T19:12:27.664507Z[0m [33m WARN[0m [2mpm_acquisition::clob[0m[2m:[0m CLOB erreur: WebSocket protocol error: Connection reset without closing handshake: Connection reset without closing handshake
[2m2026-07-04T19:12:29.133141Z[0m [32m INFO[0m [2mpm_acquisition::clob[0m[2m:[0m CLOB connecté (up=58479694…, down=30865834…)
[2m2026-07-04T19:12:29.622450Z[0m [32m INFO[0m [2mpm_bot[0m[2m:[0m PAPER fill maker 58479694 sur trade @0.360 (achat=true vente=false)
[2m2026-07-04T19:12:29.684709Z[0m [32m INFO[0m [2mpm_bot[0m[2m:[0m MAKER UP quotes: bid=None ask=Some((0.47, 150.0)) (TP ask@0.47)
[2m2026-07-04T19:12:32.435226Z[0m [32m INFO[0m [2mexecution[0m[2m:[0m [DRY-RUN] dryrun-14 Sell 58479694 x 150 @ 0.330 (Fak)
[2m2026-07-04T19:12:32.435258Z[0m [32m INFO[0m [2mpm_bot[0m[2m:[0m MAKER DOWN quotes: bid=None ask=Some((0.73, 150.0)) (TP ask@0.73)
[2m2026-07-04T19:12:33.685193Z[0m [32m INFO[0m [2mpm_bot[0m[2m:[0m MAKER DOWN quotes: bid=None ask=Some((0.74, 150.0)) (TP ask@0.74)
[2m2026-07-04T19:12:33.935054Z[0m [32m INFO[0m [2mpm_bot[0m[2m:[0m MAKER DOWN quotes: bid=None ask=Some((0.68, 150.0)) (TP ask@0.68)
[2m2026-07-04T19:12:39.685202Z[0m [32m INFO[0m [2mpm_bot[0m[2m:[0m MAKER UP quotes: bid=Some((0.32, 50.0)) ask=None (bid@0.32 fair=0.355)
[2m2026-07-04T19:12:39.699997Z[0m [32m INFO[0m [2mpm_bot[0m[2m:[0m PAPER fill maker 30865834 sur trade @0.680 (achat=false vente=true)
[2m2026-07-04T19:12:39.732263Z[0m [32m INFO[0m [2mpm_bot[0m[2m:[0m PAPER fill maker 58479694 sur trade @0.300 (achat=true vente=false)
[2m2026-07-04T19:12:39.935198Z[0m [32m INFO[0m [2mpm_bot[0m[2m:[0m MAKER UP quotes: bid=Some((0.32, 50.0)) ask=Some((0.4, 50.0)) (TP ask@0.40 | bid@0.32 fair=0.355)
[2m2026-07-04T19:12:39.975375Z[0m [32m INFO[0m [2mpm_bot[0m[2m:[0m PAPER fill maker 58479694 sur trade @0.320 (achat=true vente=false)
[2m2026-07-04T19:12:40.184880Z[0m [32m INFO[0m [2mpm_bot[0m[2m:[0m MAKER UP quotes: bid=Some((0.32, 50.0)) ask=Some((0.4, 100.0)) (TP ask@0.40 | bid@0.32 fair=0.355)
[2m2026-07-04T19:12:40.277566Z[0m [32m INFO[0m [2mpm_bot[0m[2m:[0m PAPER fill maker 58479694 sur trade @0.320 (achat=true vente=false)
[2m2026-07-04T19:12:40.435506Z[0m [32m INFO[0m [2mpm_bot[0m[2m:[0m MAKER UP quotes: bid=None ask=Some((0.4, 150.0)) (TP ask@0.40)
[2m2026-07-04T19:12:42.434463Z[0m [32m INFO[0m [2mexecution[0m[2m:[0m [DRY-RUN] dryrun-15 Sell 58479694 x 150 @ 0.310 (Fak)
[2m2026-07-04T19:12:42.434496Z[0m [32m INFO[0m [2mpm_bot[0m[2m:[0m MAKER DOWN quotes: bid=Some((0.67, 50.0)) ask=None (bid@0.67 fair=0.781)
[2m2026-07-04T19:12:42.557027Z[0m [32m INFO[0m [2mpm_bot[0m[2m:[0m PAPER fill maker 30865834 sur trade @0.670 (achat=true vente=false)
[2m2026-07-04T19:12:42.684611Z[0m [32m INFO[0m [2mpm_bot[0m[2m:[0m MAKER DOWN quotes: bid=Some((0.67, 50.0)) ask=Some((0.8, 50.0)) (TP ask@0.80 | bid@0.67 fair=0.781)
[2m2026-07-04T19:12:42.827125Z[0m [32m INFO[0m [2mpm_bot[0m[2m:[0m PAPER fill maker 30865834 sur trade @0.670 (achat=true vente=false)
[2m2026-07-04T19:12:42.935119Z[0m [32m INFO[0m [2mpm_bot[0m[2m:[0m MAKER DOWN quotes: bid=Some((0.67, 50.0)) ask=Some((0.8, 100.0)) (TP ask@0.80 | bid@0.67 fair=0.781)
[2m2026-07-04T19:12:43.186668Z[0m [32m INFO[0m [2mpm_bot[0m[2m:[0m PAPER fill maker 30865834 sur trade @0.670 (achat=true vente=false)
[2m2026-07-04T19:12:43.434747Z[0m [32m INFO[0m [2mpm_bot[0m[2m:[0m MAKER DOWN quotes: bid=None ask=Some((0.8, 150.0)) (TP ask@0.80)
[2m2026-07-04T19:12:46.434694Z[0m [32m INFO[0m [2mpm_bot[0m[2m:[0m MAKER DOWN quotes: bid=None ask=Some((0.81, 150.0)) (TP ask@0.81)
[2m2026-07-04T19:12:47.185276Z[0m [32m INFO[0m [2mpm_bot[0m[2m:[0m MAKER DOWN quotes: bid=None ask=Some((0.82, 150.0)) (TP ask@0.82)
[2m2026-07-04T19:12:49.184590Z[0m [32m INFO[0m [2mpm_bot[0m[2m:[0m MAKER DOWN quotes: bid=None ask=Some((0.81, 150.0)) (TP ask@0.81)
[2m2026-07-04T19:12:53.697630Z[0m [32m INFO[0m [2mpm_bot[0m[2m:[0m PAPER fill maker 30865834 sur trade @0.810 (achat=false vente=true)
[2m2026-07-04T19:12:54.434857Z[0m [32m INFO[0m [2mpm_bot[0m[2m:[0m MAKER UP quotes: bid=Some((0.21, 50.0)) ask=None (bid@0.21 fair=0.284)
[2m2026-07-04T19:12:54.684988Z[0m [32m INFO[0m [2mpm_bot[0m[2m:[0m MAKER UP quotes: bid=Some((0.2, 50.0)) ask=None (bid@0.20 fair=0.284)
[2m2026-07-04T19:12:54.853867Z[0m [32m INFO[0m [2mpm_bot[0m[2m:[0m PAPER fill maker 58479694 sur trade @0.200 (achat=true vente=false)
[2m2026-07-04T19:12:54.934687Z[0m [32m INFO[0m [2mpm_bot[0m[2m:[0m MAKER UP quotes: bid=Some((0.2, 50.0)) ask=Some((0.3, 50.0)) (TP ask@0.30 | bid@0.20 fair=0.283)
[2m2026-07-04T19:12:54.973727Z[0m [32m INFO[0m [2mpm_bot[0m[2m:[0m PAPER fill maker 58479694 sur trade @0.200 (achat=true vente=false)
[2m2026-07-04T19:12:55.185267Z[0m [32m INFO[0m [2mpm_bot[0m[2m:[0m MAKER UP quotes: bid=Some((0.21, 50.0)) ask=Some((0.3, 100.0)) (TP ask@0.30 | bid@0.21 fair=0.283)
[2m2026-07-04T19:12:55.435512Z[0m [32m INFO[0m [2mpm_bot[0m[2m:[0m MAKER UP quotes: bid=None ask=Some((0.29, 100.0)) (TP ask@0.29)
[2m2026-07-04T19:12:58.684613Z[0m [32m INFO[0m [2mpm_bot[0m[2m:[0m MAKER DOWN quotes: bid=Some((0.79, 50.0)) ask=None (bid@0.79 fair=0.828)
[2m2026-07-04T19:12:58.934661Z[0m [32m INFO[0m [2mpm_bot[0m[2m:[0m MAKER DOWN quotes: bid=None ask=None ()
[2m2026-07-04T19:12:59.434694Z[0m [32m INFO[0m [2mpm_bot[0m[2m:[0m MAKER DOWN quotes: bid=Some((0.81, 50.0)) ask=None (bid@0.81 fair=0.842)
[2m2026-07-04T19:13:00.685095Z[0m [32m INFO[0m [2mpm_bot[0m[2m:[0m MAKER DOWN quotes: bid=None ask=None ()
[2m2026-07-04T19:13:02.990545Z[0m [32m INFO[0m [2mexecution[0m[2m:[0m [DRY-RUN] dryrun-16 Sell 58479694 x 100 @ 0.100 (Fak)
[2m2026-07-04T19:15:02.506344Z[0m [32m INFO[0m [2mpm_bot[0m[2m:[0m RÈGLEMENT btc-updown-5m-1783192200 | strike=Some("63180.64") issue=Down (estimé) | PnL up=-35.00 down=+26.00 | taker=0 maker_fills=25 | PnL cumulé=-12.32
[2m2026-07-04T19:15:02.506459Z[0m [32m INFO[0m [2mpm_bot[0m[2m:[0m fenêtre active: btc-updown-5m-1783192500 [1783192500000 → 1783192800000]
[2m2026-07-04T19:15:02.506496Z[0m [32m INFO[0m [2mpm_bot[0m[2m:[0m strike gelé: Some(63120.258100026505) (confidence=1.000, gap=Some(0) ms)
[2m2026-07-04T19:15:03.097065Z[0m [32m INFO[0m [2mpm_acquisition::clob[0m[2m:[0m CLOB connecté (up=25516421…, down=10293002…)
[2m2026-07-04T19:15:09.241656Z[0m [32m INFO[0m [2mpm_bot[0m[2m:[0m MAKER DOWN quotes: bid=Some((0.4, 50.0)) ask=None (bid@0.40 fair=0.742)
[2m2026-07-04T19:15:09.961265Z[0m [32m INFO[0m [2mpm_bot[0m[2m:[0m PAPER fill maker 10293002 sur trade @0.400 (achat=true vente=false)
[2m2026-07-04T19:15:09.991907Z[0m [32m INFO[0m [2mpm_bot[0m[2m:[0m MAKER DOWN quotes: bid=Some((0.4, 50.0)) ask=Some((0.76, 50.0)) (TP ask@0.76 | bid@0.40 fair=0.742)
[2m2026-07-04T19:15:10.241475Z[0m [32m INFO[0m [2mpm_bot[0m[2m:[0m MAKER DOWN quotes: bid=Some((0.4, 50.0)) ask=Some((0.65, 50.0)) (TP ask@0.65 | bid@0.40 fair=0.635)
[2m2026-07-04T19:15:10.991825Z[0m [32m INFO[0m [2mpm_bot[0m[2m:[0m MAKER DOWN quotes: bid=Some((0.4, 50.0)) ask=Some((0.62, 50.0)) (TP ask@0.62 | bid@0.40 fair=0.605)
[2m2026-07-04T19:15:11.741908Z[0m [32m INFO[0m [2mpm_bot[0m[2m:[0m MAKER DOWN quotes: bid=Some((0.4, 50.0)) ask=Some((0.56, 50.0)) (TP ask@0.56 | bid@0.40 fair=0.549)
[2m2026-07-04T19:15:12.241679Z[0m [32m INFO[0m [2mpm_bot[0m[2m:[0m MAKER DOWN quotes: bid=Some((0.39, 50.0)) ask=Some((0.56, 50.0)) (TP ask@0.56 | bid@0.39 fair=0.549)
[2m2026-07-04T19:15:12.250415Z[0m [32m INFO[0m [2mpm_bot[0m[2m:[0m PAPER fill maker 10293002 sur trade @0.390 (achat=true vente=false)
[2m2026-07-04T19:15:12.492270Z[0m [32m INFO[0m [2mpm_bot[0m[2m:[0m MAKER DOWN quotes: bid=Some((0.36, 50.0)) ask=Some((0.56, 100.0)) (TP ask@0.56 | bid@0.36 fair=0.549)
[2m2026-07-04T19:15:12.546819Z[0m [32m INFO[0m [2mpm_bot[0m[2m:[0m PAPER fill maker 10293002 sur trade @0.360 (achat=true vente=false)
[2m2026-07-04T19:15:12.741460Z[0m [32m INFO[0m [2mpm_bot[0m[2m:[0m MAKER DOWN quotes: bid=None ask=Some((0.47, 150.0)) (TP ask@0.47)
[2m2026-07-04T19:15:14.991736Z[0m [32m INFO[0m [2mexecution[0m[2m:[0m [DRY-RUN] dryrun-17 Sell 10293002 x 150 @ 0.310 (Fak)
