[2m2026-07-04T19:26:10.134881Z[0m [32m INFO[0m [2mpm_bot[0m[2m:[0m pm-bot démarre (PAPER mode) — archives: /home/user/rustfactor/polymarket-btc5m-bot/data_v2/run_v4_20260704T192609
[2m2026-07-04T19:26:10.580982Z[0m [32m INFO[0m [2mpm_bot[0m[2m:[0m fenêtre active: btc-updown-5m-1783193100 [1783193100000 → 1783193400000]
[2m2026-07-04T19:26:10.866348Z[0m [32m INFO[0m [2mpm_acquisition::rtds[0m[2m:[0m RTDS connecté
[2m2026-07-04T19:26:11.156753Z[0m [32m INFO[0m [2mpm_acquisition::clob[0m[2m:[0m CLOB connecté (up=95750739…, down=51524073…)
[2m2026-07-04T19:26:12.248046Z[0m [32m INFO[0m [2mpm_bot[0m[2m:[0m strike gelé: Some(63269.41944693727) (confidence=0.000, gap=Some(71000) ms)
[2m2026-07-04T19:30:02.425141Z[0m [32m INFO[0m [2mpm_bot[0m[2m:[0m RÈGLEMENT btc-updown-5m-1783193100 | strike=Some("63269.42") issue=Up (estimé) | PnL up=+0.00 down=+0.00 | taker=0 maker_fills=0 | PnL cumulé=+0.00
[2m2026-07-04T19:30:02.425196Z[0m [32m INFO[0m [2mpm_bot[0m[2m:[0m fenêtre active: btc-updown-5m-1783193400 [1783193400000 → 1783193700000]
[2m2026-07-04T19:30:02.425225Z[0m [32m INFO[0m [2mpm_bot[0m[2m:[0m strike gelé: Some(63316.81737502663) (confidence=1.000, gap=Some(0) ms)
[2m2026-07-04T19:30:03.031520Z[0m [32m INFO[0m [2mpm_acquisition::clob[0m[2m:[0m CLOB connecté (up=74114750…, down=78158066…)
[2m2026-07-04T19:30:03.390896Z[0m [32m INFO[0m [2mpm_bot[0m[2m:[0m MAKER UP quotes: bid=Some((0.48, 50.0)) ask=None (bid@0.48 fair=0.836)
[2m2026-07-04T19:30:03.621375Z[0m [32m INFO[0m [2mpm_bot[0m[2m:[0m PAPER fill maker 74114750 sur trade @0.480 (achat=true vente=false)
[2m2026-07-04T19:30:03.641649Z[0m [32m INFO[0m [2mpm_bot[0m[2m:[0m MAKER UP quotes: bid=Some((0.48, 50.0)) ask=Some((0.85, 50.0)) (TP ask@0.85 | bid@0.48 fair=0.834)
[2m2026-07-04T19:30:03.999954Z[0m [32m INFO[0m [2mpm_bot[0m[2m:[0m PAPER fill maker 74114750 sur trade @0.480 (achat=true vente=false)
[2m2026-07-04T19:30:04.140877Z[0m [32m INFO[0m [2mpm_bot[0m[2m:[0m MAKER UP quotes: bid=Some((0.48, 50.0)) ask=Some((0.85, 100.0)) (TP ask@0.85 | bid@0.48 fair=0.833)
[2m2026-07-04T19:30:04.391139Z[0m [32m INFO[0m [2mpm_bot[0m[2m:[0m MAKER UP quotes: bid=Some((0.48, 50.0)) ask=Some((0.84, 100.0)) (TP ask@0.84 | bid@0.48 fair=0.824)
[2m2026-07-04T19:30:04.768528Z[0m [32m INFO[0m [2mpm_bot[0m[2m:[0m PAPER fill maker 74114750 sur trade @0.470 (achat=true vente=false)
[2m2026-07-04T19:30:04.891413Z[0m [32m INFO[0m [2mpm_bot[0m[2m:[0m MAKER UP quotes: bid=None ask=Some((0.84, 150.0)) (TP ask@0.84)
[2m2026-07-04T19:30:05.890830Z[0m [32m INFO[0m [2mpm_bot[0m[2m:[0m MAKER UP quotes: bid=None ask=Some((0.83, 150.0)) (TP ask@0.83)
[2m2026-07-04T19:30:07.141191Z[0m [32m INFO[0m [2mexecution[0m[2m:[0m [DRY-RUN] dryrun-0 Sell 74114750 x 150 @ 0.420 (Fak)
[2m2026-07-04T19:30:07.391071Z[0m [32m INFO[0m [2mpm_bot[0m[2m:[0m MAKER UP quotes: bid=Some((0.44, 50.0)) ask=None (bid@0.44 fair=0.799)
[2m2026-07-04T19:30:07.883857Z[0m [32m INFO[0m [2mpm_bot[0m[2m:[0m PAPER fill maker 74114750 sur trade @0.440 (achat=true vente=false)
[2m2026-07-04T19:30:07.891063Z[0m [32m INFO[0m [2mpm_bot[0m[2m:[0m MAKER UP quotes: bid=Some((0.44, 50.0)) ask=Some((0.81, 50.0)) (TP ask@0.81 | bid@0.44 fair=0.799)
[2m2026-07-04T19:30:09.141525Z[0m [32m INFO[0m [2mexecution[0m[2m:[0m [DRY-RUN] dryrun-1 Sell 74114750 x 50 @ 0.410 (Fak)
[2m2026-07-04T19:30:09.390819Z[0m [32m INFO[0m [2mpm_bot[0m[2m:[0m MAKER UP quotes: bid=Some((0.44, 50.0)) ask=None (bid@0.44 fair=0.797)
[2m2026-07-04T19:30:09.407779Z[0m [32m INFO[0m [2mpm_bot[0m[2m:[0m PAPER fill maker 74114750 sur trade @0.440 (achat=true vente=false)
[2m2026-07-04T19:30:09.641728Z[0m [32m INFO[0m [2mpm_bot[0m[2m:[0m MAKER UP quotes: bid=Some((0.44, 50.0)) ask=Some((0.81, 50.0)) (TP ask@0.81 | bid@0.44 fair=0.797)
[2m2026-07-04T19:30:10.141257Z[0m [32m INFO[0m [2mpm_bot[0m[2m:[0m MAKER UP quotes: bid=Some((0.44, 50.0)) ask=Some((0.63, 50.0)) (TP ask@0.63 | bid@0.44 fair=0.613)
[2m2026-07-04T19:30:10.181382Z[0m [32m INFO[0m [2mpm_bot[0m[2m:[0m PAPER fill maker 74114750 sur trade @0.440 (achat=true vente=false)
[2m2026-07-04T19:30:10.391624Z[0m [32m INFO[0m [2mpm_bot[0m[2m:[0m MAKER UP quotes: bid=Some((0.44, 50.0)) ask=Some((0.63, 100.0)) (TP ask@0.63 | bid@0.44 fair=0.613)
[2m2026-07-04T19:30:10.749263Z[0m [32m INFO[0m [2mpm_bot[0m[2m:[0m PAPER fill maker 74114750 sur trade @0.440 (achat=true vente=false)
[2m2026-07-04T19:30:10.891803Z[0m [32m INFO[0m [2mpm_bot[0m[2m:[0m MAKER UP quotes: bid=None ask=Some((0.52, 150.0)) (TP ask@0.52)
[2m2026-07-04T19:30:11.640890Z[0m [32m INFO[0m [2mpm_bot[0m[2m:[0m MAKER UP quotes: bid=None ask=Some((0.67, 150.0)) (TP ask@0.67)
[2m2026-07-04T19:30:13.891405Z[0m [32m INFO[0m [2mpm_bot[0m[2m:[0m MAKER UP quotes: bid=None ask=Some((0.59, 150.0)) (TP ask@0.59)
[2m2026-07-04T19:30:14.891355Z[0m [32m INFO[0m [2mpm_bot[0m[2m:[0m MAKER UP quotes: bid=None ask=Some((0.52, 150.0)) (TP ask@0.52)
[2m2026-07-04T19:30:18.391307Z[0m [32m INFO[0m [2mexecution[0m[2m:[0m [DRY-RUN] dryrun-2 Sell 74114750 x 150 @ 0.300 (Fak)
[2m2026-07-04T19:30:18.391335Z[0m [32m INFO[0m [2mpm_bot[0m[2m:[0m MAKER DOWN quotes: bid=Some((0.68, 50.0)) ask=None (bid@0.68 fair=0.710)
[2m2026-07-04T19:30:18.682539Z[0m [32m INFO[0m [2mpm_bot[0m[2m:[0m PAPER fill maker 78158066 sur trade @0.680 (achat=true vente=false)
[2m2026-07-04T19:30:18.891261Z[0m [32m INFO[0m [2mpm_bot[0m[2m:[0m MAKER DOWN quotes: bid=Some((0.68, 50.0)) ask=Some((0.76, 50.0)) (TP ask@0.76 | bid@0.68 fair=0.710)
[2m2026-07-04T19:30:19.175614Z[0m [32m INFO[0m [2mpm_bot[0m[2m:[0m PAPER fill maker 78158066 sur trade @0.670 (achat=true vente=false)
[2m2026-07-04T19:30:19.390958Z[0m [32m INFO[0m [2mpm_bot[0m[2m:[0m MAKER DOWN quotes: bid=Some((0.68, 50.0)) ask=Some((0.78, 100.0)) (TP ask@0.78 | bid@0.68 fair=0.765)
[2m2026-07-04T19:30:20.140845Z[0m [32m INFO[0m [2mpm_bot[0m[2m:[0m MAKER DOWN quotes: bid=Some((0.67, 50.0)) ask=Some((0.78, 100.0)) (TP ask@0.78 | bid@0.67 fair=0.765)
[2m2026-07-04T19:30:20.304141Z[0m [32m INFO[0m [2mpm_bot[0m[2m:[0m PAPER fill maker 78158066 sur trade @0.670 (achat=true vente=false)
[2m2026-07-04T19:30:20.391136Z[0m [32m INFO[0m [2mpm_bot[0m[2m:[0m MAKER DOWN quotes: bid=None ask=Some((0.78, 150.0)) (TP ask@0.78)
[2m2026-07-04T19:30:21.141415Z[0m [32m INFO[0m [2mpm_bot[0m[2m:[0m MAKER DOWN quotes: bid=None ask=Some((0.79, 150.0)) (TP ask@0.79)
[2m2026-07-04T19:30:21.891376Z[0m [32m INFO[0m [2mpm_bot[0m[2m:[0m MAKER DOWN quotes: bid=None ask=Some((0.8, 150.0)) (TP ask@0.80)
[2m2026-07-04T19:30:22.640828Z[0m [32m INFO[0m [2mpm_bot[0m[2m:[0m MAKER DOWN quotes: bid=None ask=Some((0.76, 150.0)) (TP ask@0.76)
[2m2026-07-04T19:30:24.891797Z[0m [32m INFO[0m [2mpm_bot[0m[2m:[0m MAKER DOWN quotes: bid=None ask=Some((0.87, 150.0)) (TP ask@0.87)
[2m2026-07-04T19:30:25.641331Z[0m [32m INFO[0m [2mpm_bot[0m[2m:[0m MAKER DOWN quotes: bid=None ask=Some((0.86, 150.0)) (TP ask@0.86)
[2m2026-07-04T19:30:26.641320Z[0m [32m INFO[0m [2mpm_bot[0m[2m:[0m MAKER DOWN quotes: bid=None ask=Some((0.85, 150.0)) (TP ask@0.85)
[2m2026-07-04T19:30:27.641052Z[0m [32m INFO[0m [2mpm_bot[0m[2m:[0m MAKER DOWN quotes: bid=None ask=Some((0.84, 150.0)) (TP ask@0.84)
[2m2026-07-04T19:30:29.141139Z[0m [32m INFO[0m [2mpm_bot[0m[2m:[0m MAKER DOWN quotes: bid=None ask=Some((0.86, 150.0)) (TP ask@0.86)
[2m2026-07-04T19:30:29.641415Z[0m [32m INFO[0m [2mpm_bot[0m[2m:[0m MAKER DOWN quotes: bid=None ask=Some((0.85, 150.0)) (TP ask@0.85)
[2m2026-07-04T19:30:30.391564Z[0m [32m INFO[0m [2mpm_bot[0m[2m:[0m MAKER DOWN quotes: bid=None ask=Some((0.84, 150.0)) (TP ask@0.84)
[2m2026-07-04T19:30:31.641723Z[0m [32m INFO[0m [2mpm_bot[0m[2m:[0m MAKER DOWN quotes: bid=None ask=Some((0.81, 150.0)) (TP ask@0.81)
[2m2026-07-04T19:30:31.891381Z[0m [32m INFO[0m [2mpm_bot[0m[2m:[0m MAKER UP quotes: bid=Some((0.17, 50.0)) ask=None (bid@0.17 fair=0.202)
[2m2026-07-04T19:30:31.901479Z[0m [32m INFO[0m [2mpm_bot[0m[2m:[0m PAPER fill maker 78158066 sur trade @0.810 (achat=false vente=true)
[2m2026-07-04T19:30:32.263456Z[0m [32m INFO[0m [2mpm_bot[0m[2m:[0m PAPER fill maker 74114750 sur trade @0.170 (achat=true vente=false)
[2m2026-07-04T19:30:32.391743Z[0m [32m INFO[0m [2mpm_bot[0m[2m:[0m MAKER UP quotes: bid=Some((0.16, 50.0)) ask=Some((0.25, 50.0)) (TP ask@0.25 | bid@0.16 fair=0.202)
[2m2026-07-04T19:30:32.441710Z[0m [32m INFO[0m [2mpm_bot[0m[2m:[0m PAPER fill maker 74114750 sur trade @0.150 (achat=true vente=false)
[2m2026-07-04T19:30:32.641252Z[0m [32m INFO[0m [2mpm_bot[0m[2m:[0m MAKER UP quotes: bid=Some((0.16, 50.0)) ask=Some((0.25, 100.0)) (TP ask@0.25 | bid@0.16 fair=0.201)
[2m2026-07-04T19:30:32.953085Z[0m [32m INFO[0m [2mpm_bot[0m[2m:[0m PAPER fill maker 74114750 sur trade @0.160 (achat=true vente=false)
[2m2026-07-04T19:30:33.141669Z[0m [32m INFO[0m [2mpm_bot[0m[2m:[0m MAKER UP quotes: bid=None ask=Some((0.25, 150.0)) (TP ask@0.25)
[2m2026-07-04T19:30:34.390836Z[0m [32m INFO[0m [2mexecution[0m[2m:[0m [DRY-RUN] dryrun-3 Sell 74114750 x 150 @ 0.160 (Fak)
[2m2026-07-04T19:31:36.166186Z[0m [32m INFO[0m [2mpm_bot[0m[2m:[0m résolution officielle btc-updown-5m-1783193100: Up — CONFIRME notre estimation ✓
[2m2026-07-04T19:31:36.166243Z[0m [32m INFO[0m [2mpm_acquisition::clob[0m[2m:[0m CLOB flux terminé (marché résolu/fermé)
[2m2026-07-04T19:32:05.641178Z[0m [32m INFO[0m [2mpm_bot[0m[2m:[0m MAKER DOWN quotes: bid=Some((0.59, 50.0)) ask=None (bid@0.59 fair=0.831)
[2m2026-07-04T19:32:05.891292Z[0m [32m INFO[0m [2mpm_bot[0m[2m:[0m MAKER DOWN quotes: bid=Some((0.6, 50.0)) ask=None (bid@0.60 fair=0.831)
[2m2026-07-04T19:32:05.906108Z[0m [32m INFO[0m [2mpm_bot[0m[2m:[0m PAPER fill maker 78158066 sur trade @0.600 (achat=true vente=false)
[2m2026-07-04T19:32:06.141387Z[0m [32m INFO[0m [2mpm_bot[0m[2m:[0m MAKER DOWN quotes: bid=Some((0.6, 50.0)) ask=Some((0.85, 50.0)) (TP ask@0.85 | bid@0.60 fair=0.831)
[2m2026-07-04T19:32:06.169981Z[0m [32m INFO[0m [2mpm_bot[0m[2m:[0m PAPER fill maker 78158066 sur trade @0.600 (achat=true vente=false)
[2m2026-07-04T19:32:06.391148Z[0m [32m INFO[0m [2mpm_bot[0m[2m:[0m MAKER DOWN quotes: bid=Some((0.61, 50.0)) ask=Some((0.75, 100.0)) (TP ask@0.75 | bid@0.61 fair=0.737)
[2m2026-07-04T19:32:06.580396Z[0m [32m INFO[0m [2mpm_bot[0m[2m:[0m PAPER fill maker 78158066 sur trade @0.610 (achat=true vente=false)
[2m2026-07-04T19:32:06.641758Z[0m [32m INFO[0m [2mpm_bot[0m[2m:[0m MAKER DOWN quotes: bid=None ask=Some((0.75, 150.0)) (TP ask@0.75)
[2m2026-07-04T19:32:07.891462Z[0m [32m INFO[0m [2mpm_bot[0m[2m:[0m MAKER DOWN quotes: bid=None ask=Some((0.74, 150.0)) (TP ask@0.74)
[2m2026-07-04T19:32:09.890967Z[0m [32m INFO[0m [2mpm_bot[0m[2m:[0m MAKER UP quotes: bid=Some((0.35, 50.0)) ask=None (bid@0.35 fair=0.400)
[2m2026-07-04T19:32:09.890994Z[0m [32m INFO[0m [2mpm_bot[0m[2m:[0m MAKER DOWN quotes: bid=None ask=Some((0.69, 150.0)) (TP ask@0.69)
[2m2026-07-04T19:32:09.918367Z[0m [32m INFO[0m [2mpm_bot[0m[2m:[0m PAPER fill maker 74114750 sur trade @0.340 (achat=true vente=false)
[2m2026-07-04T19:32:10.140873Z[0m [32m INFO[0m [2mpm_bot[0m[2m:[0m MAKER UP quotes: bid=Some((0.35, 50.0)) ask=Some((0.43, 50.0)) (TP ask@0.43 | bid@0.35 fair=0.400)
[2m2026-07-04T19:32:10.442574Z[0m [32m INFO[0m [2mpm_bot[0m[2m:[0m PAPER fill maker 74114750 sur trade @0.350 (achat=true vente=false)
[2m2026-07-04T19:32:10.641577Z[0m [32m INFO[0m [2mpm_bot[0m[2m:[0m MAKER UP quotes: bid=Some((0.35, 50.0)) ask=Some((0.43, 100.0)) (TP ask@0.43 | bid@0.35 fair=0.400)
[2m2026-07-04T19:32:11.567684Z[0m [32m INFO[0m [2mpm_bot[0m[2m:[0m PAPER fill maker 74114750 sur trade @0.350 (achat=true vente=false)
[2m2026-07-04T19:32:11.641682Z[0m [32m INFO[0m [2mpm_bot[0m[2m:[0m MAKER UP quotes: bid=None ask=Some((0.43, 150.0)) (TP ask@0.43)
[2m2026-07-04T19:32:15.141666Z[0m [32m INFO[0m [2mexecution[0m[2m:[0m [DRY-RUN] dryrun-4 Sell 74114750 x 150 @ 0.360 (Fak)
[2m2026-07-04T19:32:15.141711Z[0m [32m INFO[0m [2mexecution[0m[2m:[0m [DRY-RUN] dryrun-5 Sell 78158066 x 150 @ 0.590 (Fak)
[2m2026-07-04T19:32:15.641426Z[0m [32m INFO[0m [2mpm_bot[0m[2m:[0m MAKER UP quotes: bid=Some((0.38, 50.0)) ask=None (bid@0.38 fair=0.413)
[2m2026-07-04T19:32:15.836104Z[0m [32m INFO[0m [2mpm_bot[0m[2m:[0m PAPER fill maker 74114750 sur trade @0.380 (achat=true vente=false)
[2m2026-07-04T19:32:15.891468Z[0m [32m INFO[0m [2mpm_bot[0m[2m:[0m MAKER UP quotes: bid=Some((0.38, 50.0)) ask=Some((0.46, 50.0)) (TP ask@0.46 | bid@0.38 fair=0.413)
[2m2026-07-04T19:32:16.367024Z[0m [32m INFO[0m [2mpm_bot[0m[2m:[0m PAPER fill maker 74114750 sur trade @0.380 (achat=true vente=false)
[2m2026-07-04T19:32:16.391310Z[0m [32m INFO[0m [2mpm_bot[0m[2m:[0m MAKER UP quotes: bid=Some((0.36, 50.0)) ask=Some((0.46, 100.0)) (TP ask@0.46 | bid@0.36 fair=0.413)
[2m2026-07-04T19:32:16.641411Z[0m [32m INFO[0m [2mpm_bot[0m[2m:[0m MAKER UP quotes: bid=Some((0.37, 50.0)) ask=Some((0.46, 100.0)) (TP ask@0.46 | bid@0.37 fair=0.413)
[2m2026-07-04T19:32:16.857782Z[0m [32m INFO[0m [2mpm_bot[0m[2m:[0m PAPER fill maker 74114750 sur trade @0.370 (achat=true vente=false)
[2m2026-07-04T19:32:16.891524Z[0m [32m INFO[0m [2mpm_bot[0m[2m:[0m MAKER UP quotes: bid=None ask=Some((0.46, 150.0)) (TP ask@0.46)
[2m2026-07-04T19:32:24.391337Z[0m [32m INFO[0m [2mpm_bot[0m[2m:[0m MAKER UP quotes: bid=None ask=Some((0.49, 150.0)) (TP ask@0.49)
[2m2026-07-04T19:32:26.391487Z[0m [32m INFO[0m [2mpm_bot[0m[2m:[0m MAKER UP quotes: bid=None ask=Some((0.47, 150.0)) (TP ask@0.47)
[2m2026-07-04T19:32:26.891550Z[0m [32m INFO[0m [2mpm_bot[0m[2m:[0m MAKER UP quotes: bid=None ask=Some((0.46, 150.0)) (TP ask@0.46)
[2m2026-07-04T19:32:29.641450Z[0m [32m INFO[0m [2mpm_bot[0m[2m:[0m MAKER UP quotes: bid=None ask=Some((0.48, 150.0)) (TP ask@0.48)
[2m2026-07-04T19:32:31.390971Z[0m [32m INFO[0m [2mpm_bot[0m[2m:[0m MAKER UP quotes: bid=None ask=Some((0.49, 150.0)) (TP ask@0.49)
[2m2026-07-04T19:32:33.641432Z[0m [32m INFO[0m [2mpm_bot[0m[2m:[0m MAKER UP quotes: bid=None ask=Some((0.54, 150.0)) (TP ask@0.54)
[2m2026-07-04T19:32:34.141204Z[0m [32m INFO[0m [2mpm_bot[0m[2m:[0m MAKER UP quotes: bid=None ask=Some((0.68, 150.0)) (TP ask@0.68)
[2m2026-07-04T19:32:35.141065Z[0m [32m INFO[0m [2mpm_bot[0m[2m:[0m MAKER UP quotes: bid=None ask=Some((0.76, 150.0)) (TP ask@0.76)
[2m2026-07-04T19:32:36.391108Z[0m [32m INFO[0m [2mpm_bot[0m[2m:[0m MAKER UP quotes: bid=None ask=Some((0.75, 150.0)) (TP ask@0.75)
[2m2026-07-04T19:32:37.641408Z[0m [32m INFO[0m [2mpm_bot[0m[2m:[0m MAKER UP quotes: bid=None ask=Some((0.74, 150.0)) (TP ask@0.74)
[2m2026-07-04T19:32:39.391001Z[0m [32m INFO[0m [2mpm_bot[0m[2m:[0m MAKER UP quotes: bid=None ask=Some((0.75, 150.0)) (TP ask@0.75)
[2m2026-07-04T19:32:40.641719Z[0m [32m INFO[0m [2mpm_bot[0m[2m:[0m MAKER UP quotes: bid=None ask=Some((0.76, 150.0)) (TP ask@0.76)
[2m2026-07-04T19:32:41.141753Z[0m [32m INFO[0m [2mpm_bot[0m[2m:[0m MAKER UP quotes: bid=None ask=Some((0.77, 150.0)) (TP ask@0.77)
[2m2026-07-04T19:32:41.641093Z[0m [32m INFO[0m [2mpm_bot[0m[2m:[0m MAKER UP quotes: bid=None ask=Some((0.76, 150.0)) (TP ask@0.76)
[2m2026-07-04T19:32:45.141417Z[0m [32m INFO[0m [2mpm_bot[0m[2m:[0m MAKER UP quotes: bid=None ask=Some((0.72, 150.0)) (TP ask@0.72)
[2m2026-07-04T19:32:46.391217Z[0m [32m INFO[0m [2mpm_bot[0m[2m:[0m MAKER UP quotes: bid=None ask=Some((0.67, 150.0)) (TP ask@0.67)
[2m2026-07-04T19:32:47.390737Z[0m [32m INFO[0m [2mpm_bot[0m[2m:[0m MAKER UP quotes: bid=None ask=Some((0.64, 150.0)) (TP ask@0.64)
[2m2026-07-04T19:32:48.391295Z[0m [32m INFO[0m [2mpm_bot[0m[2m:[0m MAKER UP quotes: bid=None ask=Some((0.63, 150.0)) (TP ask@0.63)
[2m2026-07-04T19:32:49.391388Z[0m [32m INFO[0m [2mpm_bot[0m[2m:[0m MAKER UP quotes: bid=None ask=Some((0.62, 150.0)) (TP ask@0.62)
[2m2026-07-04T19:32:50.391186Z[0m [32m INFO[0m [2mpm_bot[0m[2m:[0m MAKER UP quotes: bid=None ask=Some((0.56, 150.0)) (TP ask@0.56)
[2m2026-07-04T19:32:51.641039Z[0m [32m INFO[0m [2mpm_bot[0m[2m:[0m MAKER UP quotes: bid=None ask=Some((0.55, 150.0)) (TP ask@0.55)
[2m2026-07-04T19:32:52.140995Z[0m [32m INFO[0m [2mpm_bot[0m[2m:[0m MAKER UP quotes: bid=None ask=Some((0.54, 150.0)) (TP ask@0.54)
[2m2026-07-04T19:32:52.391451Z[0m [32m INFO[0m [2mpm_bot[0m[2m:[0m MAKER UP quotes: bid=None ask=Some((0.52, 150.0)) (TP ask@0.52)
[2m2026-07-04T19:32:53.141269Z[0m [32m INFO[0m [2mpm_bot[0m[2m:[0m MAKER UP quotes: bid=None ask=Some((0.56, 150.0)) (TP ask@0.56)
[2m2026-07-04T19:32:55.141337Z[0m [32m INFO[0m [2mpm_bot[0m[2m:[0m MAKER UP quotes: bid=None ask=Some((0.57, 150.0)) (TP ask@0.57)
[2m2026-07-04T19:32:56.140913Z[0m [32m INFO[0m [2mpm_bot[0m[2m:[0m MAKER UP quotes: bid=None ask=Some((0.49, 150.0)) (TP ask@0.49)
[2m2026-07-04T19:32:57.890959Z[0m [32m INFO[0m [2mpm_bot[0m[2m:[0m MAKER UP quotes: bid=None ask=Some((0.51, 150.0)) (TP ask@0.51)
[2m2026-07-04T19:32:58.391262Z[0m [32m INFO[0m [2mpm_bot[0m[2m:[0m MAKER UP quotes: bid=None ask=Some((0.5, 150.0)) (TP ask@0.50)
[2m2026-07-04T19:33:01.391798Z[0m [32m INFO[0m [2mpm_bot[0m[2m:[0m MAKER UP quotes: bid=None ask=Some((0.55, 150.0)) (TP ask@0.55)
[2m2026-07-04T19:33:02.390821Z[0m [32m INFO[0m [2mpm_bot[0m[2m:[0m MAKER UP quotes: bid=None ask=Some((0.59, 150.0)) (TP ask@0.59)
[2m2026-07-04T19:33:03.391204Z[0m [32m INFO[0m [2mpm_bot[0m[2m:[0m MAKER UP quotes: bid=None ask=Some((0.62, 150.0)) (TP ask@0.62)
[2m2026-07-04T19:33:03.641400Z[0m [32m INFO[0m [2mpm_bot[0m[2m:[0m MAKER UP quotes: bid=None ask=Some((0.61, 150.0)) (TP ask@0.61)
[2m2026-07-04T19:33:04.641094Z[0m [32m INFO[0m [2mpm_bot[0m[2m:[0m MAKER UP quotes: bid=None ask=Some((0.62, 150.0)) (TP ask@0.62)
[2m2026-07-04T19:33:06.391267Z[0m [32m INFO[0m [2mpm_bot[0m[2m:[0m MAKER UP quotes: bid=None ask=Some((0.7, 150.0)) (TP ask@0.70)
[2m2026-07-04T19:33:07.141143Z[0m [32m INFO[0m [2mpm_bot[0m[2m:[0m MAKER UP quotes: bid=None ask=Some((0.69, 150.0)) (TP ask@0.69)
[2m2026-07-04T19:33:07.391056Z[0m [32m INFO[0m [2mpm_bot[0m[2m:[0m MAKER UP quotes: bid=None ask=Some((0.83, 150.0)) (TP ask@0.83)
[2m2026-07-04T19:33:08.641660Z[0m [32m INFO[0m [2mpm_bot[0m[2m:[0m MAKER UP quotes: bid=None ask=Some((0.88, 150.0)) (TP ask@0.88)
[2m2026-07-04T19:33:10.641916Z[0m [32m INFO[0m [2mpm_bot[0m[2m:[0m MAKER UP quotes: bid=None ask=Some((0.9, 150.0)) (TP ask@0.90)
[2m2026-07-04T19:33:11.141782Z[0m [32m INFO[0m [2mpm_bot[0m[2m:[0m MAKER UP quotes: bid=None ask=Some((0.91, 150.0)) (TP ask@0.91)
[2m2026-07-04T19:33:11.391190Z[0m [32m INFO[0m [2mpm_bot[0m[2m:[0m MAKER UP quotes: bid=None ask=Some((0.9, 150.0)) (TP ask@0.90)
[2m2026-07-04T19:33:13.391405Z[0m [32m INFO[0m [2mpm_bot[0m[2m:[0m MAKER UP quotes: bid=None ask=Some((0.89, 150.0)) (TP ask@0.89)
[2m2026-07-04T19:33:21.141149Z[0m [32m INFO[0m [2mpm_bot[0m[2m:[0m MAKER UP quotes: bid=None ask=Some((0.88, 150.0)) (TP ask@0.88)
[2m2026-07-04T19:33:22.391637Z[0m [32m INFO[0m [2mpm_bot[0m[2m:[0m MAKER UP quotes: bid=None ask=Some((0.87, 150.0)) (TP ask@0.87)
[2m2026-07-04T19:33:27.391856Z[0m [32m INFO[0m [2mpm_bot[0m[2m:[0m MAKER UP quotes: bid=None ask=Some((0.88, 150.0)) (TP ask@0.88)
[2m2026-07-04T19:33:28.141116Z[0m [32m INFO[0m [2mpm_bot[0m[2m:[0m MAKER UP quotes: bid=None ask=Some((0.89, 150.0)) (TP ask@0.89)
[2m2026-07-04T19:33:28.390997Z[0m [32m INFO[0m [2mpm_bot[0m[2m:[0m MAKER UP quotes: bid=None ask=Some((0.88, 150.0)) (TP ask@0.88)
[2m2026-07-04T19:33:33.890851Z[0m [32m INFO[0m [2mpm_bot[0m[2m:[0m MAKER UP quotes: bid=None ask=Some((0.87, 150.0)) (TP ask@0.87)
[2m2026-07-04T19:33:37.641530Z[0m [32m INFO[0m [2mpm_bot[0m[2m:[0m MAKER UP quotes: bid=None ask=Some((0.86, 150.0)) (TP ask@0.86)
[2m2026-07-04T19:33:38.890841Z[0m [32m INFO[0m [2mpm_bot[0m[2m:[0m MAKER UP quotes: bid=None ask=Some((0.87, 150.0)) (TP ask@0.87)
[2m2026-07-04T19:33:40.390758Z[0m [32m INFO[0m [2mpm_bot[0m[2m:[0m MAKER UP quotes: bid=None ask=Some((0.86, 150.0)) (TP ask@0.86)
[2m2026-07-04T19:33:43.141331Z[0m [32m INFO[0m [2mpm_bot[0m[2m:[0m MAKER UP quotes: bid=None ask=Some((0.85, 150.0)) (TP ask@0.85)
[2m2026-07-04T19:33:44.141311Z[0m [32m INFO[0m [2mpm_bot[0m[2m:[0m MAKER UP quotes: bid=None ask=Some((0.86, 150.0)) (TP ask@0.86)
[2m2026-07-04T19:33:45.391506Z[0m [32m INFO[0m [2mpm_bot[0m[2m:[0m MAKER UP quotes: bid=None ask=Some((0.87, 150.0)) (TP ask@0.87)
[2m2026-07-04T19:33:52.641614Z[0m [32m INFO[0m [2mpm_bot[0m[2m:[0m MAKER UP quotes: bid=None ask=Some((0.91, 150.0)) (TP ask@0.91)
[2m2026-07-04T19:33:53.141612Z[0m [32m INFO[0m [2mpm_bot[0m[2m:[0m MAKER UP quotes: bid=None ask=Some((0.93, 150.0)) (TP ask@0.93)
[2m2026-07-04T19:33:54.391313Z[0m [32m INFO[0m [2mpm_bot[0m[2m:[0m MAKER UP quotes: bid=None ask=Some((0.96, 150.0)) (TP ask@0.96)
[2m2026-07-04T19:33:57.141117Z[0m [32m INFO[0m [2mexecution[0m[2m:[0m [DRY-RUN] dryrun-6 Sell 74114750 x 150 @ 0.760 (Fak)
[2m2026-07-04T19:34:01.640758Z[0m [33m WARN[0m [2mpm_acquisition::watchdog[0m[2m:[0m flux rtds stale (6208 ms de silence)
[2m2026-07-04T19:34:01.640831Z[0m [33m WARN[0m [2mpm_bot[0m[2m:[0m FEED STALE: rtds silencieux 6208 ms
[2m2026-07-04T19:34:01.867236Z[0m [33m WARN[0m [2mpm_acquisition::rtds[0m[2m:[0m RTDS silencieux 5500 ms → réabonnement
[2m2026-07-04T19:35:02.393245Z[0m [32m INFO[0m [2mpm_bot[0m[2m:[0m RÈGLEMENT btc-updown-5m-1783193400 | strike=Some("63316.82") issue=Up (estimé) | PnL up=+27.00 down=+18.00 | taker=0 maker_fills=23 | PnL cumulé=+45.00
[2m2026-07-04T19:35:02.393394Z[0m [32m INFO[0m [2mpm_bot[0m[2m:[0m fenêtre active: btc-updown-5m-1783193700 [1783193700000 → 1783194000000]
[2m2026-07-04T19:35:02.393420Z[0m [32m INFO[0m [2mpm_bot[0m[2m:[0m strike gelé: Some(63369.59992062573) (confidence=1.000, gap=Some(0) ms)
[2m2026-07-04T19:35:02.995855Z[0m [32m INFO[0m [2mpm_acquisition::clob[0m[2m:[0m CLOB connecté (up=58354543…, down=83583667…)
[2m2026-07-04T19:35:53.390900Z[0m [32m INFO[0m [2mpm_bot[0m[2m:[0m MAKER UP quotes: bid=Some((0.26, 50.0)) ask=None (bid@0.26 fair=0.803)
[2m2026-07-04T19:35:53.641037Z[0m [32m INFO[0m [2mpm_bot[0m[2m:[0m MAKER UP quotes: bid=Some((0.24, 50.0)) ask=None (bid@0.24 fair=0.803)
[2m2026-07-04T19:35:53.678019Z[0m [32m INFO[0m [2mpm_bot[0m[2m:[0m PAPER fill maker 58354543 sur trade @0.230 (achat=true vente=false)
[2m2026-07-04T19:35:53.890730Z[0m [32m INFO[0m [2mpm_bot[0m[2m:[0m MAKER UP quotes: bid=Some((0.23, 50.0)) ask=Some((0.82, 50.0)) (TP ask@0.82 | bid@0.23 fair=0.803)
[2m2026-07-04T19:35:54.141783Z[0m [32m INFO[0m [2mpm_bot[0m[2m:[0m MAKER UP quotes: bid=Some((0.22, 50.0)) ask=Some((0.82, 50.0)) (TP ask@0.82 | bid@0.22 fair=0.803)
[2m2026-07-04T19:35:54.337494Z[0m [32m INFO[0m [2mpm_bot[0m[2m:[0m PAPER fill maker 58354543 sur trade @0.220 (achat=true vente=false)
[2m2026-07-04T19:35:54.391817Z[0m [32m INFO[0m [2mpm_bot[0m[2m:[0m MAKER UP quotes: bid=Some((0.22, 50.0)) ask=Some((0.82, 100.0)) (TP ask@0.82 | bid@0.22 fair=0.803)
[2m2026-07-04T19:35:54.641160Z[0m [32m INFO[0m [2mpm_bot[0m[2m:[0m MAKER UP quotes: bid=Some((0.22, 50.0)) ask=Some((0.73, 100.0)) (TP ask@0.73 | bid@0.22 fair=0.718)
[2m2026-07-04T19:35:54.927225Z[0m [32m INFO[0m [2mpm_bot[0m[2m:[0m PAPER fill maker 58354543 sur trade @0.220 (achat=true vente=false)
[2m2026-07-04T19:35:55.141199Z[0m [32m INFO[0m [2mpm_bot[0m[2m:[0m MAKER UP quotes: bid=None ask=Some((0.73, 150.0)) (TP ask@0.73)
[2m2026-07-04T19:35:55.642131Z[0m [32m INFO[0m [2mpm_bot[0m[2m:[0m MAKER UP quotes: bid=None ask=Some((0.65, 150.0)) (TP ask@0.65)
[2m2026-07-04T19:35:56.391205Z[0m [32m INFO[0m [2mpm_bot[0m[2m:[0m MAKER UP quotes: bid=None ask=Some((0.48, 150.0)) (TP ask@0.48)
[2m2026-07-04T19:35:57.641297Z[0m [32m INFO[0m [2mpm_bot[0m[2m:[0m MAKER UP quotes: bid=None ask=Some((0.46, 150.0)) (TP ask@0.46)
[2m2026-07-04T19:35:58.641765Z[0m [32m INFO[0m [2mpm_bot[0m[2m:[0m MAKER UP quotes: bid=None ask=Some((0.31, 150.0)) (TP ask@0.31)
[2m2026-07-04T19:36:00.140817Z[0m [32m INFO[0m [2mexecution[0m[2m:[0m [DRY-RUN] dryrun-7 Sell 58354543 x 150 @ 0.140 (Fak)
[2m2026-07-04T19:36:01.141799Z[0m [32m INFO[0m [2mpm_bot[0m[2m:[0m MAKER UP quotes: bid=Some((0.15, 50.0)) ask=None (bid@0.15 fair=0.243)
[2m2026-07-04T19:36:01.603192Z[0m [32m INFO[0m [2mpm_bot[0m[2m:[0m PAPER fill maker 58354543 sur trade @0.140 (achat=true vente=false)
[2m2026-07-04T19:36:01.640926Z[0m [32m INFO[0m [2mpm_bot[0m[2m:[0m MAKER UP quotes: bid=None ask=Some((0.26, 50.0)) (TP ask@0.26)
[2m2026-07-04T19:36:02.641005Z[0m [32m INFO[0m [2mpm_bot[0m[2m:[0m MAKER UP quotes: bid=None ask=Some((0.23, 50.0)) (TP ask@0.23)
[2m2026-07-04T19:36:04.641502Z[0m [32m INFO[0m [2mexecution[0m[2m:[0m [DRY-RUN] dryrun-8 Sell 58354543 x 50 @ 0.070 (Fak)
[2m2026-07-04T19:36:59.802156Z[0m [32m INFO[0m [2mpm_bot[0m[2m:[0m résolution officielle btc-updown-5m-1783193400: Up — CONFIRME notre estimation ✓
[2m2026-07-04T19:36:59.802200Z[0m [32m INFO[0m [2mpm_acquisition::clob[0m[2m:[0m CLOB flux terminé (marché résolu/fermé)
[2m2026-07-04T19:40:02.505790Z[0m [32m INFO[0m [2mpm_bot[0m[2m:[0m RÈGLEMENT btc-updown-5m-1783193700 | strike=Some("63369.60") issue=Down (estimé) | PnL up=-17.00 down=+0.00 | taker=0 maker_fills=4 | PnL cumulé=+28.00
[2m2026-07-04T19:40:02.505844Z[0m [32m INFO[0m [2mpm_bot[0m[2m:[0m fenêtre active: btc-updown-5m-1783194000 [1783194000000 → 1783194300000]
[2m2026-07-04T19:40:02.505979Z[0m [32m INFO[0m [2mpm_bot[0m[2m:[0m strike gelé: Some(63252.305875) (confidence=1.000, gap=Some(0) ms)
[2m2026-07-04T19:40:03.019612Z[0m [32m INFO[0m [2mpm_acquisition::clob[0m[2m:[0m CLOB connecté (up=83933043…, down=86459850…)
[2m2026-07-04T19:40:03.391532Z[0m [32m INFO[0m [2mpm_bot[0m[2m:[0m MAKER DOWN quotes: bid=Some((0.5, 50.0)) ask=None (bid@0.50 fair=0.650)
[2m2026-07-04T19:40:03.473272Z[0m [32m INFO[0m [2mpm_bot[0m[2m:[0m PAPER fill maker 86459850 sur trade @0.500 (achat=true vente=false)
[2m2026-07-04T19:40:03.641301Z[0m [32m INFO[0m [2mpm_bot[0m[2m:[0m MAKER DOWN quotes: bid=Some((0.5, 50.0)) ask=Some((0.67, 50.0)) (TP ask@0.67 | bid@0.50 fair=0.650)
[2m2026-07-04T19:40:03.914373Z[0m [32m INFO[0m [2mpm_bot[0m[2m:[0m PAPER fill maker 86459850 sur trade @0.500 (achat=true vente=false)
[2m2026-07-04T19:40:04.141013Z[0m [32m INFO[0m [2mpm_bot[0m[2m:[0m MAKER DOWN quotes: bid=Some((0.5, 50.0)) ask=Some((0.67, 100.0)) (TP ask@0.67 | bid@0.50 fair=0.650)
[2m2026-07-04T19:40:04.259227Z[0m [32m INFO[0m [2mpm_bot[0m[2m:[0m PAPER fill maker 86459850 sur trade @0.500 (achat=true vente=false)
[2m2026-07-04T19:40:04.390875Z[0m [32m INFO[0m [2mpm_bot[0m[2m:[0m MAKER DOWN quotes: bid=None ask=Some((0.67, 150.0)) (TP ask@0.67)
[2m2026-07-04T19:40:04.641413Z[0m [32m INFO[0m [2mpm_bot[0m[2m:[0m MAKER DOWN quotes: bid=None ask=Some((0.69, 150.0)) (TP ask@0.69)
[2m2026-07-04T19:40:05.641540Z[0m [32m INFO[0m [2mpm_bot[0m[2m:[0m MAKER DOWN quotes: bid=None ask=Some((0.67, 150.0)) (TP ask@0.67)
[2m2026-07-04T19:40:06.391079Z[0m [32m INFO[0m [2mpm_bot[0m[2m:[0m MAKER DOWN quotes: bid=None ask=Some((0.66, 150.0)) (TP ask@0.66)
[2m2026-07-04T19:40:07.391061Z[0m [32m INFO[0m [2mpm_bot[0m[2m:[0m MAKER DOWN quotes: bid=None ask=Some((0.67, 150.0)) (TP ask@0.67)
[2m2026-07-04T19:40:10.641051Z[0m [32m INFO[0m [2mpm_bot[0m[2m:[0m MAKER DOWN quotes: bid=None ask=Some((0.66, 150.0)) (TP ask@0.66)
[2m2026-07-04T19:40:11.641448Z[0m [32m INFO[0m [2mpm_bot[0m[2m:[0m MAKER DOWN quotes: bid=None ask=Some((0.68, 150.0)) (TP ask@0.68)
[2m2026-07-04T19:40:12.391419Z[0m [32m INFO[0m [2mpm_bot[0m[2m:[0m MAKER DOWN quotes: bid=None ask=Some((0.67, 150.0)) (TP ask@0.67)
[2m2026-07-04T19:40:13.391218Z[0m [32m INFO[0m [2mpm_bot[0m[2m:[0m MAKER DOWN quotes: bid=None ask=Some((0.66, 150.0)) (TP ask@0.66)
[2m2026-07-04T19:40:14.391120Z[0m [32m INFO[0m [2mpm_bot[0m[2m:[0m MAKER DOWN quotes: bid=None ask=Some((0.67, 150.0)) (TP ask@0.67)
[2m2026-07-04T19:40:15.141528Z[0m [32m INFO[0m [2mpm_bot[0m[2m:[0m MAKER DOWN quotes: bid=None ask=Some((0.66, 150.0)) (TP ask@0.66)
[2m2026-07-04T19:40:16.640844Z[0m [32m INFO[0m [2mpm_bot[0m[2m:[0m MAKER DOWN quotes: bid=None ask=Some((0.58, 150.0)) (TP ask@0.58)
[2m2026-07-04T19:40:26.140908Z[0m [32m INFO[0m [2mpm_bot[0m[2m:[0m MAKER UP quotes: bid=Some((0.46, 50.0)) ask=None (bid@0.46 fair=0.500)
[2m2026-07-04T19:40:27.141511Z[0m [32m INFO[0m [2mpm_bot[0m[2m:[0m MAKER UP quotes: bid=Some((0.47, 50.0)) ask=None (bid@0.47 fair=0.500)
[2m2026-07-04T19:40:27.226424Z[0m [32m INFO[0m [2mpm_bot[0m[2m:[0m PAPER fill maker 83933043 sur trade @0.470 (achat=true vente=false)
[2m2026-07-04T19:40:27.391705Z[0m [32m INFO[0m [2mpm_bot[0m[2m:[0m MAKER UP quotes: bid=Some((0.47, 50.0)) ask=Some((0.55, 50.0)) (TP ask@0.55 | bid@0.47 fair=0.500)
[2m2026-07-04T19:40:27.530305Z[0m [32m INFO[0m [2mpm_bot[0m[2m:[0m PAPER fill maker 83933043 sur trade @0.470 (achat=true vente=false)
[2m2026-07-04T19:40:27.640942Z[0m [32m INFO[0m [2mpm_bot[0m[2m:[0m MAKER UP quotes: bid=Some((0.47, 50.0)) ask=Some((0.55, 100.0)) (TP ask@0.55 | bid@0.47 fair=0.500)
[2m2026-07-04T19:40:27.733233Z[0m [32m INFO[0m [2mpm_bot[0m[2m:[0m PAPER fill maker 83933043 sur trade @0.470 (achat=true vente=false)
[2m2026-07-04T19:40:27.891821Z[0m [32m INFO[0m [2mpm_bot[0m[2m:[0m MAKER UP quotes: bid=None ask=Some((0.55, 150.0)) (TP ask@0.55)
[2m2026-07-04T19:40:34.391213Z[0m [32m INFO[0m [2mpm_bot[0m[2m:[0m MAKER DOWN quotes: bid=None ask=Some((0.63, 150.0)) (TP ask@0.63)
[2m2026-07-04T19:40:35.641505Z[0m [32m INFO[0m [2mexecution[0m[2m:[0m [DRY-RUN] dryrun-9 Sell 83933043 x 150 @ 0.430 (Fak)
[2m2026-07-04T19:40:35.641538Z[0m [32m INFO[0m [2mpm_bot[0m[2m:[0m MAKER DOWN quotes: bid=None ask=Some((0.65, 150.0)) (TP ask@0.65)
[2m2026-07-04T19:40:36.391858Z[0m [32m INFO[0m [2mpm_bot[0m[2m:[0m MAKER DOWN quotes: bid=None ask=Some((0.67, 150.0)) (TP ask@0.67)
[2m2026-07-04T19:40:37.390890Z[0m [32m INFO[0m [2mpm_bot[0m[2m:[0m MAKER DOWN quotes: bid=None ask=Some((0.65, 150.0)) (TP ask@0.65)
[2m2026-07-04T19:40:39.390937Z[0m [32m INFO[0m [2mpm_bot[0m[2m:[0m MAKER DOWN quotes: bid=None ask=Some((0.66, 150.0)) (TP ask@0.66)
[2m2026-07-04T19:40:40.390897Z[0m [32m INFO[0m [2mpm_bot[0m[2m:[0m MAKER DOWN quotes: bid=None ask=Some((0.65, 150.0)) (TP ask@0.65)
[2m2026-07-04T19:40:44.391156Z[0m [32m INFO[0m [2mpm_bot[0m[2m:[0m MAKER DOWN quotes: bid=None ask=Some((0.61, 150.0)) (TP ask@0.61)
[2m2026-07-04T19:40:45.641785Z[0m [32m INFO[0m [2mpm_bot[0m[2m:[0m MAKER UP quotes: bid=Some((0.47, 50.0)) ask=None (bid@0.47 fair=0.507)
[2m2026-07-04T19:40:45.641814Z[0m [32m INFO[0m [2mpm_bot[0m[2m:[0m MAKER DOWN quotes: bid=None ask=Some((0.58, 150.0)) (TP ask@0.58)
[2m2026-07-04T19:40:49.391535Z[0m [32m INFO[0m [2mpm_bot[0m[2m:[0m MAKER UP quotes: bid=None ask=None ()
[2m2026-07-04T19:40:51.391745Z[0m [32m INFO[0m [2mpm_bot[0m[2m:[0m MAKER UP quotes: bid=Some((0.47, 50.0)) ask=None (bid@0.47 fair=0.507)
[2m2026-07-04T19:40:55.141142Z[0m [32m INFO[0m [2mpm_bot[0m[2m:[0m MAKER UP quotes: bid=None ask=None ()
[2m2026-07-04T19:40:56.391064Z[0m [32m INFO[0m [2mpm_bot[0m[2m:[0m MAKER UP quotes: bid=Some((0.47, 50.0)) ask=None (bid@0.47 fair=0.501)
[2m2026-07-04T19:40:57.641721Z[0m [32m INFO[0m [2mpm_bot[0m[2m:[0m MAKER UP quotes: bid=Some((0.46, 50.0)) ask=None (bid@0.46 fair=0.499)
[2m2026-07-04T19:41:05.890884Z[0m [32m INFO[0m [2mpm_bot[0m[2m:[0m MAKER UP quotes: bid=None ask=None ()
[2m2026-07-04T19:41:14.412616Z[0m [32m INFO[0m [2mpm_bot[0m[2m:[0m MAKER UP quotes: bid=Some((0.59, 50.0)) ask=None (bid@0.59 fair=0.705)
[2m2026-07-04T19:41:14.412668Z[0m [32m INFO[0m [2mexecution[0m[2m:[0m [DRY-RUN] dryrun-10 Sell 86459850 x 150 @ 0.320 (Fak)
[2m2026-07-04T19:41:14.662272Z[0m [32m INFO[0m [2mpm_bot[0m[2m:[0m MAKER UP quotes: bid=Some((0.62, 50.0)) ask=None (bid@0.62 fair=0.705)
[2m2026-07-04T19:41:14.912446Z[0m [32m INFO[0m [2mpm_bot[0m[2m:[0m MAKER UP quotes: bid=Some((0.65, 50.0)) ask=None (bid@0.65 fair=0.705)
[2m2026-07-04T19:41:14.930043Z[0m [32m INFO[0m [2mpm_bot[0m[2m:[0m PAPER fill maker 83933043 sur trade @0.640 (achat=true vente=false)
[2m2026-07-04T19:41:15.162348Z[0m [32m INFO[0m [2mpm_bot[0m[2m:[0m MAKER UP quotes: bid=Some((0.67, 50.0)) ask=Some((0.73, 50.0)) (TP ask@0.73 | bid@0.67 fair=0.705)
[2m2026-07-04T19:41:15.412703Z[0m [32m INFO[0m [2mpm_bot[0m[2m:[0m MAKER UP quotes: bid=Some((0.67, 50.0)) ask=Some((0.86, 50.0)) (TP ask@0.86 | bid@0.67 fair=0.842)
[2m2026-07-04T19:41:15.609614Z[0m [32m INFO[0m [2mpm_bot[0m[2m:[0m PAPER fill maker 83933043 sur trade @0.670 (achat=true vente=false)
[2m2026-07-04T19:41:15.662028Z[0m [32m INFO[0m [2mpm_bot[0m[2m:[0m MAKER UP quotes: bid=Some((0.67, 50.0)) ask=Some((0.86, 100.0)) (TP ask@0.86 | bid@0.67 fair=0.842)
[2m2026-07-04T19:41:15.676888Z[0m [32m INFO[0m [2mpm_bot[0m[2m:[0m PAPER fill maker 83933043 sur trade @0.670 (achat=true vente=false)
[2m2026-07-04T19:41:15.911870Z[0m [32m INFO[0m [2mpm_bot[0m[2m:[0m MAKER UP quotes: bid=None ask=Some((0.86, 150.0)) (TP ask@0.86)
[2m2026-07-04T19:41:16.412076Z[0m [32m INFO[0m [2mpm_bot[0m[2m:[0m MAKER UP quotes: bid=None ask=Some((0.88, 150.0)) (TP ask@0.88)
[2m2026-07-04T19:41:17.661915Z[0m [32m INFO[0m [2mpm_bot[0m[2m:[0m MAKER UP quotes: bid=None ask=Some((0.9, 150.0)) (TP ask@0.90)
[2m2026-07-04T19:41:20.077782Z[0m [32m INFO[0m [2mpm_bot[0m[2m:[0m résolution officielle btc-updown-5m-1783193700: Down — CONFIRME notre estimation ✓
[2m2026-07-04T19:41:20.077865Z[0m [32m INFO[0m [2mpm_acquisition::clob[0m[2m:[0m CLOB flux terminé (marché résolu/fermé)
[2m2026-07-04T19:41:20.412934Z[0m [32m INFO[0m [2mpm_bot[0m[2m:[0m MAKER UP quotes: bid=None ask=Some((0.94, 150.0)) (TP ask@0.94)
[2m2026-07-04T19:41:21.162038Z[0m [32m INFO[0m [2mpm_bot[0m[2m:[0m MAKER UP quotes: bid=None ask=Some((0.95, 150.0)) (TP ask@0.95)
[2m2026-07-04T19:41:24.412402Z[0m [32m INFO[0m [2mpm_bot[0m[2m:[0m MAKER UP quotes: bid=None ask=Some((0.92, 150.0)) (TP ask@0.92)
[2m2026-07-04T19:41:25.411990Z[0m [32m INFO[0m [2mpm_bot[0m[2m:[0m MAKER UP quotes: bid=None ask=Some((0.89, 150.0)) (TP ask@0.89)
[2m2026-07-04T19:41:26.412776Z[0m [32m INFO[0m [2mpm_bot[0m[2m:[0m MAKER UP quotes: bid=None ask=Some((0.92, 150.0)) (TP ask@0.92)
[2m2026-07-04T19:41:27.411999Z[0m [32m INFO[0m [2mpm_bot[0m[2m:[0m MAKER UP quotes: bid=None ask=Some((0.87, 150.0)) (TP ask@0.87)
[2m2026-07-04T19:41:28.661996Z[0m [32m INFO[0m [2mpm_bot[0m[2m:[0m MAKER UP quotes: bid=None ask=Some((0.86, 150.0)) (TP ask@0.86)
[2m2026-07-04T19:41:29.162136Z[0m [32m INFO[0m [2mpm_bot[0m[2m:[0m MAKER UP quotes: bid=None ask=Some((0.87, 150.0)) (TP ask@0.87)
[2m2026-07-04T19:41:30.162710Z[0m [32m INFO[0m [2mpm_bot[0m[2m:[0m MAKER UP quotes: bid=None ask=Some((0.88, 150.0)) (TP ask@0.88)
[2m2026-07-04T19:41:31.411808Z[0m [32m INFO[0m [2mpm_bot[0m[2m:[0m MAKER UP quotes: bid=None ask=Some((0.89, 150.0)) (TP ask@0.89)
[2m2026-07-04T19:41:33.162017Z[0m [32m INFO[0m [2mpm_bot[0m[2m:[0m MAKER UP quotes: bid=None ask=Some((0.84, 150.0)) (TP ask@0.84)
[2m2026-07-04T19:41:37.162351Z[0m [32m INFO[0m [2mexecution[0m[2m:[0m [DRY-RUN] dryrun-11 Sell 83933043 x 150 @ 0.560 (Fak)
[2m2026-07-04T19:41:37.412238Z[0m [32m INFO[0m [2mpm_bot[0m[2m:[0m MAKER UP quotes: bid=Some((0.57, 50.0)) ask=None (bid@0.57 fair=0.826)
[2m2026-07-04T19:41:37.674580Z[0m [32m INFO[0m [2mpm_bot[0m[2m:[0m PAPER fill maker 83933043 sur trade @0.570 (achat=true vente=false)
[2m2026-07-04T19:41:37.911972Z[0m [32m INFO[0m [2mpm_bot[0m[2m:[0m MAKER UP quotes: bid=Some((0.57, 50.0)) ask=Some((0.84, 50.0)) (TP ask@0.84 | bid@0.57 fair=0.826)
[2m2026-07-04T19:41:38.161935Z[0m [32m INFO[0m [2mexecution[0m[2m:[0m [DRY-RUN] dryrun-12 Sell 83933043 x 50 @ 0.540 (Fak)
[2m2026-07-04T19:41:38.412499Z[0m [32m INFO[0m [2mpm_bot[0m[2m:[0m MAKER UP quotes: bid=Some((0.57, 50.0)) ask=None (bid@0.57 fair=0.827)
[2m2026-07-04T19:41:39.223193Z[0m [32m INFO[0m [2mpm_bot[0m[2m:[0m PAPER fill maker 83933043 sur trade @0.570 (achat=true vente=false)
[2m2026-07-04T19:41:39.412461Z[0m [32m INFO[0m [2mpm_bot[0m[2m:[0m MAKER UP quotes: bid=Some((0.57, 50.0)) ask=Some((0.84, 50.0)) (TP ask@0.84 | bid@0.57 fair=0.827)
[2m2026-07-04T19:41:39.665011Z[0m [32m INFO[0m [2mpm_bot[0m[2m:[0m MAKER UP quotes: bid=Some((0.57, 50.0)) ask=Some((0.83, 50.0)) (TP ask@0.83 | bid@0.57 fair=0.815)
[2m2026-07-04T19:41:40.162520Z[0m [32m INFO[0m [2mpm_bot[0m[2m:[0m MAKER UP quotes: bid=Some((0.57, 50.0)) ask=Some((0.8, 50.0)) (TP ask@0.80 | bid@0.57 fair=0.785)
[2m2026-07-04T19:41:42.412678Z[0m [32m INFO[0m [2mpm_bot[0m[2m:[0m MAKER UP quotes: bid=Some((0.59, 50.0)) ask=Some((0.81, 50.0)) (TP ask@0.81 | bid@0.59 fair=0.797)
[2m2026-07-04T19:41:42.894997Z[0m [32m INFO[0m [2mpm_bot[0m[2m:[0m PAPER fill maker 83933043 sur trade @0.590 (achat=true vente=false)
[2m2026-07-04T19:41:42.911703Z[0m [32m INFO[0m [2mpm_bot[0m[2m:[0m MAKER UP quotes: bid=Some((0.59, 50.0)) ask=Some((0.81, 100.0)) (TP ask@0.81 | bid@0.59 fair=0.797)
[2m2026-07-04T19:41:43.099838Z[0m [32m INFO[0m [2mpm_bot[0m[2m:[0m PAPER fill maker 83933043 sur trade @0.590 (achat=true vente=false)
[2m2026-07-04T19:41:43.162317Z[0m [32m INFO[0m [2mpm_bot[0m[2m:[0m MAKER UP quotes: bid=None ask=Some((0.81, 150.0)) (TP ask@0.81)
[2m2026-07-04T19:41:44.162812Z[0m [32m INFO[0m [2mpm_bot[0m[2m:[0m MAKER UP quotes: bid=None ask=Some((0.8, 150.0)) (TP ask@0.80)
[2m2026-07-04T19:41:46.411929Z[0m [32m INFO[0m [2mpm_bot[0m[2m:[0m MAKER UP quotes: bid=None ask=Some((0.82, 150.0)) (TP ask@0.82)
[2m2026-07-04T19:41:47.411849Z[0m [32m INFO[0m [2mpm_bot[0m[2m:[0m MAKER UP quotes: bid=None ask=Some((0.86, 150.0)) (TP ask@0.86)
[2m2026-07-04T19:41:48.661787Z[0m [32m INFO[0m [2mpm_bot[0m[2m:[0m MAKER UP quotes: bid=None ask=Some((0.87, 150.0)) (TP ask@0.87)
[2m2026-07-04T19:41:49.162560Z[0m [32m INFO[0m [2mpm_bot[0m[2m:[0m MAKER UP quotes: bid=None ask=Some((0.86, 150.0)) (TP ask@0.86)
[2m2026-07-04T19:41:51.662051Z[0m [32m INFO[0m [2mpm_bot[0m[2m:[0m MAKER UP quotes: bid=None ask=Some((0.87, 150.0)) (TP ask@0.87)
[2m2026-07-04T19:41:52.662014Z[0m [32m INFO[0m [2mpm_bot[0m[2m:[0m MAKER UP quotes: bid=None ask=Some((0.88, 150.0)) (TP ask@0.88)
[2m2026-07-04T19:41:53.412773Z[0m [32m INFO[0m [2mpm_bot[0m[2m:[0m MAKER UP quotes: bid=None ask=Some((0.9, 150.0)) (TP ask@0.90)
[2m2026-07-04T19:41:57.162040Z[0m [32m INFO[0m [2mpm_bot[0m[2m:[0m MAKER UP quotes: bid=None ask=Some((0.91, 150.0)) (TP ask@0.91)
[2m2026-07-04T19:41:59.162630Z[0m [32m INFO[0m [2mpm_bot[0m[2m:[0m MAKER UP quotes: bid=None ask=Some((0.92, 150.0)) (TP ask@0.92)
[2m2026-07-04T19:42:00.661845Z[0m [32m INFO[0m [2mpm_bot[0m[2m:[0m MAKER UP quotes: bid=None ask=Some((0.94, 150.0)) (TP ask@0.94)
[2m2026-07-04T19:42:01.412591Z[0m [32m INFO[0m [2mpm_bot[0m[2m:[0m MAKER UP quotes: bid=None ask=Some((0.97, 150.0)) (TP ask@0.97)
[2m2026-07-04T19:42:02.411899Z[0m [32m INFO[0m [2mpm_bot[0m[2m:[0m MAKER UP quotes: bid=None ask=Some((0.98, 150.0)) (TP ask@0.98)
[2m2026-07-04T19:42:04.411893Z[0m [32m INFO[0m [2mpm_bot[0m[2m:[0m MAKER UP quotes: bid=None ask=Some((0.99, 150.0)) (TP ask@0.99)
[2m2026-07-04T19:43:39.000780Z[0m [32m INFO[0m [2mpm_bot[0m[2m:[0m PAPER fill maker 83933043 sur trade @0.990 (achat=false vente=true)
[2m2026-07-04T19:45:02.421882Z[0m [32m INFO[0m [2mpm_bot[0m[2m:[0m RÈGLEMENT btc-updown-5m-1783194000 | strike=Some("63252.31") issue=Up (estimé) | PnL up=+38.00 down=-27.00 | taker=0 maker_fills=14 | PnL cumulé=+39.00
[2m2026-07-04T19:45:02.422020Z[0m [32m INFO[0m [2mpm_bot[0m[2m:[0m fenêtre active: btc-updown-5m-1783194300 [1783194300000 → 1783194600000]
[2m2026-07-04T19:45:02.422067Z[0m [32m INFO[0m [2mpm_bot[0m[2m:[0m strike gelé: Some(63312.034855122416) (confidence=1.000, gap=Some(0) ms)
[2m2026-07-04T19:45:03.011835Z[0m [32m INFO[0m [2mpm_acquisition::clob[0m[2m:[0m CLOB connecté (up=56789258…, down=35087694…)
[2m2026-07-04T19:45:03.161945Z[0m [32m INFO[0m [2mpm_bot[0m[2m:[0m MAKER UP quotes: bid=Some((0.4, 50.0)) ask=None (bid@0.40 fair=0.627)
[2m2026-07-04T19:45:03.412444Z[0m [32m INFO[0m [2mpm_bot[0m[2m:[0m MAKER UP quotes: bid=Some((0.41, 50.0)) ask=None (bid@0.41 fair=0.623)
[2m2026-07-04T19:45:03.662198Z[0m [32m INFO[0m [2mpm_bot[0m[2m:[0m MAKER UP quotes: bid=Some((0.4, 50.0)) ask=None (bid@0.40 fair=0.623)
[2m2026-07-04T19:45:03.694812Z[0m [32m INFO[0m [2mpm_bot[0m[2m:[0m PAPER fill maker 56789258 sur trade @0.390 (achat=true vente=false)
[2m2026-07-04T19:45:03.911819Z[0m [32m INFO[0m [2mpm_bot[0m[2m:[0m MAKER UP quotes: bid=Some((0.39, 50.0)) ask=Some((0.64, 50.0)) (TP ask@0.64 | bid@0.39 fair=0.623)
[2m2026-07-04T19:45:04.662685Z[0m [32m INFO[0m [2mpm_bot[0m[2m:[0m MAKER UP quotes: bid=Some((0.39, 50.0)) ask=Some((0.49, 50.0)) (TP ask@0.49 | bid@0.39 fair=0.479)
[2m2026-07-04T19:45:04.911891Z[0m [32m INFO[0m [2mpm_bot[0m[2m:[0m MAKER UP quotes: bid=Some((0.38, 50.0)) ask=Some((0.49, 50.0)) (TP ask@0.49 | bid@0.38 fair=0.479)
[2m2026-07-04T19:45:04.942137Z[0m [32m INFO[0m [2mpm_bot[0m[2m:[0m PAPER fill maker 56789258 sur trade @0.380 (achat=true vente=false)
[2m2026-07-04T19:45:05.162801Z[0m [32m INFO[0m [2mpm_bot[0m[2m:[0m MAKER UP quotes: bid=Some((0.38, 50.0)) ask=Some((0.47, 100.0)) (TP ask@0.47 | bid@0.38 fair=0.441)
[2m2026-07-04T19:45:05.272436Z[0m [32m INFO[0m [2mpm_bot[0m[2m:[0m PAPER fill maker 56789258 sur trade @0.380 (achat=true vente=false)
[2m2026-07-04T19:45:05.412330Z[0m [32m INFO[0m [2mpm_bot[0m[2m:[0m MAKER UP quotes: bid=None ask=Some((0.47, 150.0)) (TP ask@0.47)
[2m2026-07-04T19:45:07.162324Z[0m [32m INFO[0m [2mexecution[0m[2m:[0m [DRY-RUN] dryrun-13 Sell 56789258 x 150 @ 0.270 (Fak)
[2m2026-07-04T19:45:07.412476Z[0m [32m INFO[0m [2mpm_bot[0m[2m:[0m MAKER UP quotes: bid=Some((0.3, 50.0)) ask=None (bid@0.30 fair=0.402)
[2m2026-07-04T19:45:07.811531Z[0m [32m INFO[0m [2mpm_bot[0m[2m:[0m PAPER fill maker 56789258 sur trade @0.290 (achat=true vente=false)
[2m2026-07-04T19:45:07.912919Z[0m [32m INFO[0m [2mpm_bot[0m[2m:[0m MAKER UP quotes: bid=Some((0.29, 50.0)) ask=Some((0.42, 50.0)) (TP ask@0.42 | bid@0.29 fair=0.402)
[2m2026-07-04T19:45:08.144494Z[0m [32m INFO[0m [2mpm_bot[0m[2m:[0m PAPER fill maker 56789258 sur trade @0.280 (achat=true vente=false)
[2m2026-07-04T19:45:08.162104Z[0m [32m INFO[0m [2mpm_bot[0m[2m:[0m MAKER UP quotes: bid=Some((0.28, 50.0)) ask=Some((0.42, 100.0)) (TP ask@0.42 | bid@0.28 fair=0.402)
[2m2026-07-04T19:45:08.412110Z[0m [32m INFO[0m [2mpm_bot[0m[2m:[0m MAKER UP quotes: bid=None ask=Some((0.38, 100.0)) (TP ask@0.38)
[2m2026-07-04T19:45:08.412136Z[0m [32m INFO[0m [2mpm_bot[0m[2m:[0m MAKER DOWN quotes: bid=Some((0.72, 50.0)) ask=None (bid@0.72 fair=0.759)
[2m2026-07-04T19:45:08.422336Z[0m [32m INFO[0m [2mpm_bot[0m[2m:[0m PAPER fill maker 35087694 sur trade @0.720 (achat=true vente=false)
[2m2026-07-04T19:45:08.662322Z[0m [32m INFO[0m [2mpm_bot[0m[2m:[0m MAKER DOWN quotes: bid=Some((0.72, 50.0)) ask=Some((0.8, 50.0)) (TP ask@0.80 | bid@0.72 fair=0.759)
[2m2026-07-04T19:45:09.412828Z[0m [32m INFO[0m [2mpm_bot[0m[2m:[0m MAKER DOWN quotes: bid=Some((0.73, 50.0)) ask=Some((0.8, 50.0)) (TP ask@0.80 | bid@0.73 fair=0.762)
[2m2026-07-04T19:45:09.625479Z[0m [32m INFO[0m [2mpm_bot[0m[2m:[0m PAPER fill maker 35087694 sur trade @0.730 (achat=true vente=false)
[2m2026-07-04T19:45:09.661869Z[0m [32m INFO[0m [2mpm_bot[0m[2m:[0m MAKER DOWN quotes: bid=Some((0.73, 50.0)) ask=Some((0.81, 100.0)) (TP ask@0.81 | bid@0.73 fair=0.762)
[2m2026-07-04T19:45:09.801474Z[0m [32m INFO[0m [2mpm_bot[0m[2m:[0m PAPER fill maker 35087694 sur trade @0.730 (achat=true vente=false)
[2m2026-07-04T19:45:09.912039Z[0m [32m INFO[0m [2mpm_bot[0m[2m:[0m MAKER DOWN quotes: bid=None ask=Some((0.81, 150.0)) (TP ask@0.81)
[2m2026-07-04T19:45:11.662111Z[0m [32m INFO[0m [2mexecution[0m[2m:[0m [DRY-RUN] dryrun-14 Sell 56789258 x 100 @ 0.200 (Fak)
[2m2026-07-04T19:45:11.662140Z[0m [32m INFO[0m [2mpm_bot[0m[2m:[0m MAKER DOWN quotes: bid=None ask=Some((0.89, 150.0)) (TP ask@0.89)
[2m2026-07-04T19:45:12.662021Z[0m [32m INFO[0m [2mpm_bot[0m[2m:[0m MAKER DOWN quotes: bid=None ask=Some((0.91, 150.0)) (TP ask@0.91)
[2m2026-07-04T19:45:13.162209Z[0m [32m INFO[0m [2mpm_bot[0m[2m:[0m MAKER DOWN quotes: bid=None ask=Some((0.92, 150.0)) (TP ask@0.92)
[2m2026-07-04T19:45:14.412123Z[0m [32m INFO[0m [2mpm_bot[0m[2m:[0m MAKER DOWN quotes: bid=None ask=Some((0.93, 150.0)) (TP ask@0.93)
[2m2026-07-04T19:45:15.662149Z[0m [32m INFO[0m [2mpm_bot[0m[2m:[0m MAKER DOWN quotes: bid=None ask=Some((0.92, 150.0)) (TP ask@0.92)
[2m2026-07-04T19:45:16.162726Z[0m [32m INFO[0m [2mpm_bot[0m[2m:[0m MAKER DOWN quotes: bid=None ask=Some((0.9, 150.0)) (TP ask@0.90)
[2m2026-07-04T19:45:17.161820Z[0m [32m INFO[0m [2mpm_bot[0m[2m:[0m MAKER DOWN quotes: bid=None ask=Some((0.91, 150.0)) (TP ask@0.91)
[2m2026-07-04T19:45:19.411938Z[0m [32m INFO[0m [2mpm_bot[0m[2m:[0m MAKER DOWN quotes: bid=None ask=Some((0.89, 150.0)) (TP ask@0.89)
[2m2026-07-04T19:45:20.661717Z[0m [32m INFO[0m [2mpm_bot[0m[2m:[0m MAKER DOWN quotes: bid=None ask=Some((0.9, 150.0)) (TP ask@0.90)
[2m2026-07-04T19:45:22.162039Z[0m [32m INFO[0m [2mexecution[0m[2m:[0m [DRY-RUN] dryrun-15 Sell 35087694 x 150 @ 0.670 (Fak)
[2m2026-07-04T19:46:11.662316Z[0m [32m INFO[0m [2mpm_bot[0m[2m:[0m TAKER: DOWN (z=-3.49 p=1.000 ask=0.900 avg=0.904 tau=228s)
[2m2026-07-04T19:46:11.662353Z[0m [32m INFO[0m [2mexecution[0m[2m:[0m [DRY-RUN] dryrun-16 Buy 35087694 x 277 @ 0.914 (Fak)
[2m2026-07-04T19:46:11.662366Z[0m [32m INFO[0m [2mpm_bot[0m[2m:[0m MAKER DOWN quotes: bid=None ask=Some((0.99, 277.0)) (TP ask@0.99)
[2m2026-07-04T19:47:30.126810Z[0m [32m INFO[0m [2mpm_bot[0m[2m:[0m résolution officielle btc-updown-5m-1783194000: Up — CONFIRME notre estimation ✓
[2m2026-07-04T19:47:30.126904Z[0m [32m INFO[0m [2mpm_acquisition::clob[0m[2m:[0m CLOB flux terminé (marché résolu/fermé)
[2m2026-07-04T19:47:32.662806Z[0m [32m INFO[0m [2mexecution[0m[2m:[0m [DRY-RUN] dryrun-17 Sell 35087694 x 277 @ 0.730 (Fak)
[2m2026-07-04T19:47:32.911888Z[0m [32m INFO[0m [2mpm_bot[0m[2m:[0m MAKER DOWN quotes: bid=Some((0.76, 50.0)) ask=None (bid@0.76 fair=0.802)
[2m2026-07-04T19:47:33.176547Z[0m [32m INFO[0m [2mpm_bot[0m[2m:[0m PAPER fill maker 35087694 sur trade @0.750 (achat=true vente=false)
[2m2026-07-04T19:47:33.412173Z[0m [32m INFO[0m [2mpm_bot[0m[2m:[0m MAKER DOWN quotes: bid=Some((0.76, 50.0)) ask=Some((0.84, 50.0)) (TP ask@0.84 | bid@0.76 fair=0.803)
[2m2026-07-04T19:47:33.949240Z[0m [32m INFO[0m [2mpm_bot[0m[2m:[0m PAPER fill maker 35087694 sur trade @0.760 (achat=true vente=false)
[2m2026-07-04T19:47:34.162197Z[0m [32m INFO[0m [2mpm_bot[0m[2m:[0m MAKER DOWN quotes: bid=Some((0.76, 50.0)) ask=Some((0.84, 100.0)) (TP ask@0.84 | bid@0.76 fair=0.804)
[2m2026-07-04T19:47:34.363577Z[0m [32m INFO[0m [2mpm_bot[0m[2m:[0m PAPER fill maker 35087694 sur trade @0.760 (achat=true vente=false)
[2m2026-07-04T19:47:34.412237Z[0m [32m INFO[0m [2mpm_bot[0m[2m:[0m MAKER DOWN quotes: bid=None ask=Some((0.84, 150.0)) (TP ask@0.84)
[2m2026-07-04T19:47:39.162352Z[0m [32m INFO[0m [2mpm_bot[0m[2m:[0m MAKER UP quotes: bid=Some((0.16, 50.0)) ask=None (bid@0.16 fair=0.193)
[2m2026-07-04T19:47:41.162741Z[0m [32m INFO[0m [2mpm_bot[0m[2m:[0m MAKER UP quotes: bid=None ask=None ()
[2m2026-07-04T19:47:43.412197Z[0m [32m INFO[0m [2mpm_bot[0m[2m:[0m MAKER DOWN quotes: bid=None ask=Some((0.85, 150.0)) (TP ask@0.85)
[2m2026-07-04T19:47:46.412429Z[0m [32m INFO[0m [2mpm_bot[0m[2m:[0m MAKER DOWN quotes: bid=None ask=Some((0.84, 150.0)) (TP ask@0.84)
[2m2026-07-04T19:47:47.504426Z[0m [32m INFO[0m [2mpm_bot[0m[2m:[0m PAPER fill maker 35087694 sur trade @0.840 (achat=false vente=true)
[2m2026-07-04T19:50:02.405054Z[0m [32m INFO[0m [2mpm_bot[0m[2m:[0m RÈGLEMENT btc-updown-5m-1783194300 | strike=Some("63312.03") issue=Down (estimé) | PnL up=-27.00 down=-44.71 | taker=1 maker_fills=12 | PnL cumulé=-32.71
[2m2026-07-04T19:50:02.405097Z[0m [32m INFO[0m [2mpm_bot[0m[2m:[0m fenêtre active: btc-updown-5m-1783194600 [1783194600000 → 1783194900000]
[2m2026-07-04T19:50:02.405336Z[0m [32m INFO[0m [2mpm_bot[0m[2m:[0m strike gelé: Some(63253.12980494758) (confidence=1.000, gap=Some(0) ms)
[2m2026-07-04T19:50:02.996885Z[0m [32m INFO[0m [2mpm_acquisition::clob[0m[2m:[0m CLOB connecté (up=83941907…, down=80829922…)
[2m2026-07-04T19:50:03.162021Z[0m [32m INFO[0m [2mpm_bot[0m[2m:[0m MAKER DOWN quotes: bid=Some((0.48, 50.0)) ask=None (bid@0.48 fair=0.834)
[2m2026-07-04T19:50:03.312861Z[0m [32m INFO[0m [2mpm_bot[0m[2m:[0m PAPER fill maker 80829922 sur trade @0.480 (achat=true vente=false)
[2m2026-07-04T19:50:03.411895Z[0m [32m INFO[0m [2mpm_bot[0m[2m:[0m MAKER DOWN quotes: bid=Some((0.48, 50.0)) ask=Some((0.85, 50.0)) (TP ask@0.85 | bid@0.48 fair=0.834)
[2m2026-07-04T19:50:03.486082Z[0m [32m INFO[0m [2mpm_bot[0m[2m:[0m PAPER fill maker 80829922 sur trade @0.480 (achat=true vente=false)
[2m2026-07-04T19:50:03.662304Z[0m [32m INFO[0m [2mpm_bot[0m[2m:[0m MAKER DOWN quotes: bid=Some((0.48, 50.0)) ask=Some((0.85, 100.0)) (TP ask@0.85 | bid@0.48 fair=0.834)
[2m2026-07-04T19:50:03.669769Z[0m [32m INFO[0m [2mpm_bot[0m[2m:[0m PAPER fill maker 80829922 sur trade @0.480 (achat=true vente=false)
[2m2026-07-04T19:50:03.911926Z[0m [32m INFO[0m [2mpm_bot[0m[2m:[0m MAKER DOWN quotes: bid=None ask=Some((0.85, 150.0)) (TP ask@0.85)
[2m2026-07-04T19:50:04.912085Z[0m [32m INFO[0m [2mpm_bot[0m[2m:[0m MAKER DOWN quotes: bid=None ask=Some((0.86, 150.0)) (TP ask@0.86)
[2m2026-07-04T19:50:05.412740Z[0m [32m INFO[0m [2mpm_bot[0m[2m:[0m MAKER DOWN quotes: bid=None ask=Some((0.87, 150.0)) (TP ask@0.87)
[2m2026-07-04T19:50:08.412107Z[0m [32m INFO[0m [2mpm_bot[0m[2m:[0m MAKER DOWN quotes: bid=None ask=Some((0.86, 150.0)) (TP ask@0.86)
[2m2026-07-04T19:50:09.662081Z[0m [32m INFO[0m [2mpm_bot[0m[2m:[0m MAKER DOWN quotes: bid=None ask=Some((0.85, 150.0)) (TP ask@0.85)
[2m2026-07-04T19:50:10.662801Z[0m [32m INFO[0m [2mpm_bot[0m[2m:[0m MAKER DOWN quotes: bid=None ask=Some((0.84, 150.0)) (TP ask@0.84)
[2m2026-07-04T19:50:12.412167Z[0m [32m INFO[0m [2mpm_bot[0m[2m:[0m MAKER DOWN quotes: bid=None ask=Some((0.82, 150.0)) (TP ask@0.82)
[2m2026-07-04T19:50:13.162569Z[0m [32m INFO[0m [2mpm_bot[0m[2m:[0m MAKER DOWN quotes: bid=None ask=Some((0.66, 150.0)) (TP ask@0.66)
[2m2026-07-04T19:50:14.411893Z[0m [32m INFO[0m [2mpm_bot[0m[2m:[0m MAKER DOWN quotes: bid=None ask=Some((0.64, 150.0)) (TP ask@0.64)
[2m2026-07-04T19:50:15.662464Z[0m [32m INFO[0m [2mpm_bot[0m[2m:[0m MAKER DOWN quotes: bid=None ask=Some((0.66, 150.0)) (TP ask@0.66)
[2m2026-07-04T19:50:17.662660Z[0m [32m INFO[0m [2mpm_bot[0m[2m:[0m MAKER DOWN quotes: bid=None ask=Some((0.65, 150.0)) (TP ask@0.65)
[2m2026-07-04T19:50:18.162581Z[0m [32m INFO[0m [2mpm_bot[0m[2m:[0m MAKER DOWN quotes: bid=None ask=Some((0.69, 150.0)) (TP ask@0.69)
[2m2026-07-04T19:50:19.411829Z[0m [32m INFO[0m [2mpm_bot[0m[2m:[0m MAKER DOWN quotes: bid=None ask=Some((0.73, 150.0)) (TP ask@0.73)
[2m2026-07-04T19:50:20.412302Z[0m [32m INFO[0m [2mpm_bot[0m[2m:[0m MAKER DOWN quotes: bid=None ask=Some((0.78, 150.0)) (TP ask@0.78)
[2m2026-07-04T19:50:21.662121Z[0m [32m INFO[0m [2mpm_bot[0m[2m:[0m MAKER DOWN quotes: bid=None ask=Some((0.8, 150.0)) (TP ask@0.80)
[2m2026-07-04T19:50:22.662497Z[0m [32m INFO[0m [2mpm_bot[0m[2m:[0m MAKER DOWN quotes: bid=None ask=Some((0.81, 150.0)) (TP ask@0.81)
[2m2026-07-04T19:50:23.412426Z[0m [32m INFO[0m [2mpm_bot[0m[2m:[0m MAKER DOWN quotes: bid=None ask=Some((0.85, 150.0)) (TP ask@0.85)
[2m2026-07-04T19:50:25.162216Z[0m [32m INFO[0m [2mexecution[0m[2m:[0m [DRY-RUN] dryrun-18 Sell 80829922 x 150 @ 0.490 (Fak)
[2m2026-07-04T19:50:25.411879Z[0m [32m INFO[0m [2mpm_bot[0m[2m:[0m MAKER DOWN quotes: bid=Some((0.52, 50.0)) ask=None (bid@0.52 fair=0.836)
[2m2026-07-04T19:50:25.711910Z[0m [32m INFO[0m [2mpm_bot[0m[2m:[0m PAPER fill maker 80829922 sur trade @0.520 (achat=true vente=false)
[2m2026-07-04T19:50:25.912311Z[0m [32m INFO[0m [2mpm_bot[0m[2m:[0m MAKER DOWN quotes: bid=Some((0.52, 50.0)) ask=Some((0.85, 50.0)) (TP ask@0.85 | bid@0.52 fair=0.836)
[2m2026-07-04T19:50:26.412157Z[0m [32m INFO[0m [2mpm_bot[0m[2m:[0m MAKER DOWN quotes: bid=Some((0.51, 50.0)) ask=Some((0.85, 50.0)) (TP ask@0.85 | bid@0.51 fair=0.836)
[2m2026-07-04T19:50:26.528198Z[0m [32m INFO[0m [2mpm_bot[0m[2m:[0m PAPER fill maker 80829922 sur trade @0.510 (achat=true vente=false)
[2m2026-07-04T19:50:26.662863Z[0m [32m INFO[0m [2mpm_bot[0m[2m:[0m MAKER DOWN quotes: bid=None ask=Some((0.88, 100.0)) (TP ask@0.88)
[2m2026-07-04T19:50:28.662613Z[0m [32m INFO[0m [2mpm_bot[0m[2m:[0m MAKER DOWN quotes: bid=None ask=Some((0.91, 100.0)) (TP ask@0.91)
[2m2026-07-04T19:50:34.661973Z[0m [32m INFO[0m [2mpm_bot[0m[2m:[0m MAKER DOWN quotes: bid=None ask=Some((0.9, 100.0)) (TP ask@0.90)
[2m2026-07-04T19:50:35.662809Z[0m [32m INFO[0m [2mpm_bot[0m[2m:[0m MAKER DOWN quotes: bid=None ask=Some((0.88, 100.0)) (TP ask@0.88)
[2m2026-07-04T19:50:38.912477Z[0m [32m INFO[0m [2mpm_bot[0m[2m:[0m MAKER DOWN quotes: bid=None ask=Some((0.87, 100.0)) (TP ask@0.87)
[2m2026-07-04T19:50:40.412637Z[0m [32m INFO[0m [2mpm_bot[0m[2m:[0m MAKER DOWN quotes: bid=Some((0.57, 50.0)) ask=Some((0.85, 100.0)) (TP ask@0.85 | bid@0.57 fair=0.838)
[2m2026-07-04T19:50:41.412382Z[0m [32m INFO[0m [2mpm_bot[0m[2m:[0m MAKER DOWN quotes: bid=Some((0.57, 50.0)) ask=Some((0.86, 100.0)) (TP ask@0.86 | bid@0.57 fair=0.843)
[2m2026-07-04T19:50:41.800889Z[0m [32m INFO[0m [2mpm_bot[0m[2m:[0m PAPER fill maker 80829922 sur trade @0.520 (achat=true vente=false)
[2m2026-07-04T19:50:41.911897Z[0m [32m INFO[0m [2mpm_bot[0m[2m:[0m MAKER DOWN quotes: bid=None ask=Some((0.86, 150.0)) (TP ask@0.86)
[2m2026-07-04T19:50:42.412604Z[0m [32m INFO[0m [2mpm_bot[0m[2m:[0m MAKER DOWN quotes: bid=None ask=Some((0.81, 150.0)) (TP ask@0.81)
[2m2026-07-04T19:50:43.412557Z[0m [32m INFO[0m [2mpm_bot[0m[2m:[0m MAKER DOWN quotes: bid=None ask=Some((0.8, 150.0)) (TP ask@0.80)
[2m2026-07-04T19:50:44.412465Z[0m [32m INFO[0m [2mpm_bot[0m[2m:[0m MAKER DOWN quotes: bid=None ask=Some((0.77, 150.0)) (TP ask@0.77)
[2m2026-07-04T19:50:45.412276Z[0m [32m INFO[0m [2mpm_bot[0m[2m:[0m MAKER DOWN quotes: bid=None ask=Some((0.71, 150.0)) (TP ask@0.71)
[2m2026-07-04T19:50:46.412795Z[0m [32m INFO[0m [2mpm_bot[0m[2m:[0m MAKER DOWN quotes: bid=None ask=Some((0.68, 150.0)) (TP ask@0.68)
[2m2026-07-04T19:50:47.412301Z[0m [32m INFO[0m [2mpm_bot[0m[2m:[0m MAKER DOWN quotes: bid=None ask=Some((0.65, 150.0)) (TP ask@0.65)
[2m2026-07-04T19:50:48.412419Z[0m [32m INFO[0m [2mpm_bot[0m[2m:[0m MAKER DOWN quotes: bid=None ask=Some((0.64, 150.0)) (TP ask@0.64)
[2m2026-07-04T19:50:50.662199Z[0m [32m INFO[0m [2mpm_bot[0m[2m:[0m MAKER DOWN quotes: bid=None ask=Some((0.65, 150.0)) (TP ask@0.65)
[2m2026-07-04T19:50:53.661832Z[0m [32m INFO[0m [2mexecution[0m[2m:[0m [DRY-RUN] dryrun-19 Sell 80829922 x 150 @ 0.190 (Fak)
[2m2026-07-04T19:50:53.912150Z[0m [32m INFO[0m [2mpm_bot[0m[2m:[0m MAKER DOWN quotes: bid=Some((0.22, 50.0)) ask=None (bid@0.22 fair=0.414)
[2m2026-07-04T19:50:54.679877Z[0m [32m INFO[0m [2mpm_bot[0m[2m:[0m PAPER fill maker 80829922 sur trade @0.220 (achat=true vente=false)
[2m2026-07-04T19:50:54.912110Z[0m [32m INFO[0m [2mpm_bot[0m[2m:[0m MAKER DOWN quotes: bid=Some((0.22, 50.0)) ask=Some((0.3, 50.0)) (TP ask@0.30 | bid@0.22 fair=0.269)
[2m2026-07-04T19:50:54.968031Z[0m [32m INFO[0m [2mpm_bot[0m[2m:[0m PAPER fill maker 80829922 sur trade @0.220 (achat=true vente=false)
[2m2026-07-04T19:50:55.162112Z[0m [32m INFO[0m [2mpm_bot[0m[2m:[0m MAKER DOWN quotes: bid=Some((0.22, 50.0)) ask=Some((0.3, 100.0)) (TP ask@0.30 | bid@0.22 fair=0.269)
[2m2026-07-04T19:50:55.443628Z[0m [32m INFO[0m [2mpm_bot[0m[2m:[0m PAPER fill maker 80829922 sur trade @0.220 (achat=true vente=false)
[2m2026-07-04T19:50:55.662103Z[0m [32m INFO[0m [2mpm_bot[0m[2m:[0m MAKER DOWN quotes: bid=None ask=Some((0.3, 150.0)) (TP ask@0.30)
[2m2026-07-04T19:50:57.229566Z[0m [32m INFO[0m [2mpm_bot[0m[2m:[0m PAPER fill maker 80829922 sur trade @0.300 (achat=false vente=true)
[2m2026-07-04T19:50:59.662058Z[0m [32m INFO[0m [2mpm_bot[0m[2m:[0m MAKER UP quotes: bid=Some((0.67, 50.0)) ask=None (bid@0.67 fair=0.804)
[2m2026-07-04T19:50:59.674711Z[0m [32m INFO[0m [2mpm_bot[0m[2m:[0m PAPER fill maker 83941907 sur trade @0.670 (achat=true vente=false)
[2m2026-07-04T19:50:59.912505Z[0m [32m INFO[0m [2mpm_bot[0m[2m:[0m MAKER UP quotes: bid=Some((0.67, 50.0)) ask=Some((0.82, 50.0)) (TP ask@0.82 | bid@0.67 fair=0.804)
[2m2026-07-04T19:51:00.702372Z[0m [32m INFO[0m [2mpm_bot[0m[2m:[0m PAPER fill maker 83941907 sur trade @0.660 (achat=true vente=false)
[2m2026-07-04T19:51:00.912356Z[0m [32m INFO[0m [2mpm_bot[0m[2m:[0m MAKER UP quotes: bid=Some((0.66, 50.0)) ask=Some((0.82, 100.0)) (TP ask@0.82 | bid@0.66 fair=0.804)
[2m2026-07-04T19:51:00.983882Z[0m [32m INFO[0m [2mpm_bot[0m[2m:[0m PAPER fill maker 83941907 sur trade @0.660 (achat=true vente=false)
[2m2026-07-04T19:51:01.161903Z[0m [32m INFO[0m [2mpm_bot[0m[2m:[0m MAKER UP quotes: bid=None ask=Some((0.82, 150.0)) (TP ask@0.82)
[2m2026-07-04T19:51:02.412435Z[0m [32m INFO[0m [2mpm_bot[0m[2m:[0m MAKER UP quotes: bid=None ask=Some((0.81, 150.0)) (TP ask@0.81)
[2m2026-07-04T19:51:03.912556Z[0m [32m INFO[0m [2mpm_bot[0m[2m:[0m MAKER UP quotes: bid=None ask=Some((0.79, 150.0)) (TP ask@0.79)
[2m2026-07-04T19:51:04.662490Z[0m [32m INFO[0m [2mpm_bot[0m[2m:[0m MAKER UP quotes: bid=None ask=Some((0.75, 150.0)) (TP ask@0.75)
[2m2026-07-04T19:51:07.662799Z[0m [32m INFO[0m [2mexecution[0m[2m:[0m [DRY-RUN] dryrun-20 Sell 83941907 x 150 @ 0.530 (Fak)
[2m2026-07-04T19:51:07.662831Z[0m [32m INFO[0m [2mpm_bot[0m[2m:[0m MAKER DOWN quotes: bid=Some((0.45, 50.0)) ask=None (bid@0.45 fair=0.567)
[2m2026-07-04T19:51:07.733430Z[0m [32m INFO[0m [2mpm_bot[0m[2m:[0m PAPER fill maker 80829922 sur trade @0.440 (achat=true vente=false)
[2m2026-07-04T19:51:07.911747Z[0m [32m INFO[0m [2mpm_bot[0m[2m:[0m MAKER DOWN quotes: bid=Some((0.45, 50.0)) ask=Some((0.58, 50.0)) (TP ask@0.58 | bid@0.45 fair=0.567)
[2m2026-07-04T19:51:08.412744Z[0m [32m INFO[0m [2mpm_bot[0m[2m:[0m MAKER DOWN quotes: bid=Some((0.45, 50.0)) ask=Some((0.68, 50.0)) (TP ask@0.68 | bid@0.45 fair=0.670)
[2m2026-07-04T19:51:08.659352Z[0m [32m INFO[0m [2mpm_bot[0m[2m:[0m PAPER fill maker 80829922 sur trade @0.440 (achat=true vente=false)
[2m2026-07-04T19:51:08.662802Z[0m [32m INFO[0m [2mpm_bot[0m[2m:[0m MAKER DOWN quotes: bid=Some((0.4, 50.0)) ask=Some((0.68, 100.0)) (TP ask@0.68 | bid@0.40 fair=0.670)
[2m2026-07-04T19:51:08.912158Z[0m [32m INFO[0m [2mpm_bot[0m[2m:[0m MAKER DOWN quotes: bid=Some((0.35, 50.0)) ask=Some((0.68, 100.0)) (TP ask@0.68 | bid@0.35 fair=0.669)
[2m2026-07-04T19:51:08.948990Z[0m [32m INFO[0m [2mpm_bot[0m[2m:[0m PAPER fill maker 80829922 sur trade @0.340 (achat=true vente=false)
[2m2026-07-04T19:51:09.162263Z[0m [32m INFO[0m [2mpm_bot[0m[2m:[0m MAKER DOWN quotes: bid=None ask=Some((0.68, 150.0)) (TP ask@0.68)
[2m2026-07-04T19:51:10.412267Z[0m [32m INFO[0m [2mpm_bot[0m[2m:[0m MAKER DOWN quotes: bid=None ask=Some((0.51, 150.0)) (TP ask@0.51)
[2m2026-07-04T19:51:11.412646Z[0m [32m INFO[0m [2mpm_bot[0m[2m:[0m MAKER DOWN quotes: bid=None ask=Some((0.5, 150.0)) (TP ask@0.50)
[2m2026-07-04T19:51:15.161897Z[0m [32m INFO[0m [2mpm_bot[0m[2m:[0m MAKER UP quotes: bid=Some((0.62, 50.0)) ask=None (bid@0.62 fair=0.650)
[2m2026-07-04T19:51:16.662328Z[0m [32m INFO[0m [2mpm_bot[0m[2m:[0m MAKER UP quotes: bid=None ask=None ()
[2m2026-07-04T19:51:22.911739Z[0m [32m INFO[0m [2mpm_bot[0m[2m:[0m MAKER UP quotes: bid=Some((0.62, 50.0)) ask=None (bid@0.62 fair=0.655)
[2m2026-07-04T19:51:23.162172Z[0m [32m INFO[0m [2mpm_bot[0m[2m:[0m MAKER UP quotes: bid=None ask=None ()
[2m2026-07-04T19:51:25.412279Z[0m [32m INFO[0m [2mpm_bot[0m[2m:[0m MAKER UP quotes: bid=Some((0.67, 50.0)) ask=None (bid@0.67 fair=0.755)
[2m2026-07-04T19:51:25.412313Z[0m [32m INFO[0m [2mexecution[0m[2m:[0m [DRY-RUN] dryrun-21 Sell 80829922 x 150 @ 0.310 (Fak)
[2m2026-07-04T19:51:25.852811Z[0m [32m INFO[0m [2mpm_bot[0m[2m:[0m PAPER fill maker 83941907 sur trade @0.670 (achat=true vente=false)
[2m2026-07-04T19:51:25.912362Z[0m [32m INFO[0m [2mpm_bot[0m[2m:[0m MAKER UP quotes: bid=Some((0.67, 50.0)) ask=Some((0.77, 50.0)) (TP ask@0.77 | bid@0.67 fair=0.755)
[2m2026-07-04T19:51:25.992278Z[0m [32m INFO[0m [2mpm_bot[0m[2m:[0m PAPER fill maker 83941907 sur trade @0.670 (achat=true vente=false)
[2m2026-07-04T19:51:26.162029Z[0m [32m INFO[0m [2mpm_bot[0m[2m:[0m MAKER UP quotes: bid=Some((0.67, 50.0)) ask=Some((0.77, 100.0)) (TP ask@0.77 | bid@0.67 fair=0.755)
[2m2026-07-04T19:51:26.231884Z[0m [32m INFO[0m [2mpm_bot[0m[2m:[0m PAPER fill maker 83941907 sur trade @0.670 (achat=true vente=false)
[2m2026-07-04T19:51:26.411918Z[0m [32m INFO[0m [2mpm_bot[0m[2m:[0m MAKER UP quotes: bid=None ask=Some((0.77, 150.0)) (TP ask@0.77)
[2m2026-07-04T19:51:26.912563Z[0m [32m INFO[0m [2mpm_bot[0m[2m:[0m MAKER UP quotes: bid=None ask=Some((0.78, 150.0)) (TP ask@0.78)
[2m2026-07-04T19:51:27.662792Z[0m [32m INFO[0m [2mpm_bot[0m[2m:[0m MAKER UP quotes: bid=None ask=Some((0.79, 150.0)) (TP ask@0.79)
[2m2026-07-04T19:51:28.662452Z[0m [32m INFO[0m [2mpm_bot[0m[2m:[0m MAKER UP quotes: bid=None ask=Some((0.81, 150.0)) (TP ask@0.81)
[2m2026-07-04T19:51:29.662281Z[0m [32m INFO[0m [2mpm_bot[0m[2m:[0m MAKER UP quotes: bid=None ask=Some((0.79, 150.0)) (TP ask@0.79)
[2m2026-07-04T19:51:33.162604Z[0m [32m INFO[0m [2mpm_bot[0m[2m:[0m MAKER UP quotes: bid=None ask=Some((0.83, 150.0)) (TP ask@0.83)
[2m2026-07-04T19:51:37.097859Z[0m [32m INFO[0m [2mpm_bot[0m[2m:[0m résolution officielle btc-updown-5m-1783194300: Down — CONFIRME notre estimation ✓
[2m2026-07-04T19:51:37.097926Z[0m [32m INFO[0m [2mpm_acquisition::clob[0m[2m:[0m CLOB flux terminé (marché résolu/fermé)
[2m2026-07-04T19:51:37.412389Z[0m [32m INFO[0m [2mpm_bot[0m[2m:[0m MAKER UP quotes: bid=None ask=Some((0.82, 150.0)) (TP ask@0.82)
[2m2026-07-04T19:51:38.662450Z[0m [32m INFO[0m [2mpm_bot[0m[2m:[0m MAKER UP quotes: bid=None ask=Some((0.83, 150.0)) (TP ask@0.83)
[2m2026-07-04T19:51:39.661715Z[0m [32m INFO[0m [2mpm_bot[0m[2m:[0m MAKER UP quotes: bid=None ask=Some((0.81, 150.0)) (TP ask@0.81)
[2m2026-07-04T19:51:40.162054Z[0m [32m INFO[0m [2mpm_bot[0m[2m:[0m MAKER UP quotes: bid=None ask=Some((0.8, 150.0)) (TP ask@0.80)
[2m2026-07-04T19:51:41.912395Z[0m [32m INFO[0m [2mpm_bot[0m[2m:[0m MAKER UP quotes: bid=None ask=Some((0.78, 150.0)) (TP ask@0.78)
[2m2026-07-04T19:51:43.411847Z[0m [32m INFO[0m [2mpm_bot[0m[2m:[0m MAKER UP quotes: bid=None ask=Some((0.76, 150.0)) (TP ask@0.76)
[2m2026-07-04T19:51:44.411961Z[0m [32m INFO[0m [2mpm_bot[0m[2m:[0m MAKER UP quotes: bid=None ask=Some((0.75, 150.0)) (TP ask@0.75)
[2m2026-07-04T19:52:03.411740Z[0m [32m INFO[0m [2mpm_bot[0m[2m:[0m MAKER UP quotes: bid=None ask=Some((0.82, 150.0)) (TP ask@0.82)
[2m2026-07-04T19:52:04.662642Z[0m [32m INFO[0m [2mpm_bot[0m[2m:[0m MAKER UP quotes: bid=None ask=Some((0.83, 150.0)) (TP ask@0.83)
[2m2026-07-04T19:52:06.412226Z[0m [32m INFO[0m [2mpm_bot[0m[2m:[0m MAKER UP quotes: bid=None ask=Some((0.9, 150.0)) (TP ask@0.90)
[2m2026-07-04T19:52:08.912067Z[0m [32m INFO[0m [2mpm_bot[0m[2m:[0m MAKER UP quotes: bid=None ask=Some((0.91, 150.0)) (TP ask@0.91)
[2m2026-07-04T19:52:11.412468Z[0m [32m INFO[0m [2mpm_bot[0m[2m:[0m MAKER UP quotes: bid=None ask=Some((0.9, 150.0)) (TP ask@0.90)
[2m2026-07-04T19:52:12.661867Z[0m [32m INFO[0m [2mpm_bot[0m[2m:[0m MAKER UP quotes: bid=None ask=Some((0.85, 150.0)) (TP ask@0.85)
[2m2026-07-04T19:52:14.162840Z[0m [32m INFO[0m [2mpm_bot[0m[2m:[0m MAKER UP quotes: bid=None ask=Some((0.86, 150.0)) (TP ask@0.86)
[2m2026-07-04T19:52:15.412219Z[0m [32m INFO[0m [2mpm_bot[0m[2m:[0m MAKER UP quotes: bid=None ask=Some((0.87, 150.0)) (TP ask@0.87)
[2m2026-07-04T19:52:16.411773Z[0m [32m INFO[0m [2mpm_bot[0m[2m:[0m MAKER UP quotes: bid=None ask=Some((0.86, 150.0)) (TP ask@0.86)
[2m2026-07-04T19:52:18.412243Z[0m [32m INFO[0m [2mpm_bot[0m[2m:[0m MAKER UP quotes: bid=None ask=Some((0.87, 150.0)) (TP ask@0.87)
[2m2026-07-04T19:52:19.412445Z[0m [32m INFO[0m [2mpm_bot[0m[2m:[0m MAKER UP quotes: bid=None ask=Some((0.85, 150.0)) (TP ask@0.85)
[2m2026-07-04T19:52:23.161923Z[0m [32m INFO[0m [2mpm_bot[0m[2m:[0m MAKER UP quotes: bid=None ask=Some((0.86, 150.0)) (TP ask@0.86)
[2m2026-07-04T19:52:24.412231Z[0m [32m INFO[0m [2mpm_bot[0m[2m:[0m MAKER UP quotes: bid=None ask=Some((0.85, 150.0)) (TP ask@0.85)
[2m2026-07-04T19:52:27.412562Z[0m [32m INFO[0m [2mpm_bot[0m[2m:[0m MAKER UP quotes: bid=None ask=Some((0.82, 150.0)) (TP ask@0.82)
[2m2026-07-04T19:52:28.162233Z[0m [32m INFO[0m [2mpm_bot[0m[2m:[0m MAKER UP quotes: bid=None ask=Some((0.81, 150.0)) (TP ask@0.81)
[2m2026-07-04T19:52:29.162298Z[0m [32m INFO[0m [2mpm_bot[0m[2m:[0m MAKER UP quotes: bid=None ask=Some((0.77, 150.0)) (TP ask@0.77)
[2m2026-07-04T19:52:31.162769Z[0m [32m INFO[0m [2mpm_bot[0m[2m:[0m MAKER UP quotes: bid=None ask=Some((0.76, 150.0)) (TP ask@0.76)
[2m2026-07-04T19:52:33.412609Z[0m [32m INFO[0m [2mpm_bot[0m[2m:[0m MAKER UP quotes: bid=None ask=Some((0.75, 150.0)) (TP ask@0.75)
[2m2026-07-04T19:52:42.412065Z[0m [32m INFO[0m [2mexecution[0m[2m:[0m [DRY-RUN] dryrun-22 Sell 83941907 x 150 @ 0.490 (Fak)
[2m2026-07-04T19:52:48.412777Z[0m [32m INFO[0m [2mpm_bot[0m[2m:[0m MAKER UP quotes: bid=Some((0.48, 50.0)) ask=None (bid@0.48 fair=0.517)
[2m2026-07-04T19:52:49.661834Z[0m [32m INFO[0m [2mpm_bot[0m[2m:[0m MAKER UP quotes: bid=Some((0.49, 50.0)) ask=None (bid@0.49 fair=0.523)
[2m2026-07-04T19:52:50.162113Z[0m [32m INFO[0m [2mpm_bot[0m[2m:[0m MAKER UP quotes: bid=Some((0.48, 50.0)) ask=None (bid@0.48 fair=0.511)
[2m2026-07-04T19:52:51.412194Z[0m [32m INFO[0m [2mpm_bot[0m[2m:[0m MAKER UP quotes: bid=None ask=None ()
[2m2026-07-04T19:52:51.412226Z[0m [32m INFO[0m [2mpm_bot[0m[2m:[0m MAKER DOWN quotes: bid=Some((0.43, 50.0)) ask=None (bid@0.43 fair=0.489)
[2m2026-07-04T19:52:51.661888Z[0m [32m INFO[0m [2mpm_bot[0m[2m:[0m MAKER DOWN quotes: bid=Some((0.41, 50.0)) ask=None (bid@0.41 fair=0.486)
[2m2026-07-04T19:52:52.142614Z[0m [32m INFO[0m [2mpm_bot[0m[2m:[0m PAPER fill maker 80829922 sur trade @0.410 (achat=true vente=false)
[2m2026-07-04T19:52:52.162559Z[0m [32m INFO[0m [2mpm_bot[0m[2m:[0m MAKER DOWN quotes: bid=Some((0.41, 50.0)) ask=Some((0.5, 50.0)) (TP ask@0.50 | bid@0.41 fair=0.486)
[2m2026-07-04T19:52:52.173196Z[0m [32m INFO[0m [2mpm_bot[0m[2m:[0m PAPER fill maker 80829922 sur trade @0.410 (achat=true vente=false)
[2m2026-07-04T19:52:52.411910Z[0m [32m INFO[0m [2mpm_bot[0m[2m:[0m MAKER DOWN quotes: bid=Some((0.41, 50.0)) ask=Some((0.5, 100.0)) (TP ask@0.50 | bid@0.41 fair=0.486)
[2m2026-07-04T19:52:52.625289Z[0m [32m INFO[0m [2mpm_bot[0m[2m:[0m PAPER fill maker 80829922 sur trade @0.410 (achat=true vente=false)
[2m2026-07-04T19:52:52.662105Z[0m [32m INFO[0m [2mpm_bot[0m[2m:[0m MAKER DOWN quotes: bid=None ask=Some((0.51, 150.0)) (TP ask@0.51)
[2m2026-07-04T19:52:53.161921Z[0m [32m INFO[0m [2mpm_bot[0m[2m:[0m MAKER DOWN quotes: bid=None ask=Some((0.49, 150.0)) (TP ask@0.49)
[2m2026-07-04T19:52:54.412133Z[0m [32m INFO[0m [2mpm_bot[0m[2m:[0m MAKER DOWN quotes: bid=None ask=Some((0.55, 150.0)) (TP ask@0.55)
[2m2026-07-04T19:52:55.161701Z[0m [32m INFO[0m [2mpm_bot[0m[2m:[0m MAKER DOWN quotes: bid=None ask=Some((0.62, 150.0)) (TP ask@0.62)
[2m2026-07-04T19:52:57.412286Z[0m [32m INFO[0m [2mpm_bot[0m[2m:[0m MAKER DOWN quotes: bid=None ask=Some((0.63, 150.0)) (TP ask@0.63)
[2m2026-07-04T19:52:58.162606Z[0m [32m INFO[0m [2mpm_bot[0m[2m:[0m MAKER DOWN quotes: bid=None ask=Some((0.62, 150.0)) (TP ask@0.62)
[2m2026-07-04T19:52:58.662810Z[0m [32m INFO[0m [2mpm_bot[0m[2m:[0m MAKER DOWN quotes: bid=None ask=Some((0.63, 150.0)) (TP ask@0.63)
[2m2026-07-04T19:52:59.162719Z[0m [32m INFO[0m [2mpm_bot[0m[2m:[0m MAKER DOWN quotes: bid=None ask=Some((0.6, 150.0)) (TP ask@0.60)
[2m2026-07-04T19:52:59.662386Z[0m [32m INFO[0m [2mpm_bot[0m[2m:[0m MAKER DOWN quotes: bid=None ask=Some((0.59, 150.0)) (TP ask@0.59)
[2m2026-07-04T19:53:00.662774Z[0m [32m INFO[0m [2mpm_bot[0m[2m:[0m MAKER DOWN quotes: bid=None ask=Some((0.6, 150.0)) (TP ask@0.60)
[2m2026-07-04T19:53:02.662350Z[0m [32m INFO[0m [2mpm_bot[0m[2m:[0m MAKER DOWN quotes: bid=None ask=Some((0.59, 150.0)) (TP ask@0.59)
[2m2026-07-04T19:53:03.412113Z[0m [32m INFO[0m [2mpm_bot[0m[2m:[0m MAKER DOWN quotes: bid=None ask=Some((0.58, 150.0)) (TP ask@0.58)
[2m2026-07-04T19:53:04.161938Z[0m [32m INFO[0m [2mpm_bot[0m[2m:[0m MAKER DOWN quotes: bid=None ask=Some((0.54, 150.0)) (TP ask@0.54)
[2m2026-07-04T19:53:05.411990Z[0m [32m INFO[0m [2mpm_bot[0m[2m:[0m MAKER UP quotes: bid=Some((0.52, 50.0)) ask=None (bid@0.52 fair=0.575)
[2m2026-07-04T19:53:05.412063Z[0m [32m INFO[0m [2mpm_bot[0m[2m:[0m MAKER DOWN quotes: bid=None ask=Some((0.49, 150.0)) (TP ask@0.49)
[2m2026-07-04T19:53:05.889769Z[0m [32m INFO[0m [2mpm_bot[0m[2m:[0m PAPER fill maker 83941907 sur trade @0.520 (achat=true vente=false)
[2m2026-07-04T19:53:05.911953Z[0m [32m INFO[0m [2mpm_bot[0m[2m:[0m MAKER UP quotes: bid=Some((0.54, 50.0)) ask=Some((0.6, 50.0)) (TP ask@0.60 | bid@0.54 fair=0.575)
[2m2026-07-04T19:53:06.162068Z[0m [32m INFO[0m [2mpm_bot[0m[2m:[0m MAKER UP quotes: bid=None ask=Some((0.6, 50.0)) (TP ask@0.60)
[2m2026-07-04T19:53:07.219896Z[0m [32m INFO[0m [2mpm_bot[0m[2m:[0m PAPER fill maker 83941907 sur trade @0.600 (achat=false vente=true)
[2m2026-07-04T19:53:25.412484Z[0m [32m INFO[0m [2mexecution[0m[2m:[0m [DRY-RUN] dryrun-23 Sell 80829922 x 150 @ 0.250 (Fak)
[2m2026-07-04T19:53:25.662273Z[0m [32m INFO[0m [2mpm_bot[0m[2m:[0m MAKER DOWN quotes: bid=Some((0.27, 50.0)) ask=None (bid@0.27 fair=0.307)
[2m2026-07-04T19:53:26.662420Z[0m [32m INFO[0m [2mpm_bot[0m[2m:[0m MAKER DOWN quotes: bid=None ask=None ()
[2m2026-07-04T19:53:28.411860Z[0m [32m INFO[0m [2mpm_bot[0m[2m:[0m MAKER UP quotes: bid=Some((0.67, 50.0)) ask=None (bid@0.67 fair=0.706)
[2m2026-07-04T19:53:28.943058Z[0m [32m INFO[0m [2mpm_bot[0m[2m:[0m PAPER fill maker 83941907 sur trade @0.670 (achat=true vente=false)
[2m2026-07-04T19:53:29.162098Z[0m [32m INFO[0m [2mpm_bot[0m[2m:[0m MAKER UP quotes: bid=Some((0.67, 50.0)) ask=Some((0.75, 50.0)) (TP ask@0.75 | bid@0.67 fair=0.704)
[2m2026-07-04T19:53:29.662438Z[0m [32m INFO[0m [2mpm_bot[0m[2m:[0m MAKER UP quotes: bid=Some((0.66, 50.0)) ask=Some((0.75, 50.0)) (TP ask@0.75 | bid@0.66 fair=0.706)
[2m2026-07-04T19:53:29.814658Z[0m [32m INFO[0m [2mpm_bot[0m[2m:[0m PAPER fill maker 83941907 sur trade @0.660 (achat=true vente=false)
[2m2026-07-04T19:53:29.911950Z[0m [32m INFO[0m [2mpm_bot[0m[2m:[0m MAKER UP quotes: bid=Some((0.67, 50.0)) ask=Some((0.75, 100.0)) (TP ask@0.75 | bid@0.67 fair=0.706)
[2m2026-07-04T19:53:29.992270Z[0m [32m INFO[0m [2mpm_bot[0m[2m:[0m PAPER fill maker 83941907 sur trade @0.670 (achat=true vente=false)
[2m2026-07-04T19:53:30.162555Z[0m [32m INFO[0m [2mpm_bot[0m[2m:[0m MAKER UP quotes: bid=None ask=Some((0.75, 150.0)) (TP ask@0.75)
[2m2026-07-04T19:53:30.662267Z[0m [32m INFO[0m [2mpm_bot[0m[2m:[0m MAKER DOWN quotes: bid=Some((0.26, 50.0)) ask=None (bid@0.26 fair=0.294)
[2m2026-07-04T19:53:32.662630Z[0m [32m INFO[0m [2mpm_bot[0m[2m:[0m MAKER DOWN quotes: bid=None ask=None ()
[2m2026-07-04T19:53:33.900629Z[0m [32m INFO[0m [2mpm_bot[0m[2m:[0m PAPER fill maker 83941907 sur trade @0.750 (achat=false vente=true)
[2m2026-07-04T19:53:33.912560Z[0m [32m INFO[0m [2mpm_bot[0m[2m:[0m MAKER DOWN quotes: bid=Some((0.25, 50.0)) ask=None (bid@0.25 fair=0.282)
[2m2026-07-04T19:53:34.662836Z[0m [32m INFO[0m [2mpm_bot[0m[2m:[0m MAKER DOWN quotes: bid=None ask=None ()
[2m2026-07-04T19:53:35.662505Z[0m [32m INFO[0m [2mpm_bot[0m[2m:[0m MAKER UP quotes: bid=Some((0.69, 50.0)) ask=None (bid@0.69 fair=0.721)
[2m2026-07-04T19:53:36.342333Z[0m [32m INFO[0m [2mpm_bot[0m[2m:[0m PAPER fill maker 83941907 sur trade @0.690 (achat=true vente=false)
[2m2026-07-04T19:53:36.412590Z[0m [32m INFO[0m [2mpm_bot[0m[2m:[0m MAKER UP quotes: bid=Some((0.69, 50.0)) ask=Some((0.77, 50.0)) (TP ask@0.77 | bid@0.69 fair=0.726)
[2m2026-07-04T19:53:36.964352Z[0m [32m INFO[0m [2mpm_bot[0m[2m:[0m PAPER fill maker 83941907 sur trade @0.690 (achat=true vente=false)
[2m2026-07-04T19:53:37.162292Z[0m [32m INFO[0m [2mpm_bot[0m[2m:[0m MAKER UP quotes: bid=Some((0.69, 50.0)) ask=Some((0.77, 100.0)) (TP ask@0.77 | bid@0.69 fair=0.726)
[2m2026-07-04T19:53:37.269174Z[0m [32m INFO[0m [2mpm_bot[0m[2m:[0m PAPER fill maker 83941907 sur trade @0.690 (achat=true vente=false)
[2m2026-07-04T19:53:37.412190Z[0m [32m INFO[0m [2mpm_bot[0m[2m:[0m MAKER UP quotes: bid=None ask=Some((0.77, 150.0)) (TP ask@0.77)
[2m2026-07-04T19:53:47.162146Z[0m [32m INFO[0m [2mexecution[0m[2m:[0m [DRY-RUN] dryrun-24 Sell 83941907 x 150 @ 0.660 (Fak)
[2m2026-07-04T19:53:47.661895Z[0m [32m INFO[0m [2mpm_bot[0m[2m:[0m MAKER UP quotes: bid=Some((0.68, 50.0)) ask=None (bid@0.68 fair=0.718)
[2m2026-07-04T19:53:49.257898Z[0m [32m INFO[0m [2mpm_bot[0m[2m:[0m PAPER fill maker 83941907 sur trade @0.680 (achat=true vente=false)
[2m2026-07-04T19:53:49.411875Z[0m [32m INFO[0m [2mpm_bot[0m[2m:[0m MAKER UP quotes: bid=Some((0.68, 50.0)) ask=Some((0.76, 50.0)) (TP ask@0.76 | bid@0.68 fair=0.720)
[2m2026-07-04T19:53:49.491150Z[0m [32m INFO[0m [2mpm_bot[0m[2m:[0m PAPER fill maker 83941907 sur trade @0.680 (achat=true vente=false)
[2m2026-07-04T19:53:49.662580Z[0m [32m INFO[0m [2mpm_bot[0m[2m:[0m MAKER UP quotes: bid=Some((0.69, 50.0)) ask=Some((0.76, 100.0)) (TP ask@0.76 | bid@0.69 fair=0.720)
[2m2026-07-04T19:53:50.162804Z[0m [32m INFO[0m [2mpm_bot[0m[2m:[0m MAKER UP quotes: bid=Some((0.66, 50.0)) ask=Some((0.76, 100.0)) (TP ask@0.76 | bid@0.66 fair=0.714)
[2m2026-07-04T19:53:50.411966Z[0m [32m INFO[0m [2mpm_bot[0m[2m:[0m MAKER UP quotes: bid=Some((0.65, 50.0)) ask=Some((0.76, 100.0)) (TP ask@0.76 | bid@0.65 fair=0.714)
[2m2026-07-04T19:53:50.535802Z[0m [32m INFO[0m [2mpm_bot[0m[2m:[0m PAPER fill maker 83941907 sur trade @0.650 (achat=true vente=false)
[2m2026-07-04T19:53:50.662198Z[0m [32m INFO[0m [2mpm_bot[0m[2m:[0m MAKER UP quotes: bid=None ask=Some((0.75, 150.0)) (TP ask@0.75)
[2m2026-07-04T19:53:58.162230Z[0m [32m INFO[0m [2mexecution[0m[2m:[0m [DRY-RUN] dryrun-25 Sell 83941907 x 150 @ 0.420 (Fak)
[2m2026-07-04T19:53:58.412399Z[0m [32m INFO[0m [2mpm_bot[0m[2m:[0m MAKER UP quotes: bid=Some((0.43, 50.0)) ask=None (bid@0.43 fair=0.734)
[2m2026-07-04T19:53:58.662730Z[0m [32m INFO[0m [2mpm_bot[0m[2m:[0m MAKER UP quotes: bid=Some((0.42, 50.0)) ask=None (bid@0.42 fair=0.734)
[2m2026-07-04T19:53:58.752108Z[0m [32m INFO[0m [2mpm_bot[0m[2m:[0m PAPER fill maker 83941907 sur trade @0.420 (achat=true vente=false)
[2m2026-07-04T19:53:58.911962Z[0m [32m INFO[0m [2mpm_bot[0m[2m:[0m MAKER UP quotes: bid=Some((0.41, 50.0)) ask=Some((0.75, 50.0)) (TP ask@0.75 | bid@0.41 fair=0.735)
[2m2026-07-04T19:53:58.944585Z[0m [32m INFO[0m [2mpm_bot[0m[2m:[0m PAPER fill maker 83941907 sur trade @0.410 (achat=true vente=false)
[2m2026-07-04T19:53:59.161798Z[0m [32m INFO[0m [2mpm_bot[0m[2m:[0m MAKER UP quotes: bid=Some((0.38, 50.0)) ask=Some((0.74, 100.0)) (TP ask@0.74 | bid@0.38 fair=0.723)
[2m2026-07-04T19:53:59.426683Z[0m [32m INFO[0m [2mpm_bot[0m[2m:[0m PAPER fill maker 83941907 sur trade @0.380 (achat=true vente=false)
[2m2026-07-04T19:53:59.662051Z[0m [32m INFO[0m [2mpm_bot[0m[2m:[0m MAKER UP quotes: bid=None ask=Some((0.74, 150.0)) (TP ask@0.74)
[2m2026-07-04T19:54:00.662226Z[0m [32m INFO[0m [2mpm_bot[0m[2m:[0m MAKER UP quotes: bid=None ask=Some((0.75, 150.0)) (TP ask@0.75)
[2m2026-07-04T19:54:02.912565Z[0m [32m INFO[0m [2mpm_bot[0m[2m:[0m MAKER UP quotes: bid=None ask=Some((0.77, 150.0)) (TP ask@0.77)
[2m2026-07-04T19:54:03.661935Z[0m [32m INFO[0m [2mpm_bot[0m[2m:[0m MAKER UP quotes: bid=None ask=Some((0.8, 150.0)) (TP ask@0.80)
[2m2026-07-04T19:54:05.162491Z[0m [32m INFO[0m [2mpm_bot[0m[2m:[0m MAKER UP quotes: bid=None ask=Some((0.81, 150.0)) (TP ask@0.81)
[2m2026-07-04T19:54:05.412594Z[0m [32m INFO[0m [2mpm_bot[0m[2m:[0m MAKER UP quotes: bid=None ask=Some((0.82, 150.0)) (TP ask@0.82)
[2m2026-07-04T19:54:07.162151Z[0m [32m INFO[0m [2mexecution[0m[2m:[0m [DRY-RUN] dryrun-26 Sell 83941907 x 150 @ 0.430 (Fak)
[2m2026-07-04T19:55:02.416366Z[0m [32m INFO[0m [2mpm_bot[0m[2m:[0m RÈGLEMENT btc-updown-5m-1783194600 | strike=Some("63253.13") issue=Down (estimé) | PnL up=-69.00 down=-78.00 | taker=0 maker_fills=37 | PnL cumulé=-179.71
[2m2026-07-04T19:55:02.416408Z[0m [32m INFO[0m [2mpm_bot[0m[2m:[0m fenêtre active: btc-updown-5m-1783194900 [1783194900000 → 1783195200000]
[2m2026-07-04T19:55:02.416526Z[0m [32m INFO[0m [2mpm_bot[0m[2m:[0m strike gelé: Some(63232.759949933294) (confidence=1.000, gap=Some(0) ms)
[2m2026-07-04T19:55:03.007905Z[0m [32m INFO[0m [2mpm_acquisition::clob[0m[2m:[0m CLOB connecté (up=50138049…, down=28556966…)
[2m2026-07-04T19:56:01.429942Z[0m [32m INFO[0m [2mpm_bot[0m[2m:[0m MAKER DOWN quotes: bid=Some((0.33, 50.0)) ask=None (bid@0.33 fair=0.827)
[2m2026-07-04T19:56:01.467502Z[0m [32m INFO[0m [2mpm_bot[0m[2m:[0m PAPER fill maker 28556966 sur trade @0.330 (achat=true vente=false)
[2m2026-07-04T19:56:01.680179Z[0m [32m INFO[0m [2mpm_bot[0m[2m:[0m MAKER DOWN quotes: bid=Some((0.33, 50.0)) ask=Some((0.84, 50.0)) (TP ask@0.84 | bid@0.33 fair=0.827)
[2m2026-07-04T19:56:02.430386Z[0m [32m INFO[0m [2mpm_bot[0m[2m:[0m MAKER DOWN quotes: bid=Some((0.32, 50.0)) ask=Some((0.84, 50.0)) (TP ask@0.84 | bid@0.32 fair=0.826)
[2m2026-07-04T19:56:02.664554Z[0m [32m INFO[0m [2mpm_bot[0m[2m:[0m PAPER fill maker 28556966 sur trade @0.320 (achat=true vente=false)
[2m2026-07-04T19:56:02.680356Z[0m [32m INFO[0m [2mpm_bot[0m[2m:[0m MAKER DOWN quotes: bid=Some((0.32, 50.0)) ask=Some((0.75, 100.0)) (TP ask@0.75 | bid@0.32 fair=0.736)
[2m2026-07-04T19:56:03.156447Z[0m [32m INFO[0m [2mpm_bot[0m[2m:[0m PAPER fill maker 28556966 sur trade @0.320 (achat=true vente=false)
[2m2026-07-04T19:56:03.180467Z[0m [32m INFO[0m [2mpm_bot[0m[2m:[0m MAKER DOWN quotes: bid=None ask=Some((0.75, 150.0)) (TP ask@0.75)
[2m2026-07-04T19:56:03.680617Z[0m [32m INFO[0m [2mpm_bot[0m[2m:[0m MAKER DOWN quotes: bid=None ask=Some((0.78, 150.0)) (TP ask@0.78)
[2m2026-07-04T19:56:05.180119Z[0m [32m INFO[0m [2mpm_bot[0m[2m:[0m MAKER DOWN quotes: bid=None ask=Some((0.77, 150.0)) (TP ask@0.77)
[2m2026-07-04T19:56:06.180519Z[0m [32m INFO[0m [2mpm_bot[0m[2m:[0m MAKER DOWN quotes: bid=None ask=Some((0.79, 150.0)) (TP ask@0.79)
[2m2026-07-04T19:56:07.929871Z[0m [32m INFO[0m [2mpm_bot[0m[2m:[0m MAKER DOWN quotes: bid=None ask=Some((0.78, 150.0)) (TP ask@0.78)
[2m2026-07-04T19:56:09.180088Z[0m [32m INFO[0m [2mpm_bot[0m[2m:[0m MAKER DOWN quotes: bid=None ask=Some((0.8, 150.0)) (TP ask@0.80)
[2m2026-07-04T19:56:10.179999Z[0m [32m INFO[0m [2mpm_bot[0m[2m:[0m MAKER DOWN quotes: bid=None ask=Some((0.79, 150.0)) (TP ask@0.79)
[2m2026-07-04T19:56:12.179752Z[0m [32m INFO[0m [2mpm_bot[0m[2m:[0m MAKER DOWN quotes: bid=None ask=Some((0.78, 150.0)) (TP ask@0.78)
[2m2026-07-04T19:56:13.930243Z[0m [32m INFO[0m [2mpm_bot[0m[2m:[0m MAKER DOWN quotes: bid=None ask=Some((0.8, 150.0)) (TP ask@0.80)
[2m2026-07-04T19:56:16.680267Z[0m [32m INFO[0m [2mpm_bot[0m[2m:[0m MAKER DOWN quotes: bid=None ask=Some((0.78, 150.0)) (TP ask@0.78)
[2m2026-07-04T19:56:17.180683Z[0m [32m INFO[0m [2mpm_bot[0m[2m:[0m MAKER DOWN quotes: bid=None ask=Some((0.76, 150.0)) (TP ask@0.76)
[2m2026-07-04T19:56:18.180548Z[0m [32m INFO[0m [2mpm_bot[0m[2m:[0m MAKER DOWN quotes: bid=None ask=Some((0.75, 150.0)) (TP ask@0.75)
[2m2026-07-04T19:56:19.180115Z[0m [32m INFO[0m [2mpm_bot[0m[2m:[0m MAKER DOWN quotes: bid=None ask=Some((0.73, 150.0)) (TP ask@0.73)
[2m2026-07-04T19:56:20.430423Z[0m [32m INFO[0m [2mpm_bot[0m[2m:[0m MAKER DOWN quotes: bid=None ask=Some((0.69, 150.0)) (TP ask@0.69)
[2m2026-07-04T19:56:21.430633Z[0m [32m INFO[0m [2mpm_bot[0m[2m:[0m MAKER DOWN quotes: bid=None ask=Some((0.68, 150.0)) (TP ask@0.68)
[2m2026-07-04T19:56:22.180089Z[0m [32m INFO[0m [2mpm_bot[0m[2m:[0m MAKER DOWN quotes: bid=None ask=Some((0.67, 150.0)) (TP ask@0.67)
[2m2026-07-04T19:56:22.430887Z[0m [32m INFO[0m [2mpm_bot[0m[2m:[0m MAKER DOWN quotes: bid=None ask=Some((0.66, 150.0)) (TP ask@0.66)
[2m2026-07-04T19:56:23.180290Z[0m [32m INFO[0m [2mpm_bot[0m[2m:[0m MAKER DOWN quotes: bid=None ask=Some((0.67, 150.0)) (TP ask@0.67)
[2m2026-07-04T19:56:24.180759Z[0m [32m INFO[0m [2mpm_bot[0m[2m:[0m MAKER DOWN quotes: bid=None ask=Some((0.66, 150.0)) (TP ask@0.66)
[2m2026-07-04T19:56:25.180257Z[0m [32m INFO[0m [2mpm_bot[0m[2m:[0m MAKER DOWN quotes: bid=None ask=Some((0.63, 150.0)) (TP ask@0.63)
[2m2026-07-04T19:56:26.180076Z[0m [32m INFO[0m [2mpm_bot[0m[2m:[0m MAKER DOWN quotes: bid=None ask=Some((0.72, 150.0)) (TP ask@0.72)
[2m2026-07-04T19:56:27.180619Z[0m [32m INFO[0m [2mpm_bot[0m[2m:[0m MAKER DOWN quotes: bid=None ask=Some((0.73, 150.0)) (TP ask@0.73)
[2m2026-07-04T19:56:27.930823Z[0m [32m INFO[0m [2mpm_bot[0m[2m:[0m MAKER DOWN quotes: bid=None ask=Some((0.67, 150.0)) (TP ask@0.67)
[2m2026-07-04T19:56:29.930108Z[0m [32m INFO[0m [2mpm_bot[0m[2m:[0m MAKER DOWN quotes: bid=None ask=Some((0.71, 150.0)) (TP ask@0.71)
[2m2026-07-04T19:56:29.974068Z[0m [32m INFO[0m [2mpm_bot[0m[2m:[0m résolution officielle btc-updown-5m-1783194600: Down — CONFIRME notre estimation ✓
[2m2026-07-04T19:56:29.974134Z[0m [32m INFO[0m [2mpm_acquisition::clob[0m[2m:[0m CLOB flux terminé (marché résolu/fermé)
[2m2026-07-04T19:56:32.680319Z[0m [32m INFO[0m [2mpm_bot[0m[2m:[0m MAKER DOWN quotes: bid=None ask=Some((0.66, 150.0)) (TP ask@0.66)
[2m2026-07-04T19:56:33.180463Z[0m [32m INFO[0m [2mpm_bot[0m[2m:[0m MAKER DOWN quotes: bid=None ask=Some((0.62, 150.0)) (TP ask@0.62)
[2m2026-07-04T19:56:34.679809Z[0m [32m INFO[0m [2mpm_bot[0m[2m:[0m MAKER DOWN quotes: bid=None ask=Some((0.44, 150.0)) (TP ask@0.44)
[2m2026-07-04T19:56:36.680561Z[0m [32m INFO[0m [2mpm_bot[0m[2m:[0m MAKER DOWN quotes: bid=None ask=Some((0.43, 150.0)) (TP ask@0.43)
[2m2026-07-04T19:56:38.430261Z[0m [32m INFO[0m [2mpm_bot[0m[2m:[0m MAKER DOWN quotes: bid=None ask=Some((0.42, 150.0)) (TP ask@0.42)
[2m2026-07-04T19:56:42.430340Z[0m [32m INFO[0m [2mpm_bot[0m[2m:[0m MAKER UP quotes: bid=Some((0.56, 50.0)) ask=None (bid@0.56 fair=0.598)
[2m2026-07-04T19:56:42.491119Z[0m [32m INFO[0m [2mpm_bot[0m[2m:[0m PAPER fill maker 28556966 sur trade @0.440 (achat=false vente=true)
[2m2026-07-04T19:56:42.680201Z[0m [32m INFO[0m [2mpm_bot[0m[2m:[0m MAKER UP quotes: bid=Some((0.52, 50.0)) ask=None (bid@0.52 fair=0.598)
[2m2026-07-04T19:56:42.764399Z[0m [32m INFO[0m [2mpm_bot[0m[2m:[0m PAPER fill maker 50138049 sur trade @0.520 (achat=true vente=false)
[2m2026-07-04T19:56:42.929817Z[0m [32m INFO[0m [2mpm_bot[0m[2m:[0m MAKER UP quotes: bid=Some((0.52, 50.0)) ask=Some((0.61, 50.0)) (TP ask@0.61 | bid@0.52 fair=0.598)
[2m2026-07-04T19:56:43.018167Z[0m [32m INFO[0m [2mpm_bot[0m[2m:[0m PAPER fill maker 50138049 sur trade @0.510 (achat=true vente=false)
[2m2026-07-04T19:56:43.180684Z[0m [32m INFO[0m [2mpm_bot[0m[2m:[0m MAKER UP quotes: bid=Some((0.51, 50.0)) ask=Some((0.61, 100.0)) (TP ask@0.61 | bid@0.51 fair=0.598)
[2m2026-07-04T19:56:43.227464Z[0m [32m INFO[0m [2mpm_bot[0m[2m:[0m PAPER fill maker 50138049 sur trade @0.510 (achat=true vente=false)
[2m2026-07-04T19:56:43.430055Z[0m [32m INFO[0m [2mpm_bot[0m[2m:[0m MAKER UP quotes: bid=None ask=Some((0.61, 150.0)) (TP ask@0.61)
[2m2026-07-04T19:56:44.430548Z[0m [32m INFO[0m [2mpm_bot[0m[2m:[0m MAKER UP quotes: bid=None ask=Some((0.6, 150.0)) (TP ask@0.60)
[2m2026-07-04T19:56:46.680108Z[0m [32m INFO[0m [2mexecution[0m[2m:[0m [DRY-RUN] dryrun-27 Sell 50138049 x 150 @ 0.460 (Fak)
[2m2026-07-04T19:56:46.680137Z[0m [32m INFO[0m [2mpm_bot[0m[2m:[0m MAKER DOWN quotes: bid=Some((0.52, 50.0)) ask=None (bid@0.52 fair=0.605)
[2m2026-07-04T19:56:46.914534Z[0m [32m INFO[0m [2mpm_bot[0m[2m:[0m PAPER fill maker 28556966 sur trade @0.510 (achat=true vente=false)
[2m2026-07-04T19:56:46.930618Z[0m [32m INFO[0m [2mpm_bot[0m[2m:[0m MAKER DOWN quotes: bid=Some((0.52, 50.0)) ask=Some((0.62, 50.0)) (TP ask@0.62 | bid@0.52 fair=0.604)
[2m2026-07-04T19:56:47.421243Z[0m [32m INFO[0m [2mpm_bot[0m[2m:[0m PAPER fill maker 28556966 sur trade @0.490 (achat=true vente=false)
[2m2026-07-04T19:56:47.430193Z[0m [32m INFO[0m [2mpm_bot[0m[2m:[0m MAKER DOWN quotes: bid=Some((0.47, 50.0)) ask=Some((0.62, 100.0)) (TP ask@0.62 | bid@0.47 fair=0.604)
[2m2026-07-04T19:56:47.431409Z[0m [32m INFO[0m [2mpm_bot[0m[2m:[0m PAPER fill maker 28556966 sur trade @0.450 (achat=true vente=false)
[2m2026-07-04T19:56:47.679709Z[0m [32m INFO[0m [2mpm_bot[0m[2m:[0m MAKER DOWN quotes: bid=None ask=Some((0.63, 150.0)) (TP ask@0.63)
[2m2026-07-04T19:56:48.179891Z[0m [32m INFO[0m [2mpm_bot[0m[2m:[0m MAKER DOWN quotes: bid=None ask=Some((0.66, 150.0)) (TP ask@0.66)
[2m2026-07-04T19:56:49.179753Z[0m [32m INFO[0m [2mpm_bot[0m[2m:[0m MAKER DOWN quotes: bid=None ask=Some((0.67, 150.0)) (TP ask@0.67)
[2m2026-07-04T19:56:50.180361Z[0m [32m INFO[0m [2mpm_bot[0m[2m:[0m MAKER DOWN quotes: bid=None ask=Some((0.65, 150.0)) (TP ask@0.65)
[2m2026-07-04T19:56:51.179974Z[0m [32m INFO[0m [2mpm_bot[0m[2m:[0m MAKER DOWN quotes: bid=None ask=Some((0.64, 150.0)) (TP ask@0.64)
[2m2026-07-04T19:56:53.429868Z[0m [32m INFO[0m [2mpm_bot[0m[2m:[0m MAKER DOWN quotes: bid=None ask=Some((0.59, 150.0)) (TP ask@0.59)
[2m2026-07-04T19:57:01.430151Z[0m [32m INFO[0m [2mexecution[0m[2m:[0m [DRY-RUN] dryrun-28 Sell 28556966 x 150 @ 0.300 (Fak)
[2m2026-07-04T19:57:02.180100Z[0m [32m INFO[0m [2mpm_bot[0m[2m:[0m MAKER DOWN quotes: bid=Some((0.28, 50.0)) ask=None (bid@0.28 fair=0.324)
[2m2026-07-04T19:57:02.430442Z[0m [32m INFO[0m [2mpm_bot[0m[2m:[0m MAKER DOWN quotes: bid=Some((0.27, 50.0)) ask=None (bid@0.27 fair=0.324)
[2m2026-07-04T19:57:02.680848Z[0m [32m INFO[0m [2mpm_bot[0m[2m:[0m MAKER DOWN quotes: bid=Some((0.26, 50.0)) ask=None (bid@0.26 fair=0.324)
[2m2026-07-04T19:57:02.708130Z[0m [32m INFO[0m [2mpm_bot[0m[2m:[0m PAPER fill maker 28556966 sur trade @0.260 (achat=true vente=false)
[2m2026-07-04T19:57:02.930092Z[0m [32m INFO[0m [2mpm_bot[0m[2m:[0m MAKER DOWN quotes: bid=Some((0.25, 50.0)) ask=Some((0.34, 50.0)) (TP ask@0.34 | bid@0.25 fair=0.288)
[2m2026-07-04T19:57:03.180681Z[0m [32m INFO[0m [2mpm_bot[0m[2m:[0m MAKER DOWN quotes: bid=Some((0.24, 50.0)) ask=Some((0.34, 50.0)) (TP ask@0.34 | bid@0.24 fair=0.288)
[2m2026-07-04T19:57:03.219429Z[0m [32m INFO[0m [2mpm_bot[0m[2m:[0m PAPER fill maker 28556966 sur trade @0.240 (achat=true vente=false)
[2m2026-07-04T19:57:03.430044Z[0m [32m INFO[0m [2mpm_bot[0m[2m:[0m MAKER DOWN quotes: bid=Some((0.24, 50.0)) ask=Some((0.33, 100.0)) (TP ask@0.33 | bid@0.24 fair=0.285)
[2m2026-07-04T19:57:04.003208Z[0m [32m INFO[0m [2mpm_bot[0m[2m:[0m PAPER fill maker 28556966 sur trade @0.240 (achat=true vente=false)
[2m2026-07-04T19:57:04.180245Z[0m [32m INFO[0m [2mpm_bot[0m[2m:[0m MAKER DOWN quotes: bid=None ask=Some((0.33, 150.0)) (TP ask@0.33)
[2m2026-07-04T19:57:05.930684Z[0m [32m INFO[0m [2mpm_bot[0m[2m:[0m MAKER UP quotes: bid=Some((0.74, 50.0)) ask=None (bid@0.74 fair=0.775)
[2m2026-07-04T19:57:06.180515Z[0m [32m INFO[0m [2mpm_bot[0m[2m:[0m MAKER UP quotes: bid=Some((0.75, 50.0)) ask=None (bid@0.75 fair=0.804)
[2m2026-07-04T19:57:06.471816Z[0m [32m INFO[0m [2mpm_bot[0m[2m:[0m PAPER fill maker 50138049 sur trade @0.750 (achat=true vente=false)
[2m2026-07-04T19:57:06.680087Z[0m [32m INFO[0m [2mpm_bot[0m[2m:[0m MAKER UP quotes: bid=Some((0.77, 50.0)) ask=Some((0.83, 50.0)) (TP ask@0.83 | bid@0.77 fair=0.804)
[2m2026-07-04T19:57:06.930136Z[0m [32m INFO[0m [2mpm_bot[0m[2m:[0m MAKER UP quotes: bid=Some((0.75, 50.0)) ask=Some((0.83, 50.0)) (TP ask@0.83 | bid@0.75 fair=0.804)
[2m2026-07-04T19:57:06.931912Z[0m [32m INFO[0m [2mpm_bot[0m[2m:[0m PAPER fill maker 50138049 sur trade @0.750 (achat=true vente=false)
[2m2026-07-04T19:57:07.180515Z[0m [32m INFO[0m [2mpm_bot[0m[2m:[0m MAKER UP quotes: bid=Some((0.72, 50.0)) ask=Some((0.85, 100.0)) (TP ask@0.85 | bid@0.72 fair=0.839)
[2m2026-07-04T19:57:07.464080Z[0m [32m INFO[0m [2mpm_bot[0m[2m:[0m PAPER fill maker 50138049 sur trade @0.720 (achat=true vente=false)
[2m2026-07-04T19:57:07.680400Z[0m [32m INFO[0m [2mpm_bot[0m[2m:[0m MAKER UP quotes: bid=None ask=Some((0.85, 150.0)) (TP ask@0.85)
[2m2026-07-04T19:57:09.429762Z[0m [32m INFO[0m [2mpm_bot[0m[2m:[0m MAKER UP quotes: bid=None ask=Some((0.83, 150.0)) (TP ask@0.83)
[2m2026-07-04T19:57:10.429876Z[0m [32m INFO[0m [2mpm_bot[0m[2m:[0m MAKER UP quotes: bid=None ask=Some((0.82, 150.0)) (TP ask@0.82)
[2m2026-07-04T19:57:13.167057Z[0m [32m INFO[0m [2mpm_bot[0m[2m:[0m PAPER fill maker 28556966 sur trade @0.340 (achat=false vente=true)
[2m2026-07-04T19:57:19.180062Z[0m [32m INFO[0m [2mexecution[0m[2m:[0m [DRY-RUN] dryrun-29 Sell 50138049 x 150 @ 0.660 (Fak)
[2m2026-07-04T19:57:20.680484Z[0m [32m INFO[0m [2mpm_bot[0m[2m:[0m MAKER UP quotes: bid=Some((0.71, 50.0)) ask=None (bid@0.71 fair=0.791)
[2m2026-07-04T19:57:21.680443Z[0m [32m INFO[0m [2mpm_bot[0m[2m:[0m MAKER UP quotes: bid=Some((0.74, 50.0)) ask=None (bid@0.74 fair=0.787)
[2m2026-07-04T19:57:21.792367Z[0m [32m INFO[0m [2mpm_bot[0m[2m:[0m PAPER fill maker 50138049 sur trade @0.740 (achat=true vente=false)
[2m2026-07-04T19:57:21.929946Z[0m [32m INFO[0m [2mpm_bot[0m[2m:[0m MAKER UP quotes: bid=Some((0.74, 50.0)) ask=Some((0.82, 50.0)) (TP ask@0.82 | bid@0.74 fair=0.787)
[2m2026-07-04T19:57:22.008752Z[0m [32m INFO[0m [2mpm_bot[0m[2m:[0m PAPER fill maker 50138049 sur trade @0.730 (achat=true vente=false)
[2m2026-07-04T19:57:22.179956Z[0m [32m INFO[0m [2mpm_bot[0m[2m:[0m MAKER UP quotes: bid=Some((0.74, 50.0)) ask=Some((0.82, 100.0)) (TP ask@0.82 | bid@0.74 fair=0.787)
[2m2026-07-04T19:57:22.759818Z[0m [32m INFO[0m [2mpm_bot[0m[2m:[0m PAPER fill maker 50138049 sur trade @0.740 (achat=true vente=false)
[2m2026-07-04T19:57:22.930067Z[0m [32m INFO[0m [2mpm_bot[0m[2m:[0m MAKER UP quotes: bid=None ask=Some((0.82, 150.0)) (TP ask@0.82)
[2m2026-07-04T19:57:36.180007Z[0m [32m INFO[0m [2mexecution[0m[2m:[0m [DRY-RUN] dryrun-30 Sell 50138049 x 150 @ 0.740 (Fak)
[2m2026-07-04T19:57:37.430504Z[0m [32m INFO[0m [2mpm_bot[0m[2m:[0m MAKER UP quotes: bid=Some((0.76, 50.0)) ask=None (bid@0.76 fair=0.793)
[2m2026-07-04T19:57:37.680381Z[0m [32m INFO[0m [2mpm_bot[0m[2m:[0m MAKER UP quotes: bid=None ask=None ()
[2m2026-07-04T19:57:37.930733Z[0m [32m INFO[0m [2mpm_bot[0m[2m:[0m MAKER UP quotes: bid=Some((0.75, 50.0)) ask=None (bid@0.75 fair=0.793)
[2m2026-07-04T19:57:38.180006Z[0m [32m INFO[0m [2mpm_bot[0m[2m:[0m MAKER UP quotes: bid=Some((0.76, 50.0)) ask=None (bid@0.76 fair=0.793)
[2m2026-07-04T19:57:39.179820Z[0m [32m INFO[0m [2mpm_bot[0m[2m:[0m MAKER UP quotes: bid=None ask=None (environnement dégradé → flat)
[2m2026-07-04T19:57:39.429682Z[0m [32m INFO[0m [2mpm_bot[0m[2m:[0m MAKER UP quotes: bid=Some((0.77, 50.0)) ask=None (bid@0.77 fair=0.810)
[2m2026-07-04T19:57:39.657391Z[0m [32m INFO[0m [2mpm_bot[0m[2m:[0m PAPER fill maker 50138049 sur trade @0.760 (achat=true vente=false)
[2m2026-07-04T19:57:39.680350Z[0m [32m INFO[0m [2mpm_bot[0m[2m:[0m MAKER UP quotes: bid=Some((0.77, 50.0)) ask=Some((0.85, 50.0)) (TP ask@0.85 | bid@0.77 fair=0.810)
[2m2026-07-04T19:57:40.180604Z[0m [32m INFO[0m [2mpm_bot[0m[2m:[0m MAKER UP quotes: bid=Some((0.78, 50.0)) ask=Some((0.86, 50.0)) (TP ask@0.86 | bid@0.78 fair=0.844)
[2m2026-07-04T19:57:40.214649Z[0m [32m INFO[0m [2mpm_bot[0m[2m:[0m PAPER fill maker 50138049 sur trade @0.780 (achat=true vente=false)
[2m2026-07-04T19:57:40.430701Z[0m [32m INFO[0m [2mpm_bot[0m[2m:[0m MAKER UP quotes: bid=Some((0.78, 50.0)) ask=Some((0.86, 100.0)) (TP ask@0.86 | bid@0.78 fair=0.844)
[2m2026-07-04T19:57:40.724488Z[0m [32m INFO[0m [2mpm_bot[0m[2m:[0m PAPER fill maker 50138049 sur trade @0.780 (achat=true vente=false)
[2m2026-07-04T19:57:40.929852Z[0m [32m INFO[0m [2mpm_bot[0m[2m:[0m MAKER UP quotes: bid=None ask=Some((0.86, 150.0)) (TP ask@0.86)
[2m2026-07-04T19:57:42.429862Z[0m [32m INFO[0m [2mpm_bot[0m[2m:[0m MAKER UP quotes: bid=None ask=Some((0.87, 150.0)) (TP ask@0.87)
[2m2026-07-04T19:57:44.930633Z[0m [32m INFO[0m [2mpm_bot[0m[2m:[0m MAKER UP quotes: bid=None ask=Some((0.86, 150.0)) (TP ask@0.86)
[2m2026-07-04T19:57:49.930637Z[0m [32m INFO[0m [2mpm_bot[0m[2m:[0m MAKER UP quotes: bid=None ask=Some((0.87, 150.0)) (TP ask@0.87)
[2m2026-07-04T19:57:53.180380Z[0m [32m INFO[0m [2mpm_bot[0m[2m:[0m MAKER UP quotes: bid=None ask=Some((0.91, 150.0)) (TP ask@0.91)
[2m2026-07-04T19:57:54.930549Z[0m [32m INFO[0m [2mpm_bot[0m[2m:[0m MAKER UP quotes: bid=None ask=Some((0.92, 150.0)) (TP ask@0.92)
[2m2026-07-04T19:57:55.930796Z[0m [32m INFO[0m [2mpm_bot[0m[2m:[0m MAKER UP quotes: bid=None ask=Some((0.93, 150.0)) (TP ask@0.93)
[2m2026-07-04T19:57:56.679843Z[0m [32m INFO[0m [2mpm_bot[0m[2m:[0m MAKER UP quotes: bid=None ask=Some((0.92, 150.0)) (TP ask@0.92)
[2m2026-07-04T19:57:58.180626Z[0m [32m INFO[0m [2mpm_bot[0m[2m:[0m MAKER UP quotes: bid=None ask=Some((0.94, 150.0)) (TP ask@0.94)
[2m2026-07-04T19:58:00.430647Z[0m [32m INFO[0m [2mpm_bot[0m[2m:[0m MAKER UP quotes: bid=None ask=Some((0.93, 150.0)) (TP ask@0.93)
[2m2026-07-04T19:58:01.430291Z[0m [32m INFO[0m [2mpm_bot[0m[2m:[0m MAKER UP quotes: bid=None ask=Some((0.92, 150.0)) (TP ask@0.92)
[2m2026-07-04T19:58:03.430329Z[0m [32m INFO[0m [2mpm_bot[0m[2m:[0m MAKER UP quotes: bid=None ask=Some((0.95, 150.0)) (TP ask@0.95)
[2m2026-07-04T19:58:05.180192Z[0m [32m INFO[0m [2mpm_bot[0m[2m:[0m MAKER UP quotes: bid=None ask=Some((0.94, 150.0)) (TP ask@0.94)
[2m2026-07-04T19:58:06.180236Z[0m [32m INFO[0m [2mpm_bot[0m[2m:[0m MAKER UP quotes: bid=None ask=Some((0.93, 150.0)) (TP ask@0.93)
[2m2026-07-04T19:58:07.430692Z[0m [32m INFO[0m [2mpm_bot[0m[2m:[0m MAKER UP quotes: bid=None ask=Some((0.92, 150.0)) (TP ask@0.92)
[2m2026-07-04T19:58:09.680330Z[0m [32m INFO[0m [2mpm_bot[0m[2m:[0m MAKER UP quotes: bid=None ask=Some((0.93, 150.0)) (TP ask@0.93)
[2m2026-07-04T19:58:12.430475Z[0m [32m INFO[0m [2mpm_bot[0m[2m:[0m MAKER UP quotes: bid=None ask=Some((0.95, 150.0)) (TP ask@0.95)
[2m2026-07-04T19:58:17.680135Z[0m [32m INFO[0m [2mpm_bot[0m[2m:[0m MAKER UP quotes: bid=None ask=Some((0.96, 150.0)) (TP ask@0.96)
[2m2026-07-04T19:58:22.180800Z[0m [32m INFO[0m [2mpm_bot[0m[2m:[0m MAKER UP quotes: bid=None ask=Some((0.97, 150.0)) (TP ask@0.97)
[2m2026-07-04T19:58:26.179845Z[0m [32m INFO[0m [2mpm_bot[0m[2m:[0m MAKER UP quotes: bid=None ask=Some((0.98, 150.0)) (TP ask@0.98)
[2m2026-07-04T19:58:27.430376Z[0m [32m INFO[0m [2mpm_bot[0m[2m:[0m MAKER UP quotes: bid=None ask=Some((0.99, 150.0)) (TP ask@0.99)
[2m2026-07-04T19:58:28.429839Z[0m [32m INFO[0m [2mpm_bot[0m[2m:[0m MAKER UP quotes: bid=None ask=Some((0.98, 150.0)) (TP ask@0.98)
[2m2026-07-04T19:58:29.680095Z[0m [32m INFO[0m [2mpm_bot[0m[2m:[0m MAKER UP quotes: bid=None ask=Some((0.99, 150.0)) (TP ask@0.99)
[2m2026-07-04T19:58:30.180775Z[0m [32m INFO[0m [2mpm_bot[0m[2m:[0m MAKER UP quotes: bid=None ask=Some((0.98, 150.0)) (TP ask@0.98)
[2m2026-07-04T19:58:34.430340Z[0m [32m INFO[0m [2mpm_bot[0m[2m:[0m MAKER UP quotes: bid=None ask=Some((0.97, 150.0)) (TP ask@0.97)
[2m2026-07-04T19:58:35.430695Z[0m [32m INFO[0m [2mpm_bot[0m[2m:[0m MAKER UP quotes: bid=None ask=Some((0.96, 150.0)) (TP ask@0.96)
[2m2026-07-04T19:58:37.430167Z[0m [32m INFO[0m [2mpm_bot[0m[2m:[0m MAKER UP quotes: bid=None ask=Some((0.95, 150.0)) (TP ask@0.95)
[2m2026-07-04T19:58:40.180264Z[0m [32m INFO[0m [2mexecution[0m[2m:[0m [DRY-RUN] dryrun-31 Sell 50138049 x 150 @ 0.860 (Fak)
