[corpus] 46 tranches, mode=student
679924 événements chargés depuis 1 journal(aux)
table de calibration → /home/clementbondaz-sanson/Documents/Projet code/rustfactor/polymarket-btc5m-bot/analysis/out/calib_student.json
[1/46 run_20260704T180831] backtest: PnL total = +0.00 $ | fenêtres=7 | entrées taker=0 | fills maker=0
[1/46 run_20260704T180831] backtest: Brier(p calibré) = 0.1660 sur 1516 échantillons (réf. marché ≈ 0.17) | calibration: 88 obs / 5 fenêtres
410095 événements chargés depuis 1 journal(aux)
table de calibration → /home/clementbondaz-sanson/Documents/Projet code/rustfactor/polymarket-btc5m-bot/analysis/out/calib_student.json
[2/46 run_v2_20260704T183845] backtest: PnL total = +75.44 $ | fenêtres=5 | entrées taker=1 | fills maker=0
[2/46 run_v2_20260704T183845] backtest: Brier(p calibré) = 0.2636 sur 906 échantillons (réf. marché ≈ 0.17) | calibration: 131 obs / 8 fenêtres
373422 événements chargés depuis 2 journal(aux)
table de calibration → /home/clementbondaz-sanson/Documents/Projet code/rustfactor/polymarket-btc5m-bot/analysis/out/calib_student.json
[3/46 run_v3_20260704T185839] backtest: PnL total = +0.00 $ | fenêtres=5 | entrées taker=0 | fills maker=0
[3/46 run_v3_20260704T185839] backtest: Brier(p calibré) = 0.1881 sur 909 échantillons (réf. marché ≈ 0.17) | calibration: 173 obs / 12 fenêtres
809639 événements chargés depuis 1 journal(aux)
table de calibration → /home/clementbondaz-sanson/Documents/Projet code/rustfactor/polymarket-btc5m-bot/analysis/out/calib_student.json
[4/46 run_v4_20260704T192609] backtest: PnL total = +0.00 $ | fenêtres=7 | entrées taker=0 | fills maker=0
[4/46 run_v4_20260704T192609] backtest: Brier(p calibré) = 0.1902 sur 1738 échantillons (réf. marché ≈ 0.17) | calibration: 260 obs / 18 fenêtres
809401 événements chargés depuis 1 journal(aux)
table de calibration → /home/clementbondaz-sanson/Documents/Projet code/rustfactor/polymarket-btc5m-bot/analysis/out/calib_student.json
[5/46 run_v5_20260704T211431] backtest: PnL total = +0.00 $ | fenêtres=8 | entrées taker=0 | fills maker=0
[5/46 run_v5_20260704T211431] backtest: Brier(p calibré) = 0.1968 sur 1934 échantillons (réf. marché ≈ 0.17) | calibration: 344 obs / 25 fenêtres
803 événements chargés depuis 1 journal(aux)
table de calibration → /home/clementbondaz-sanson/Documents/Projet code/rustfactor/polymarket-btc5m-bot/analysis/out/calib_student.json
[6/46 camp_20260704T221640] backtest: PnL total = +0.00 $ | fenêtres=1 | entrées taker=0 | fills maker=0
26155 événements chargés depuis 2 journal(aux)
table de calibration → /home/clementbondaz-sanson/Documents/Projet code/rustfactor/polymarket-btc5m-bot/analysis/out/calib_student.json
[7/46 camp_20260704T221851] backtest: PnL total = +0.00 $ | fenêtres=11 | entrées taker=0 | fills maker=0
[7/46 camp_20260704T221851] backtest: Brier(p calibré) = 0.0949 sur 30 échantillons (réf. marché ≈ 0.17) | calibration: 345 obs / 26 fenêtres
27951 événements chargés depuis 2 journal(aux)
table de calibration → /home/clementbondaz-sanson/Documents/Projet code/rustfactor/polymarket-btc5m-bot/analysis/out/calib_student.json
[8/46 camp_20260704T231442] backtest: PnL total = +1560.92 $ | fenêtres=11 | entrées taker=9 | fills maker=0
[8/46 camp_20260704T231442] backtest: Brier(p calibré) = 0.1619 sur 2940 échantillons (réf. marché ≈ 0.17) | calibration: 520 obs / 36 fenêtres
16917 événements chargés depuis 1 journal(aux)
table de calibration → /home/clementbondaz-sanson/Documents/Projet code/rustfactor/polymarket-btc5m-bot/analysis/out/calib_student.json
[9/46 camp_20260705T000456] backtest: PnL total = +660.20 $ | fenêtres=7 | entrées taker=4 | fills maker=0
[9/46 camp_20260705T000456] backtest: Brier(p calibré) = 0.1811 sur 1625 échantillons (réf. marché ≈ 0.17) | calibration: 599 obs / 42 fenêtres
26032 événements chargés depuis 2 journal(aux)
table de calibration → /home/clementbondaz-sanson/Documents/Projet code/rustfactor/polymarket-btc5m-bot/analysis/out/calib_student.json
[10/46 camp_20260705T003233] backtest: PnL total = +848.80 $ | fenêtres=11 | entrées taker=4 | fills maker=0
[10/46 camp_20260705T003233] backtest: Brier(p calibré) = 0.2021 sur 2479 échantillons (réf. marché ≈ 0.17) | calibration: 710 obs / 51 fenêtres
23570 événements chargés depuis 2 journal(aux)
table de calibration → /home/clementbondaz-sanson/Documents/Projet code/rustfactor/polymarket-btc5m-bot/analysis/out/calib_student.json
[11/46 camp_20260705T012246] backtest: PnL total = +783.71 $ | fenêtres=11 | entrées taker=4 | fills maker=0
[11/46 camp_20260705T012246] backtest: Brier(p calibré) = 0.1349 sur 2789 échantillons (réf. marché ≈ 0.17) | calibration: 842 obs / 61 fenêtres
24575 événements chargés depuis 2 journal(aux)
table de calibration → /home/clementbondaz-sanson/Documents/Projet code/rustfactor/polymarket-btc5m-bot/analysis/out/calib_student.json
[12/46 camp_20260705T021300] backtest: PnL total = +381.73 $ | fenêtres=11 | entrées taker=4 | fills maker=0
[12/46 camp_20260705T021300] backtest: Brier(p calibré) = 0.2800 sur 2834 échantillons (réf. marché ≈ 0.17) | calibration: 980 obs / 71 fenêtres
20435 événements chargés depuis 1 journal(aux)
table de calibration → /home/clementbondaz-sanson/Documents/Projet code/rustfactor/polymarket-btc5m-bot/analysis/out/calib_student.json
[13/46 camp_20260705T030315] backtest: PnL total = +1252.21 $ | fenêtres=11 | entrées taker=6 | fills maker=0
[13/46 camp_20260705T030315] backtest: Brier(p calibré) = 0.1416 sur 2825 échantillons (réf. marché ≈ 0.17) | calibration: 1101 obs / 81 fenêtres
23942 événements chargés depuis 2 journal(aux)
table de calibration → /home/clementbondaz-sanson/Documents/Projet code/rustfactor/polymarket-btc5m-bot/analysis/out/calib_student.json
[14/46 camp_20260705T035327] backtest: PnL total = +1221.87 $ | fenêtres=11 | entrées taker=6 | fills maker=0
[14/46 camp_20260705T035327] backtest: Brier(p calibré) = 0.1623 sur 2866 échantillons (réf. marché ≈ 0.17) | calibration: 1222 obs / 91 fenêtres
22777 événements chargés depuis 2 journal(aux)
table de calibration → /home/clementbondaz-sanson/Documents/Projet code/rustfactor/polymarket-btc5m-bot/analysis/out/calib_student.json
[15/46 camp_20260705T044341] backtest: PnL total = +1167.24 $ | fenêtres=11 | entrées taker=7 | fills maker=0
[15/46 camp_20260705T044341] backtest: Brier(p calibré) = 0.1404 sur 2869 échantillons (réf. marché ≈ 0.17) | calibration: 1338 obs / 101 fenêtres
14407 événements chargés depuis 2 journal(aux)
table de calibration → /home/clementbondaz-sanson/Documents/Projet code/rustfactor/polymarket-btc5m-bot/analysis/out/calib_student.json
[16/46 camp_20260705T053353] backtest: PnL total = +855.73 $ | fenêtres=8 | entrées taker=4 | fills maker=0
[16/46 camp_20260705T053353] backtest: Brier(p calibré) = 0.1336 sur 1883 échantillons (réf. marché ≈ 0.17) | calibration: 1433 obs / 108 fenêtres
21800 événements chargés depuis 2 journal(aux)
table de calibration → /home/clementbondaz-sanson/Documents/Projet code/rustfactor/polymarket-btc5m-bot/analysis/out/calib_student.json
[17/46 camp_20260705T061720] backtest: PnL total = +0.00 $ | fenêtres=11 | entrées taker=0 | fills maker=0
[17/46 camp_20260705T061720] backtest: Brier(p calibré) = 0.0897 sur 46 échantillons (réf. marché ≈ 0.17) | calibration: 1436 obs / 109 fenêtres
0 événements chargés depuis 1 journal(aux)
table de calibration → /home/clementbondaz-sanson/Documents/Projet code/rustfactor/polymarket-btc5m-bot/analysis/out/calib_student.json
[18/46 camp_20260705T062402] backtest: PnL total = -0.00 $ | fenêtres=0 | entrées taker=0 | fills maker=0
23912 événements chargés depuis 1 journal(aux)
table de calibration → /home/clementbondaz-sanson/Documents/Projet code/rustfactor/polymarket-btc5m-bot/analysis/out/calib_student.json
[19/46 camp_20260705T070733] backtest: PnL total = +475.44 $ | fenêtres=11 | entrées taker=5 | fills maker=0
[19/46 camp_20260705T070733] backtest: Brier(p calibré) = 0.1641 sur 2785 échantillons (réf. marché ≈ 0.17) | calibration: 1562 obs / 118 fenêtres
0 événements chargés depuis 1 journal(aux)
table de calibration → /home/clementbondaz-sanson/Documents/Projet code/rustfactor/polymarket-btc5m-bot/analysis/out/calib_student.json
[20/46 camp_20260705T071403] backtest: PnL total = -0.00 $ | fenêtres=0 | entrées taker=0 | fills maker=0
24123 événements chargés depuis 2 journal(aux)
table de calibration → /home/clementbondaz-sanson/Documents/Projet code/rustfactor/polymarket-btc5m-bot/analysis/out/calib_student.json
[21/46 camp_20260705T075745] backtest: PnL total = +189.35 $ | fenêtres=11 | entrées taker=3 | fills maker=0
[21/46 camp_20260705T075745] backtest: Brier(p calibré) = 0.2528 sur 2658 échantillons (réf. marché ≈ 0.17) | calibration: 1693 obs / 127 fenêtres
0 événements chargés depuis 1 journal(aux)
table de calibration → /home/clementbondaz-sanson/Documents/Projet code/rustfactor/polymarket-btc5m-bot/analysis/out/calib_student.json
[22/46 camp_20260705T080404] backtest: PnL total = -0.00 $ | fenêtres=0 | entrées taker=0 | fills maker=0
21984 événements chargés depuis 2 journal(aux)
table de calibration → /home/clementbondaz-sanson/Documents/Projet code/rustfactor/polymarket-btc5m-bot/analysis/out/calib_student.json
[23/46 camp_20260705T084759] backtest: PnL total = +905.94 $ | fenêtres=11 | entrées taker=6 | fills maker=0
[23/46 camp_20260705T084759] backtest: Brier(p calibré) = 0.2290 sur 2829 échantillons (réf. marché ≈ 0.17) | calibration: 1778 obs / 136 fenêtres
0 événements chargés depuis 1 journal(aux)
table de calibration → /home/clementbondaz-sanson/Documents/Projet code/rustfactor/polymarket-btc5m-bot/analysis/out/calib_student.json
[24/46 camp_20260705T085406] backtest: PnL total = -0.00 $ | fenêtres=0 | entrées taker=0 | fills maker=0
24483 événements chargés depuis 2 journal(aux)
table de calibration → /home/clementbondaz-sanson/Documents/Projet code/rustfactor/polymarket-btc5m-bot/analysis/out/calib_student.json
[25/46 camp_20260705T093813] backtest: PnL total = +738.96 $ | fenêtres=11 | entrées taker=6 | fills maker=0
[25/46 camp_20260705T093813] backtest: Brier(p calibré) = 0.1823 sur 2848 échantillons (réf. marché ≈ 0.17) | calibration: 1935 obs / 146 fenêtres
0 événements chargés depuis 1 journal(aux)
table de calibration → /home/clementbondaz-sanson/Documents/Projet code/rustfactor/polymarket-btc5m-bot/analysis/out/calib_student.json
[26/46 camp_20260705T094407] backtest: PnL total = -0.00 $ | fenêtres=0 | entrées taker=0 | fills maker=0
20991 événements chargés depuis 2 journal(aux)
table de calibration → /home/clementbondaz-sanson/Documents/Projet code/rustfactor/polymarket-btc5m-bot/analysis/out/calib_student.json
[27/46 camp_20260705T102827] backtest: PnL total = +538.60 $ | fenêtres=11 | entrées taker=3 | fills maker=0
[27/46 camp_20260705T102827] backtest: Brier(p calibré) = 0.1848 sur 2858 échantillons (réf. marché ≈ 0.17) | calibration: 2029 obs / 155 fenêtres
0 événements chargés depuis 1 journal(aux)
table de calibration → /home/clementbondaz-sanson/Documents/Projet code/rustfactor/polymarket-btc5m-bot/analysis/out/calib_student.json
[28/46 camp_20260705T103408] backtest: PnL total = -0.00 $ | fenêtres=0 | entrées taker=0 | fills maker=0
24597 événements chargés depuis 2 journal(aux)
table de calibration → /home/clementbondaz-sanson/Documents/Projet code/rustfactor/polymarket-btc5m-bot/analysis/out/calib_student.json
[29/46 camp_20260705T111841] backtest: PnL total = +723.37 $ | fenêtres=11 | entrées taker=4 | fills maker=0
[29/46 camp_20260705T111841] backtest: Brier(p calibré) = 0.1910 sur 2871 échantillons (réf. marché ≈ 0.17) | calibration: 2102 obs / 163 fenêtres
0 événements chargés depuis 1 journal(aux)
table de calibration → /home/clementbondaz-sanson/Documents/Projet code/rustfactor/polymarket-btc5m-bot/analysis/out/calib_student.json
[30/46 camp_20260705T112410] backtest: PnL total = -0.00 $ | fenêtres=0 | entrées taker=0 | fills maker=0
22871 événements chargés depuis 1 journal(aux)
table de calibration → /home/clementbondaz-sanson/Documents/Projet code/rustfactor/polymarket-btc5m-bot/analysis/out/calib_student.json
[31/46 camp_20260705T120854] backtest: PnL total = +1119.87 $ | fenêtres=11 | entrées taker=6 | fills maker=0
[31/46 camp_20260705T120854] backtest: Brier(p calibré) = 0.1628 sur 2874 échantillons (réf. marché ≈ 0.17) | calibration: 2219 obs / 172 fenêtres
0 événements chargés depuis 1 journal(aux)
table de calibration → /home/clementbondaz-sanson/Documents/Projet code/rustfactor/polymarket-btc5m-bot/analysis/out/calib_student.json
[32/46 camp_20260705T121411] backtest: PnL total = -0.00 $ | fenêtres=0 | entrées taker=0 | fills maker=0
23875 événements chargés depuis 2 journal(aux)
table de calibration → /home/clementbondaz-sanson/Documents/Projet code/rustfactor/polymarket-btc5m-bot/analysis/out/calib_student.json
[33/46 camp_20260705T125907] backtest: PnL total = +984.28 $ | fenêtres=11 | entrées taker=7 | fills maker=0
[33/46 camp_20260705T125907] backtest: Brier(p calibré) = 0.1731 sur 2891 échantillons (réf. marché ≈ 0.17) | calibration: 2347 obs / 182 fenêtres
0 événements chargés depuis 1 journal(aux)
table de calibration → /home/clementbondaz-sanson/Documents/Projet code/rustfactor/polymarket-btc5m-bot/analysis/out/calib_student.json
[34/46 camp_20260705T130412] backtest: PnL total = -0.00 $ | fenêtres=0 | entrées taker=0 | fills maker=0
1159224 événements chargés depuis 2 journal(aux)
table de calibration → /home/clementbondaz-sanson/Documents/Projet code/rustfactor/polymarket-btc5m-bot/analysis/out/calib_student.json
[35/46 camp_20260705T204316] backtest: PnL total = -144.21 $ | fenêtres=11 | entrées taker=2 | fills maker=0
[35/46 camp_20260705T204316] backtest: Brier(p calibré) = 0.1863 sur 2873 échantillons (réf. marché ≈ 0.17) | calibration: 2466 obs / 191 fenêtres
1222702 événements chargés depuis 2 journal(aux)
table de calibration → /home/clementbondaz-sanson/Documents/Projet code/rustfactor/polymarket-btc5m-bot/analysis/out/calib_student.json
[36/46 camp_20260705T213329] backtest: PnL total = -164.67 $ | fenêtres=11 | entrées taker=2 | fills maker=0
[36/46 camp_20260705T213329] backtest: Brier(p calibré) = 0.1498 sur 2872 échantillons (réf. marché ≈ 0.17) | calibration: 2639 obs / 201 fenêtres
1418311 événements chargés depuis 2 journal(aux)
table de calibration → /home/clementbondaz-sanson/Documents/Projet code/rustfactor/polymarket-btc5m-bot/analysis/out/calib_student.json
[37/46 camp_20260705T222339] backtest: PnL total = +73.60 $ | fenêtres=11 | entrées taker=2 | fills maker=0
[37/46 camp_20260705T222339] backtest: Brier(p calibré) = 0.1340 sur 1903 échantillons (réf. marché ≈ 0.17) | calibration: 2788 obs / 208 fenêtres
1455668 événements chargés depuis 2 journal(aux)
table de calibration → /home/clementbondaz-sanson/Documents/Projet code/rustfactor/polymarket-btc5m-bot/analysis/out/calib_student.json
[38/46 camp_20260705T231354] backtest: PnL total = +78.26 $ | fenêtres=11 | entrées taker=3 | fills maker=0
[38/46 camp_20260705T231354] backtest: Brier(p calibré) = 0.1866 sur 2911 échantillons (réf. marché ≈ 0.17) | calibration: 2990 obs / 218 fenêtres
1435218 événements chargés depuis 1 journal(aux)
table de calibration → /home/clementbondaz-sanson/Documents/Projet code/rustfactor/polymarket-btc5m-bot/analysis/out/calib_student.json
[39/46 camp_20260706T000407] backtest: PnL total = +112.34 $ | fenêtres=11 | entrées taker=2 | fills maker=0
[39/46 camp_20260706T000407] backtest: Brier(p calibré) = 0.2183 sur 2921 échantillons (réf. marché ≈ 0.17) | calibration: 3186 obs / 228 fenêtres
1357915 événements chargés depuis 2 journal(aux)
table de calibration → /home/clementbondaz-sanson/Documents/Projet code/rustfactor/polymarket-btc5m-bot/analysis/out/calib_student.json
[40/46 camp_20260706T005420] backtest: PnL total = -110.76 $ | fenêtres=11 | entrées taker=2 | fills maker=0
[40/46 camp_20260706T005420] backtest: Brier(p calibré) = 0.1942 sur 2932 échantillons (réf. marché ≈ 0.17) | calibration: 3370 obs / 238 fenêtres
1395912 événements chargés depuis 2 journal(aux)
table de calibration → /home/clementbondaz-sanson/Documents/Projet code/rustfactor/polymarket-btc5m-bot/analysis/out/calib_student.json
[41/46 camp_20260706T014432] backtest: PnL total = +0.00 $ | fenêtres=11 | entrées taker=0 | fills maker=0
[41/46 camp_20260706T014432] backtest: Brier(p calibré) = 0.1096 sur 2949 échantillons (réf. marché ≈ 0.17) | calibration: 3554 obs / 248 fenêtres
1485229 événements chargés depuis 2 journal(aux)
table de calibration → /home/clementbondaz-sanson/Documents/Projet code/rustfactor/polymarket-btc5m-bot/analysis/out/calib_student.json
[42/46 camp_20260706T023444] backtest: PnL total = +0.00 $ | fenêtres=11 | entrées taker=0 | fills maker=0
[42/46 camp_20260706T023444] backtest: Brier(p calibré) = 0.2090 sur 2962 échantillons (réf. marché ≈ 0.17) | calibration: 3720 obs / 258 fenêtres
1340742 événements chargés depuis 2 journal(aux)
table de calibration → /home/clementbondaz-sanson/Documents/Projet code/rustfactor/polymarket-btc5m-bot/analysis/out/calib_student.json
[43/46 camp_20260706T032456] backtest: PnL total = +0.00 $ | fenêtres=11 | entrées taker=0 | fills maker=0
[43/46 camp_20260706T032456] backtest: Brier(p calibré) = 0.0830 sur 2971 échantillons (réf. marché ≈ 0.17) | calibration: 3911 obs / 268 fenêtres
1378376 événements chargés depuis 2 journal(aux)
table de calibration → /home/clementbondaz-sanson/Documents/Projet code/rustfactor/polymarket-btc5m-bot/analysis/out/calib_student.json
[44/46 camp_20260706T041508] backtest: PnL total = +0.00 $ | fenêtres=11 | entrées taker=0 | fills maker=0
[44/46 camp_20260706T041508] backtest: Brier(p calibré) = 0.1868 sur 2683 échantillons (réf. marché ≈ 0.17) | calibration: 4042 obs / 278 fenêtres
1514875 événements chargés depuis 1 journal(aux)
table de calibration → /home/clementbondaz-sanson/Documents/Projet code/rustfactor/polymarket-btc5m-bot/analysis/out/calib_student.json
[45/46 camp_20260706T050519] backtest: PnL total = -213.51 $ | fenêtres=11 | entrées taker=1 | fills maker=0
[45/46 camp_20260706T050519] backtest: Brier(p calibré) = 0.2735 sur 2696 échantillons (réf. marché ≈ 0.17) | calibration: 4181 obs / 288 fenêtres
1316890 événements chargés depuis 2 journal(aux)
table de calibration → /home/clementbondaz-sanson/Documents/Projet code/rustfactor/polymarket-btc5m-bot/analysis/out/calib_student.json
[46/46 camp_20260706T055532] backtest: PnL total = -214.32 $ | fenêtres=11 | entrées taker=1 | fills maker=0
[46/46 camp_20260706T055532] backtest: Brier(p calibré) = 0.2483 sur 2711 échantillons (réf. marché ≈ 0.17) | calibration: 4308 obs / 298 fenêtres
[corpus] terminé
