[corpus] 17 tranches, mode=dist50
679924 événements chargés depuis 1 journal(aux)
table de calibration → /home/clementbondaz-sanson/Documents/Projet code/rustfactor/polymarket-btc5m-bot/analysis/out/calib_dist50.json
[1/17 run_20260704T180831] backtest: PnL total = +0.00 $ | fenêtres=7 | entrées taker=0 | fills maker=0
[1/17 run_20260704T180831] backtest: Brier(p calibré) = 0.1660 sur 1516 échantillons (réf. marché ≈ 0.17) | calibration: 88 obs / 5 fenêtres
410095 événements chargés depuis 1 journal(aux)
table de calibration → /home/clementbondaz-sanson/Documents/Projet code/rustfactor/polymarket-btc5m-bot/analysis/out/calib_dist50.json
[2/17 run_v2_20260704T183845] backtest: PnL total = +0.00 $ | fenêtres=5 | entrées taker=0 | fills maker=0
[2/17 run_v2_20260704T183845] backtest: Brier(p calibré) = 0.2636 sur 906 échantillons (réf. marché ≈ 0.17) | calibration: 131 obs / 8 fenêtres
373422 événements chargés depuis 2 journal(aux)
table de calibration → /home/clementbondaz-sanson/Documents/Projet code/rustfactor/polymarket-btc5m-bot/analysis/out/calib_dist50.json
[3/17 run_v3_20260704T185839] backtest: PnL total = +0.00 $ | fenêtres=5 | entrées taker=0 | fills maker=0
[3/17 run_v3_20260704T185839] backtest: Brier(p calibré) = 0.1881 sur 909 échantillons (réf. marché ≈ 0.17) | calibration: 173 obs / 12 fenêtres
809639 événements chargés depuis 1 journal(aux)
table de calibration → /home/clementbondaz-sanson/Documents/Projet code/rustfactor/polymarket-btc5m-bot/analysis/out/calib_dist50.json
[4/17 run_v4_20260704T192609] backtest: PnL total = +0.00 $ | fenêtres=7 | entrées taker=0 | fills maker=0
[4/17 run_v4_20260704T192609] backtest: Brier(p calibré) = 0.1902 sur 1738 échantillons (réf. marché ≈ 0.17) | calibration: 260 obs / 18 fenêtres
809401 événements chargés depuis 1 journal(aux)
table de calibration → /home/clementbondaz-sanson/Documents/Projet code/rustfactor/polymarket-btc5m-bot/analysis/out/calib_dist50.json
[5/17 run_v5_20260704T211431] backtest: PnL total = +0.00 $ | fenêtres=8 | entrées taker=0 | fills maker=0
[5/17 run_v5_20260704T211431] backtest: Brier(p calibré) = 0.1968 sur 1934 échantillons (réf. marché ≈ 0.17) | calibration: 344 obs / 25 fenêtres
1159224 événements chargés depuis 2 journal(aux)
table de calibration → /home/clementbondaz-sanson/Documents/Projet code/rustfactor/polymarket-btc5m-bot/analysis/out/calib_dist50.json
[6/17 camp_20260705T204316] backtest: PnL total = +0.00 $ | fenêtres=11 | entrées taker=0 | fills maker=0
[6/17 camp_20260705T204316] backtest: Brier(p calibré) = 0.1885 sur 2873 échantillons (réf. marché ≈ 0.17) | calibration: 463 obs / 34 fenêtres
1222702 événements chargés depuis 2 journal(aux)
table de calibration → /home/clementbondaz-sanson/Documents/Projet code/rustfactor/polymarket-btc5m-bot/analysis/out/calib_dist50.json
[7/17 camp_20260705T213329] backtest: PnL total = -200.13 $ | fenêtres=11 | entrées taker=1 | fills maker=0
[7/17 camp_20260705T213329] backtest: Brier(p calibré) = 0.1482 sur 2872 échantillons (réf. marché ≈ 0.17) | calibration: 636 obs / 44 fenêtres
1418311 événements chargés depuis 2 journal(aux)
table de calibration → /home/clementbondaz-sanson/Documents/Projet code/rustfactor/polymarket-btc5m-bot/analysis/out/calib_dist50.json
[8/17 camp_20260705T222339] backtest: PnL total = +77.17 $ | fenêtres=11 | entrées taker=2 | fills maker=0
[8/17 camp_20260705T222339] backtest: Brier(p calibré) = 0.1375 sur 1903 échantillons (réf. marché ≈ 0.17) | calibration: 785 obs / 51 fenêtres
1455668 événements chargés depuis 2 journal(aux)
table de calibration → /home/clementbondaz-sanson/Documents/Projet code/rustfactor/polymarket-btc5m-bot/analysis/out/calib_dist50.json
[9/17 camp_20260705T231354] backtest: PnL total = +58.07 $ | fenêtres=11 | entrées taker=2 | fills maker=0
[9/17 camp_20260705T231354] backtest: Brier(p calibré) = 0.1873 sur 2911 échantillons (réf. marché ≈ 0.17) | calibration: 987 obs / 61 fenêtres
1435218 événements chargés depuis 1 journal(aux)
table de calibration → /home/clementbondaz-sanson/Documents/Projet code/rustfactor/polymarket-btc5m-bot/analysis/out/calib_dist50.json
[10/17 camp_20260706T000407] backtest: PnL total = +34.27 $ | fenêtres=11 | entrées taker=1 | fills maker=0
[10/17 camp_20260706T000407] backtest: Brier(p calibré) = 0.2226 sur 2921 échantillons (réf. marché ≈ 0.17) | calibration: 1183 obs / 71 fenêtres
1357915 événements chargés depuis 2 journal(aux)
table de calibration → /home/clementbondaz-sanson/Documents/Projet code/rustfactor/polymarket-btc5m-bot/analysis/out/calib_dist50.json
[11/17 camp_20260706T005420] backtest: PnL total = -137.57 $ | fenêtres=11 | entrées taker=2 | fills maker=0
[11/17 camp_20260706T005420] backtest: Brier(p calibré) = 0.1992 sur 2932 échantillons (réf. marché ≈ 0.17) | calibration: 1367 obs / 81 fenêtres
1395912 événements chargés depuis 2 journal(aux)
table de calibration → /home/clementbondaz-sanson/Documents/Projet code/rustfactor/polymarket-btc5m-bot/analysis/out/calib_dist50.json
[12/17 camp_20260706T014432] backtest: PnL total = +0.00 $ | fenêtres=11 | entrées taker=0 | fills maker=0
[12/17 camp_20260706T014432] backtest: Brier(p calibré) = 0.1086 sur 2949 échantillons (réf. marché ≈ 0.17) | calibration: 1551 obs / 91 fenêtres
1485229 événements chargés depuis 2 journal(aux)
table de calibration → /home/clementbondaz-sanson/Documents/Projet code/rustfactor/polymarket-btc5m-bot/analysis/out/calib_dist50.json
[13/17 camp_20260706T023444] backtest: PnL total = +0.00 $ | fenêtres=11 | entrées taker=0 | fills maker=0
[13/17 camp_20260706T023444] backtest: Brier(p calibré) = 0.2095 sur 2962 échantillons (réf. marché ≈ 0.17) | calibration: 1717 obs / 101 fenêtres
1340742 événements chargés depuis 2 journal(aux)
table de calibration → /home/clementbondaz-sanson/Documents/Projet code/rustfactor/polymarket-btc5m-bot/analysis/out/calib_dist50.json
[14/17 camp_20260706T032456] backtest: PnL total = +0.00 $ | fenêtres=11 | entrées taker=0 | fills maker=0
[14/17 camp_20260706T032456] backtest: Brier(p calibré) = 0.0825 sur 2971 échantillons (réf. marché ≈ 0.17) | calibration: 1908 obs / 111 fenêtres
1378376 événements chargés depuis 2 journal(aux)
table de calibration → /home/clementbondaz-sanson/Documents/Projet code/rustfactor/polymarket-btc5m-bot/analysis/out/calib_dist50.json
[15/17 camp_20260706T041508] backtest: PnL total = +0.00 $ | fenêtres=11 | entrées taker=0 | fills maker=0
[15/17 camp_20260706T041508] backtest: Brier(p calibré) = 0.1874 sur 2683 échantillons (réf. marché ≈ 0.17) | calibration: 2039 obs / 121 fenêtres
1514875 événements chargés depuis 1 journal(aux)
table de calibration → /home/clementbondaz-sanson/Documents/Projet code/rustfactor/polymarket-btc5m-bot/analysis/out/calib_dist50.json
[16/17 camp_20260706T050519] backtest: PnL total = +0.00 $ | fenêtres=11 | entrées taker=0 | fills maker=0
[16/17 camp_20260706T050519] backtest: Brier(p calibré) = 0.2691 sur 2696 échantillons (réf. marché ≈ 0.17) | calibration: 2178 obs / 131 fenêtres
1316890 événements chargés depuis 2 journal(aux)
table de calibration → /home/clementbondaz-sanson/Documents/Projet code/rustfactor/polymarket-btc5m-bot/analysis/out/calib_dist50.json
[17/17 camp_20260706T055532] backtest: PnL total = +0.00 $ | fenêtres=11 | entrées taker=0 | fills maker=0
[17/17 camp_20260706T055532] backtest: Brier(p calibré) = 0.2474 sur 2711 échantillons (réf. marché ≈ 0.17) | calibration: 2305 obs / 141 fenêtres
[corpus] terminé
