[2m2026-07-05T03:03:15.012269Z[0m [32m INFO[0m [2mpm_bot[0m[2m:[0m pm-bot démarre (PAPER mode) — archives: /home/user/rustfactor/polymarket-btc5m-bot/data_v2/camp_20260705T030315
[2m2026-07-05T03:03:15.017043Z[0m [32m INFO[0m [2mpm_bot[0m[2m:[0m aucun fichier de config (./config.toml) — défauts calibrés
[2m2026-07-05T03:03:15.017146Z[0m [32m INFO[0m [2mpm_bot[0m[2m:[0m [config] [taker]
[2m2026-07-05T03:03:15.017149Z[0m [32m INFO[0m [2mpm_bot[0m[2m:[0m [config] min_edge = 0.06
[2m2026-07-05T03:03:15.017151Z[0m [32m INFO[0m [2mpm_bot[0m[2m:[0m [config] min_abs_z = 2.5
[2m2026-07-05T03:03:15.017152Z[0m [32m INFO[0m [2mpm_bot[0m[2m:[0m [config] min_strike_confidence = 0.8
[2m2026-07-05T03:03:15.017154Z[0m [32m INFO[0m [2mpm_bot[0m[2m:[0m [config] max_spot_age_ms = 3000
[2m2026-07-05T03:03:15.017155Z[0m [32m INFO[0m [2mpm_bot[0m[2m:[0m [config] min_elapsed_s = 10.0
[2m2026-07-05T03:03:15.017157Z[0m [32m INFO[0m [2mpm_bot[0m[2m:[0m [config] min_tau_s = 3.0
[2m2026-07-05T03:03:15.017158Z[0m [32m INFO[0m [2mpm_bot[0m[2m:[0m [config] cost_buffer = 0.01
[2m2026-07-05T03:03:15.017159Z[0m [32m INFO[0m [2mpm_bot[0m[2m:[0m [config] kelly_fraction = 0.25
[2m2026-07-05T03:03:15.017161Z[0m [32m INFO[0m [2mpm_bot[0m[2m:[0m [config] bankroll = 1000.0
[2m2026-07-05T03:03:15.017162Z[0m [32m INFO[0m [2mpm_bot[0m[2m:[0m [config] max_notional = 250.0
[2m2026-07-05T03:03:15.017164Z[0m [32m INFO[0m [2mpm_bot[0m[2m:[0m [config] max_slippage = 0.02
[2m2026-07-05T03:03:15.017165Z[0m [32m INFO[0m [2mpm_bot[0m[2m:[0m [config] max_entry_price = 0.75
[2m2026-07-05T03:03:15.017167Z[0m [32m INFO[0m [2mpm_bot[0m[2m:[0m [config] 
[2m2026-07-05T03:03:15.017168Z[0m [32m INFO[0m [2mpm_bot[0m[2m:[0m [config] [maker]
[2m2026-07-05T03:03:15.017169Z[0m [32m INFO[0m [2mpm_bot[0m[2m:[0m [config] min_quote_price = 0.15
[2m2026-07-05T03:03:15.017171Z[0m [32m INFO[0m [2mpm_bot[0m[2m:[0m [config] max_quote_price = 0.85
[2m2026-07-05T03:03:15.017172Z[0m [32m INFO[0m [2mpm_bot[0m[2m:[0m [config] edge_margin = 0.03
[2m2026-07-05T03:03:15.017173Z[0m [32m INFO[0m [2mpm_bot[0m[2m:[0m [config] take_profit = 0.08
[2m2026-07-05T03:03:15.017174Z[0m [32m INFO[0m [2mpm_bot[0m[2m:[0m [config] stop_loss = 0.1
[2m2026-07-05T03:03:15.017176Z[0m [32m INFO[0m [2mpm_bot[0m[2m:[0m [config] quote_size = 50.0
[2m2026-07-05T03:03:15.017177Z[0m [32m INFO[0m [2mpm_bot[0m[2m:[0m [config] max_inventory = 150.0
[2m2026-07-05T03:03:15.017178Z[0m [32m INFO[0m [2mpm_bot[0m[2m:[0m [config] min_tau_open_s = 60.0
[2m2026-07-05T03:03:15.017180Z[0m [32m INFO[0m [2mpm_bot[0m[2m:[0m [config] min_tau_flat_s = 25.0
[2m2026-07-05T03:03:15.017181Z[0m [32m INFO[0m [2mpm_bot[0m[2m:[0m [config] max_abs_z_quote = 2.5
[2m2026-07-05T03:03:15.017182Z[0m [32m INFO[0m [2mpm_bot[0m[2m:[0m [config] sigma_panic_per_sqrt_s = 0.0005
[2m2026-07-05T03:03:15.017184Z[0m [32m INFO[0m [2mpm_bot[0m[2m:[0m [config] min_strike_confidence = 0.8
[2m2026-07-05T03:03:15.017185Z[0m [32m INFO[0m [2mpm_bot[0m[2m:[0m [config] max_spot_age_ms = 3000
[2m2026-07-05T03:03:15.017186Z[0m [32m INFO[0m [2mpm_bot[0m[2m:[0m [config] 
[2m2026-07-05T03:03:15.017187Z[0m [32m INFO[0m [2mpm_bot[0m[2m:[0m [config] [modele]
[2m2026-07-05T03:03:15.017189Z[0m [32m INFO[0m [2mpm_bot[0m[2m:[0m [config] sigma_floor_per_sqrt_s = 0.00005
[2m2026-07-05T03:03:15.017190Z[0m [32m INFO[0m [2mpm_bot[0m[2m:[0m [config] tau_floor_s = 1.0
[2m2026-07-05T03:03:15.017192Z[0m [32m INFO[0m [2mpm_bot[0m[2m:[0m [config] drift_snr_min = 0.25
[2m2026-07-05T03:03:15.017193Z[0m [32m INFO[0m [2mpm_bot[0m[2m:[0m [config] max_drift_z = 2.0
[2m2026-07-05T03:03:15.017194Z[0m [32m INFO[0m [2mpm_bot[0m[2m:[0m [config] 
[2m2026-07-05T03:03:15.017195Z[0m [32m INFO[0m [2mpm_bot[0m[2m:[0m [config] [volatilite]
[2m2026-07-05T03:03:15.017197Z[0m [32m INFO[0m [2mpm_bot[0m[2m:[0m [config] ewma_half_life_s = 60.0
[2m2026-07-05T03:03:15.017204Z[0m [32m INFO[0m [2mpm_bot[0m[2m:[0m [config] retention_s = 1800
[2m2026-07-05T03:03:15.017206Z[0m [32m INFO[0m [2mpm_bot[0m[2m:[0m [config] min_dt_ms = 10
[2m2026-07-05T03:03:15.017207Z[0m [32m INFO[0m [2mpm_bot[0m[2m:[0m [config] 
[2m2026-07-05T03:03:15.017208Z[0m [32m INFO[0m [2mpm_bot[0m[2m:[0m [config] [moteur]
[2m2026-07-05T03:03:15.017209Z[0m [32m INFO[0m [2mpm_bot[0m[2m:[0m [config] decision_step_ms = 250
[2m2026-07-05T03:03:15.017211Z[0m [32m INFO[0m [2mpm_bot[0m[2m:[0m [config] watchdog_stale_ms = 6000
[2m2026-07-05T03:03:15.017212Z[0m [32m INFO[0m [2mpm_bot[0m[2m:[0m [config] clob_grace_s = 180
[2m2026-07-05T03:03:15.017213Z[0m [32m INFO[0m [2mpm_bot[0m[2m:[0m [config] gamma_lookahead = 5
[2m2026-07-05T03:03:15.017214Z[0m [32m INFO[0m [2mpm_bot[0m[2m:[0m [config] retention_ticks_s = 2400
[2m2026-07-05T03:03:15.446871Z[0m [32m INFO[0m [2mpm_bot[0m[2m:[0m fenêtre active: btc-updown-5m-1783220400 [1783220400000 → 1783220700000]
[2m2026-07-05T03:03:15.759515Z[0m [32m INFO[0m [2mpm_acquisition::rtds[0m[2m:[0m RTDS connecté
[2m2026-07-05T03:03:16.055453Z[0m [32m INFO[0m [2mpm_acquisition::clob[0m[2m:[0m CLOB connecté (up=78841710…, down=60345785…)
[2m2026-07-05T03:03:17.343770Z[0m [32m INFO[0m [2mpm_bot[0m[2m:[0m strike gelé: Some(62664.53272377906) (confidence=0.000, gap=Some(196000) ms)
[2m2026-07-05T03:05:02.381988Z[0m [32m INFO[0m [2mpm_bot[0m[2m:[0m RÈGLEMENT btc-updown-5m-1783220400 | strike=Some("62664.53") issue=Up (estimé) | PnL up=+0.00 down=+0.00 | taker=0 maker_fills=0 | PnL cumulé=+0.00
[2m2026-07-05T03:05:02.382019Z[0m [32m INFO[0m [2mpm_bot[0m[2m:[0m fenêtre active: btc-updown-5m-1783220700 [1783220700000 → 1783221000000]
[2m2026-07-05T03:05:02.382030Z[0m [32m INFO[0m [2mpm_bot[0m[2m:[0m strike gelé: Some(62694.45811824112) (confidence=1.000, gap=Some(0) ms)
[2m2026-07-05T03:05:03.006072Z[0m [32m INFO[0m [2mpm_acquisition::clob[0m[2m:[0m CLOB connecté (up=44581837…, down=94167050…)
[2m2026-07-05T03:06:30.183886Z[0m [32m INFO[0m [2mpm_bot[0m[2m:[0m résolution officielle btc-updown-5m-1783220400: Up — CONFIRME notre estimation ✓
[2m2026-07-05T03:06:30.183984Z[0m [32m INFO[0m [2mpm_acquisition::clob[0m[2m:[0m CLOB flux terminé (marché résolu/fermé)
[2m2026-07-05T03:10:02.409779Z[0m [32m INFO[0m [2mpm_bot[0m[2m:[0m RÈGLEMENT btc-updown-5m-1783220700 | strike=Some("62694.46") issue=Up (estimé) | PnL up=+0.00 down=+0.00 | taker=0 maker_fills=0 | PnL cumulé=+0.00
[2m2026-07-05T03:10:02.409894Z[0m [32m INFO[0m [2mpm_bot[0m[2m:[0m fenêtre active: btc-updown-5m-1783221000 [1783221000000 → 1783221300000]
[2m2026-07-05T03:10:02.409921Z[0m [32m INFO[0m [2mpm_bot[0m[2m:[0m strike gelé: Some(62708.81493) (confidence=1.000, gap=Some(0) ms)
[2m2026-07-05T03:10:03.035555Z[0m [32m INFO[0m [2mpm_acquisition::clob[0m[2m:[0m CLOB connecté (up=21173714…, down=45247677…)
[2m2026-07-05T03:11:24.297138Z[0m [32m INFO[0m [2mpm_bot[0m[2m:[0m résolution officielle btc-updown-5m-1783220700: Up — CONFIRME notre estimation ✓
[2m2026-07-05T03:11:24.297261Z[0m [32m INFO[0m [2mpm_acquisition::clob[0m[2m:[0m CLOB flux terminé (marché résolu/fermé)
[2m2026-07-05T03:14:49.518896Z[0m [33m WARN[0m [2mpm_acquisition::watchdog[0m[2m:[0m flux rtds stale (6426 ms de silence)
[2m2026-07-05T03:14:49.518966Z[0m [33m WARN[0m [2mpm_bot[0m[2m:[0m FEED STALE: rtds silencieux 6426 ms
[2m2026-07-05T03:14:50.760627Z[0m [33m WARN[0m [2mpm_acquisition::rtds[0m[2m:[0m RTDS silencieux 5948 ms → réabonnement
[2m2026-07-05T03:15:02.379960Z[0m [32m INFO[0m [2mpm_bot[0m[2m:[0m RÈGLEMENT btc-updown-5m-1783221000 | strike=Some("62708.81") issue=Up (estimé) | PnL up=+0.00 down=+0.00 | taker=0 maker_fills=0 | PnL cumulé=+0.00
[2m2026-07-05T03:15:02.379984Z[0m [32m INFO[0m [2mpm_bot[0m[2m:[0m fenêtre active: btc-updown-5m-1783221300 [1783221300000 → 1783221600000]
[2m2026-07-05T03:15:02.380016Z[0m [32m INFO[0m [2mpm_bot[0m[2m:[0m strike gelé: Some(62713.391222136976) (confidence=1.000, gap=Some(0) ms)
[2m2026-07-05T03:15:03.049372Z[0m [32m INFO[0m [2mpm_acquisition::clob[0m[2m:[0m CLOB connecté (up=72409939…, down=26398012…)
[2m2026-07-05T03:16:30.579787Z[0m [32m INFO[0m [2mpm_bot[0m[2m:[0m résolution officielle btc-updown-5m-1783221000: Up — CONFIRME notre estimation ✓
[2m2026-07-05T03:16:30.579859Z[0m [32m INFO[0m [2mpm_acquisition::clob[0m[2m:[0m CLOB flux terminé (marché résolu/fermé)
[2m2026-07-05T03:20:02.405766Z[0m [32m INFO[0m [2mpm_bot[0m[2m:[0m RÈGLEMENT btc-updown-5m-1783221300 | strike=Some("62713.39") issue=Down (estimé) | PnL up=+0.00 down=+0.00 | taker=0 maker_fills=0 | PnL cumulé=+0.00
[2m2026-07-05T03:20:02.405794Z[0m [32m INFO[0m [2mpm_bot[0m[2m:[0m fenêtre active: btc-updown-5m-1783221600 [1783221600000 → 1783221900000]
[2m2026-07-05T03:20:02.405813Z[0m [32m INFO[0m [2mpm_bot[0m[2m:[0m strike gelé: Some(62696.22716586674) (confidence=1.000, gap=Some(0) ms)
[2m2026-07-05T03:20:03.089215Z[0m [32m INFO[0m [2mpm_acquisition::clob[0m[2m:[0m CLOB connecté (up=72741270…, down=67602673…)
[2m2026-07-05T03:22:00.167993Z[0m [32m INFO[0m [2mpm_bot[0m[2m:[0m résolution officielle btc-updown-5m-1783221300: Down — CONFIRME notre estimation ✓
[2m2026-07-05T03:22:00.168097Z[0m [32m INFO[0m [2mpm_acquisition::clob[0m[2m:[0m CLOB flux terminé (marché résolu/fermé)
[2m2026-07-05T03:25:02.484743Z[0m [32m INFO[0m [2mpm_bot[0m[2m:[0m RÈGLEMENT btc-updown-5m-1783221600 | strike=Some("62696.23") issue=Down (estimé) | PnL up=+0.00 down=+0.00 | taker=0 maker_fills=0 | PnL cumulé=+0.00
[2m2026-07-05T03:25:02.484779Z[0m [32m INFO[0m [2mpm_bot[0m[2m:[0m fenêtre active: btc-updown-5m-1783221900 [1783221900000 → 1783222200000]
[2m2026-07-05T03:25:02.484832Z[0m [32m INFO[0m [2mpm_bot[0m[2m:[0m strike gelé: Some(62669.47669871328) (confidence=1.000, gap=Some(0) ms)
[2m2026-07-05T03:25:03.093646Z[0m [32m INFO[0m [2mpm_acquisition::clob[0m[2m:[0m CLOB connecté (up=95908630…, down=70076929…)
[2m2026-07-05T03:27:00.593941Z[0m [32m INFO[0m [2mpm_bot[0m[2m:[0m résolution officielle btc-updown-5m-1783221600: Down — CONFIRME notre estimation ✓
[2m2026-07-05T03:27:00.594042Z[0m [32m INFO[0m [2mpm_acquisition::clob[0m[2m:[0m CLOB flux terminé (marché résolu/fermé)
[2m2026-07-05T03:30:02.511084Z[0m [32m INFO[0m [2mpm_bot[0m[2m:[0m RÈGLEMENT btc-updown-5m-1783221900 | strike=Some("62669.48") issue=Down (estimé) | PnL up=+0.00 down=+0.00 | taker=0 maker_fills=0 | PnL cumulé=+0.00
[2m2026-07-05T03:30:02.511118Z[0m [32m INFO[0m [2mpm_bot[0m[2m:[0m fenêtre active: btc-updown-5m-1783222200 [1783222200000 → 1783222500000]
[2m2026-07-05T03:30:02.511154Z[0m [32m INFO[0m [2mpm_bot[0m[2m:[0m strike gelé: Some(62614.816145) (confidence=1.000, gap=Some(0) ms)
[2m2026-07-05T03:30:03.109892Z[0m [32m INFO[0m [2mpm_acquisition::clob[0m[2m:[0m CLOB connecté (up=57263066…, down=97768218…)
[2m2026-07-05T03:32:03.192883Z[0m [32m INFO[0m [2mpm_bot[0m[2m:[0m résolution officielle btc-updown-5m-1783221900: Down — CONFIRME notre estimation ✓
[2m2026-07-05T03:32:03.192963Z[0m [32m INFO[0m [2mpm_acquisition::clob[0m[2m:[0m CLOB flux terminé (marché résolu/fermé)
[2m2026-07-05T03:35:02.474368Z[0m [32m INFO[0m [2mpm_bot[0m[2m:[0m RÈGLEMENT btc-updown-5m-1783222200 | strike=Some("62614.82") issue=Up (estimé) | PnL up=+0.00 down=+0.00 | taker=0 maker_fills=0 | PnL cumulé=+0.00
[2m2026-07-05T03:35:02.474421Z[0m [32m INFO[0m [2mpm_bot[0m[2m:[0m fenêtre active: btc-updown-5m-1783222500 [1783222500000 → 1783222800000]
[2m2026-07-05T03:35:02.474455Z[0m [32m INFO[0m [2mpm_bot[0m[2m:[0m strike gelé: Some(62636.239865) (confidence=1.000, gap=Some(0) ms)
[2m2026-07-05T03:35:03.119460Z[0m [32m INFO[0m [2mpm_acquisition::clob[0m[2m:[0m CLOB connecté (up=10809301…, down=99746808…)
[2m2026-07-05T03:35:12.518061Z[0m [33m WARN[0m [2mpm_acquisition::watchdog[0m[2m:[0m flux rtds stale (6159 ms de silence)
[2m2026-07-05T03:35:12.518134Z[0m [33m WARN[0m [2mpm_bot[0m[2m:[0m FEED STALE: rtds silencieux 6159 ms
[2m2026-07-05T03:35:13.760256Z[0m [33m WARN[0m [2mpm_acquisition::rtds[0m[2m:[0m RTDS silencieux 6308 ms → réabonnement
[2m2026-07-05T03:36:30.325798Z[0m [32m INFO[0m [2mpm_bot[0m[2m:[0m résolution officielle btc-updown-5m-1783222200: Up — CONFIRME notre estimation ✓
[2m2026-07-05T03:36:30.325883Z[0m [32m INFO[0m [2mpm_acquisition::clob[0m[2m:[0m CLOB flux terminé (marché résolu/fermé)
[2m2026-07-05T03:40:02.448118Z[0m [32m INFO[0m [2mpm_bot[0m[2m:[0m RÈGLEMENT btc-updown-5m-1783222500 | strike=Some("62636.24") issue=Up (estimé) | PnL up=+0.00 down=+0.00 | taker=0 maker_fills=0 | PnL cumulé=+0.00
[2m2026-07-05T03:40:02.448152Z[0m [32m INFO[0m [2mpm_bot[0m[2m:[0m fenêtre active: btc-updown-5m-1783222800 [1783222800000 → 1783223100000]
[2m2026-07-05T03:40:02.448197Z[0m [32m INFO[0m [2mpm_bot[0m[2m:[0m strike gelé: Some(62711.803455) (confidence=1.000, gap=Some(0) ms)
[2m2026-07-05T03:40:02.977461Z[0m [32m INFO[0m [2mpm_acquisition::clob[0m[2m:[0m CLOB connecté (up=47613331…, down=51631014…)
[2m2026-07-05T03:41:34.087031Z[0m [32m INFO[0m [2mpm_bot[0m[2m:[0m résolution officielle btc-updown-5m-1783222500: Up — CONFIRME notre estimation ✓
[2m2026-07-05T03:41:34.087146Z[0m [32m INFO[0m [2mpm_acquisition::clob[0m[2m:[0m CLOB flux terminé (marché résolu/fermé)
[2m2026-07-05T03:45:02.378879Z[0m [32m INFO[0m [2mpm_bot[0m[2m:[0m RÈGLEMENT btc-updown-5m-1783222800 | strike=Some("62711.80") issue=Down (estimé) | PnL up=+0.00 down=+0.00 | taker=0 maker_fills=0 | PnL cumulé=+0.00
[2m2026-07-05T03:45:02.378917Z[0m [32m INFO[0m [2mpm_bot[0m[2m:[0m fenêtre active: btc-updown-5m-1783223100 [1783223100000 → 1783223400000]
[2m2026-07-05T03:45:02.378964Z[0m [32m INFO[0m [2mpm_bot[0m[2m:[0m strike gelé: Some(62681.164395) (confidence=1.000, gap=Some(0) ms)
[2m2026-07-05T03:45:03.039578Z[0m [32m INFO[0m [2mpm_acquisition::clob[0m[2m:[0m CLOB connecté (up=67738440…, down=21028135…)
[2m2026-07-05T03:46:24.655428Z[0m [32m INFO[0m [2mpm_bot[0m[2m:[0m résolution officielle btc-updown-5m-1783222800: Down — CONFIRME notre estimation ✓
[2m2026-07-05T03:46:24.655505Z[0m [32m INFO[0m [2mpm_acquisition::clob[0m[2m:[0m CLOB flux terminé (marché résolu/fermé)
[2m2026-07-05T03:49:13.518874Z[0m [33m WARN[0m [2mpm_acquisition::watchdog[0m[2m:[0m flux rtds stale (6370 ms de silence)
[2m2026-07-05T03:49:13.518948Z[0m [33m WARN[0m [2mpm_bot[0m[2m:[0m FEED STALE: rtds silencieux 6370 ms
[2m2026-07-05T03:49:14.760553Z[0m [33m WARN[0m [2mpm_acquisition::rtds[0m[2m:[0m RTDS silencieux 6493 ms → réabonnement
[2m2026-07-05T03:50:02.467091Z[0m [32m INFO[0m [2mpm_bot[0m[2m:[0m RÈGLEMENT btc-updown-5m-1783223100 | strike=Some("62681.16") issue=Up (estimé) | PnL up=+0.00 down=+0.00 | taker=0 maker_fills=0 | PnL cumulé=+0.00
[2m2026-07-05T03:50:02.467121Z[0m [32m INFO[0m [2mpm_bot[0m[2m:[0m fenêtre active: btc-updown-5m-1783223400 [1783223400000 → 1783223700000]
[2m2026-07-05T03:50:02.467166Z[0m [32m INFO[0m [2mpm_bot[0m[2m:[0m strike gelé: Some(62715.76887) (confidence=1.000, gap=Some(0) ms)
[2m2026-07-05T03:50:03.054607Z[0m [32m INFO[0m [2mpm_acquisition::clob[0m[2m:[0m CLOB connecté (up=22207945…, down=97531503…)
[2m2026-07-05T03:51:33.820338Z[0m [32m INFO[0m [2mpm_bot[0m[2m:[0m résolution officielle btc-updown-5m-1783223100: Up — CONFIRME notre estimation ✓
[2m2026-07-05T03:51:33.820404Z[0m [32m INFO[0m [2mpm_acquisition::clob[0m[2m:[0m CLOB flux terminé (marché résolu/fermé)
