[2m2026-07-05T10:28:27.839241Z[0m [32m INFO[0m [2mpm_bot[0m[2m:[0m pm-bot démarre (PAPER mode) — archives: /home/user/rustfactor/polymarket-btc5m-bot/data_v2/camp_20260705T102827
[2m2026-07-05T10:28:27.843987Z[0m [32m INFO[0m [2mpm_bot[0m[2m:[0m aucun fichier de config (./config.toml) — défauts calibrés
[2m2026-07-05T10:28:27.844089Z[0m [32m INFO[0m [2mpm_bot[0m[2m:[0m [config] [taker]
[2m2026-07-05T10:28:27.844092Z[0m [32m INFO[0m [2mpm_bot[0m[2m:[0m [config] min_edge = 0.06
[2m2026-07-05T10:28:27.844094Z[0m [32m INFO[0m [2mpm_bot[0m[2m:[0m [config] min_abs_z = 2.5
[2m2026-07-05T10:28:27.844095Z[0m [32m INFO[0m [2mpm_bot[0m[2m:[0m [config] min_strike_confidence = 0.8
[2m2026-07-05T10:28:27.844096Z[0m [32m INFO[0m [2mpm_bot[0m[2m:[0m [config] max_spot_age_ms = 3000
[2m2026-07-05T10:28:27.844098Z[0m [32m INFO[0m [2mpm_bot[0m[2m:[0m [config] min_elapsed_s = 10.0
[2m2026-07-05T10:28:27.844099Z[0m [32m INFO[0m [2mpm_bot[0m[2m:[0m [config] min_tau_s = 3.0
[2m2026-07-05T10:28:27.844100Z[0m [32m INFO[0m [2mpm_bot[0m[2m:[0m [config] cost_buffer = 0.01
[2m2026-07-05T10:28:27.844102Z[0m [32m INFO[0m [2mpm_bot[0m[2m:[0m [config] kelly_fraction = 0.25
[2m2026-07-05T10:28:27.844103Z[0m [32m INFO[0m [2mpm_bot[0m[2m:[0m [config] bankroll = 1000.0
[2m2026-07-05T10:28:27.844104Z[0m [32m INFO[0m [2mpm_bot[0m[2m:[0m [config] max_notional = 250.0
[2m2026-07-05T10:28:27.844105Z[0m [32m INFO[0m [2mpm_bot[0m[2m:[0m [config] max_slippage = 0.02
[2m2026-07-05T10:28:27.844106Z[0m [32m INFO[0m [2mpm_bot[0m[2m:[0m [config] max_entry_price = 0.75
[2m2026-07-05T10:28:27.844107Z[0m [32m INFO[0m [2mpm_bot[0m[2m:[0m [config] 
[2m2026-07-05T10:28:27.844109Z[0m [32m INFO[0m [2mpm_bot[0m[2m:[0m [config] [maker]
[2m2026-07-05T10:28:27.844110Z[0m [32m INFO[0m [2mpm_bot[0m[2m:[0m [config] min_quote_price = 0.15
[2m2026-07-05T10:28:27.844111Z[0m [32m INFO[0m [2mpm_bot[0m[2m:[0m [config] max_quote_price = 0.85
[2m2026-07-05T10:28:27.844112Z[0m [32m INFO[0m [2mpm_bot[0m[2m:[0m [config] edge_margin = 0.03
[2m2026-07-05T10:28:27.844113Z[0m [32m INFO[0m [2mpm_bot[0m[2m:[0m [config] take_profit = 0.08
[2m2026-07-05T10:28:27.844114Z[0m [32m INFO[0m [2mpm_bot[0m[2m:[0m [config] stop_loss = 0.1
[2m2026-07-05T10:28:27.844115Z[0m [32m INFO[0m [2mpm_bot[0m[2m:[0m [config] quote_size = 50.0
[2m2026-07-05T10:28:27.844117Z[0m [32m INFO[0m [2mpm_bot[0m[2m:[0m [config] max_inventory = 150.0
[2m2026-07-05T10:28:27.844118Z[0m [32m INFO[0m [2mpm_bot[0m[2m:[0m [config] min_tau_open_s = 60.0
[2m2026-07-05T10:28:27.844119Z[0m [32m INFO[0m [2mpm_bot[0m[2m:[0m [config] min_tau_flat_s = 25.0
[2m2026-07-05T10:28:27.844120Z[0m [32m INFO[0m [2mpm_bot[0m[2m:[0m [config] max_abs_z_quote = 2.5
[2m2026-07-05T10:28:27.844121Z[0m [32m INFO[0m [2mpm_bot[0m[2m:[0m [config] sigma_panic_per_sqrt_s = 0.0005
[2m2026-07-05T10:28:27.844123Z[0m [32m INFO[0m [2mpm_bot[0m[2m:[0m [config] min_strike_confidence = 0.8
[2m2026-07-05T10:28:27.844124Z[0m [32m INFO[0m [2mpm_bot[0m[2m:[0m [config] max_spot_age_ms = 3000
[2m2026-07-05T10:28:27.844125Z[0m [32m INFO[0m [2mpm_bot[0m[2m:[0m [config] 
[2m2026-07-05T10:28:27.844126Z[0m [32m INFO[0m [2mpm_bot[0m[2m:[0m [config] [modele]
[2m2026-07-05T10:28:27.844131Z[0m [32m INFO[0m [2mpm_bot[0m[2m:[0m [config] sigma_floor_per_sqrt_s = 0.00005
[2m2026-07-05T10:28:27.844134Z[0m [32m INFO[0m [2mpm_bot[0m[2m:[0m [config] tau_floor_s = 1.0
[2m2026-07-05T10:28:27.844135Z[0m [32m INFO[0m [2mpm_bot[0m[2m:[0m [config] drift_snr_min = 0.25
[2m2026-07-05T10:28:27.844136Z[0m [32m INFO[0m [2mpm_bot[0m[2m:[0m [config] max_drift_z = 2.0
[2m2026-07-05T10:28:27.844137Z[0m [32m INFO[0m [2mpm_bot[0m[2m:[0m [config] 
[2m2026-07-05T10:28:27.844138Z[0m [32m INFO[0m [2mpm_bot[0m[2m:[0m [config] [volatilite]
[2m2026-07-05T10:28:27.844140Z[0m [32m INFO[0m [2mpm_bot[0m[2m:[0m [config] ewma_half_life_s = 60.0
[2m2026-07-05T10:28:27.844150Z[0m [32m INFO[0m [2mpm_bot[0m[2m:[0m [config] retention_s = 1800
[2m2026-07-05T10:28:27.844152Z[0m [32m INFO[0m [2mpm_bot[0m[2m:[0m [config] min_dt_ms = 10
[2m2026-07-05T10:28:27.844154Z[0m [32m INFO[0m [2mpm_bot[0m[2m:[0m [config] 
[2m2026-07-05T10:28:27.844156Z[0m [32m INFO[0m [2mpm_bot[0m[2m:[0m [config] [moteur]
[2m2026-07-05T10:28:27.844158Z[0m [32m INFO[0m [2mpm_bot[0m[2m:[0m [config] decision_step_ms = 250
[2m2026-07-05T10:28:27.844160Z[0m [32m INFO[0m [2mpm_bot[0m[2m:[0m [config] watchdog_stale_ms = 6000
[2m2026-07-05T10:28:27.844162Z[0m [32m INFO[0m [2mpm_bot[0m[2m:[0m [config] clob_grace_s = 180
[2m2026-07-05T10:28:27.844163Z[0m [32m INFO[0m [2mpm_bot[0m[2m:[0m [config] gamma_lookahead = 5
[2m2026-07-05T10:28:27.844164Z[0m [32m INFO[0m [2mpm_bot[0m[2m:[0m [config] retention_ticks_s = 2400
[2m2026-07-05T10:28:28.295174Z[0m [32m INFO[0m [2mpm_bot[0m[2m:[0m fenêtre active: btc-updown-5m-1783247100 [1783247100000 → 1783247400000]
[2m2026-07-05T10:28:28.540660Z[0m [32m INFO[0m [2mpm_acquisition::rtds[0m[2m:[0m RTDS connecté
[2m2026-07-05T10:28:28.906279Z[0m [32m INFO[0m [2mpm_acquisition::clob[0m[2m:[0m CLOB connecté (up=95324943…, down=87160825…)
[2m2026-07-05T10:28:30.715259Z[0m [32m INFO[0m [2mpm_bot[0m[2m:[0m strike gelé: Some(62640.83122870832) (confidence=0.000, gap=Some(209000) ms)
[2m2026-07-05T10:30:02.262376Z[0m [32m INFO[0m [2mpm_bot[0m[2m:[0m RÈGLEMENT btc-updown-5m-1783247100 | strike=Some("62640.83") issue=inconnue | PnL up=+0.00 down=+0.00 | taker=0 maker_fills=0 | PnL cumulé=+0.00
[2m2026-07-05T10:30:02.262408Z[0m [32m INFO[0m [2mpm_bot[0m[2m:[0m fenêtre active: btc-updown-5m-1783247400 [1783247400000 → 1783247700000]
[2m2026-07-05T10:30:02.262427Z[0m [32m INFO[0m [2mpm_bot[0m[2m:[0m strike gelé: Some(62642.12667308239) (confidence=1.000, gap=Some(0) ms)
[2m2026-07-05T10:30:02.861140Z[0m [32m INFO[0m [2mpm_acquisition::clob[0m[2m:[0m CLOB connecté (up=66900170…, down=11256007…)
[2m2026-07-05T10:30:46.845958Z[0m [33m WARN[0m [2mpm_acquisition::watchdog[0m[2m:[0m flux rtds stale (6356 ms de silence)
[2m2026-07-05T10:30:46.846022Z[0m [33m WARN[0m [2mpm_bot[0m[2m:[0m FEED STALE: rtds silencieux 6356 ms
[2m2026-07-05T10:30:47.541179Z[0m [33m WARN[0m [2mpm_acquisition::rtds[0m[2m:[0m RTDS silencieux 6402 ms → réabonnement
[2m2026-07-05T10:32:08.713092Z[0m [32m INFO[0m [2mpm_bot[0m[2m:[0m résolution officielle btc-updown-5m-1783247100: Down (pas d'estimation locale)
[2m2026-07-05T10:32:08.713161Z[0m [32m INFO[0m [2mpm_acquisition::clob[0m[2m:[0m CLOB flux terminé (marché résolu/fermé)
[2m2026-07-05T10:35:02.402861Z[0m [32m INFO[0m [2mpm_bot[0m[2m:[0m RÈGLEMENT btc-updown-5m-1783247400 | strike=Some("62642.13") issue=Down (estimé) | PnL up=+0.00 down=+0.00 | taker=0 maker_fills=0 | PnL cumulé=+0.00
[2m2026-07-05T10:35:02.402910Z[0m [32m INFO[0m [2mpm_bot[0m[2m:[0m fenêtre active: btc-updown-5m-1783247700 [1783247700000 → 1783248000000]
[2m2026-07-05T10:35:02.402932Z[0m [32m INFO[0m [2mpm_bot[0m[2m:[0m strike gelé: Some(62618.7748) (confidence=1.000, gap=Some(0) ms)
[2m2026-07-05T10:35:03.028696Z[0m [32m INFO[0m [2mpm_acquisition::clob[0m[2m:[0m CLOB connecté (up=52144496…, down=20939529…)
[2m2026-07-05T10:36:24.308654Z[0m [32m INFO[0m [2mpm_bot[0m[2m:[0m résolution officielle btc-updown-5m-1783247400: Down — CONFIRME notre estimation ✓
[2m2026-07-05T10:36:24.308737Z[0m [32m INFO[0m [2mpm_acquisition::clob[0m[2m:[0m CLOB flux terminé (marché résolu/fermé)
[2m2026-07-05T10:40:02.453557Z[0m [32m INFO[0m [2mpm_bot[0m[2m:[0m RÈGLEMENT btc-updown-5m-1783247700 | strike=Some("62618.77") issue=Up (estimé) | PnL up=+0.00 down=+0.00 | taker=0 maker_fills=0 | PnL cumulé=+0.00
[2m2026-07-05T10:40:02.453586Z[0m [32m INFO[0m [2mpm_bot[0m[2m:[0m fenêtre active: btc-updown-5m-1783248000 [1783248000000 → 1783248300000]
[2m2026-07-05T10:40:02.453615Z[0m [32m INFO[0m [2mpm_bot[0m[2m:[0m strike gelé: Some(62626.50310419098) (confidence=1.000, gap=Some(0) ms)
[2m2026-07-05T10:40:03.064789Z[0m [32m INFO[0m [2mpm_acquisition::clob[0m[2m:[0m CLOB connecté (up=10008936…, down=39499293…)
[2m2026-07-05T10:41:35.143231Z[0m [32m INFO[0m [2mpm_bot[0m[2m:[0m résolution officielle btc-updown-5m-1783247700: Up — CONFIRME notre estimation ✓
[2m2026-07-05T10:41:35.143318Z[0m [32m INFO[0m [2mpm_acquisition::clob[0m[2m:[0m CLOB flux terminé (marché résolu/fermé)
[2m2026-07-05T10:45:02.474059Z[0m [32m INFO[0m [2mpm_bot[0m[2m:[0m RÈGLEMENT btc-updown-5m-1783248000 | strike=Some("62626.50") issue=Up (estimé) | PnL up=+0.00 down=+0.00 | taker=0 maker_fills=0 | PnL cumulé=+0.00
[2m2026-07-05T10:45:02.474088Z[0m [32m INFO[0m [2mpm_bot[0m[2m:[0m fenêtre active: btc-updown-5m-1783248300 [1783248300000 → 1783248600000]
[2m2026-07-05T10:45:02.474116Z[0m [32m INFO[0m [2mpm_bot[0m[2m:[0m strike gelé: Some(62634.67) (confidence=1.000, gap=Some(0) ms)
[2m2026-07-05T10:45:03.169808Z[0m [32m INFO[0m [2mpm_acquisition::clob[0m[2m:[0m CLOB connecté (up=10876489…, down=42867355…)
[2m2026-07-05T10:47:34.832177Z[0m [32m INFO[0m [2mpm_bot[0m[2m:[0m résolution officielle btc-updown-5m-1783248000: Up — CONFIRME notre estimation ✓
[2m2026-07-05T10:47:34.832253Z[0m [32m INFO[0m [2mpm_acquisition::clob[0m[2m:[0m CLOB flux terminé (marché résolu/fermé)
[2m2026-07-05T10:50:02.444880Z[0m [32m INFO[0m [2mpm_bot[0m[2m:[0m RÈGLEMENT btc-updown-5m-1783248300 | strike=Some("62634.67") issue=Up (estimé) | PnL up=+0.00 down=+0.00 | taker=0 maker_fills=0 | PnL cumulé=+0.00
[2m2026-07-05T10:50:02.444909Z[0m [32m INFO[0m [2mpm_bot[0m[2m:[0m fenêtre active: btc-updown-5m-1783248600 [1783248600000 → 1783248900000]
[2m2026-07-05T10:50:02.444938Z[0m [32m INFO[0m [2mpm_bot[0m[2m:[0m strike gelé: Some(62685.271255) (confidence=1.000, gap=Some(0) ms)
[2m2026-07-05T10:50:03.068544Z[0m [32m INFO[0m [2mpm_acquisition::clob[0m[2m:[0m CLOB connecté (up=15382848…, down=47080841…)
[2m2026-07-05T10:51:35.982775Z[0m [32m INFO[0m [2mpm_bot[0m[2m:[0m résolution officielle btc-updown-5m-1783248300: Up — CONFIRME notre estimation ✓
[2m2026-07-05T10:51:35.982902Z[0m [32m INFO[0m [2mpm_acquisition::clob[0m[2m:[0m CLOB flux terminé (marché résolu/fermé)
[2m2026-07-05T10:55:02.392154Z[0m [32m INFO[0m [2mpm_bot[0m[2m:[0m RÈGLEMENT btc-updown-5m-1783248600 | strike=Some("62685.27") issue=Up (estimé) | PnL up=+0.00 down=+0.00 | taker=0 maker_fills=0 | PnL cumulé=+0.00
[2m2026-07-05T10:55:02.392184Z[0m [32m INFO[0m [2mpm_bot[0m[2m:[0m fenêtre active: btc-updown-5m-1783248900 [1783248900000 → 1783249200000]
[2m2026-07-05T10:55:02.392221Z[0m [32m INFO[0m [2mpm_bot[0m[2m:[0m strike gelé: Some(62697.22246497655) (confidence=1.000, gap=Some(0) ms)
[2m2026-07-05T10:55:02.995582Z[0m [32m INFO[0m [2mpm_acquisition::clob[0m[2m:[0m CLOB connecté (up=94402600…, down=79416630…)
[2m2026-07-05T10:56:21.850733Z[0m [32m INFO[0m [2mpm_bot[0m[2m:[0m résolution officielle btc-updown-5m-1783248600: Up — CONFIRME notre estimation ✓
[2m2026-07-05T10:56:21.850842Z[0m [32m INFO[0m [2mpm_acquisition::clob[0m[2m:[0m CLOB flux terminé (marché résolu/fermé)
[2m2026-07-05T11:00:02.514698Z[0m [32m INFO[0m [2mpm_bot[0m[2m:[0m RÈGLEMENT btc-updown-5m-1783248900 | strike=Some("62697.22") issue=Up (estimé) | PnL up=+0.00 down=+0.00 | taker=0 maker_fills=0 | PnL cumulé=+0.00
[2m2026-07-05T11:00:02.514727Z[0m [32m INFO[0m [2mpm_bot[0m[2m:[0m fenêtre active: btc-updown-5m-1783249200 [1783249200000 → 1783249500000]
[2m2026-07-05T11:00:02.514765Z[0m [32m INFO[0m [2mpm_bot[0m[2m:[0m strike gelé: Some(62700.861555) (confidence=1.000, gap=Some(0) ms)
[2m2026-07-05T11:00:03.086092Z[0m [32m INFO[0m [2mpm_acquisition::clob[0m[2m:[0m CLOB connecté (up=82783088…, down=10852216…)
[2m2026-07-05T11:02:05.536182Z[0m [32m INFO[0m [2mpm_bot[0m[2m:[0m résolution officielle btc-updown-5m-1783248900: Up — CONFIRME notre estimation ✓
[2m2026-07-05T11:02:05.536258Z[0m [32m INFO[0m [2mpm_acquisition::clob[0m[2m:[0m CLOB flux terminé (marché résolu/fermé)
[2m2026-07-05T11:05:02.397041Z[0m [32m INFO[0m [2mpm_bot[0m[2m:[0m RÈGLEMENT btc-updown-5m-1783249200 | strike=Some("62700.86") issue=Down (estimé) | PnL up=+0.00 down=+0.00 | taker=0 maker_fills=0 | PnL cumulé=+0.00
[2m2026-07-05T11:05:02.397071Z[0m [32m INFO[0m [2mpm_bot[0m[2m:[0m fenêtre active: btc-updown-5m-1783249500 [1783249500000 → 1783249800000]
[2m2026-07-05T11:05:02.397108Z[0m [32m INFO[0m [2mpm_bot[0m[2m:[0m strike gelé: Some(62642.02450021694) (confidence=1.000, gap=Some(0) ms)
[2m2026-07-05T11:05:02.999056Z[0m [32m INFO[0m [2mpm_acquisition::clob[0m[2m:[0m CLOB connecté (up=47315340…, down=49800216…)
[2m2026-07-05T11:06:22.690588Z[0m [32m INFO[0m [2mpm_bot[0m[2m:[0m résolution officielle btc-updown-5m-1783249200: Down — CONFIRME notre estimation ✓
[2m2026-07-05T11:06:22.690635Z[0m [32m INFO[0m [2mpm_acquisition::clob[0m[2m:[0m CLOB flux terminé (marché résolu/fermé)
[2m2026-07-05T11:06:48.845526Z[0m [33m WARN[0m [2mpm_acquisition::watchdog[0m[2m:[0m flux rtds stale (6179 ms de silence)
[2m2026-07-05T11:06:48.845570Z[0m [33m WARN[0m [2mpm_bot[0m[2m:[0m FEED STALE: rtds silencieux 6179 ms
[2m2026-07-05T11:06:49.541323Z[0m [33m WARN[0m [2mpm_acquisition::rtds[0m[2m:[0m RTDS silencieux 6240 ms → réabonnement
[2m2026-07-05T11:10:02.425485Z[0m [32m INFO[0m [2mpm_bot[0m[2m:[0m RÈGLEMENT btc-updown-5m-1783249500 | strike=Some("62642.02") issue=Up (estimé) | PnL up=+0.00 down=+0.00 | taker=0 maker_fills=0 | PnL cumulé=+0.00
[2m2026-07-05T11:10:02.425514Z[0m [32m INFO[0m [2mpm_bot[0m[2m:[0m fenêtre active: btc-updown-5m-1783249800 [1783249800000 → 1783250100000]
[2m2026-07-05T11:10:02.425555Z[0m [32m INFO[0m [2mpm_bot[0m[2m:[0m strike gelé: Some(62654.979615) (confidence=1.000, gap=Some(0) ms)
[2m2026-07-05T11:10:03.013091Z[0m [32m INFO[0m [2mpm_acquisition::clob[0m[2m:[0m CLOB connecté (up=31926477…, down=42409608…)
[2m2026-07-05T11:11:32.168836Z[0m [32m INFO[0m [2mpm_bot[0m[2m:[0m résolution officielle btc-updown-5m-1783249500: Up — CONFIRME notre estimation ✓
[2m2026-07-05T11:11:32.168939Z[0m [32m INFO[0m [2mpm_acquisition::clob[0m[2m:[0m CLOB flux terminé (marché résolu/fermé)
[2m2026-07-05T11:15:02.422924Z[0m [32m INFO[0m [2mpm_bot[0m[2m:[0m RÈGLEMENT btc-updown-5m-1783249800 | strike=Some("62654.98") issue=Down (estimé) | PnL up=+0.00 down=+0.00 | taker=0 maker_fills=0 | PnL cumulé=+0.00
[2m2026-07-05T11:15:02.422954Z[0m [32m INFO[0m [2mpm_bot[0m[2m:[0m fenêtre active: btc-updown-5m-1783250100 [1783250100000 → 1783250400000]
[2m2026-07-05T11:15:02.422999Z[0m [32m INFO[0m [2mpm_bot[0m[2m:[0m strike gelé: Some(62649.37503726949) (confidence=1.000, gap=Some(0) ms)
[2m2026-07-05T11:15:03.043985Z[0m [32m INFO[0m [2mpm_acquisition::clob[0m[2m:[0m CLOB connecté (up=96447517…, down=31609773…)
[2m2026-07-05T11:16:22.399539Z[0m [32m INFO[0m [2mpm_bot[0m[2m:[0m résolution officielle btc-updown-5m-1783249800: Down — CONFIRME notre estimation ✓
[2m2026-07-05T11:16:22.399623Z[0m [32m INFO[0m [2mpm_acquisition::clob[0m[2m:[0m CLOB flux terminé (marché résolu/fermé)
