[2m2026-07-06T05:55:32.953677Z[0m [32m INFO[0m [2mpm_bot[0m[2m:[0m pm-bot démarre (PAPER mode) — archives: /home/clementbondaz-sanson/Documents/Projet code/rustfactor/polymarket-btc5m-bot/data_v2/camp_20260706T055532
[2m2026-07-06T05:55:32.956895Z[0m [32m INFO[0m [2mpm_bot[0m[2m:[0m aucun fichier de config (./config.toml) — défauts calibrés
[2m2026-07-06T05:55:32.956972Z[0m [32m INFO[0m [2mpm_bot[0m[2m:[0m [config] [taker]
[2m2026-07-06T05:55:32.956977Z[0m [32m INFO[0m [2mpm_bot[0m[2m:[0m [config] min_edge = 0.06
[2m2026-07-06T05:55:32.956980Z[0m [32m INFO[0m [2mpm_bot[0m[2m:[0m [config] min_abs_z = 2.5
[2m2026-07-06T05:55:32.956983Z[0m [32m INFO[0m [2mpm_bot[0m[2m:[0m [config] min_strike_confidence = 0.8
[2m2026-07-06T05:55:32.956986Z[0m [32m INFO[0m [2mpm_bot[0m[2m:[0m [config] max_spot_age_ms = 3000
[2m2026-07-06T05:55:32.956989Z[0m [32m INFO[0m [2mpm_bot[0m[2m:[0m [config] min_elapsed_s = 10.0
[2m2026-07-06T05:55:32.956991Z[0m [32m INFO[0m [2mpm_bot[0m[2m:[0m [config] min_tau_s = 3.0
[2m2026-07-06T05:55:32.956994Z[0m [32m INFO[0m [2mpm_bot[0m[2m:[0m [config] cost_buffer = 0.01
[2m2026-07-06T05:55:32.956997Z[0m [32m INFO[0m [2mpm_bot[0m[2m:[0m [config] kelly_fraction = 0.25
[2m2026-07-06T05:55:32.957000Z[0m [32m INFO[0m [2mpm_bot[0m[2m:[0m [config] bankroll = 1000.0
[2m2026-07-06T05:55:32.957003Z[0m [32m INFO[0m [2mpm_bot[0m[2m:[0m [config] max_notional = 250.0
[2m2026-07-06T05:55:32.957006Z[0m [32m INFO[0m [2mpm_bot[0m[2m:[0m [config] max_slippage = 0.02
[2m2026-07-06T05:55:32.957008Z[0m [32m INFO[0m [2mpm_bot[0m[2m:[0m [config] max_entry_price = 0.75
[2m2026-07-06T05:55:32.957011Z[0m [32m INFO[0m [2mpm_bot[0m[2m:[0m [config] 
[2m2026-07-06T05:55:32.957014Z[0m [32m INFO[0m [2mpm_bot[0m[2m:[0m [config] [maker]
[2m2026-07-06T05:55:32.957017Z[0m [32m INFO[0m [2mpm_bot[0m[2m:[0m [config] min_quote_price = 0.15
[2m2026-07-06T05:55:32.957020Z[0m [32m INFO[0m [2mpm_bot[0m[2m:[0m [config] max_quote_price = 0.85
[2m2026-07-06T05:55:32.957023Z[0m [32m INFO[0m [2mpm_bot[0m[2m:[0m [config] edge_margin = 0.03
[2m2026-07-06T05:55:32.957026Z[0m [32m INFO[0m [2mpm_bot[0m[2m:[0m [config] take_profit = 0.08
[2m2026-07-06T05:55:32.957029Z[0m [32m INFO[0m [2mpm_bot[0m[2m:[0m [config] stop_loss = 0.1
[2m2026-07-06T05:55:32.957040Z[0m [32m INFO[0m [2mpm_bot[0m[2m:[0m [config] quote_size = 50.0
[2m2026-07-06T05:55:32.957043Z[0m [32m INFO[0m [2mpm_bot[0m[2m:[0m [config] max_inventory = 150.0
[2m2026-07-06T05:55:32.957047Z[0m [32m INFO[0m [2mpm_bot[0m[2m:[0m [config] min_tau_open_s = 60.0
[2m2026-07-06T05:55:32.957050Z[0m [32m INFO[0m [2mpm_bot[0m[2m:[0m [config] min_tau_flat_s = 25.0
[2m2026-07-06T05:55:32.957054Z[0m [32m INFO[0m [2mpm_bot[0m[2m:[0m [config] max_abs_z_quote = 2.5
[2m2026-07-06T05:55:32.957058Z[0m [32m INFO[0m [2mpm_bot[0m[2m:[0m [config] sigma_panic_per_sqrt_s = 0.0005
[2m2026-07-06T05:55:32.957061Z[0m [32m INFO[0m [2mpm_bot[0m[2m:[0m [config] min_strike_confidence = 0.8
[2m2026-07-06T05:55:32.957065Z[0m [32m INFO[0m [2mpm_bot[0m[2m:[0m [config] max_spot_age_ms = 3000
[2m2026-07-06T05:55:32.957068Z[0m [32m INFO[0m [2mpm_bot[0m[2m:[0m [config] 
[2m2026-07-06T05:55:32.957072Z[0m [32m INFO[0m [2mpm_bot[0m[2m:[0m [config] [modele]
[2m2026-07-06T05:55:32.957075Z[0m [32m INFO[0m [2mpm_bot[0m[2m:[0m [config] sigma_floor_per_sqrt_s = 0.00005
[2m2026-07-06T05:55:32.957078Z[0m [32m INFO[0m [2mpm_bot[0m[2m:[0m [config] tau_floor_s = 1.0
[2m2026-07-06T05:55:32.957081Z[0m [32m INFO[0m [2mpm_bot[0m[2m:[0m [config] drift_snr_min = 0.25
[2m2026-07-06T05:55:32.957083Z[0m [32m INFO[0m [2mpm_bot[0m[2m:[0m [config] max_drift_z = 2.0
[2m2026-07-06T05:55:32.957086Z[0m [32m INFO[0m [2mpm_bot[0m[2m:[0m [config] 
[2m2026-07-06T05:55:32.957089Z[0m [32m INFO[0m [2mpm_bot[0m[2m:[0m [config] [volatilite]
[2m2026-07-06T05:55:32.957092Z[0m [32m INFO[0m [2mpm_bot[0m[2m:[0m [config] ewma_half_life_s = 60.0
[2m2026-07-06T05:55:32.957101Z[0m [32m INFO[0m [2mpm_bot[0m[2m:[0m [config] retention_s = 1800
[2m2026-07-06T05:55:32.957106Z[0m [32m INFO[0m [2mpm_bot[0m[2m:[0m [config] min_dt_ms = 10
[2m2026-07-06T05:55:32.957109Z[0m [32m INFO[0m [2mpm_bot[0m[2m:[0m [config] 
[2m2026-07-06T05:55:32.957112Z[0m [32m INFO[0m [2mpm_bot[0m[2m:[0m [config] [moteur]
[2m2026-07-06T05:55:32.957115Z[0m [32m INFO[0m [2mpm_bot[0m[2m:[0m [config] decision_step_ms = 250
[2m2026-07-06T05:55:32.957117Z[0m [32m INFO[0m [2mpm_bot[0m[2m:[0m [config] watchdog_stale_ms = 6000
[2m2026-07-06T05:55:32.957120Z[0m [32m INFO[0m [2mpm_bot[0m[2m:[0m [config] clob_grace_s = 180
[2m2026-07-06T05:55:32.957123Z[0m [32m INFO[0m [2mpm_bot[0m[2m:[0m [config] gamma_lookahead = 5
[2m2026-07-06T05:55:32.957126Z[0m [32m INFO[0m [2mpm_bot[0m[2m:[0m [config] retention_ticks_s = 2400
[2m2026-07-06T05:55:33.392750Z[0m [32m INFO[0m [2mpm_acquisition::rtds[0m[2m:[0m RTDS connecté
[2m2026-07-06T05:55:33.392784Z[0m [32m INFO[0m [2mpm_bot[0m[2m:[0m fenêtre active: btc-updown-5m-1783317300 [1783317300000 → 1783317600000]
[2m2026-07-06T05:55:33.838829Z[0m [32m INFO[0m [2mpm_acquisition::clob[0m[2m:[0m CLOB connecté (up=20990787…, down=87650714…)
[2m2026-07-06T05:55:34.351180Z[0m [32m INFO[0m [2mpm_bot[0m[2m:[0m strike gelé: Some(63086.12413326354) (confidence=0.000, gap=Some(33000) ms)
[2m2026-07-06T06:00:02.438602Z[0m [32m INFO[0m [2mpm_bot[0m[2m:[0m RÈGLEMENT btc-updown-5m-1783317300 | strike=Some("63086.12") issue=inconnue | PnL up=+0.00 down=+0.00 | taker=0 maker_fills=0 | PnL cumulé=+0.00
[2m2026-07-06T06:00:02.438650Z[0m [32m INFO[0m [2mpm_bot[0m[2m:[0m fenêtre active: btc-updown-5m-1783317600 [1783317600000 → 1783317900000]
[2m2026-07-06T06:00:02.438691Z[0m [32m INFO[0m [2mpm_bot[0m[2m:[0m strike gelé: Some(63049.97489647278) (confidence=1.000, gap=Some(0) ms)
[2m2026-07-06T06:00:02.681193Z[0m [32m INFO[0m [2mpm_acquisition::clob[0m[2m:[0m CLOB connecté (up=10511439…, down=19764584…)
[2m2026-07-06T06:01:58.222880Z[0m [32m INFO[0m [2mpm_bot[0m[2m:[0m résolution officielle btc-updown-5m-1783317300: Down (pas d'estimation locale)
[2m2026-07-06T06:01:58.222930Z[0m [32m INFO[0m [2mpm_acquisition::clob[0m[2m:[0m CLOB flux terminé (marché résolu/fermé)
[2m2026-07-06T06:05:02.372811Z[0m [32m INFO[0m [2mpm_bot[0m[2m:[0m RÈGLEMENT btc-updown-5m-1783317600 | strike=Some("63049.97") issue=Down (estimé) | PnL up=+0.00 down=+0.00 | taker=0 maker_fills=0 | PnL cumulé=+0.00
[2m2026-07-06T06:05:02.372837Z[0m [32m INFO[0m [2mpm_bot[0m[2m:[0m fenêtre active: btc-updown-5m-1783317900 [1783317900000 → 1783318200000]
[2m2026-07-06T06:05:02.372906Z[0m [32m INFO[0m [2mpm_bot[0m[2m:[0m strike gelé: Some(63040.45517149131) (confidence=1.000, gap=Some(0) ms)
[2m2026-07-06T06:05:02.780448Z[0m [32m INFO[0m [2mpm_acquisition::clob[0m[2m:[0m CLOB connecté (up=48916489…, down=80920024…)
[2m2026-07-06T06:06:44.891775Z[0m [32m INFO[0m [2mpm_bot[0m[2m:[0m résolution officielle btc-updown-5m-1783317600: Down — CONFIRME notre estimation ✓
[2m2026-07-06T06:06:44.891826Z[0m [32m INFO[0m [2mpm_acquisition::clob[0m[2m:[0m CLOB flux terminé (marché résolu/fermé)
[2m2026-07-06T06:09:46.958647Z[0m [32m INFO[0m [2mpm_bot[0m[2m:[0m TAKER: DOWN (z=-2.79 p=0.997 ask=0.590 avg=0.599 tau=13s)
[2m2026-07-06T06:09:46.958706Z[0m [32m INFO[0m [2mexecution[0m[2m:[0m [DRY-RUN] dryrun-0 Buy 80920024 x 421 @ 0.609 (Fak)
[2m2026-07-06T06:10:02.361043Z[0m [32m INFO[0m [2mpm_bot[0m[2m:[0m RÈGLEMENT btc-updown-5m-1783317900 | strike=Some("63040.46") issue=Up (estimé) | PnL up=+0.00 down=-252.24 | taker=1 maker_fills=0 | PnL cumulé=-252.24
[2m2026-07-06T06:10:02.361105Z[0m [32m INFO[0m [2mpm_bot[0m[2m:[0m fenêtre active: btc-updown-5m-1783318200 [1783318200000 → 1783318500000]
[2m2026-07-06T06:10:02.361158Z[0m [32m INFO[0m [2mpm_bot[0m[2m:[0m strike gelé: Some(63044.83452946237) (confidence=1.000, gap=Some(0) ms)
[2m2026-07-06T06:10:02.789010Z[0m [32m INFO[0m [2mpm_acquisition::clob[0m[2m:[0m CLOB connecté (up=95788455…, down=50399610…)
[2m2026-07-06T06:11:28.121127Z[0m [32m INFO[0m [2mpm_bot[0m[2m:[0m résolution officielle btc-updown-5m-1783317900: Up — CONFIRME notre estimation ✓
[2m2026-07-06T06:11:28.121263Z[0m [32m INFO[0m [2mpm_acquisition::clob[0m[2m:[0m CLOB flux terminé (marché résolu/fermé)
[2m2026-07-06T06:12:13.996430Z[0m [33m WARN[0m [2mpm_acquisition::clob[0m[2m:[0m CLOB erreur: WebSocket protocol error: Connection reset without closing handshake: Connection reset without closing handshake
[2m2026-07-06T06:12:15.624142Z[0m [32m INFO[0m [2mpm_acquisition::clob[0m[2m:[0m CLOB connecté (up=95788455…, down=50399610…)
[2m2026-07-06T06:15:02.601254Z[0m [32m INFO[0m [2mpm_bot[0m[2m:[0m RÈGLEMENT btc-updown-5m-1783318200 | strike=Some("63044.83") issue=Up (estimé) | PnL up=+0.00 down=+0.00 | taker=0 maker_fills=0 | PnL cumulé=-252.24
[2m2026-07-06T06:15:02.601286Z[0m [32m INFO[0m [2mpm_bot[0m[2m:[0m fenêtre active: btc-updown-5m-1783318500 [1783318500000 → 1783318800000]
[2m2026-07-06T06:15:02.601357Z[0m [32m INFO[0m [2mpm_bot[0m[2m:[0m strike gelé: Some(63056.47747499263) (confidence=1.000, gap=Some(0) ms)
[2m2026-07-06T06:15:03.061678Z[0m [32m INFO[0m [2mpm_acquisition::clob[0m[2m:[0m CLOB connecté (up=40348255…, down=60219368…)
[2m2026-07-06T06:16:57.241841Z[0m [32m INFO[0m [2mpm_bot[0m[2m:[0m résolution officielle btc-updown-5m-1783318200: Up — CONFIRME notre estimation ✓
[2m2026-07-06T06:16:57.242039Z[0m [32m INFO[0m [2mpm_acquisition::clob[0m[2m:[0m CLOB flux terminé (marché résolu/fermé)
[2m2026-07-06T06:20:02.653722Z[0m [32m INFO[0m [2mpm_bot[0m[2m:[0m RÈGLEMENT btc-updown-5m-1783318500 | strike=Some("63056.48") issue=Down (estimé) | PnL up=+0.00 down=+0.00 | taker=0 maker_fills=0 | PnL cumulé=-252.24
[2m2026-07-06T06:20:02.653777Z[0m [32m INFO[0m [2mpm_bot[0m[2m:[0m fenêtre active: btc-updown-5m-1783318800 [1783318800000 → 1783319100000]
[2m2026-07-06T06:20:02.653849Z[0m [32m INFO[0m [2mpm_bot[0m[2m:[0m strike gelé: Some(63003.0753682828) (confidence=1.000, gap=Some(0) ms)
[2m2026-07-06T06:20:03.338360Z[0m [32m INFO[0m [2mpm_acquisition::clob[0m[2m:[0m CLOB connecté (up=77735210…, down=51251093…)
[2m2026-07-06T06:23:35.997735Z[0m [32m INFO[0m [2mpm_bot[0m[2m:[0m résolution officielle btc-updown-5m-1783318500: Down — CONFIRME notre estimation ✓
[2m2026-07-06T06:23:35.997793Z[0m [32m INFO[0m [2mpm_acquisition::clob[0m[2m:[0m CLOB flux terminé (marché résolu/fermé)
[2m2026-07-06T06:25:02.970243Z[0m [32m INFO[0m [2mpm_bot[0m[2m:[0m RÈGLEMENT btc-updown-5m-1783318800 | strike=Some("63003.08") issue=Down (estimé) | PnL up=+0.00 down=+0.00 | taker=0 maker_fills=0 | PnL cumulé=-252.24
[2m2026-07-06T06:25:02.970258Z[0m [32m INFO[0m [2mpm_bot[0m[2m:[0m fenêtre active: btc-updown-5m-1783319100 [1783319100000 → 1783319400000]
[2m2026-07-06T06:25:02.970276Z[0m [32m INFO[0m [2mpm_bot[0m[2m:[0m strike gelé: Some(62969.949031924494) (confidence=1.000, gap=Some(0) ms)
[2m2026-07-06T06:25:03.396487Z[0m [32m INFO[0m [2mpm_acquisition::clob[0m[2m:[0m CLOB connecté (up=50817589…, down=63695184…)
[2m2026-07-06T06:26:59.752066Z[0m [32m INFO[0m [2mpm_bot[0m[2m:[0m résolution officielle btc-updown-5m-1783318800: Down — CONFIRME notre estimation ✓
[2m2026-07-06T06:26:59.752143Z[0m [32m INFO[0m [2mpm_acquisition::clob[0m[2m:[0m CLOB flux terminé (marché résolu/fermé)
[2m2026-07-06T06:27:13.662066Z[0m [33m WARN[0m [2mpm_acquisition::clob[0m[2m:[0m CLOB erreur: WebSocket protocol error: Connection reset without closing handshake: Connection reset without closing handshake
[2m2026-07-06T06:27:15.034102Z[0m [32m INFO[0m [2mpm_acquisition::clob[0m[2m:[0m CLOB connecté (up=50817589…, down=63695184…)
[2m2026-07-06T06:30:02.626499Z[0m [32m INFO[0m [2mpm_bot[0m[2m:[0m RÈGLEMENT btc-updown-5m-1783319100 | strike=Some("62969.95") issue=Up (estimé) | PnL up=+0.00 down=+0.00 | taker=0 maker_fills=0 | PnL cumulé=-252.24
[2m2026-07-06T06:30:02.626542Z[0m [32m INFO[0m [2mpm_bot[0m[2m:[0m fenêtre active: btc-updown-5m-1783319400 [1783319400000 → 1783319700000]
[2m2026-07-06T06:30:02.626612Z[0m [32m INFO[0m [2mpm_bot[0m[2m:[0m strike gelé: Some(62970.80104184867) (confidence=1.000, gap=Some(0) ms)
[2m2026-07-06T06:30:03.649216Z[0m [32m INFO[0m [2mpm_acquisition::clob[0m[2m:[0m CLOB connecté (up=66748244…, down=95860202…)
[2m2026-07-06T06:31:03.594301Z[0m [33m WARN[0m [2mpm_acquisition::clob[0m[2m:[0m CLOB erreur: WebSocket protocol error: Connection reset without closing handshake: Connection reset without closing handshake
[2m2026-07-06T06:31:05.035981Z[0m [32m INFO[0m [2mpm_acquisition::clob[0m[2m:[0m CLOB connecté (up=66748244…, down=95860202…)
[2m2026-07-06T06:32:02.841934Z[0m [32m INFO[0m [2mpm_bot[0m[2m:[0m résolution officielle btc-updown-5m-1783319100: Up — CONFIRME notre estimation ✓
[2m2026-07-06T06:32:02.842073Z[0m [32m INFO[0m [2mpm_acquisition::clob[0m[2m:[0m CLOB flux terminé (marché résolu/fermé)
[2m2026-07-06T06:33:25.855214Z[0m [33m WARN[0m [2mpm_acquisition::clob[0m[2m:[0m CLOB erreur: WebSocket protocol error: Connection reset without closing handshake: Connection reset without closing handshake
[2m2026-07-06T06:33:28.396183Z[0m [32m INFO[0m [2mpm_acquisition::clob[0m[2m:[0m CLOB connecté (up=66748244…, down=95860202…)
[2m2026-07-06T06:35:02.492443Z[0m [32m INFO[0m [2mpm_bot[0m[2m:[0m RÈGLEMENT btc-updown-5m-1783319400 | strike=Some("62970.80") issue=Down (estimé) | PnL up=+0.00 down=+0.00 | taker=0 maker_fills=0 | PnL cumulé=-252.24
[2m2026-07-06T06:35:02.492508Z[0m [32m INFO[0m [2mpm_bot[0m[2m:[0m fenêtre active: btc-updown-5m-1783319700 [1783319700000 → 1783320000000]
[2m2026-07-06T06:35:02.492583Z[0m [32m INFO[0m [2mpm_bot[0m[2m:[0m strike gelé: Some(62915.185725) (confidence=1.000, gap=Some(0) ms)
[2m2026-07-06T06:35:02.902254Z[0m [32m INFO[0m [2mpm_acquisition::clob[0m[2m:[0m CLOB connecté (up=26260469…, down=65541261…)
[2m2026-07-06T06:36:56.950081Z[0m [32m INFO[0m [2mpm_bot[0m[2m:[0m résolution officielle btc-updown-5m-1783319400: Down — CONFIRME notre estimation ✓
[2m2026-07-06T06:36:56.950149Z[0m [32m INFO[0m [2mpm_acquisition::clob[0m[2m:[0m CLOB flux terminé (marché résolu/fermé)
[2m2026-07-06T06:40:02.596648Z[0m [32m INFO[0m [2mpm_bot[0m[2m:[0m RÈGLEMENT btc-updown-5m-1783319700 | strike=Some("62915.19") issue=Up (estimé) | PnL up=+0.00 down=+0.00 | taker=0 maker_fills=0 | PnL cumulé=-252.24
[2m2026-07-06T06:40:02.596724Z[0m [32m INFO[0m [2mpm_bot[0m[2m:[0m fenêtre active: btc-updown-5m-1783320000 [1783320000000 → 1783320300000]
[2m2026-07-06T06:40:02.596801Z[0m [32m INFO[0m [2mpm_bot[0m[2m:[0m strike gelé: Some(62956.8244137881) (confidence=1.000, gap=Some(0) ms)
[2m2026-07-06T06:40:03.143805Z[0m [32m INFO[0m [2mpm_acquisition::clob[0m[2m:[0m CLOB connecté (up=60225747…, down=62797998…)
[2m2026-07-06T06:41:31.568487Z[0m [32m INFO[0m [2mpm_bot[0m[2m:[0m résolution officielle btc-updown-5m-1783319700: Up — CONFIRME notre estimation ✓
[2m2026-07-06T06:41:31.568592Z[0m [32m INFO[0m [2mpm_acquisition::clob[0m[2m:[0m CLOB flux terminé (marché résolu/fermé)
[2m2026-07-06T06:43:19.394758Z[0m [33m WARN[0m [2mpm_acquisition::rtds[0m[2m:[0m RTDS silencieux 6182 ms → réabonnement
[2m2026-07-06T06:43:19.457623Z[0m [33m WARN[0m [2mpm_acquisition::watchdog[0m[2m:[0m flux rtds stale (6245 ms de silence)
[2m2026-07-06T06:43:19.457707Z[0m [33m WARN[0m [2mpm_bot[0m[2m:[0m FEED STALE: rtds silencieux 6245 ms
[2m2026-07-06T06:43:52.933631Z[0m [33m WARN[0m [2mpm_acquisition::clob[0m[2m:[0m CLOB erreur: WebSocket protocol error: Connection reset without closing handshake: Connection reset without closing handshake
[2m2026-07-06T06:43:54.355742Z[0m [32m INFO[0m [2mpm_acquisition::clob[0m[2m:[0m CLOB connecté (up=60225747…, down=62797998…)
[2m2026-07-06T06:45:02.548213Z[0m [32m INFO[0m [2mpm_bot[0m[2m:[0m RÈGLEMENT btc-updown-5m-1783320000 | strike=Some("62956.82") issue=Up (estimé) | PnL up=+0.00 down=+0.00 | taker=0 maker_fills=0 | PnL cumulé=-252.24
[2m2026-07-06T06:45:02.548282Z[0m [32m INFO[0m [2mpm_bot[0m[2m:[0m fenêtre active: btc-updown-5m-1783320300 [1783320300000 → 1783320600000]
[2m2026-07-06T06:45:02.548332Z[0m [32m INFO[0m [2mpm_bot[0m[2m:[0m strike gelé: Some(63001.62245661738) (confidence=1.000, gap=Some(0) ms)
[2m2026-07-06T06:45:03.283247Z[0m [32m INFO[0m [2mpm_acquisition::clob[0m[2m:[0m CLOB connecté (up=54571807…, down=53733784…)
