[2m2026-07-05T07:07:33.328452Z[0m [32m INFO[0m [2mpm_bot[0m[2m:[0m pm-bot démarre (PAPER mode) — archives: /home/user/rustfactor/polymarket-btc5m-bot/data_v2/camp_20260705T070733
[2m2026-07-05T07:07:33.332926Z[0m [32m INFO[0m [2mpm_bot[0m[2m:[0m aucun fichier de config (./config.toml) — défauts calibrés
[2m2026-07-05T07:07:33.333051Z[0m [32m INFO[0m [2mpm_bot[0m[2m:[0m [config] [taker]
[2m2026-07-05T07:07:33.333055Z[0m [32m INFO[0m [2mpm_bot[0m[2m:[0m [config] min_edge = 0.06
[2m2026-07-05T07:07:33.333057Z[0m [32m INFO[0m [2mpm_bot[0m[2m:[0m [config] min_abs_z = 2.5
[2m2026-07-05T07:07:33.333058Z[0m [32m INFO[0m [2mpm_bot[0m[2m:[0m [config] min_strike_confidence = 0.8
[2m2026-07-05T07:07:33.333059Z[0m [32m INFO[0m [2mpm_bot[0m[2m:[0m [config] max_spot_age_ms = 3000
[2m2026-07-05T07:07:33.333061Z[0m [32m INFO[0m [2mpm_bot[0m[2m:[0m [config] min_elapsed_s = 10.0
[2m2026-07-05T07:07:33.333062Z[0m [32m INFO[0m [2mpm_bot[0m[2m:[0m [config] min_tau_s = 3.0
[2m2026-07-05T07:07:33.333064Z[0m [32m INFO[0m [2mpm_bot[0m[2m:[0m [config] cost_buffer = 0.01
[2m2026-07-05T07:07:33.333065Z[0m [32m INFO[0m [2mpm_bot[0m[2m:[0m [config] kelly_fraction = 0.25
[2m2026-07-05T07:07:33.333066Z[0m [32m INFO[0m [2mpm_bot[0m[2m:[0m [config] bankroll = 1000.0
[2m2026-07-05T07:07:33.333067Z[0m [32m INFO[0m [2mpm_bot[0m[2m:[0m [config] max_notional = 250.0
[2m2026-07-05T07:07:33.333068Z[0m [32m INFO[0m [2mpm_bot[0m[2m:[0m [config] max_slippage = 0.02
[2m2026-07-05T07:07:33.333070Z[0m [32m INFO[0m [2mpm_bot[0m[2m:[0m [config] max_entry_price = 0.75
[2m2026-07-05T07:07:33.333071Z[0m [32m INFO[0m [2mpm_bot[0m[2m:[0m [config] 
[2m2026-07-05T07:07:33.333072Z[0m [32m INFO[0m [2mpm_bot[0m[2m:[0m [config] [maker]
[2m2026-07-05T07:07:33.333073Z[0m [32m INFO[0m [2mpm_bot[0m[2m:[0m [config] min_quote_price = 0.15
[2m2026-07-05T07:07:33.333074Z[0m [32m INFO[0m [2mpm_bot[0m[2m:[0m [config] max_quote_price = 0.85
[2m2026-07-05T07:07:33.333076Z[0m [32m INFO[0m [2mpm_bot[0m[2m:[0m [config] edge_margin = 0.03
[2m2026-07-05T07:07:33.333077Z[0m [32m INFO[0m [2mpm_bot[0m[2m:[0m [config] take_profit = 0.08
[2m2026-07-05T07:07:33.333078Z[0m [32m INFO[0m [2mpm_bot[0m[2m:[0m [config] stop_loss = 0.1
[2m2026-07-05T07:07:33.333079Z[0m [32m INFO[0m [2mpm_bot[0m[2m:[0m [config] quote_size = 50.0
[2m2026-07-05T07:07:33.333080Z[0m [32m INFO[0m [2mpm_bot[0m[2m:[0m [config] max_inventory = 150.0
[2m2026-07-05T07:07:33.333081Z[0m [32m INFO[0m [2mpm_bot[0m[2m:[0m [config] min_tau_open_s = 60.0
[2m2026-07-05T07:07:33.333083Z[0m [32m INFO[0m [2mpm_bot[0m[2m:[0m [config] min_tau_flat_s = 25.0
[2m2026-07-05T07:07:33.333084Z[0m [32m INFO[0m [2mpm_bot[0m[2m:[0m [config] max_abs_z_quote = 2.5
[2m2026-07-05T07:07:33.333085Z[0m [32m INFO[0m [2mpm_bot[0m[2m:[0m [config] sigma_panic_per_sqrt_s = 0.0005
[2m2026-07-05T07:07:33.333086Z[0m [32m INFO[0m [2mpm_bot[0m[2m:[0m [config] min_strike_confidence = 0.8
[2m2026-07-05T07:07:33.333087Z[0m [32m INFO[0m [2mpm_bot[0m[2m:[0m [config] max_spot_age_ms = 3000
[2m2026-07-05T07:07:33.333089Z[0m [32m INFO[0m [2mpm_bot[0m[2m:[0m [config] 
[2m2026-07-05T07:07:33.333090Z[0m [32m INFO[0m [2mpm_bot[0m[2m:[0m [config] [modele]
[2m2026-07-05T07:07:33.333091Z[0m [32m INFO[0m [2mpm_bot[0m[2m:[0m [config] sigma_floor_per_sqrt_s = 0.00005
[2m2026-07-05T07:07:33.333092Z[0m [32m INFO[0m [2mpm_bot[0m[2m:[0m [config] tau_floor_s = 1.0
[2m2026-07-05T07:07:33.333093Z[0m [32m INFO[0m [2mpm_bot[0m[2m:[0m [config] drift_snr_min = 0.25
[2m2026-07-05T07:07:33.333094Z[0m [32m INFO[0m [2mpm_bot[0m[2m:[0m [config] max_drift_z = 2.0
[2m2026-07-05T07:07:33.333096Z[0m [32m INFO[0m [2mpm_bot[0m[2m:[0m [config] 
[2m2026-07-05T07:07:33.333097Z[0m [32m INFO[0m [2mpm_bot[0m[2m:[0m [config] [volatilite]
[2m2026-07-05T07:07:33.333098Z[0m [32m INFO[0m [2mpm_bot[0m[2m:[0m [config] ewma_half_life_s = 60.0
[2m2026-07-05T07:07:33.333105Z[0m [32m INFO[0m [2mpm_bot[0m[2m:[0m [config] retention_s = 1800
[2m2026-07-05T07:07:33.333106Z[0m [32m INFO[0m [2mpm_bot[0m[2m:[0m [config] min_dt_ms = 10
[2m2026-07-05T07:07:33.333107Z[0m [32m INFO[0m [2mpm_bot[0m[2m:[0m [config] 
[2m2026-07-05T07:07:33.333108Z[0m [32m INFO[0m [2mpm_bot[0m[2m:[0m [config] [moteur]
[2m2026-07-05T07:07:33.333109Z[0m [32m INFO[0m [2mpm_bot[0m[2m:[0m [config] decision_step_ms = 250
[2m2026-07-05T07:07:33.333111Z[0m [32m INFO[0m [2mpm_bot[0m[2m:[0m [config] watchdog_stale_ms = 6000
[2m2026-07-05T07:07:33.333112Z[0m [32m INFO[0m [2mpm_bot[0m[2m:[0m [config] clob_grace_s = 180
[2m2026-07-05T07:07:33.333113Z[0m [32m INFO[0m [2mpm_bot[0m[2m:[0m [config] gamma_lookahead = 5
[2m2026-07-05T07:07:33.333114Z[0m [32m INFO[0m [2mpm_bot[0m[2m:[0m [config] retention_ticks_s = 2400
[2m2026-07-05T07:07:33.741120Z[0m [32m INFO[0m [2mpm_bot[0m[2m:[0m fenêtre active: btc-updown-5m-1783235100 [1783235100000 → 1783235400000]
[2m2026-07-05T07:07:34.029075Z[0m [32m INFO[0m [2mpm_acquisition::rtds[0m[2m:[0m RTDS connecté
[2m2026-07-05T07:07:34.312354Z[0m [32m INFO[0m [2mpm_acquisition::clob[0m[2m:[0m CLOB connecté (up=21925943…, down=74816070…)
[2m2026-07-05T07:07:35.362097Z[0m [32m INFO[0m [2mpm_bot[0m[2m:[0m strike gelé: Some(62717.55608365558) (confidence=0.000, gap=Some(154000) ms)
[2m2026-07-05T07:10:02.423204Z[0m [32m INFO[0m [2mpm_bot[0m[2m:[0m RÈGLEMENT btc-updown-5m-1783235100 | strike=Some("62717.56") issue=inconnue | PnL up=+0.00 down=+0.00 | taker=0 maker_fills=0 | PnL cumulé=+0.00
[2m2026-07-05T07:10:02.423231Z[0m [32m INFO[0m [2mpm_bot[0m[2m:[0m fenêtre active: btc-updown-5m-1783235400 [1783235400000 → 1783235700000]
[2m2026-07-05T07:10:02.423250Z[0m [32m INFO[0m [2mpm_bot[0m[2m:[0m strike gelé: Some(62710.26907204883) (confidence=1.000, gap=Some(0) ms)
[2m2026-07-05T07:10:03.017305Z[0m [32m INFO[0m [2mpm_acquisition::clob[0m[2m:[0m CLOB connecté (up=88487888…, down=28294260…)
[2m2026-07-05T07:12:01.640017Z[0m [32m INFO[0m [2mpm_bot[0m[2m:[0m résolution officielle btc-updown-5m-1783235100: Down (pas d'estimation locale)
[2m2026-07-05T07:12:01.640102Z[0m [32m INFO[0m [2mpm_acquisition::clob[0m[2m:[0m CLOB flux terminé (marché résolu/fermé)
[2m2026-07-05T07:15:02.386158Z[0m [32m INFO[0m [2mpm_bot[0m[2m:[0m RÈGLEMENT btc-updown-5m-1783235400 | strike=Some("62710.27") issue=Down (estimé) | PnL up=+0.00 down=+0.00 | taker=0 maker_fills=0 | PnL cumulé=+0.00
[2m2026-07-05T07:15:02.386183Z[0m [32m INFO[0m [2mpm_bot[0m[2m:[0m fenêtre active: btc-updown-5m-1783235700 [1783235700000 → 1783236000000]
[2m2026-07-05T07:15:02.386202Z[0m [32m INFO[0m [2mpm_bot[0m[2m:[0m strike gelé: Some(62702.35665) (confidence=1.000, gap=Some(0) ms)
[2m2026-07-05T07:15:02.991754Z[0m [32m INFO[0m [2mpm_acquisition::clob[0m[2m:[0m CLOB connecté (up=49549850…, down=39353712…)
[2m2026-07-05T07:16:21.397356Z[0m [32m INFO[0m [2mpm_bot[0m[2m:[0m résolution officielle btc-updown-5m-1783235400: Down — CONFIRME notre estimation ✓
[2m2026-07-05T07:16:21.397440Z[0m [32m INFO[0m [2mpm_acquisition::clob[0m[2m:[0m CLOB flux terminé (marché résolu/fermé)
[2m2026-07-05T07:20:02.375450Z[0m [32m INFO[0m [2mpm_bot[0m[2m:[0m RÈGLEMENT btc-updown-5m-1783235700 | strike=Some("62702.36") issue=Down (estimé) | PnL up=+0.00 down=+0.00 | taker=0 maker_fills=0 | PnL cumulé=+0.00
[2m2026-07-05T07:20:02.375477Z[0m [32m INFO[0m [2mpm_bot[0m[2m:[0m fenêtre active: btc-updown-5m-1783236000 [1783236000000 → 1783236300000]
[2m2026-07-05T07:20:02.375509Z[0m [32m INFO[0m [2mpm_bot[0m[2m:[0m strike gelé: Some(62685.80227113228) (confidence=1.000, gap=Some(0) ms)
[2m2026-07-05T07:20:02.939150Z[0m [32m INFO[0m [2mpm_acquisition::clob[0m[2m:[0m CLOB connecté (up=11133072…, down=32335285…)
[2m2026-07-05T07:21:34.692995Z[0m [32m INFO[0m [2mpm_bot[0m[2m:[0m résolution officielle btc-updown-5m-1783235700: Down — CONFIRME notre estimation ✓
[2m2026-07-05T07:21:34.693088Z[0m [32m INFO[0m [2mpm_acquisition::clob[0m[2m:[0m CLOB flux terminé (marché résolu/fermé)
[2m2026-07-05T07:25:02.424371Z[0m [32m INFO[0m [2mpm_bot[0m[2m:[0m RÈGLEMENT btc-updown-5m-1783236000 | strike=Some("62685.80") issue=Up (estimé) | PnL up=+0.00 down=+0.00 | taker=0 maker_fills=0 | PnL cumulé=+0.00
[2m2026-07-05T07:25:02.424399Z[0m [32m INFO[0m [2mpm_bot[0m[2m:[0m fenêtre active: btc-updown-5m-1783236300 [1783236300000 → 1783236600000]
[2m2026-07-05T07:25:02.424440Z[0m [32m INFO[0m [2mpm_bot[0m[2m:[0m strike gelé: Some(62727.733581999026) (confidence=1.000, gap=Some(0) ms)
[2m2026-07-05T07:25:02.993119Z[0m [32m INFO[0m [2mpm_acquisition::clob[0m[2m:[0m CLOB connecté (up=47335781…, down=53022169…)
[2m2026-07-05T07:27:31.383155Z[0m [32m INFO[0m [2mpm_bot[0m[2m:[0m résolution officielle btc-updown-5m-1783236000: Up — CONFIRME notre estimation ✓
[2m2026-07-05T07:27:31.383239Z[0m [32m INFO[0m [2mpm_acquisition::clob[0m[2m:[0m CLOB flux terminé (marché résolu/fermé)
[2m2026-07-05T07:30:02.554339Z[0m [32m INFO[0m [2mpm_bot[0m[2m:[0m RÈGLEMENT btc-updown-5m-1783236300 | strike=Some("62727.73") issue=Down (estimé) | PnL up=+0.00 down=+0.00 | taker=0 maker_fills=0 | PnL cumulé=+0.00
[2m2026-07-05T07:30:02.554370Z[0m [32m INFO[0m [2mpm_bot[0m[2m:[0m fenêtre active: btc-updown-5m-1783236600 [1783236600000 → 1783236900000]
[2m2026-07-05T07:30:02.554399Z[0m [32m INFO[0m [2mpm_bot[0m[2m:[0m strike gelé: Some(62694.206460601396) (confidence=1.000, gap=Some(0) ms)
[2m2026-07-05T07:30:03.108679Z[0m [32m INFO[0m [2mpm_acquisition::clob[0m[2m:[0m CLOB connecté (up=77953265…, down=66880242…)
[2m2026-07-05T07:31:36.764199Z[0m [32m INFO[0m [2mpm_bot[0m[2m:[0m résolution officielle btc-updown-5m-1783236300: Down — CONFIRME notre estimation ✓
[2m2026-07-05T07:31:36.764267Z[0m [32m INFO[0m [2mpm_acquisition::clob[0m[2m:[0m CLOB flux terminé (marché résolu/fermé)
[2m2026-07-05T07:32:04.334628Z[0m [33m WARN[0m [2mpm_acquisition::watchdog[0m[2m:[0m flux rtds stale (6127 ms de silence)
[2m2026-07-05T07:32:04.334727Z[0m [33m WARN[0m [2mpm_bot[0m[2m:[0m FEED STALE: rtds silencieux 6127 ms
[2m2026-07-05T07:32:05.029346Z[0m [33m WARN[0m [2mpm_acquisition::rtds[0m[2m:[0m RTDS silencieux 5712 ms → réabonnement
[2m2026-07-05T07:35:02.380748Z[0m [32m INFO[0m [2mpm_bot[0m[2m:[0m RÈGLEMENT btc-updown-5m-1783236600 | strike=Some("62694.21") issue=Up (estimé) | PnL up=+0.00 down=+0.00 | taker=0 maker_fills=0 | PnL cumulé=+0.00
[2m2026-07-05T07:35:02.380777Z[0m [32m INFO[0m [2mpm_bot[0m[2m:[0m fenêtre active: btc-updown-5m-1783236900 [1783236900000 → 1783237200000]
[2m2026-07-05T07:35:02.380817Z[0m [32m INFO[0m [2mpm_bot[0m[2m:[0m strike gelé: Some(62782.923835) (confidence=1.000, gap=Some(0) ms)
[2m2026-07-05T07:35:02.988169Z[0m [32m INFO[0m [2mpm_acquisition::clob[0m[2m:[0m CLOB connecté (up=13902238…, down=10509705…)
[2m2026-07-05T07:36:31.344989Z[0m [32m INFO[0m [2mpm_bot[0m[2m:[0m résolution officielle btc-updown-5m-1783236600: Up — CONFIRME notre estimation ✓
[2m2026-07-05T07:36:31.345079Z[0m [32m INFO[0m [2mpm_acquisition::clob[0m[2m:[0m CLOB flux terminé (marché résolu/fermé)
[2m2026-07-05T07:40:02.469076Z[0m [32m INFO[0m [2mpm_bot[0m[2m:[0m RÈGLEMENT btc-updown-5m-1783236900 | strike=Some("62782.92") issue=Up (estimé) | PnL up=+0.00 down=+0.00 | taker=0 maker_fills=0 | PnL cumulé=+0.00
[2m2026-07-05T07:40:02.469106Z[0m [32m INFO[0m [2mpm_bot[0m[2m:[0m fenêtre active: btc-updown-5m-1783237200 [1783237200000 → 1783237500000]
[2m2026-07-05T07:40:02.469158Z[0m [32m INFO[0m [2mpm_bot[0m[2m:[0m strike gelé: Some(62832.83097966031) (confidence=1.000, gap=Some(0) ms)
[2m2026-07-05T07:40:03.095817Z[0m [32m INFO[0m [2mpm_acquisition::clob[0m[2m:[0m CLOB connecté (up=16567856…, down=93039162…)
[2m2026-07-05T07:41:25.442370Z[0m [32m INFO[0m [2mpm_bot[0m[2m:[0m résolution officielle btc-updown-5m-1783236900: Up — CONFIRME notre estimation ✓
[2m2026-07-05T07:41:25.442455Z[0m [32m INFO[0m [2mpm_acquisition::clob[0m[2m:[0m CLOB flux terminé (marché résolu/fermé)
[2m2026-07-05T07:45:02.386956Z[0m [32m INFO[0m [2mpm_bot[0m[2m:[0m RÈGLEMENT btc-updown-5m-1783237200 | strike=Some("62832.83") issue=Up (estimé) | PnL up=+0.00 down=+0.00 | taker=0 maker_fills=0 | PnL cumulé=+0.00
[2m2026-07-05T07:45:02.386981Z[0m [32m INFO[0m [2mpm_bot[0m[2m:[0m fenêtre active: btc-updown-5m-1783237500 [1783237500000 → 1783237800000]
[2m2026-07-05T07:45:02.387013Z[0m [32m INFO[0m [2mpm_bot[0m[2m:[0m strike gelé: Some(62867.19858187389) (confidence=1.000, gap=Some(0) ms)
[2m2026-07-05T07:45:02.980563Z[0m [32m INFO[0m [2mpm_acquisition::clob[0m[2m:[0m CLOB connecté (up=37357697…, down=37339414…)
[2m2026-07-05T07:47:01.374569Z[0m [32m INFO[0m [2mpm_bot[0m[2m:[0m résolution officielle btc-updown-5m-1783237200: Up — CONFIRME notre estimation ✓
[2m2026-07-05T07:47:01.374632Z[0m [32m INFO[0m [2mpm_acquisition::clob[0m[2m:[0m CLOB flux terminé (marché résolu/fermé)
[2m2026-07-05T07:50:02.489511Z[0m [32m INFO[0m [2mpm_bot[0m[2m:[0m RÈGLEMENT btc-updown-5m-1783237500 | strike=Some("62867.20") issue=Up (estimé) | PnL up=+0.00 down=+0.00 | taker=0 maker_fills=0 | PnL cumulé=+0.00
[2m2026-07-05T07:50:02.489546Z[0m [32m INFO[0m [2mpm_bot[0m[2m:[0m fenêtre active: btc-updown-5m-1783237800 [1783237800000 → 1783238100000]
[2m2026-07-05T07:50:02.489578Z[0m [32m INFO[0m [2mpm_bot[0m[2m:[0m strike gelé: Some(62869.04750815104) (confidence=1.000, gap=Some(0) ms)
[2m2026-07-05T07:50:03.105683Z[0m [32m INFO[0m [2mpm_acquisition::clob[0m[2m:[0m CLOB connecté (up=97980586…, down=11502967…)
[2m2026-07-05T07:51:25.069305Z[0m [32m INFO[0m [2mpm_bot[0m[2m:[0m résolution officielle btc-updown-5m-1783237500: Up — CONFIRME notre estimation ✓
[2m2026-07-05T07:51:25.069360Z[0m [32m INFO[0m [2mpm_acquisition::clob[0m[2m:[0m CLOB flux terminé (marché résolu/fermé)
[2m2026-07-05T07:55:02.428327Z[0m [32m INFO[0m [2mpm_bot[0m[2m:[0m RÈGLEMENT btc-updown-5m-1783237800 | strike=Some("62869.05") issue=Up (estimé) | PnL up=+0.00 down=+0.00 | taker=0 maker_fills=0 | PnL cumulé=+0.00
[2m2026-07-05T07:55:02.428357Z[0m [32m INFO[0m [2mpm_bot[0m[2m:[0m fenêtre active: btc-updown-5m-1783238100 [1783238100000 → 1783238400000]
[2m2026-07-05T07:55:02.428397Z[0m [32m INFO[0m [2mpm_bot[0m[2m:[0m strike gelé: Some(62950.82311092687) (confidence=1.000, gap=Some(0) ms)
[2m2026-07-05T07:55:03.036853Z[0m [32m INFO[0m [2mpm_acquisition::clob[0m[2m:[0m CLOB connecté (up=29866798…, down=61701877…)
[2m2026-07-05T07:56:31.938903Z[0m [32m INFO[0m [2mpm_bot[0m[2m:[0m résolution officielle btc-updown-5m-1783237800: Up — CONFIRME notre estimation ✓
[2m2026-07-05T07:56:31.938973Z[0m [32m INFO[0m [2mpm_acquisition::clob[0m[2m:[0m CLOB flux terminé (marché résolu/fermé)
