[2m2026-07-06T00:54:20.571880Z[0m [32m INFO[0m [2mpm_bot[0m[2m:[0m pm-bot démarre (PAPER mode) — archives: /home/clementbondaz-sanson/Documents/Projet code/rustfactor/polymarket-btc5m-bot/data_v2/camp_20260706T005420
[2m2026-07-06T00:54:20.576264Z[0m [32m INFO[0m [2mpm_bot[0m[2m:[0m aucun fichier de config (./config.toml) — défauts calibrés
[2m2026-07-06T00:54:20.576346Z[0m [32m INFO[0m [2mpm_bot[0m[2m:[0m [config] [taker]
[2m2026-07-06T00:54:20.576351Z[0m [32m INFO[0m [2mpm_bot[0m[2m:[0m [config] min_edge = 0.06
[2m2026-07-06T00:54:20.576354Z[0m [32m INFO[0m [2mpm_bot[0m[2m:[0m [config] min_abs_z = 2.5
[2m2026-07-06T00:54:20.576357Z[0m [32m INFO[0m [2mpm_bot[0m[2m:[0m [config] min_strike_confidence = 0.8
[2m2026-07-06T00:54:20.576360Z[0m [32m INFO[0m [2mpm_bot[0m[2m:[0m [config] max_spot_age_ms = 3000
[2m2026-07-06T00:54:20.576362Z[0m [32m INFO[0m [2mpm_bot[0m[2m:[0m [config] min_elapsed_s = 10.0
[2m2026-07-06T00:54:20.576365Z[0m [32m INFO[0m [2mpm_bot[0m[2m:[0m [config] min_tau_s = 3.0
[2m2026-07-06T00:54:20.576368Z[0m [32m INFO[0m [2mpm_bot[0m[2m:[0m [config] cost_buffer = 0.01
[2m2026-07-06T00:54:20.576371Z[0m [32m INFO[0m [2mpm_bot[0m[2m:[0m [config] kelly_fraction = 0.25
[2m2026-07-06T00:54:20.576373Z[0m [32m INFO[0m [2mpm_bot[0m[2m:[0m [config] bankroll = 1000.0
[2m2026-07-06T00:54:20.576376Z[0m [32m INFO[0m [2mpm_bot[0m[2m:[0m [config] max_notional = 250.0
[2m2026-07-06T00:54:20.576379Z[0m [32m INFO[0m [2mpm_bot[0m[2m:[0m [config] max_slippage = 0.02
[2m2026-07-06T00:54:20.576382Z[0m [32m INFO[0m [2mpm_bot[0m[2m:[0m [config] max_entry_price = 0.75
[2m2026-07-06T00:54:20.576385Z[0m [32m INFO[0m [2mpm_bot[0m[2m:[0m [config] 
[2m2026-07-06T00:54:20.576387Z[0m [32m INFO[0m [2mpm_bot[0m[2m:[0m [config] [maker]
[2m2026-07-06T00:54:20.576390Z[0m [32m INFO[0m [2mpm_bot[0m[2m:[0m [config] min_quote_price = 0.15
[2m2026-07-06T00:54:20.576393Z[0m [32m INFO[0m [2mpm_bot[0m[2m:[0m [config] max_quote_price = 0.85
[2m2026-07-06T00:54:20.576396Z[0m [32m INFO[0m [2mpm_bot[0m[2m:[0m [config] edge_margin = 0.03
[2m2026-07-06T00:54:20.576399Z[0m [32m INFO[0m [2mpm_bot[0m[2m:[0m [config] take_profit = 0.08
[2m2026-07-06T00:54:20.576401Z[0m [32m INFO[0m [2mpm_bot[0m[2m:[0m [config] stop_loss = 0.1
[2m2026-07-06T00:54:20.576404Z[0m [32m INFO[0m [2mpm_bot[0m[2m:[0m [config] quote_size = 50.0
[2m2026-07-06T00:54:20.576407Z[0m [32m INFO[0m [2mpm_bot[0m[2m:[0m [config] max_inventory = 150.0
[2m2026-07-06T00:54:20.576410Z[0m [32m INFO[0m [2mpm_bot[0m[2m:[0m [config] min_tau_open_s = 60.0
[2m2026-07-06T00:54:20.576413Z[0m [32m INFO[0m [2mpm_bot[0m[2m:[0m [config] min_tau_flat_s = 25.0
[2m2026-07-06T00:54:20.576415Z[0m [32m INFO[0m [2mpm_bot[0m[2m:[0m [config] max_abs_z_quote = 2.5
[2m2026-07-06T00:54:20.576418Z[0m [32m INFO[0m [2mpm_bot[0m[2m:[0m [config] sigma_panic_per_sqrt_s = 0.0005
[2m2026-07-06T00:54:20.576421Z[0m [32m INFO[0m [2mpm_bot[0m[2m:[0m [config] min_strike_confidence = 0.8
[2m2026-07-06T00:54:20.576424Z[0m [32m INFO[0m [2mpm_bot[0m[2m:[0m [config] max_spot_age_ms = 3000
[2m2026-07-06T00:54:20.576427Z[0m [32m INFO[0m [2mpm_bot[0m[2m:[0m [config] 
[2m2026-07-06T00:54:20.576429Z[0m [32m INFO[0m [2mpm_bot[0m[2m:[0m [config] [modele]
[2m2026-07-06T00:54:20.576432Z[0m [32m INFO[0m [2mpm_bot[0m[2m:[0m [config] sigma_floor_per_sqrt_s = 0.00005
[2m2026-07-06T00:54:20.576435Z[0m [32m INFO[0m [2mpm_bot[0m[2m:[0m [config] tau_floor_s = 1.0
[2m2026-07-06T00:54:20.576438Z[0m [32m INFO[0m [2mpm_bot[0m[2m:[0m [config] drift_snr_min = 0.25
[2m2026-07-06T00:54:20.576441Z[0m [32m INFO[0m [2mpm_bot[0m[2m:[0m [config] max_drift_z = 2.0
[2m2026-07-06T00:54:20.576443Z[0m [32m INFO[0m [2mpm_bot[0m[2m:[0m [config] 
[2m2026-07-06T00:54:20.576446Z[0m [32m INFO[0m [2mpm_bot[0m[2m:[0m [config] [volatilite]
[2m2026-07-06T00:54:20.576449Z[0m [32m INFO[0m [2mpm_bot[0m[2m:[0m [config] ewma_half_life_s = 60.0
[2m2026-07-06T00:54:20.576459Z[0m [32m INFO[0m [2mpm_bot[0m[2m:[0m [config] retention_s = 1800
[2m2026-07-06T00:54:20.576464Z[0m [32m INFO[0m [2mpm_bot[0m[2m:[0m [config] min_dt_ms = 10
[2m2026-07-06T00:54:20.576467Z[0m [32m INFO[0m [2mpm_bot[0m[2m:[0m [config] 
[2m2026-07-06T00:54:20.576469Z[0m [32m INFO[0m [2mpm_bot[0m[2m:[0m [config] [moteur]
[2m2026-07-06T00:54:20.576472Z[0m [32m INFO[0m [2mpm_bot[0m[2m:[0m [config] decision_step_ms = 250
[2m2026-07-06T00:54:20.576475Z[0m [32m INFO[0m [2mpm_bot[0m[2m:[0m [config] watchdog_stale_ms = 6000
[2m2026-07-06T00:54:20.576478Z[0m [32m INFO[0m [2mpm_bot[0m[2m:[0m [config] clob_grace_s = 180
[2m2026-07-06T00:54:20.576481Z[0m [32m INFO[0m [2mpm_bot[0m[2m:[0m [config] gamma_lookahead = 5
[2m2026-07-06T00:54:20.576484Z[0m [32m INFO[0m [2mpm_bot[0m[2m:[0m [config] retention_ticks_s = 2400
[2m2026-07-06T00:54:21.073255Z[0m [32m INFO[0m [2mpm_acquisition::rtds[0m[2m:[0m RTDS connecté
[2m2026-07-06T00:54:21.073296Z[0m [32m INFO[0m [2mpm_bot[0m[2m:[0m fenêtre active: btc-updown-5m-1783299000 [1783299000000 → 1783299300000]
[2m2026-07-06T00:54:21.380234Z[0m [32m INFO[0m [2mpm_acquisition::clob[0m[2m:[0m CLOB connecté (up=60569257…, down=81751064…)
[2m2026-07-06T00:54:22.354823Z[0m [32m INFO[0m [2mpm_bot[0m[2m:[0m strike gelé: Some(63608.49903) (confidence=0.000, gap=Some(261000) ms)
[2m2026-07-06T00:55:02.136083Z[0m [32m INFO[0m [2mpm_bot[0m[2m:[0m RÈGLEMENT btc-updown-5m-1783299000 | strike=Some("63608.50") issue=inconnue | PnL up=+0.00 down=+0.00 | taker=0 maker_fills=0 | PnL cumulé=+0.00
[2m2026-07-06T00:55:02.136145Z[0m [32m INFO[0m [2mpm_bot[0m[2m:[0m fenêtre active: btc-updown-5m-1783299300 [1783299300000 → 1783299600000]
[2m2026-07-06T00:55:02.136174Z[0m [32m INFO[0m [2mpm_bot[0m[2m:[0m strike gelé: Some(63588.335022974905) (confidence=1.000, gap=Some(0) ms)
[2m2026-07-06T00:55:02.750207Z[0m [32m INFO[0m [2mpm_acquisition::clob[0m[2m:[0m CLOB connecté (up=37231631…, down=43407191…)
[2m2026-07-06T00:56:24.951135Z[0m [32m INFO[0m [2mpm_bot[0m[2m:[0m résolution officielle btc-updown-5m-1783299000: Down (pas d'estimation locale)
[2m2026-07-06T00:56:24.951216Z[0m [32m INFO[0m [2mpm_acquisition::clob[0m[2m:[0m CLOB flux terminé (marché résolu/fermé)
[2m2026-07-06T00:56:51.577491Z[0m [33m WARN[0m [2mpm_acquisition::watchdog[0m[2m:[0m flux rtds stale (6340 ms de silence)
[2m2026-07-06T00:56:51.577576Z[0m [33m WARN[0m [2mpm_bot[0m[2m:[0m FEED STALE: rtds silencieux 6340 ms
[2m2026-07-06T00:56:52.074517Z[0m [33m WARN[0m [2mpm_acquisition::rtds[0m[2m:[0m RTDS silencieux 6000 ms → réabonnement
[2m2026-07-06T01:00:02.378141Z[0m [32m INFO[0m [2mpm_bot[0m[2m:[0m RÈGLEMENT btc-updown-5m-1783299300 | strike=Some("63588.34") issue=Up (estimé) | PnL up=+0.00 down=+0.00 | taker=0 maker_fills=0 | PnL cumulé=+0.00
[2m2026-07-06T01:00:02.379834Z[0m [32m INFO[0m [2mpm_bot[0m[2m:[0m fenêtre active: btc-updown-5m-1783299600 [1783299600000 → 1783299900000]
[2m2026-07-06T01:00:02.379866Z[0m [32m INFO[0m [2mpm_bot[0m[2m:[0m strike gelé: Some(63698.42396957726) (confidence=1.000, gap=Some(0) ms)
[2m2026-07-06T01:00:02.685111Z[0m [32m INFO[0m [2mpm_acquisition::clob[0m[2m:[0m CLOB connecté (up=80603507…, down=16107423…)
[2m2026-07-06T01:01:35.922136Z[0m [32m INFO[0m [2mpm_bot[0m[2m:[0m résolution officielle btc-updown-5m-1783299300: Up — CONFIRME notre estimation ✓
[2m2026-07-06T01:01:35.922187Z[0m [32m INFO[0m [2mpm_acquisition::clob[0m[2m:[0m CLOB flux terminé (marché résolu/fermé)
[2m2026-07-06T01:05:02.425503Z[0m [32m INFO[0m [2mpm_bot[0m[2m:[0m RÈGLEMENT btc-updown-5m-1783299600 | strike=Some("63698.42") issue=Down (estimé) | PnL up=+0.00 down=+0.00 | taker=0 maker_fills=0 | PnL cumulé=+0.00
[2m2026-07-06T01:05:02.431849Z[0m [32m INFO[0m [2mpm_bot[0m[2m:[0m fenêtre active: btc-updown-5m-1783299900 [1783299900000 → 1783300200000]
[2m2026-07-06T01:05:02.431896Z[0m [32m INFO[0m [2mpm_bot[0m[2m:[0m strike gelé: Some(63660.69883008109) (confidence=1.000, gap=Some(0) ms)
[2m2026-07-06T01:05:02.839483Z[0m [32m INFO[0m [2mpm_acquisition::clob[0m[2m:[0m CLOB connecté (up=14777819…, down=71549539…)
[2m2026-07-06T01:07:13.283885Z[0m [33m WARN[0m [2mpm_acquisition::clob[0m[2m:[0m CLOB erreur: WebSocket protocol error: Connection reset without closing handshake: Connection reset without closing handshake
[2m2026-07-06T01:07:14.819779Z[0m [32m INFO[0m [2mpm_acquisition::clob[0m[2m:[0m CLOB connecté (up=14777819…, down=71549539…)
[2m2026-07-06T01:07:40.453414Z[0m [32m INFO[0m [2mpm_bot[0m[2m:[0m résolution officielle btc-updown-5m-1783299600: Down — CONFIRME notre estimation ✓
[2m2026-07-06T01:07:40.453464Z[0m [32m INFO[0m [2mpm_acquisition::clob[0m[2m:[0m CLOB flux terminé (marché résolu/fermé)
[2m2026-07-06T01:10:02.346689Z[0m [32m INFO[0m [2mpm_bot[0m[2m:[0m RÈGLEMENT btc-updown-5m-1783299900 | strike=Some("63660.70") issue=Up (estimé) | PnL up=+0.00 down=+0.00 | taker=0 maker_fills=0 | PnL cumulé=+0.00
[2m2026-07-06T01:10:02.348378Z[0m [32m INFO[0m [2mpm_bot[0m[2m:[0m fenêtre active: btc-updown-5m-1783300200 [1783300200000 → 1783300500000]
[2m2026-07-06T01:10:02.348410Z[0m [32m INFO[0m [2mpm_bot[0m[2m:[0m strike gelé: Some(63782.84596434304) (confidence=1.000, gap=Some(0) ms)
[2m2026-07-06T01:10:02.758695Z[0m [32m INFO[0m [2mpm_acquisition::clob[0m[2m:[0m CLOB connecté (up=15958002…, down=69380008…)
[2m2026-07-06T01:11:28.636441Z[0m [32m INFO[0m [2mpm_bot[0m[2m:[0m résolution officielle btc-updown-5m-1783299900: Up — CONFIRME notre estimation ✓
[2m2026-07-06T01:11:28.636496Z[0m [32m INFO[0m [2mpm_acquisition::clob[0m[2m:[0m CLOB flux terminé (marché résolu/fermé)
[2m2026-07-06T01:15:02.227542Z[0m [32m INFO[0m [2mpm_bot[0m[2m:[0m RÈGLEMENT btc-updown-5m-1783300200 | strike=Some("63782.85") issue=Down (estimé) | PnL up=+0.00 down=+0.00 | taker=0 maker_fills=0 | PnL cumulé=+0.00
[2m2026-07-06T01:15:02.234058Z[0m [32m INFO[0m [2mpm_bot[0m[2m:[0m fenêtre active: btc-updown-5m-1783300500 [1783300500000 → 1783300800000]
[2m2026-07-06T01:15:02.234181Z[0m [32m INFO[0m [2mpm_bot[0m[2m:[0m strike gelé: Some(63745.080755751005) (confidence=1.000, gap=Some(0) ms)
[2m2026-07-06T01:15:02.693185Z[0m [32m INFO[0m [2mpm_acquisition::clob[0m[2m:[0m CLOB connecté (up=19921132…, down=14585239…)
[2m2026-07-06T01:16:25.779792Z[0m [32m INFO[0m [2mpm_bot[0m[2m:[0m résolution officielle btc-updown-5m-1783300200: Down — CONFIRME notre estimation ✓
[2m2026-07-06T01:16:25.779883Z[0m [32m INFO[0m [2mpm_acquisition::clob[0m[2m:[0m CLOB flux terminé (marché résolu/fermé)
[2m2026-07-06T01:20:02.525400Z[0m [32m INFO[0m [2mpm_bot[0m[2m:[0m RÈGLEMENT btc-updown-5m-1783300500 | strike=Some("63745.08") issue=Down (estimé) | PnL up=+0.00 down=+0.00 | taker=0 maker_fills=0 | PnL cumulé=+0.00
[2m2026-07-06T01:20:02.527069Z[0m [32m INFO[0m [2mpm_bot[0m[2m:[0m fenêtre active: btc-updown-5m-1783300800 [1783300800000 → 1783301100000]
[2m2026-07-06T01:20:02.630292Z[0m [32m INFO[0m [2mpm_bot[0m[2m:[0m strike gelé: Some(63740.25354820645) (confidence=0.900, gap=Some(1000) ms)
[2m2026-07-06T01:20:02.823049Z[0m [32m INFO[0m [2mpm_acquisition::clob[0m[2m:[0m CLOB connecté (up=79030662…, down=10557679…)
[2m2026-07-06T01:21:26.494740Z[0m [32m INFO[0m [2mpm_bot[0m[2m:[0m résolution officielle btc-updown-5m-1783300500: Down — CONFIRME notre estimation ✓
[2m2026-07-06T01:21:26.494830Z[0m [32m INFO[0m [2mpm_acquisition::clob[0m[2m:[0m CLOB flux terminé (marché résolu/fermé)
[2m2026-07-06T01:25:02.357898Z[0m [32m INFO[0m [2mpm_bot[0m[2m:[0m RÈGLEMENT btc-updown-5m-1783300800 | strike=Some("63740.25") issue=Down (estimé) | PnL up=+0.00 down=+0.00 | taker=0 maker_fills=0 | PnL cumulé=+0.00
[2m2026-07-06T01:25:02.360295Z[0m [32m INFO[0m [2mpm_bot[0m[2m:[0m fenêtre active: btc-updown-5m-1783301100 [1783301100000 → 1783301400000]
[2m2026-07-06T01:25:02.360377Z[0m [32m INFO[0m [2mpm_bot[0m[2m:[0m strike gelé: Some(63653.81296835095) (confidence=1.000, gap=Some(0) ms)
[2m2026-07-06T01:25:02.766887Z[0m [32m INFO[0m [2mpm_acquisition::clob[0m[2m:[0m CLOB connecté (up=11170594…, down=84995979…)
[2m2026-07-06T01:26:25.106670Z[0m [32m INFO[0m [2mpm_bot[0m[2m:[0m résolution officielle btc-updown-5m-1783300800: Down — CONFIRME notre estimation ✓
[2m2026-07-06T01:26:25.106717Z[0m [32m INFO[0m [2mpm_acquisition::clob[0m[2m:[0m CLOB flux terminé (marché résolu/fermé)
[2m2026-07-06T01:30:02.394421Z[0m [32m INFO[0m [2mpm_bot[0m[2m:[0m RÈGLEMENT btc-updown-5m-1783301100 | strike=Some("63653.81") issue=Up (estimé) | PnL up=+0.00 down=+0.00 | taker=0 maker_fills=0 | PnL cumulé=+0.00
[2m2026-07-06T01:30:02.401746Z[0m [32m INFO[0m [2mpm_bot[0m[2m:[0m fenêtre active: btc-updown-5m-1783301400 [1783301400000 → 1783301700000]
[2m2026-07-06T01:30:02.401835Z[0m [32m INFO[0m [2mpm_bot[0m[2m:[0m strike gelé: Some(63674.86716208876) (confidence=1.000, gap=Some(0) ms)
[2m2026-07-06T01:30:02.879270Z[0m [32m INFO[0m [2mpm_acquisition::clob[0m[2m:[0m CLOB connecté (up=66567141…, down=79006116…)
[2m2026-07-06T01:31:40.578171Z[0m [33m WARN[0m [2mpm_acquisition::watchdog[0m[2m:[0m flux rtds stale (6355 ms de silence)
[2m2026-07-06T01:31:40.584576Z[0m [33m WARN[0m [2mpm_bot[0m[2m:[0m FEED STALE: rtds silencieux 6355 ms
[2m2026-07-06T01:31:41.074736Z[0m [33m WARN[0m [2mpm_acquisition::rtds[0m[2m:[0m RTDS silencieux 5701 ms → réabonnement
[2m2026-07-06T01:31:56.319653Z[0m [32m INFO[0m [2mpm_acquisition::clob[0m[2m:[0m CLOB flux terminé (marché résolu/fermé)
[2m2026-07-06T01:31:56.319654Z[0m [32m INFO[0m [2mpm_bot[0m[2m:[0m résolution officielle btc-updown-5m-1783301100: Up — CONFIRME notre estimation ✓
[2m2026-07-06T01:35:02.302569Z[0m [32m INFO[0m [2mpm_bot[0m[2m:[0m RÈGLEMENT btc-updown-5m-1783301400 | strike=Some("63674.87") issue=Up (estimé) | PnL up=+0.00 down=+0.00 | taker=0 maker_fills=0 | PnL cumulé=+0.00
[2m2026-07-06T01:35:02.304195Z[0m [32m INFO[0m [2mpm_bot[0m[2m:[0m fenêtre active: btc-updown-5m-1783301700 [1783301700000 → 1783302000000]
[2m2026-07-06T01:35:02.304231Z[0m [32m INFO[0m [2mpm_bot[0m[2m:[0m strike gelé: Some(63844.99961845732) (confidence=1.000, gap=Some(0) ms)
[2m2026-07-06T01:35:02.738406Z[0m [32m INFO[0m [2mpm_acquisition::clob[0m[2m:[0m CLOB connecté (up=92792678…, down=57618594…)
[2m2026-07-06T01:36:44.544400Z[0m [32m INFO[0m [2mpm_bot[0m[2m:[0m résolution officielle btc-updown-5m-1783301400: Up — CONFIRME notre estimation ✓
[2m2026-07-06T01:36:44.544439Z[0m [32m INFO[0m [2mpm_acquisition::clob[0m[2m:[0m CLOB flux terminé (marché résolu/fermé)
[2m2026-07-06T01:37:03.484251Z[0m [33m WARN[0m [2mpm_acquisition::clob[0m[2m:[0m CLOB erreur: WebSocket protocol error: Connection reset without closing handshake: Connection reset without closing handshake
[2m2026-07-06T01:37:04.903597Z[0m [32m INFO[0m [2mpm_acquisition::clob[0m[2m:[0m CLOB connecté (up=92792678…, down=57618594…)
[2m2026-07-06T01:37:53.077321Z[0m [33m WARN[0m [2mpm_acquisition::watchdog[0m[2m:[0m flux rtds stale (6249 ms de silence)
[2m2026-07-06T01:37:53.084713Z[0m [33m WARN[0m [2mpm_bot[0m[2m:[0m FEED STALE: rtds silencieux 6249 ms
[2m2026-07-06T01:38:38.078321Z[0m [33m WARN[0m [2mpm_acquisition::watchdog[0m[2m:[0m flux rtds stale (6337 ms de silence)
[2m2026-07-06T01:38:38.078405Z[0m [33m WARN[0m [2mpm_bot[0m[2m:[0m FEED STALE: rtds silencieux 6337 ms
[2m2026-07-06T01:39:09.577395Z[0m [33m WARN[0m [2mpm_acquisition::watchdog[0m[2m:[0m flux rtds stale (6298 ms de silence)
[2m2026-07-06T01:39:09.577454Z[0m [33m WARN[0m [2mpm_bot[0m[2m:[0m FEED STALE: rtds silencieux 6298 ms
[2m2026-07-06T01:40:02.236532Z[0m [32m INFO[0m [2mpm_bot[0m[2m:[0m RÈGLEMENT btc-updown-5m-1783301700 | strike=Some("63845.00") issue=Down (estimé) | PnL up=+0.00 down=+0.00 | taker=0 maker_fills=0 | PnL cumulé=+0.00
[2m2026-07-06T01:40:02.236595Z[0m [32m INFO[0m [2mpm_bot[0m[2m:[0m fenêtre active: btc-updown-5m-1783302000 [1783302000000 → 1783302300000]
[2m2026-07-06T01:40:02.673018Z[0m [32m INFO[0m [2mpm_acquisition::clob[0m[2m:[0m CLOB connecté (up=18871576…, down=52693676…)
[2m2026-07-06T01:40:03.345614Z[0m [32m INFO[0m [2mpm_bot[0m[2m:[0m strike gelé: Some(63728.54984) (confidence=0.900, gap=Some(1000) ms)
[2m2026-07-06T01:41:25.009882Z[0m [32m INFO[0m [2mpm_bot[0m[2m:[0m résolution officielle btc-updown-5m-1783301700: Down — CONFIRME notre estimation ✓
[2m2026-07-06T01:41:25.009939Z[0m [32m INFO[0m [2mpm_acquisition::clob[0m[2m:[0m CLOB flux terminé (marché résolu/fermé)
[2m2026-07-06T01:42:01.077367Z[0m [33m WARN[0m [2mpm_acquisition::watchdog[0m[2m:[0m flux rtds stale (6223 ms de silence)
[2m2026-07-06T01:42:01.077449Z[0m [33m WARN[0m [2mpm_bot[0m[2m:[0m FEED STALE: rtds silencieux 6223 ms
[2m2026-07-06T01:42:02.839759Z[0m [33m WARN[0m [2mpm_acquisition::clob[0m[2m:[0m CLOB erreur: WebSocket protocol error: Connection reset without closing handshake: Connection reset without closing handshake
[2m2026-07-06T01:42:04.223679Z[0m [32m INFO[0m [2mpm_acquisition::clob[0m[2m:[0m CLOB connecté (up=18871576…, down=52693676…)
[2m2026-07-06T01:43:11.077886Z[0m [33m WARN[0m [2mpm_acquisition::watchdog[0m[2m:[0m flux rtds stale (6027 ms de silence)
[2m2026-07-06T01:43:11.077932Z[0m [33m WARN[0m [2mpm_bot[0m[2m:[0m FEED STALE: rtds silencieux 6027 ms
