[2m2026-07-05T12:59:07.501921Z[0m [32m INFO[0m [2mpm_bot[0m[2m:[0m pm-bot démarre (PAPER mode) — archives: /home/user/rustfactor/polymarket-btc5m-bot/data_v2/camp_20260705T125907
[2m2026-07-05T12:59:07.505958Z[0m [32m INFO[0m [2mpm_bot[0m[2m:[0m aucun fichier de config (./config.toml) — défauts calibrés
[2m2026-07-05T12:59:07.506049Z[0m [32m INFO[0m [2mpm_bot[0m[2m:[0m [config] [taker]
[2m2026-07-05T12:59:07.506052Z[0m [32m INFO[0m [2mpm_bot[0m[2m:[0m [config] min_edge = 0.06
[2m2026-07-05T12:59:07.506054Z[0m [32m INFO[0m [2mpm_bot[0m[2m:[0m [config] min_abs_z = 2.5
[2m2026-07-05T12:59:07.506055Z[0m [32m INFO[0m [2mpm_bot[0m[2m:[0m [config] min_strike_confidence = 0.8
[2m2026-07-05T12:59:07.506057Z[0m [32m INFO[0m [2mpm_bot[0m[2m:[0m [config] max_spot_age_ms = 3000
[2m2026-07-05T12:59:07.506058Z[0m [32m INFO[0m [2mpm_bot[0m[2m:[0m [config] min_elapsed_s = 10.0
[2m2026-07-05T12:59:07.506060Z[0m [32m INFO[0m [2mpm_bot[0m[2m:[0m [config] min_tau_s = 3.0
[2m2026-07-05T12:59:07.506061Z[0m [32m INFO[0m [2mpm_bot[0m[2m:[0m [config] cost_buffer = 0.01
[2m2026-07-05T12:59:07.506063Z[0m [32m INFO[0m [2mpm_bot[0m[2m:[0m [config] kelly_fraction = 0.25
[2m2026-07-05T12:59:07.506064Z[0m [32m INFO[0m [2mpm_bot[0m[2m:[0m [config] bankroll = 1000.0
[2m2026-07-05T12:59:07.506065Z[0m [32m INFO[0m [2mpm_bot[0m[2m:[0m [config] max_notional = 250.0
[2m2026-07-05T12:59:07.506066Z[0m [32m INFO[0m [2mpm_bot[0m[2m:[0m [config] max_slippage = 0.02
[2m2026-07-05T12:59:07.506067Z[0m [32m INFO[0m [2mpm_bot[0m[2m:[0m [config] max_entry_price = 0.75
[2m2026-07-05T12:59:07.506069Z[0m [32m INFO[0m [2mpm_bot[0m[2m:[0m [config] 
[2m2026-07-05T12:59:07.506070Z[0m [32m INFO[0m [2mpm_bot[0m[2m:[0m [config] [maker]
[2m2026-07-05T12:59:07.506071Z[0m [32m INFO[0m [2mpm_bot[0m[2m:[0m [config] min_quote_price = 0.15
[2m2026-07-05T12:59:07.506072Z[0m [32m INFO[0m [2mpm_bot[0m[2m:[0m [config] max_quote_price = 0.85
[2m2026-07-05T12:59:07.506073Z[0m [32m INFO[0m [2mpm_bot[0m[2m:[0m [config] edge_margin = 0.03
[2m2026-07-05T12:59:07.506074Z[0m [32m INFO[0m [2mpm_bot[0m[2m:[0m [config] take_profit = 0.08
[2m2026-07-05T12:59:07.506076Z[0m [32m INFO[0m [2mpm_bot[0m[2m:[0m [config] stop_loss = 0.1
[2m2026-07-05T12:59:07.506077Z[0m [32m INFO[0m [2mpm_bot[0m[2m:[0m [config] quote_size = 50.0
[2m2026-07-05T12:59:07.506078Z[0m [32m INFO[0m [2mpm_bot[0m[2m:[0m [config] max_inventory = 150.0
[2m2026-07-05T12:59:07.506079Z[0m [32m INFO[0m [2mpm_bot[0m[2m:[0m [config] min_tau_open_s = 60.0
[2m2026-07-05T12:59:07.506080Z[0m [32m INFO[0m [2mpm_bot[0m[2m:[0m [config] min_tau_flat_s = 25.0
[2m2026-07-05T12:59:07.506081Z[0m [32m INFO[0m [2mpm_bot[0m[2m:[0m [config] max_abs_z_quote = 2.5
[2m2026-07-05T12:59:07.506083Z[0m [32m INFO[0m [2mpm_bot[0m[2m:[0m [config] sigma_panic_per_sqrt_s = 0.0005
[2m2026-07-05T12:59:07.506084Z[0m [32m INFO[0m [2mpm_bot[0m[2m:[0m [config] min_strike_confidence = 0.8
[2m2026-07-05T12:59:07.506085Z[0m [32m INFO[0m [2mpm_bot[0m[2m:[0m [config] max_spot_age_ms = 3000
[2m2026-07-05T12:59:07.506086Z[0m [32m INFO[0m [2mpm_bot[0m[2m:[0m [config] 
[2m2026-07-05T12:59:07.506087Z[0m [32m INFO[0m [2mpm_bot[0m[2m:[0m [config] [modele]
[2m2026-07-05T12:59:07.506089Z[0m [32m INFO[0m [2mpm_bot[0m[2m:[0m [config] sigma_floor_per_sqrt_s = 0.00005
[2m2026-07-05T12:59:07.506090Z[0m [32m INFO[0m [2mpm_bot[0m[2m:[0m [config] tau_floor_s = 1.0
[2m2026-07-05T12:59:07.506091Z[0m [32m INFO[0m [2mpm_bot[0m[2m:[0m [config] drift_snr_min = 0.25
[2m2026-07-05T12:59:07.506092Z[0m [32m INFO[0m [2mpm_bot[0m[2m:[0m [config] max_drift_z = 2.0
[2m2026-07-05T12:59:07.506093Z[0m [32m INFO[0m [2mpm_bot[0m[2m:[0m [config] 
[2m2026-07-05T12:59:07.506094Z[0m [32m INFO[0m [2mpm_bot[0m[2m:[0m [config] [volatilite]
[2m2026-07-05T12:59:07.506096Z[0m [32m INFO[0m [2mpm_bot[0m[2m:[0m [config] ewma_half_life_s = 60.0
[2m2026-07-05T12:59:07.506104Z[0m [32m INFO[0m [2mpm_bot[0m[2m:[0m [config] retention_s = 1800
[2m2026-07-05T12:59:07.506105Z[0m [32m INFO[0m [2mpm_bot[0m[2m:[0m [config] min_dt_ms = 10
[2m2026-07-05T12:59:07.506106Z[0m [32m INFO[0m [2mpm_bot[0m[2m:[0m [config] 
[2m2026-07-05T12:59:07.506107Z[0m [32m INFO[0m [2mpm_bot[0m[2m:[0m [config] [moteur]
[2m2026-07-05T12:59:07.506109Z[0m [32m INFO[0m [2mpm_bot[0m[2m:[0m [config] decision_step_ms = 250
[2m2026-07-05T12:59:07.506110Z[0m [32m INFO[0m [2mpm_bot[0m[2m:[0m [config] watchdog_stale_ms = 6000
[2m2026-07-05T12:59:07.506111Z[0m [32m INFO[0m [2mpm_bot[0m[2m:[0m [config] clob_grace_s = 180
[2m2026-07-05T12:59:07.506112Z[0m [32m INFO[0m [2mpm_bot[0m[2m:[0m [config] gamma_lookahead = 5
[2m2026-07-05T12:59:07.506113Z[0m [32m INFO[0m [2mpm_bot[0m[2m:[0m [config] retention_ticks_s = 2400
[2m2026-07-05T12:59:07.948294Z[0m [32m INFO[0m [2mpm_bot[0m[2m:[0m fenêtre active: btc-updown-5m-1783256100 [1783256100000 → 1783256400000]
[2m2026-07-05T12:59:08.365763Z[0m [32m INFO[0m [2mpm_acquisition::rtds[0m[2m:[0m RTDS connecté
[2m2026-07-05T12:59:08.533155Z[0m [32m INFO[0m [2mpm_acquisition::clob[0m[2m:[0m CLOB connecté (up=35386237…, down=54956706…)
[2m2026-07-05T12:59:10.137739Z[0m [32m INFO[0m [2mpm_bot[0m[2m:[0m strike gelé: Some(62682.13067353481) (confidence=0.000, gap=Some(249000) ms)
[2m2026-07-05T13:00:02.061020Z[0m [32m INFO[0m [2mpm_bot[0m[2m:[0m RÈGLEMENT btc-updown-5m-1783256100 | strike=Some("62682.13") issue=inconnue | PnL up=+0.00 down=+0.00 | taker=0 maker_fills=0 | PnL cumulé=+0.00
[2m2026-07-05T13:00:02.061047Z[0m [32m INFO[0m [2mpm_bot[0m[2m:[0m fenêtre active: btc-updown-5m-1783256400 [1783256400000 → 1783256700000]
[2m2026-07-05T13:00:02.061057Z[0m [32m INFO[0m [2mpm_bot[0m[2m:[0m strike gelé: Some(62689.42041373333) (confidence=1.000, gap=Some(0) ms)
[2m2026-07-05T13:00:02.692418Z[0m [32m INFO[0m [2mpm_acquisition::clob[0m[2m:[0m CLOB connecté (up=97230946…, down=86696488…)
[2m2026-07-05T13:01:26.173956Z[0m [32m INFO[0m [2mpm_bot[0m[2m:[0m résolution officielle btc-updown-5m-1783256100: Up (pas d'estimation locale)
[2m2026-07-05T13:01:26.174056Z[0m [32m INFO[0m [2mpm_acquisition::clob[0m[2m:[0m CLOB flux terminé (marché résolu/fermé)
[2m2026-07-05T13:05:02.382173Z[0m [32m INFO[0m [2mpm_bot[0m[2m:[0m RÈGLEMENT btc-updown-5m-1783256400 | strike=Some("62689.42") issue=Down (estimé) | PnL up=+0.00 down=+0.00 | taker=0 maker_fills=0 | PnL cumulé=+0.00
[2m2026-07-05T13:05:02.382206Z[0m [32m INFO[0m [2mpm_bot[0m[2m:[0m fenêtre active: btc-updown-5m-1783256700 [1783256700000 → 1783257000000]
[2m2026-07-05T13:05:02.382231Z[0m [32m INFO[0m [2mpm_bot[0m[2m:[0m strike gelé: Some(62661.80345896173) (confidence=1.000, gap=Some(0) ms)
[2m2026-07-05T13:05:02.988599Z[0m [32m INFO[0m [2mpm_acquisition::clob[0m[2m:[0m CLOB connecté (up=48070788…, down=67214602…)
[2m2026-07-05T13:07:36.790496Z[0m [32m INFO[0m [2mpm_bot[0m[2m:[0m résolution officielle btc-updown-5m-1783256400: Down — CONFIRME notre estimation ✓
[2m2026-07-05T13:07:36.790558Z[0m [32m INFO[0m [2mpm_acquisition::clob[0m[2m:[0m CLOB flux terminé (marché résolu/fermé)
[2m2026-07-05T13:10:02.550469Z[0m [32m INFO[0m [2mpm_bot[0m[2m:[0m RÈGLEMENT btc-updown-5m-1783256700 | strike=Some("62661.80") issue=Up (estimé) | PnL up=+0.00 down=+0.00 | taker=0 maker_fills=0 | PnL cumulé=+0.00
[2m2026-07-05T13:10:02.550497Z[0m [32m INFO[0m [2mpm_bot[0m[2m:[0m fenêtre active: btc-updown-5m-1783257000 [1783257000000 → 1783257300000]
[2m2026-07-05T13:10:02.550527Z[0m [32m INFO[0m [2mpm_bot[0m[2m:[0m strike gelé: Some(62721.892287165225) (confidence=1.000, gap=Some(0) ms)
[2m2026-07-05T13:10:03.115099Z[0m [32m INFO[0m [2mpm_acquisition::clob[0m[2m:[0m CLOB connecté (up=42838933…, down=87741630…)
[2m2026-07-05T13:12:35.061592Z[0m [32m INFO[0m [2mpm_bot[0m[2m:[0m résolution officielle btc-updown-5m-1783256700: Up — CONFIRME notre estimation ✓
[2m2026-07-05T13:12:35.061676Z[0m [32m INFO[0m [2mpm_acquisition::clob[0m[2m:[0m CLOB flux terminé (marché résolu/fermé)
[2m2026-07-05T13:15:02.382427Z[0m [32m INFO[0m [2mpm_bot[0m[2m:[0m RÈGLEMENT btc-updown-5m-1783257000 | strike=Some("62721.89") issue=Down (estimé) | PnL up=+0.00 down=+0.00 | taker=0 maker_fills=0 | PnL cumulé=+0.00
[2m2026-07-05T13:15:02.382461Z[0m [32m INFO[0m [2mpm_bot[0m[2m:[0m fenêtre active: btc-updown-5m-1783257300 [1783257300000 → 1783257600000]
[2m2026-07-05T13:15:02.382491Z[0m [32m INFO[0m [2mpm_bot[0m[2m:[0m strike gelé: Some(62684.30270060131) (confidence=1.000, gap=Some(0) ms)
[2m2026-07-05T13:15:03.021821Z[0m [32m INFO[0m [2mpm_acquisition::clob[0m[2m:[0m CLOB connecté (up=12221150…, down=16797919…)
[2m2026-07-05T13:17:02.829430Z[0m [32m INFO[0m [2mpm_bot[0m[2m:[0m résolution officielle btc-updown-5m-1783257000: Down — CONFIRME notre estimation ✓
[2m2026-07-05T13:17:02.829544Z[0m [32m INFO[0m [2mpm_acquisition::clob[0m[2m:[0m CLOB flux terminé (marché résolu/fermé)
[2m2026-07-05T13:18:50.507548Z[0m [33m WARN[0m [2mpm_acquisition::watchdog[0m[2m:[0m flux rtds stale (6154 ms de silence)
[2m2026-07-05T13:18:50.507587Z[0m [33m WARN[0m [2mpm_bot[0m[2m:[0m FEED STALE: rtds silencieux 6154 ms
[2m2026-07-05T13:18:52.366913Z[0m [33m WARN[0m [2mpm_acquisition::rtds[0m[2m:[0m RTDS silencieux 6038 ms → réabonnement
[2m2026-07-05T13:20:02.462084Z[0m [32m INFO[0m [2mpm_bot[0m[2m:[0m RÈGLEMENT btc-updown-5m-1783257300 | strike=Some("62684.30") issue=Up (estimé) | PnL up=+0.00 down=+0.00 | taker=0 maker_fills=0 | PnL cumulé=+0.00
[2m2026-07-05T13:20:02.462111Z[0m [32m INFO[0m [2mpm_bot[0m[2m:[0m fenêtre active: btc-updown-5m-1783257600 [1783257600000 → 1783257900000]
[2m2026-07-05T13:20:02.462179Z[0m [32m INFO[0m [2mpm_bot[0m[2m:[0m strike gelé: Some(62686.35407574812) (confidence=1.000, gap=Some(0) ms)
[2m2026-07-05T13:20:03.141318Z[0m [32m INFO[0m [2mpm_acquisition::clob[0m[2m:[0m CLOB connecté (up=61313538…, down=62007063…)
[2m2026-07-05T13:22:32.061145Z[0m [32m INFO[0m [2mpm_bot[0m[2m:[0m résolution officielle btc-updown-5m-1783257300: Up — CONFIRME notre estimation ✓
[2m2026-07-05T13:22:32.061221Z[0m [32m INFO[0m [2mpm_acquisition::clob[0m[2m:[0m CLOB flux terminé (marché résolu/fermé)
[2m2026-07-05T13:24:48.756942Z[0m [32m INFO[0m [2mpm_bot[0m[2m:[0m TAKER: UP (z=2.85 p=0.998 ask=0.650 avg=0.665 tau=11s)
[2m2026-07-05T13:24:48.757008Z[0m [32m INFO[0m [2mexecution[0m[2m:[0m [DRY-RUN] dryrun-0 Buy 61313538 x 382 @ 0.675 (Fak)
[2m2026-07-05T13:25:02.389367Z[0m [32m INFO[0m [2mpm_bot[0m[2m:[0m RÈGLEMENT btc-updown-5m-1783257600 | strike=Some("62686.35") issue=Down (estimé) | PnL up=-253.95 down=+0.00 | taker=1 maker_fills=0 | PnL cumulé=-253.95
[2m2026-07-05T13:25:02.389391Z[0m [32m INFO[0m [2mpm_bot[0m[2m:[0m fenêtre active: btc-updown-5m-1783257900 [1783257900000 → 1783258200000]
[2m2026-07-05T13:25:02.389427Z[0m [32m INFO[0m [2mpm_bot[0m[2m:[0m strike gelé: Some(62682.852687174745) (confidence=1.000, gap=Some(0) ms)
[2m2026-07-05T13:25:02.985589Z[0m [32m INFO[0m [2mpm_acquisition::clob[0m[2m:[0m CLOB connecté (up=65022504…, down=57014629…)
[2m2026-07-05T13:26:23.550628Z[0m [32m INFO[0m [2mpm_bot[0m[2m:[0m résolution officielle btc-updown-5m-1783257600: Down — CONFIRME notre estimation ✓
[2m2026-07-05T13:26:23.550702Z[0m [32m INFO[0m [2mpm_acquisition::clob[0m[2m:[0m CLOB flux terminé (marché résolu/fermé)
[2m2026-07-05T13:30:02.417761Z[0m [32m INFO[0m [2mpm_bot[0m[2m:[0m RÈGLEMENT btc-updown-5m-1783257900 | strike=Some("62682.85") issue=Down (estimé) | PnL up=+0.00 down=+0.00 | taker=0 maker_fills=0 | PnL cumulé=-253.95
[2m2026-07-05T13:30:02.417793Z[0m [32m INFO[0m [2mpm_bot[0m[2m:[0m fenêtre active: btc-updown-5m-1783258200 [1783258200000 → 1783258500000]
[2m2026-07-05T13:30:02.417838Z[0m [32m INFO[0m [2mpm_bot[0m[2m:[0m strike gelé: Some(62639.646897264414) (confidence=1.000, gap=Some(0) ms)
[2m2026-07-05T13:30:03.108708Z[0m [32m INFO[0m [2mpm_acquisition::clob[0m[2m:[0m CLOB connecté (up=21027717…, down=41344480…)
[2m2026-07-05T13:31:44.013101Z[0m [32m INFO[0m [2mpm_bot[0m[2m:[0m résolution officielle btc-updown-5m-1783257900: Down — CONFIRME notre estimation ✓
[2m2026-07-05T13:31:44.013175Z[0m [32m INFO[0m [2mpm_acquisition::clob[0m[2m:[0m CLOB flux terminé (marché résolu/fermé)
[2m2026-07-05T13:35:02.459377Z[0m [32m INFO[0m [2mpm_bot[0m[2m:[0m RÈGLEMENT btc-updown-5m-1783258200 | strike=Some("62639.65") issue=Up (estimé) | PnL up=+0.00 down=+0.00 | taker=0 maker_fills=0 | PnL cumulé=-253.95
[2m2026-07-05T13:35:02.459407Z[0m [32m INFO[0m [2mpm_bot[0m[2m:[0m fenêtre active: btc-updown-5m-1783258500 [1783258500000 → 1783258800000]
[2m2026-07-05T13:35:02.459447Z[0m [32m INFO[0m [2mpm_bot[0m[2m:[0m strike gelé: Some(62646.04789706222) (confidence=1.000, gap=Some(0) ms)
[2m2026-07-05T13:35:03.046337Z[0m [32m INFO[0m [2mpm_acquisition::clob[0m[2m:[0m CLOB connecté (up=11384909…, down=46543944…)
[2m2026-07-05T13:37:19.663769Z[0m [33m WARN[0m [2mpm_acquisition::clob[0m[2m:[0m CLOB erreur: WebSocket protocol error: Connection reset without closing handshake: Connection reset without closing handshake
[2m2026-07-05T13:37:21.153525Z[0m [32m INFO[0m [2mpm_acquisition::clob[0m[2m:[0m CLOB connecté (up=11384909…, down=46543944…)
[2m2026-07-05T13:37:32.834478Z[0m [32m INFO[0m [2mpm_bot[0m[2m:[0m résolution officielle btc-updown-5m-1783258200: Up — CONFIRME notre estimation ✓
[2m2026-07-05T13:37:32.834529Z[0m [32m INFO[0m [2mpm_acquisition::clob[0m[2m:[0m CLOB flux terminé (marché résolu/fermé)
[2m2026-07-05T13:40:02.412188Z[0m [32m INFO[0m [2mpm_bot[0m[2m:[0m RÈGLEMENT btc-updown-5m-1783258500 | strike=Some("62646.05") issue=Up (estimé) | PnL up=+0.00 down=+0.00 | taker=0 maker_fills=0 | PnL cumulé=-253.95
[2m2026-07-05T13:40:02.412242Z[0m [32m INFO[0m [2mpm_bot[0m[2m:[0m fenêtre active: btc-updown-5m-1783258800 [1783258800000 → 1783259100000]
[2m2026-07-05T13:40:02.412282Z[0m [32m INFO[0m [2mpm_bot[0m[2m:[0m strike gelé: Some(62662.50234187702) (confidence=1.000, gap=Some(0) ms)
[2m2026-07-05T13:40:03.017794Z[0m [32m INFO[0m [2mpm_acquisition::clob[0m[2m:[0m CLOB connecté (up=11405206…, down=67655085…)
[2m2026-07-05T13:41:36.012259Z[0m [32m INFO[0m [2mpm_bot[0m[2m:[0m résolution officielle btc-updown-5m-1783258500: Up — CONFIRME notre estimation ✓
[2m2026-07-05T13:41:36.012329Z[0m [32m INFO[0m [2mpm_acquisition::clob[0m[2m:[0m CLOB flux terminé (marché résolu/fermé)
[2m2026-07-05T13:45:02.411988Z[0m [32m INFO[0m [2mpm_bot[0m[2m:[0m RÈGLEMENT btc-updown-5m-1783258800 | strike=Some("62662.50") issue=Up (estimé) | PnL up=+0.00 down=+0.00 | taker=0 maker_fills=0 | PnL cumulé=-253.95
[2m2026-07-05T13:45:02.412021Z[0m [32m INFO[0m [2mpm_bot[0m[2m:[0m fenêtre active: btc-updown-5m-1783259100 [1783259100000 → 1783259400000]
[2m2026-07-05T13:45:02.412060Z[0m [32m INFO[0m [2mpm_bot[0m[2m:[0m strike gelé: Some(62696.54203284801) (confidence=1.000, gap=Some(0) ms)
[2m2026-07-05T13:45:03.049427Z[0m [32m INFO[0m [2mpm_acquisition::clob[0m[2m:[0m CLOB connecté (up=38652875…, down=89905131…)
[2m2026-07-05T13:46:42.007275Z[0m [33m WARN[0m [2mpm_acquisition::watchdog[0m[2m:[0m flux rtds stale (6438 ms de silence)
[2m2026-07-05T13:46:42.007321Z[0m [33m WARN[0m [2mpm_bot[0m[2m:[0m FEED STALE: rtds silencieux 6438 ms
[2m2026-07-05T13:46:42.366743Z[0m [33m WARN[0m [2mpm_acquisition::rtds[0m[2m:[0m RTDS silencieux 6189 ms → réabonnement
[2m2026-07-05T13:47:02.621425Z[0m [32m INFO[0m [2mpm_bot[0m[2m:[0m résolution officielle btc-updown-5m-1783258800: Up — CONFIRME notre estimation ✓
[2m2026-07-05T13:47:02.621514Z[0m [32m INFO[0m [2mpm_acquisition::clob[0m[2m:[0m CLOB flux terminé (marché résolu/fermé)
