[2m2026-07-04T22:18:51.710198Z[0m [32m INFO[0m [2mpm_bot[0m[2m:[0m pm-bot démarre (PAPER mode) — archives: /home/user/rustfactor/polymarket-btc5m-bot/data_v2/camp_20260704T221851
[2m2026-07-04T22:18:51.714995Z[0m [32m INFO[0m [2mpm_bot[0m[2m:[0m taker cfg: max_entry=0.75 min_z=2.50 kelly=0.25
[2m2026-07-04T22:18:52.120906Z[0m [32m INFO[0m [2mpm_bot[0m[2m:[0m fenêtre active: btc-updown-5m-1783203300 [1783203300000 → 1783203600000]
[2m2026-07-04T22:18:52.531990Z[0m [32m INFO[0m [2mpm_acquisition::rtds[0m[2m:[0m RTDS connecté
[2m2026-07-04T22:18:52.718361Z[0m [32m INFO[0m [2mpm_acquisition::clob[0m[2m:[0m CLOB connecté (up=23438781…, down=39023335…)
[2m2026-07-04T22:18:53.999495Z[0m [32m INFO[0m [2mpm_bot[0m[2m:[0m strike gelé: Some(63237.66659073576) (confidence=0.000, gap=Some(233000) ms)
[2m2026-07-04T22:20:02.056574Z[0m [32m INFO[0m [2mpm_bot[0m[2m:[0m RÈGLEMENT btc-updown-5m-1783203300 | strike=Some("63237.67") issue=Down (estimé) | PnL up=+0.00 down=+0.00 | taker=0 maker_fills=0 | PnL cumulé=+0.00
[2m2026-07-04T22:20:02.056605Z[0m [32m INFO[0m [2mpm_bot[0m[2m:[0m fenêtre active: btc-updown-5m-1783203600 [1783203600000 → 1783203900000]
[2m2026-07-04T22:20:02.056615Z[0m [32m INFO[0m [2mpm_bot[0m[2m:[0m strike gelé: Some(63232.87756) (confidence=1.000, gap=Some(0) ms)
[2m2026-07-04T22:20:02.624345Z[0m [32m INFO[0m [2mpm_acquisition::clob[0m[2m:[0m CLOB connecté (up=16312345…, down=16918441…)
[2m2026-07-04T22:20:32.216559Z[0m [33m WARN[0m [2mpm_acquisition::watchdog[0m[2m:[0m flux rtds stale (6163 ms de silence)
[2m2026-07-04T22:20:32.216618Z[0m [33m WARN[0m [2mpm_bot[0m[2m:[0m FEED STALE: rtds silencieux 6163 ms
[2m2026-07-04T22:20:32.533819Z[0m [33m WARN[0m [2mpm_acquisition::rtds[0m[2m:[0m RTDS silencieux 5500 ms → réabonnement
[2m2026-07-04T22:20:38.533136Z[0m [33m WARN[0m [2mpm_acquisition::rtds[0m[2m:[0m RTDS silencieux 5500 ms → réabonnement
[2m2026-07-04T22:20:44.533330Z[0m [33m WARN[0m [2mpm_acquisition::rtds[0m[2m:[0m RTDS silencieux 5500 ms → réabonnement
[2m2026-07-04T22:20:50.533476Z[0m [33m WARN[0m [2mpm_acquisition::rtds[0m[2m:[0m RTDS silencieux 5500 ms → réabonnement
[2m2026-07-04T22:20:56.533822Z[0m [33m WARN[0m [2mpm_acquisition::rtds[0m[2m:[0m RTDS silencieux 5500 ms → réabonnement
[2m2026-07-04T22:21:02.533809Z[0m [33m WARN[0m [2mpm_acquisition::rtds[0m[2m:[0m RTDS silencieux 5500 ms → réabonnement
[2m2026-07-04T22:21:08.533558Z[0m [33m WARN[0m [2mpm_acquisition::rtds[0m[2m:[0m RTDS silencieux 5500 ms → réabonnement
[2m2026-07-04T22:21:14.534013Z[0m [33m WARN[0m [2mpm_acquisition::rtds[0m[2m:[0m RTDS silencieux 5500 ms → réabonnement
[2m2026-07-04T22:21:20.533185Z[0m [33m WARN[0m [2mpm_acquisition::rtds[0m[2m:[0m RTDS silencieux 5500 ms → réabonnement
[2m2026-07-04T22:21:26.533949Z[0m [33m WARN[0m [2mpm_acquisition::rtds[0m[2m:[0m RTDS silencieux 5500 ms → réabonnement
[2m2026-07-04T22:21:29.777135Z[0m [31mERROR[0m [2mpm_bot[0m[2m:[0m résolution officielle btc-updown-5m-1783203300: Up — CONTREDIT notre estimation ✗ (à investiguer)
[2m2026-07-04T22:21:29.777201Z[0m [32m INFO[0m [2mpm_acquisition::clob[0m[2m:[0m CLOB flux terminé (marché résolu/fermé)
[2m2026-07-04T22:21:32.533753Z[0m [33m WARN[0m [2mpm_acquisition::rtds[0m[2m:[0m RTDS silencieux 5500 ms → réabonnement
[2m2026-07-04T22:21:38.533349Z[0m [33m WARN[0m [2mpm_acquisition::rtds[0m[2m:[0m RTDS silencieux 5500 ms → réabonnement
[2m2026-07-04T22:21:44.533778Z[0m [33m WARN[0m [2mpm_acquisition::rtds[0m[2m:[0m RTDS silencieux 5500 ms → réabonnement
[2m2026-07-04T22:21:50.533701Z[0m [33m WARN[0m [2mpm_acquisition::rtds[0m[2m:[0m RTDS silencieux 5500 ms → réabonnement
[2m2026-07-04T22:21:56.533122Z[0m [33m WARN[0m [2mpm_acquisition::rtds[0m[2m:[0m RTDS silencieux 5500 ms → réabonnement
[2m2026-07-04T22:22:02.533654Z[0m [33m WARN[0m [2mpm_acquisition::rtds[0m[2m:[0m RTDS silencieux 5500 ms → réabonnement
[2m2026-07-04T22:22:08.533434Z[0m [33m WARN[0m [2mpm_acquisition::rtds[0m[2m:[0m RTDS silencieux 5500 ms → réabonnement
[2m2026-07-04T22:22:14.533485Z[0m [33m WARN[0m [2mpm_acquisition::rtds[0m[2m:[0m RTDS silencieux 5500 ms → réabonnement
[2m2026-07-04T22:22:20.533422Z[0m [33m WARN[0m [2mpm_acquisition::rtds[0m[2m:[0m RTDS silencieux 5500 ms → réabonnement
[2m2026-07-04T22:22:26.533073Z[0m [33m WARN[0m [2mpm_acquisition::rtds[0m[2m:[0m RTDS silencieux 5500 ms → réabonnement
[2m2026-07-04T22:22:32.533581Z[0m [33m WARN[0m [2mpm_acquisition::rtds[0m[2m:[0m RTDS silencieux 5500 ms → réabonnement
[2m2026-07-04T22:22:38.533863Z[0m [33m WARN[0m [2mpm_acquisition::rtds[0m[2m:[0m RTDS silencieux 5500 ms → réabonnement
[2m2026-07-04T22:22:44.533671Z[0m [33m WARN[0m [2mpm_acquisition::rtds[0m[2m:[0m RTDS silencieux 5500 ms → réabonnement
[2m2026-07-04T22:22:50.533269Z[0m [33m WARN[0m [2mpm_acquisition::rtds[0m[2m:[0m RTDS silencieux 5500 ms → réabonnement
[2m2026-07-04T22:22:56.533663Z[0m [33m WARN[0m [2mpm_acquisition::rtds[0m[2m:[0m RTDS silencieux 5500 ms → réabonnement
[2m2026-07-04T22:23:03.533541Z[0m [33m WARN[0m [2mpm_acquisition::rtds[0m[2m:[0m RTDS silencieux 5500 ms → réabonnement
[2m2026-07-04T22:23:09.533127Z[0m [33m WARN[0m [2mpm_acquisition::rtds[0m[2m:[0m RTDS silencieux 5500 ms → réabonnement
[2m2026-07-04T22:23:15.533221Z[0m [33m WARN[0m [2mpm_acquisition::rtds[0m[2m:[0m RTDS silencieux 5500 ms → réabonnement
[2m2026-07-04T22:23:21.533801Z[0m [33m WARN[0m [2mpm_acquisition::rtds[0m[2m:[0m RTDS silencieux 5500 ms → réabonnement
[2m2026-07-04T22:23:27.534050Z[0m [33m WARN[0m [2mpm_acquisition::rtds[0m[2m:[0m RTDS silencieux 5500 ms → réabonnement
[2m2026-07-04T22:23:33.533194Z[0m [33m WARN[0m [2mpm_acquisition::rtds[0m[2m:[0m RTDS silencieux 5500 ms → réabonnement
[2m2026-07-04T22:23:39.534073Z[0m [33m WARN[0m [2mpm_acquisition::rtds[0m[2m:[0m RTDS silencieux 5500 ms → réabonnement
[2m2026-07-04T22:23:45.533757Z[0m [33m WARN[0m [2mpm_acquisition::rtds[0m[2m:[0m RTDS silencieux 5500 ms → réabonnement
[2m2026-07-04T22:23:51.533841Z[0m [33m WARN[0m [2mpm_acquisition::rtds[0m[2m:[0m RTDS silencieux 5500 ms → réabonnement
[2m2026-07-04T22:23:57.533273Z[0m [33m WARN[0m [2mpm_acquisition::rtds[0m[2m:[0m RTDS silencieux 5500 ms → réabonnement
[2m2026-07-04T22:24:03.533838Z[0m [33m WARN[0m [2mpm_acquisition::rtds[0m[2m:[0m RTDS silencieux 5500 ms → réabonnement
[2m2026-07-04T22:24:09.533537Z[0m [33m WARN[0m [2mpm_acquisition::rtds[0m[2m:[0m RTDS silencieux 5500 ms → réabonnement
[2m2026-07-04T22:24:15.533608Z[0m [33m WARN[0m [2mpm_acquisition::rtds[0m[2m:[0m RTDS silencieux 5500 ms → réabonnement
[2m2026-07-04T22:24:21.533525Z[0m [33m WARN[0m [2mpm_acquisition::rtds[0m[2m:[0m RTDS silencieux 5500 ms → réabonnement
[2m2026-07-04T22:24:27.533559Z[0m [33m WARN[0m [2mpm_acquisition::rtds[0m[2m:[0m RTDS silencieux 5500 ms → réabonnement
[2m2026-07-04T22:24:33.533388Z[0m [33m WARN[0m [2mpm_acquisition::rtds[0m[2m:[0m RTDS silencieux 5500 ms → réabonnement
[2m2026-07-04T22:24:39.533793Z[0m [33m WARN[0m [2mpm_acquisition::rtds[0m[2m:[0m RTDS silencieux 5500 ms → réabonnement
[2m2026-07-04T22:24:45.534012Z[0m [33m WARN[0m [2mpm_acquisition::rtds[0m[2m:[0m RTDS silencieux 5500 ms → réabonnement
[2m2026-07-04T22:24:51.533938Z[0m [33m WARN[0m [2mpm_acquisition::rtds[0m[2m:[0m RTDS silencieux 5500 ms → réabonnement
[2m2026-07-04T22:24:57.533329Z[0m [33m WARN[0m [2mpm_acquisition::rtds[0m[2m:[0m RTDS silencieux 5500 ms → réabonnement
[2m2026-07-04T22:25:02.407663Z[0m [32m INFO[0m [2mpm_bot[0m[2m:[0m RÈGLEMENT btc-updown-5m-1783203600 | strike=Some("63232.88") issue=Down (estimé) | PnL up=+0.00 down=+0.00 | taker=0 maker_fills=0 | PnL cumulé=+0.00
[2m2026-07-04T22:25:02.407696Z[0m [32m INFO[0m [2mpm_bot[0m[2m:[0m fenêtre active: btc-updown-5m-1783203900 [1783203900000 → 1783204200000]
[2m2026-07-04T22:25:03.014587Z[0m [32m INFO[0m [2mpm_acquisition::clob[0m[2m:[0m CLOB connecté (up=68154151…, down=89574811…)
[2m2026-07-04T22:25:03.533462Z[0m [33m WARN[0m [2mpm_acquisition::rtds[0m[2m:[0m RTDS silencieux 5500 ms → réabonnement
[2m2026-07-04T22:25:09.533145Z[0m [33m WARN[0m [2mpm_acquisition::rtds[0m[2m:[0m RTDS silencieux 5500 ms → réabonnement
[2m2026-07-04T22:25:15.533312Z[0m [33m WARN[0m [2mpm_acquisition::rtds[0m[2m:[0m RTDS silencieux 5500 ms → réabonnement
[2m2026-07-04T22:25:21.533216Z[0m [33m WARN[0m [2mpm_acquisition::rtds[0m[2m:[0m RTDS silencieux 5500 ms → réabonnement
[2m2026-07-04T22:25:27.533883Z[0m [33m WARN[0m [2mpm_acquisition::rtds[0m[2m:[0m RTDS silencieux 5500 ms → réabonnement
[2m2026-07-04T22:25:33.533170Z[0m [33m WARN[0m [2mpm_acquisition::rtds[0m[2m:[0m RTDS silencieux 5500 ms → réabonnement
[2m2026-07-04T22:25:39.534005Z[0m [33m WARN[0m [2mpm_acquisition::rtds[0m[2m:[0m RTDS silencieux 5500 ms → réabonnement
[2m2026-07-04T22:25:45.533759Z[0m [33m WARN[0m [2mpm_acquisition::rtds[0m[2m:[0m RTDS silencieux 5500 ms → réabonnement
[2m2026-07-04T22:25:51.533554Z[0m [33m WARN[0m [2mpm_acquisition::rtds[0m[2m:[0m RTDS silencieux 5500 ms → réabonnement
[2m2026-07-04T22:25:57.533379Z[0m [33m WARN[0m [2mpm_acquisition::rtds[0m[2m:[0m RTDS silencieux 5500 ms → réabonnement
[2m2026-07-04T22:26:03.533441Z[0m [33m WARN[0m [2mpm_acquisition::rtds[0m[2m:[0m RTDS silencieux 5500 ms → réabonnement
[2m2026-07-04T22:26:09.533295Z[0m [33m WARN[0m [2mpm_acquisition::rtds[0m[2m:[0m RTDS silencieux 5500 ms → réabonnement
[2m2026-07-04T22:26:15.533568Z[0m [33m WARN[0m [2mpm_acquisition::rtds[0m[2m:[0m RTDS silencieux 5500 ms → réabonnement
[2m2026-07-04T22:26:21.533053Z[0m [33m WARN[0m [2mpm_acquisition::rtds[0m[2m:[0m RTDS silencieux 5500 ms → réabonnement
[2m2026-07-04T22:26:27.533541Z[0m [33m WARN[0m [2mpm_acquisition::rtds[0m[2m:[0m RTDS silencieux 5500 ms → réabonnement
[2m2026-07-04T22:26:33.533556Z[0m [33m WARN[0m [2mpm_acquisition::rtds[0m[2m:[0m RTDS silencieux 5500 ms → réabonnement
[2m2026-07-04T22:26:39.533340Z[0m [33m WARN[0m [2mpm_acquisition::rtds[0m[2m:[0m RTDS silencieux 5500 ms → réabonnement
[2m2026-07-04T22:26:45.533122Z[0m [33m WARN[0m [2mpm_acquisition::rtds[0m[2m:[0m RTDS silencieux 5500 ms → réabonnement
[2m2026-07-04T22:26:51.533358Z[0m [33m WARN[0m [2mpm_acquisition::rtds[0m[2m:[0m RTDS silencieux 5500 ms → réabonnement
[2m2026-07-04T22:26:57.533345Z[0m [33m WARN[0m [2mpm_acquisition::rtds[0m[2m:[0m RTDS silencieux 5500 ms → réabonnement
[2m2026-07-04T22:27:03.533827Z[0m [33m WARN[0m [2mpm_acquisition::rtds[0m[2m:[0m RTDS silencieux 5500 ms → réabonnement
[2m2026-07-04T22:27:05.797330Z[0m [32m INFO[0m [2mpm_bot[0m[2m:[0m résolution officielle btc-updown-5m-1783203600: Down — CONFIRME notre estimation ✓
[2m2026-07-04T22:27:05.797405Z[0m [32m INFO[0m [2mpm_acquisition::clob[0m[2m:[0m CLOB flux terminé (marché résolu/fermé)
[2m2026-07-04T22:27:09.533873Z[0m [33m WARN[0m [2mpm_acquisition::rtds[0m[2m:[0m RTDS silencieux 5500 ms → réabonnement
[2m2026-07-04T22:27:15.533514Z[0m [33m WARN[0m [2mpm_acquisition::rtds[0m[2m:[0m RTDS silencieux 5500 ms → réabonnement
[2m2026-07-04T22:27:21.533676Z[0m [33m WARN[0m [2mpm_acquisition::rtds[0m[2m:[0m RTDS silencieux 5500 ms → réabonnement
[2m2026-07-04T22:27:27.534026Z[0m [33m WARN[0m [2mpm_acquisition::rtds[0m[2m:[0m RTDS silencieux 5500 ms → réabonnement
[2m2026-07-04T22:27:33.533877Z[0m [33m WARN[0m [2mpm_acquisition::rtds[0m[2m:[0m RTDS silencieux 5500 ms → réabonnement
[2m2026-07-04T22:27:39.533769Z[0m [33m WARN[0m [2mpm_acquisition::rtds[0m[2m:[0m RTDS silencieux 5500 ms → réabonnement
[2m2026-07-04T22:27:45.533168Z[0m [33m WARN[0m [2mpm_acquisition::rtds[0m[2m:[0m RTDS silencieux 5500 ms → réabonnement
[2m2026-07-04T22:27:51.533002Z[0m [33m WARN[0m [2mpm_acquisition::rtds[0m[2m:[0m RTDS silencieux 5500 ms → réabonnement
[2m2026-07-04T22:27:57.533223Z[0m [33m WARN[0m [2mpm_acquisition::rtds[0m[2m:[0m RTDS silencieux 5500 ms → réabonnement
[2m2026-07-04T22:28:03.533657Z[0m [33m WARN[0m [2mpm_acquisition::rtds[0m[2m:[0m RTDS silencieux 5500 ms → réabonnement
[2m2026-07-04T22:28:09.533541Z[0m [33m WARN[0m [2mpm_acquisition::rtds[0m[2m:[0m RTDS silencieux 5500 ms → réabonnement
[2m2026-07-04T22:28:15.533532Z[0m [33m WARN[0m [2mpm_acquisition::rtds[0m[2m:[0m RTDS silencieux 5500 ms → réabonnement
[2m2026-07-04T22:28:21.533411Z[0m [33m WARN[0m [2mpm_acquisition::rtds[0m[2m:[0m RTDS silencieux 5500 ms → réabonnement
[2m2026-07-04T22:28:27.533188Z[0m [33m WARN[0m [2mpm_acquisition::rtds[0m[2m:[0m RTDS silencieux 5500 ms → réabonnement
[2m2026-07-04T22:28:33.533462Z[0m [33m WARN[0m [2mpm_acquisition::rtds[0m[2m:[0m RTDS silencieux 5500 ms → réabonnement
[2m2026-07-04T22:28:39.533915Z[0m [33m WARN[0m [2mpm_acquisition::rtds[0m[2m:[0m RTDS silencieux 5500 ms → réabonnement
[2m2026-07-04T22:28:45.533905Z[0m [33m WARN[0m [2mpm_acquisition::rtds[0m[2m:[0m RTDS silencieux 5500 ms → réabonnement
[2m2026-07-04T22:28:51.533690Z[0m [33m WARN[0m [2mpm_acquisition::rtds[0m[2m:[0m RTDS silencieux 5500 ms → réabonnement
[2m2026-07-04T22:28:57.533680Z[0m [33m WARN[0m [2mpm_acquisition::rtds[0m[2m:[0m RTDS silencieux 5500 ms → réabonnement
[2m2026-07-04T22:29:03.533134Z[0m [33m WARN[0m [2mpm_acquisition::rtds[0m[2m:[0m RTDS silencieux 5500 ms → réabonnement
[2m2026-07-04T22:29:09.533565Z[0m [33m WARN[0m [2mpm_acquisition::rtds[0m[2m:[0m RTDS silencieux 5500 ms → réabonnement
[2m2026-07-04T22:29:15.533219Z[0m [33m WARN[0m [2mpm_acquisition::rtds[0m[2m:[0m RTDS silencieux 5500 ms → réabonnement
[2m2026-07-04T22:29:21.533263Z[0m [33m WARN[0m [2mpm_acquisition::rtds[0m[2m:[0m RTDS silencieux 5500 ms → réabonnement
[2m2026-07-04T22:29:27.533953Z[0m [33m WARN[0m [2mpm_acquisition::rtds[0m[2m:[0m RTDS silencieux 5500 ms → réabonnement
[2m2026-07-04T22:29:33.533181Z[0m [33m WARN[0m [2mpm_acquisition::rtds[0m[2m:[0m RTDS silencieux 5500 ms → réabonnement
[2m2026-07-04T22:29:39.533812Z[0m [33m WARN[0m [2mpm_acquisition::rtds[0m[2m:[0m RTDS silencieux 5500 ms → réabonnement
[2m2026-07-04T22:29:45.533630Z[0m [33m WARN[0m [2mpm_acquisition::rtds[0m[2m:[0m RTDS silencieux 5500 ms → réabonnement
[2m2026-07-04T22:29:51.533242Z[0m [33m WARN[0m [2mpm_acquisition::rtds[0m[2m:[0m RTDS silencieux 5500 ms → réabonnement
[2m2026-07-04T22:29:57.533625Z[0m [33m WARN[0m [2mpm_acquisition::rtds[0m[2m:[0m RTDS silencieux 5500 ms → réabonnement
[2m2026-07-04T22:30:02.438284Z[0m [32m INFO[0m [2mpm_bot[0m[2m:[0m RÈGLEMENT btc-updown-5m-1783203900 | strike=Some("63224.34") issue=Down (estimé) | PnL up=+0.00 down=+0.00 | taker=0 maker_fills=0 | PnL cumulé=+0.00
[2m2026-07-04T22:30:02.438309Z[0m [32m INFO[0m [2mpm_bot[0m[2m:[0m fenêtre active: btc-updown-5m-1783204200 [1783204200000 → 1783204500000]
[2m2026-07-04T22:30:03.081515Z[0m [32m INFO[0m [2mpm_acquisition::clob[0m[2m:[0m CLOB connecté (up=46500249…, down=10740342…)
[2m2026-07-04T22:30:03.533280Z[0m [33m WARN[0m [2mpm_acquisition::rtds[0m[2m:[0m RTDS silencieux 5500 ms → réabonnement
[2m2026-07-04T22:30:09.533531Z[0m [33m WARN[0m [2mpm_acquisition::rtds[0m[2m:[0m RTDS silencieux 5500 ms → réabonnement
[2m2026-07-04T22:30:18.533101Z[0m [33m WARN[0m [2mpm_acquisition::rtds[0m[2m:[0m RTDS silencieux 5500 ms → réabonnement
[2m2026-07-04T22:30:28.533226Z[0m [33m WARN[0m [2mpm_acquisition::rtds[0m[2m:[0m RTDS silencieux 5500 ms → réabonnement
[2m2026-07-04T22:30:34.533109Z[0m [33m WARN[0m [2mpm_acquisition::rtds[0m[2m:[0m RTDS silencieux 5500 ms → réabonnement
[2m2026-07-04T22:30:43.533013Z[0m [33m WARN[0m [2mpm_acquisition::rtds[0m[2m:[0m RTDS silencieux 5500 ms → réabonnement
[2m2026-07-04T22:30:49.533043Z[0m [33m WARN[0m [2mpm_acquisition::rtds[0m[2m:[0m RTDS silencieux 5500 ms → réabonnement
[2m2026-07-04T22:30:55.534021Z[0m [33m WARN[0m [2mpm_acquisition::rtds[0m[2m:[0m RTDS silencieux 5500 ms → réabonnement
[2m2026-07-04T22:31:01.533520Z[0m [33m WARN[0m [2mpm_acquisition::rtds[0m[2m:[0m RTDS silencieux 5500 ms → réabonnement
[2m2026-07-04T22:31:07.533631Z[0m [33m WARN[0m [2mpm_acquisition::rtds[0m[2m:[0m RTDS silencieux 5500 ms → réabonnement
[2m2026-07-04T22:31:13.533516Z[0m [33m WARN[0m [2mpm_acquisition::rtds[0m[2m:[0m RTDS silencieux 5500 ms → réabonnement
[2m2026-07-04T22:31:19.533879Z[0m [33m WARN[0m [2mpm_acquisition::rtds[0m[2m:[0m RTDS silencieux 5500 ms → réabonnement
[2m2026-07-04T22:31:25.533725Z[0m [33m WARN[0m [2mpm_acquisition::rtds[0m[2m:[0m RTDS silencieux 5500 ms → réabonnement
[2m2026-07-04T22:31:30.117730Z[0m [31mERROR[0m [2mpm_bot[0m[2m:[0m résolution officielle btc-updown-5m-1783203900: Up — CONTREDIT notre estimation ✗ (à investiguer)
[2m2026-07-04T22:31:30.117802Z[0m [32m INFO[0m [2mpm_acquisition::clob[0m[2m:[0m CLOB flux terminé (marché résolu/fermé)
[2m2026-07-04T22:31:33.533328Z[0m [33m WARN[0m [2mpm_acquisition::rtds[0m[2m:[0m RTDS silencieux 5500 ms → réabonnement
[2m2026-07-04T22:31:39.533180Z[0m [33m WARN[0m [2mpm_acquisition::rtds[0m[2m:[0m RTDS silencieux 5500 ms → réabonnement
[2m2026-07-04T22:31:45.533786Z[0m [33m WARN[0m [2mpm_acquisition::rtds[0m[2m:[0m RTDS silencieux 5500 ms → réabonnement
[2m2026-07-04T22:31:51.533094Z[0m [33m WARN[0m [2mpm_acquisition::rtds[0m[2m:[0m RTDS silencieux 5500 ms → réabonnement
[2m2026-07-04T22:31:57.533135Z[0m [33m WARN[0m [2mpm_acquisition::rtds[0m[2m:[0m RTDS silencieux 5500 ms → réabonnement
[2m2026-07-04T22:32:03.533640Z[0m [33m WARN[0m [2mpm_acquisition::rtds[0m[2m:[0m RTDS silencieux 5500 ms → réabonnement
[2m2026-07-04T22:32:09.533576Z[0m [33m WARN[0m [2mpm_acquisition::rtds[0m[2m:[0m RTDS silencieux 5500 ms → réabonnement
[2m2026-07-04T22:32:15.533802Z[0m [33m WARN[0m [2mpm_acquisition::rtds[0m[2m:[0m RTDS silencieux 5500 ms → réabonnement
[2m2026-07-04T22:32:21.533914Z[0m [33m WARN[0m [2mpm_acquisition::rtds[0m[2m:[0m RTDS silencieux 5500 ms → réabonnement
[2m2026-07-04T22:32:27.533502Z[0m [33m WARN[0m [2mpm_acquisition::rtds[0m[2m:[0m RTDS silencieux 5500 ms → réabonnement
[2m2026-07-04T22:32:33.534061Z[0m [33m WARN[0m [2mpm_acquisition::rtds[0m[2m:[0m RTDS silencieux 5500 ms → réabonnement
[2m2026-07-04T22:32:39.533102Z[0m [33m WARN[0m [2mpm_acquisition::rtds[0m[2m:[0m RTDS silencieux 5500 ms → réabonnement
[2m2026-07-04T22:32:45.533348Z[0m [33m WARN[0m [2mpm_acquisition::rtds[0m[2m:[0m RTDS silencieux 5500 ms → réabonnement
[2m2026-07-04T22:32:51.533321Z[0m [33m WARN[0m [2mpm_acquisition::rtds[0m[2m:[0m RTDS silencieux 5500 ms → réabonnement
[2m2026-07-04T22:32:57.534058Z[0m [33m WARN[0m [2mpm_acquisition::rtds[0m[2m:[0m RTDS silencieux 5500 ms → réabonnement
[2m2026-07-04T22:33:03.533175Z[0m [33m WARN[0m [2mpm_acquisition::rtds[0m[2m:[0m RTDS silencieux 5500 ms → réabonnement
[2m2026-07-04T22:33:09.533602Z[0m [33m WARN[0m [2mpm_acquisition::rtds[0m[2m:[0m RTDS silencieux 5500 ms → réabonnement
[2m2026-07-04T22:33:15.533253Z[0m [33m WARN[0m [2mpm_acquisition::rtds[0m[2m:[0m RTDS silencieux 5500 ms → réabonnement
[2m2026-07-04T22:33:21.533858Z[0m [33m WARN[0m [2mpm_acquisition::rtds[0m[2m:[0m RTDS silencieux 5500 ms → réabonnement
[2m2026-07-04T22:33:27.533242Z[0m [33m WARN[0m [2mpm_acquisition::rtds[0m[2m:[0m RTDS silencieux 5500 ms → réabonnement
[2m2026-07-04T22:33:33.533410Z[0m [33m WARN[0m [2mpm_acquisition::rtds[0m[2m:[0m RTDS silencieux 5500 ms → réabonnement
[2m2026-07-04T22:33:39.533153Z[0m [33m WARN[0m [2mpm_acquisition::rtds[0m[2m:[0m RTDS silencieux 5500 ms → réabonnement
[2m2026-07-04T22:33:45.533703Z[0m [33m WARN[0m [2mpm_acquisition::rtds[0m[2m:[0m RTDS silencieux 5500 ms → réabonnement
[2m2026-07-04T22:33:51.533910Z[0m [33m WARN[0m [2mpm_acquisition::rtds[0m[2m:[0m RTDS silencieux 5500 ms → réabonnement
[2m2026-07-04T22:33:57.533907Z[0m [33m WARN[0m [2mpm_acquisition::rtds[0m[2m:[0m RTDS silencieux 5500 ms → réabonnement
[2m2026-07-04T22:34:03.533346Z[0m [33m WARN[0m [2mpm_acquisition::rtds[0m[2m:[0m RTDS silencieux 5500 ms → réabonnement
[2m2026-07-04T22:34:09.533595Z[0m [33m WARN[0m [2mpm_acquisition::rtds[0m[2m:[0m RTDS silencieux 5500 ms → réabonnement
[2m2026-07-04T22:34:15.533186Z[0m [33m WARN[0m [2mpm_acquisition::rtds[0m[2m:[0m RTDS silencieux 5500 ms → réabonnement
[2m2026-07-04T22:34:21.533779Z[0m [33m WARN[0m [2mpm_acquisition::rtds[0m[2m:[0m RTDS silencieux 5500 ms → réabonnement
[2m2026-07-04T22:34:27.533259Z[0m [33m WARN[0m [2mpm_acquisition::rtds[0m[2m:[0m RTDS silencieux 5500 ms → réabonnement
[2m2026-07-04T22:34:33.533622Z[0m [33m WARN[0m [2mpm_acquisition::rtds[0m[2m:[0m RTDS silencieux 5500 ms → réabonnement
[2m2026-07-04T22:34:39.533363Z[0m [33m WARN[0m [2mpm_acquisition::rtds[0m[2m:[0m RTDS silencieux 5500 ms → réabonnement
[2m2026-07-04T22:34:45.533097Z[0m [33m WARN[0m [2mpm_acquisition::rtds[0m[2m:[0m RTDS silencieux 5500 ms → réabonnement
[2m2026-07-04T22:34:51.533064Z[0m [33m WARN[0m [2mpm_acquisition::rtds[0m[2m:[0m RTDS silencieux 5500 ms → réabonnement
[2m2026-07-04T22:34:57.533494Z[0m [33m WARN[0m [2mpm_acquisition::rtds[0m[2m:[0m RTDS silencieux 5500 ms → réabonnement
[2m2026-07-04T22:35:02.397319Z[0m [32m INFO[0m [2mpm_bot[0m[2m:[0m RÈGLEMENT btc-updown-5m-1783204200 | strike=Some("63224.34") issue=Down (estimé) | PnL up=+0.00 down=+0.00 | taker=0 maker_fills=0 | PnL cumulé=+0.00
[2m2026-07-04T22:35:02.397347Z[0m [32m INFO[0m [2mpm_bot[0m[2m:[0m fenêtre active: btc-updown-5m-1783204500 [1783204500000 → 1783204800000]
[2m2026-07-04T22:35:02.991214Z[0m [32m INFO[0m [2mpm_acquisition::clob[0m[2m:[0m CLOB connecté (up=78792915…, down=21167679…)
[2m2026-07-04T22:35:03.533418Z[0m [33m WARN[0m [2mpm_acquisition::rtds[0m[2m:[0m RTDS silencieux 5500 ms → réabonnement
[2m2026-07-04T22:35:09.533662Z[0m [33m WARN[0m [2mpm_acquisition::rtds[0m[2m:[0m RTDS silencieux 5500 ms → réabonnement
[2m2026-07-04T22:35:15.533246Z[0m [33m WARN[0m [2mpm_acquisition::rtds[0m[2m:[0m RTDS silencieux 5500 ms → réabonnement
[2m2026-07-04T22:35:21.533295Z[0m [33m WARN[0m [2mpm_acquisition::rtds[0m[2m:[0m RTDS silencieux 5500 ms → réabonnement
[2m2026-07-04T22:35:27.533881Z[0m [33m WARN[0m [2mpm_acquisition::rtds[0m[2m:[0m RTDS silencieux 5500 ms → réabonnement
[2m2026-07-04T22:35:33.533719Z[0m [33m WARN[0m [2mpm_acquisition::rtds[0m[2m:[0m RTDS silencieux 5500 ms → réabonnement
[2m2026-07-04T22:35:39.533392Z[0m [33m WARN[0m [2mpm_acquisition::rtds[0m[2m:[0m RTDS silencieux 5500 ms → réabonnement
[2m2026-07-04T22:35:45.533498Z[0m [33m WARN[0m [2mpm_acquisition::rtds[0m[2m:[0m RTDS silencieux 5500 ms → réabonnement
[2m2026-07-04T22:35:51.533375Z[0m [33m WARN[0m [2mpm_acquisition::rtds[0m[2m:[0m RTDS silencieux 5500 ms → réabonnement
[2m2026-07-04T22:35:57.533345Z[0m [33m WARN[0m [2mpm_acquisition::rtds[0m[2m:[0m RTDS silencieux 5500 ms → réabonnement
[2m2026-07-04T22:36:03.533768Z[0m [33m WARN[0m [2mpm_acquisition::rtds[0m[2m:[0m RTDS silencieux 5500 ms → réabonnement
[2m2026-07-04T22:36:09.533589Z[0m [33m WARN[0m [2mpm_acquisition::rtds[0m[2m:[0m RTDS silencieux 5500 ms → réabonnement
[2m2026-07-04T22:36:15.533964Z[0m [33m WARN[0m [2mpm_acquisition::rtds[0m[2m:[0m RTDS silencieux 5500 ms → réabonnement
[2m2026-07-04T22:36:21.533236Z[0m [33m WARN[0m [2mpm_acquisition::rtds[0m[2m:[0m RTDS silencieux 5500 ms → réabonnement
[2m2026-07-04T22:36:27.534060Z[0m [33m WARN[0m [2mpm_acquisition::rtds[0m[2m:[0m RTDS silencieux 5500 ms → réabonnement
[2m2026-07-04T22:36:33.533310Z[0m [33m WARN[0m [2mpm_acquisition::rtds[0m[2m:[0m RTDS silencieux 5500 ms → réabonnement
[2m2026-07-04T22:36:39.533674Z[0m [33m WARN[0m [2mpm_acquisition::rtds[0m[2m:[0m RTDS silencieux 5500 ms → réabonnement
[2m2026-07-04T22:36:45.533160Z[0m [33m WARN[0m [2mpm_acquisition::rtds[0m[2m:[0m RTDS silencieux 5500 ms → réabonnement
[2m2026-07-04T22:36:51.533188Z[0m [33m WARN[0m [2mpm_acquisition::rtds[0m[2m:[0m RTDS silencieux 5500 ms → réabonnement
[2m2026-07-04T22:36:57.533437Z[0m [33m WARN[0m [2mpm_acquisition::rtds[0m[2m:[0m RTDS silencieux 5500 ms → réabonnement
[2m2026-07-04T22:37:03.533352Z[0m [33m WARN[0m [2mpm_acquisition::rtds[0m[2m:[0m RTDS silencieux 5500 ms → réabonnement
[2m2026-07-04T22:37:09.533371Z[0m [33m WARN[0m [2mpm_acquisition::rtds[0m[2m:[0m RTDS silencieux 5500 ms → réabonnement
[2m2026-07-04T22:37:15.533114Z[0m [33m WARN[0m [2mpm_acquisition::rtds[0m[2m:[0m RTDS silencieux 5500 ms → réabonnement
[2m2026-07-04T22:37:21.533515Z[0m [33m WARN[0m [2mpm_acquisition::rtds[0m[2m:[0m RTDS silencieux 5500 ms → réabonnement
[2m2026-07-04T22:37:27.534105Z[0m [33m WARN[0m [2mpm_acquisition::rtds[0m[2m:[0m RTDS silencieux 5500 ms → réabonnement
[2m2026-07-04T22:37:33.532956Z[0m [33m WARN[0m [2mpm_acquisition::rtds[0m[2m:[0m RTDS silencieux 5500 ms → réabonnement
[2m2026-07-04T22:37:39.534042Z[0m [33m WARN[0m [2mpm_acquisition::rtds[0m[2m:[0m RTDS silencieux 5500 ms → réabonnement
[2m2026-07-04T22:37:45.533535Z[0m [33m WARN[0m [2mpm_acquisition::rtds[0m[2m:[0m RTDS silencieux 5500 ms → réabonnement
[2m2026-07-04T22:37:51.533679Z[0m [33m WARN[0m [2mpm_acquisition::rtds[0m[2m:[0m RTDS silencieux 5500 ms → réabonnement
[2m2026-07-04T22:37:57.533867Z[0m [33m WARN[0m [2mpm_acquisition::rtds[0m[2m:[0m RTDS silencieux 5500 ms → réabonnement
[2m2026-07-04T22:38:03.533358Z[0m [33m WARN[0m [2mpm_acquisition::rtds[0m[2m:[0m RTDS silencieux 5500 ms → réabonnement
[2m2026-07-04T22:38:09.533635Z[0m [33m WARN[0m [2mpm_acquisition::rtds[0m[2m:[0m RTDS silencieux 5500 ms → réabonnement
[2m2026-07-04T22:38:15.533586Z[0m [33m WARN[0m [2mpm_acquisition::rtds[0m[2m:[0m RTDS silencieux 5500 ms → réabonnement
[2m2026-07-04T22:38:21.533737Z[0m [33m WARN[0m [2mpm_acquisition::rtds[0m[2m:[0m RTDS silencieux 5500 ms → réabonnement
[2m2026-07-04T22:38:27.533859Z[0m [33m WARN[0m [2mpm_acquisition::rtds[0m[2m:[0m RTDS silencieux 5500 ms → réabonnement
[2m2026-07-04T22:38:33.533777Z[0m [33m WARN[0m [2mpm_acquisition::rtds[0m[2m:[0m RTDS silencieux 5500 ms → réabonnement
[2m2026-07-04T22:38:39.533851Z[0m [33m WARN[0m [2mpm_acquisition::rtds[0m[2m:[0m RTDS silencieux 5500 ms → réabonnement
[2m2026-07-04T22:38:39.554204Z[0m [32m INFO[0m [2mpm_bot[0m[2m:[0m résolution officielle btc-updown-5m-1783204200: Down — CONFIRME notre estimation ✓
[2m2026-07-04T22:38:39.554303Z[0m [32m INFO[0m [2mpm_acquisition::clob[0m[2m:[0m CLOB flux terminé (marché résolu/fermé)
[2m2026-07-04T22:38:45.533724Z[0m [33m WARN[0m [2mpm_acquisition::rtds[0m[2m:[0m RTDS silencieux 5500 ms → réabonnement
[2m2026-07-04T22:38:51.533187Z[0m [33m WARN[0m [2mpm_acquisition::rtds[0m[2m:[0m RTDS silencieux 5500 ms → réabonnement
[2m2026-07-04T22:38:57.533635Z[0m [33m WARN[0m [2mpm_acquisition::rtds[0m[2m:[0m RTDS silencieux 5500 ms → réabonnement
[2m2026-07-04T22:39:03.533300Z[0m [33m WARN[0m [2mpm_acquisition::rtds[0m[2m:[0m RTDS silencieux 5500 ms → réabonnement
[2m2026-07-04T22:39:09.533685Z[0m [33m WARN[0m [2mpm_acquisition::rtds[0m[2m:[0m RTDS silencieux 5500 ms → réabonnement
[2m2026-07-04T22:39:15.533124Z[0m [33m WARN[0m [2mpm_acquisition::rtds[0m[2m:[0m RTDS silencieux 5500 ms → réabonnement
[2m2026-07-04T22:39:21.533762Z[0m [33m WARN[0m [2mpm_acquisition::rtds[0m[2m:[0m RTDS silencieux 5500 ms → réabonnement
[2m2026-07-04T22:39:27.533619Z[0m [33m WARN[0m [2mpm_acquisition::rtds[0m[2m:[0m RTDS silencieux 5500 ms → réabonnement
[2m2026-07-04T22:39:33.533556Z[0m [33m WARN[0m [2mpm_acquisition::rtds[0m[2m:[0m RTDS silencieux 5500 ms → réabonnement
[2m2026-07-04T22:39:39.533616Z[0m [33m WARN[0m [2mpm_acquisition::rtds[0m[2m:[0m RTDS silencieux 5500 ms → réabonnement
[2m2026-07-04T22:39:45.533524Z[0m [33m WARN[0m [2mpm_acquisition::rtds[0m[2m:[0m RTDS silencieux 5500 ms → réabonnement
[2m2026-07-04T22:39:51.533164Z[0m [33m WARN[0m [2mpm_acquisition::rtds[0m[2m:[0m RTDS silencieux 5500 ms → réabonnement
[2m2026-07-04T22:39:57.533524Z[0m [33m WARN[0m [2mpm_acquisition::rtds[0m[2m:[0m RTDS silencieux 5500 ms → réabonnement
[2m2026-07-04T22:40:02.404015Z[0m [32m INFO[0m [2mpm_bot[0m[2m:[0m RÈGLEMENT btc-updown-5m-1783204500 | strike=Some("63224.34") issue=Down (estimé) | PnL up=+0.00 down=+0.00 | taker=0 maker_fills=0 | PnL cumulé=+0.00
[2m2026-07-04T22:40:02.404096Z[0m [32m INFO[0m [2mpm_bot[0m[2m:[0m fenêtre active: btc-updown-5m-1783204800 [1783204800000 → 1783205100000]
[2m2026-07-04T22:40:02.959622Z[0m [32m INFO[0m [2mpm_acquisition::clob[0m[2m:[0m CLOB connecté (up=46742838…, down=11284357…)
[2m2026-07-04T22:40:03.533647Z[0m [33m WARN[0m [2mpm_acquisition::rtds[0m[2m:[0m RTDS silencieux 5500 ms → réabonnement
[2m2026-07-04T22:40:09.533765Z[0m [33m WARN[0m [2mpm_acquisition::rtds[0m[2m:[0m RTDS silencieux 5500 ms → réabonnement
[2m2026-07-04T22:40:15.533492Z[0m [33m WARN[0m [2mpm_acquisition::rtds[0m[2m:[0m RTDS silencieux 5500 ms → réabonnement
[2m2026-07-04T22:40:21.533871Z[0m [33m WARN[0m [2mpm_acquisition::rtds[0m[2m:[0m RTDS silencieux 5500 ms → réabonnement
[2m2026-07-04T22:40:27.533388Z[0m [33m WARN[0m [2mpm_acquisition::rtds[0m[2m:[0m RTDS silencieux 5500 ms → réabonnement
[2m2026-07-04T22:40:33.533464Z[0m [33m WARN[0m [2mpm_acquisition::rtds[0m[2m:[0m RTDS silencieux 5500 ms → réabonnement
[2m2026-07-04T22:40:39.533350Z[0m [33m WARN[0m [2mpm_acquisition::rtds[0m[2m:[0m RTDS silencieux 5500 ms → réabonnement
[2m2026-07-04T22:40:45.533156Z[0m [33m WARN[0m [2mpm_acquisition::rtds[0m[2m:[0m RTDS silencieux 5500 ms → réabonnement
[2m2026-07-04T22:40:51.534019Z[0m [33m WARN[0m [2mpm_acquisition::rtds[0m[2m:[0m RTDS silencieux 5500 ms → réabonnement
[2m2026-07-04T22:40:57.533419Z[0m [33m WARN[0m [2mpm_acquisition::rtds[0m[2m:[0m RTDS silencieux 5500 ms → réabonnement
[2m2026-07-04T22:41:03.532963Z[0m [33m WARN[0m [2mpm_acquisition::rtds[0m[2m:[0m RTDS silencieux 5500 ms → réabonnement
[2m2026-07-04T22:41:09.533088Z[0m [33m WARN[0m [2mpm_acquisition::rtds[0m[2m:[0m RTDS silencieux 5500 ms → réabonnement
[2m2026-07-04T22:41:15.533650Z[0m [33m WARN[0m [2mpm_acquisition::rtds[0m[2m:[0m RTDS silencieux 5500 ms → réabonnement
[2m2026-07-04T22:41:21.533448Z[0m [33m WARN[0m [2mpm_acquisition::rtds[0m[2m:[0m RTDS silencieux 5500 ms → réabonnement
[2m2026-07-04T22:41:27.533997Z[0m [33m WARN[0m [2mpm_acquisition::rtds[0m[2m:[0m RTDS silencieux 5500 ms → réabonnement
[2m2026-07-04T22:41:30.219330Z[0m [32m INFO[0m [2mpm_bot[0m[2m:[0m résolution officielle btc-updown-5m-1783204500: Down — CONFIRME notre estimation ✓
[2m2026-07-04T22:41:30.219421Z[0m [32m INFO[0m [2mpm_acquisition::clob[0m[2m:[0m CLOB flux terminé (marché résolu/fermé)
[2m2026-07-04T22:41:33.533767Z[0m [33m WARN[0m [2mpm_acquisition::rtds[0m[2m:[0m RTDS silencieux 5500 ms → réabonnement
[2m2026-07-04T22:41:39.533061Z[0m [33m WARN[0m [2mpm_acquisition::rtds[0m[2m:[0m RTDS silencieux 5500 ms → réabonnement
[2m2026-07-04T22:41:45.533189Z[0m [33m WARN[0m [2mpm_acquisition::rtds[0m[2m:[0m RTDS silencieux 5500 ms → réabonnement
[2m2026-07-04T22:41:51.533323Z[0m [33m WARN[0m [2mpm_acquisition::rtds[0m[2m:[0m RTDS silencieux 5500 ms → réabonnement
[2m2026-07-04T22:41:57.533199Z[0m [33m WARN[0m [2mpm_acquisition::rtds[0m[2m:[0m RTDS silencieux 5500 ms → réabonnement
[2m2026-07-04T22:42:03.533210Z[0m [33m WARN[0m [2mpm_acquisition::rtds[0m[2m:[0m RTDS silencieux 5500 ms → réabonnement
[2m2026-07-04T22:42:09.533449Z[0m [33m WARN[0m [2mpm_acquisition::rtds[0m[2m:[0m RTDS silencieux 5500 ms → réabonnement
[2m2026-07-04T22:42:15.533831Z[0m [33m WARN[0m [2mpm_acquisition::rtds[0m[2m:[0m RTDS silencieux 5500 ms → réabonnement
[2m2026-07-04T22:42:21.533979Z[0m [33m WARN[0m [2mpm_acquisition::rtds[0m[2m:[0m RTDS silencieux 5500 ms → réabonnement
[2m2026-07-04T22:42:27.533066Z[0m [33m WARN[0m [2mpm_acquisition::rtds[0m[2m:[0m RTDS silencieux 5500 ms → réabonnement
[2m2026-07-04T22:42:33.533663Z[0m [33m WARN[0m [2mpm_acquisition::rtds[0m[2m:[0m RTDS silencieux 5500 ms → réabonnement
[2m2026-07-04T22:42:39.533923Z[0m [33m WARN[0m [2mpm_acquisition::rtds[0m[2m:[0m RTDS silencieux 5500 ms → réabonnement
[2m2026-07-04T22:42:45.533922Z[0m [33m WARN[0m [2mpm_acquisition::rtds[0m[2m:[0m RTDS silencieux 5500 ms → réabonnement
[2m2026-07-04T22:42:51.533264Z[0m [33m WARN[0m [2mpm_acquisition::rtds[0m[2m:[0m RTDS silencieux 5500 ms → réabonnement
[2m2026-07-04T22:42:57.534013Z[0m [33m WARN[0m [2mpm_acquisition::rtds[0m[2m:[0m RTDS silencieux 5500 ms → réabonnement
[2m2026-07-04T22:43:03.533791Z[0m [33m WARN[0m [2mpm_acquisition::rtds[0m[2m:[0m RTDS silencieux 5500 ms → réabonnement
[2m2026-07-04T22:43:09.533184Z[0m [33m WARN[0m [2mpm_acquisition::rtds[0m[2m:[0m RTDS silencieux 5500 ms → réabonnement
[2m2026-07-04T22:43:15.533319Z[0m [33m WARN[0m [2mpm_acquisition::rtds[0m[2m:[0m RTDS silencieux 5500 ms → réabonnement
[2m2026-07-04T22:43:21.533247Z[0m [33m WARN[0m [2mpm_acquisition::rtds[0m[2m:[0m RTDS silencieux 5500 ms → réabonnement
[2m2026-07-04T22:43:27.533491Z[0m [33m WARN[0m [2mpm_acquisition::rtds[0m[2m:[0m RTDS silencieux 5500 ms → réabonnement
[2m2026-07-04T22:43:33.533466Z[0m [33m WARN[0m [2mpm_acquisition::rtds[0m[2m:[0m RTDS silencieux 5500 ms → réabonnement
[2m2026-07-04T22:43:39.533390Z[0m [33m WARN[0m [2mpm_acquisition::rtds[0m[2m:[0m RTDS silencieux 5500 ms → réabonnement
[2m2026-07-04T22:43:45.533851Z[0m [33m WARN[0m [2mpm_acquisition::rtds[0m[2m:[0m RTDS silencieux 5500 ms → réabonnement
[2m2026-07-04T22:43:51.533864Z[0m [33m WARN[0m [2mpm_acquisition::rtds[0m[2m:[0m RTDS silencieux 5500 ms → réabonnement
[2m2026-07-04T22:43:57.533972Z[0m [33m WARN[0m [2mpm_acquisition::rtds[0m[2m:[0m RTDS silencieux 5500 ms → réabonnement
[2m2026-07-04T22:44:03.533333Z[0m [33m WARN[0m [2mpm_acquisition::rtds[0m[2m:[0m RTDS silencieux 5500 ms → réabonnement
[2m2026-07-04T22:44:09.533889Z[0m [33m WARN[0m [2mpm_acquisition::rtds[0m[2m:[0m RTDS silencieux 5500 ms → réabonnement
[2m2026-07-04T22:44:15.533637Z[0m [33m WARN[0m [2mpm_acquisition::rtds[0m[2m:[0m RTDS silencieux 5500 ms → réabonnement
[2m2026-07-04T22:44:21.533602Z[0m [33m WARN[0m [2mpm_acquisition::rtds[0m[2m:[0m RTDS silencieux 5500 ms → réabonnement
[2m2026-07-04T22:44:27.533739Z[0m [33m WARN[0m [2mpm_acquisition::rtds[0m[2m:[0m RTDS silencieux 5500 ms → réabonnement
[2m2026-07-04T22:44:33.533585Z[0m [33m WARN[0m [2mpm_acquisition::rtds[0m[2m:[0m RTDS silencieux 5500 ms → réabonnement
[2m2026-07-04T22:44:39.533401Z[0m [33m WARN[0m [2mpm_acquisition::rtds[0m[2m:[0m RTDS silencieux 5500 ms → réabonnement
[2m2026-07-04T22:44:45.533771Z[0m [33m WARN[0m [2mpm_acquisition::rtds[0m[2m:[0m RTDS silencieux 5500 ms → réabonnement
[2m2026-07-04T22:44:51.533469Z[0m [33m WARN[0m [2mpm_acquisition::rtds[0m[2m:[0m RTDS silencieux 5500 ms → réabonnement
[2m2026-07-04T22:44:57.533295Z[0m [33m WARN[0m [2mpm_acquisition::rtds[0m[2m:[0m RTDS silencieux 5500 ms → réabonnement
[2m2026-07-04T22:45:02.433245Z[0m [32m INFO[0m [2mpm_bot[0m[2m:[0m RÈGLEMENT btc-updown-5m-1783204800 | strike=Some("63224.34") issue=Down (estimé) | PnL up=+0.00 down=+0.00 | taker=0 maker_fills=0 | PnL cumulé=+0.00
[2m2026-07-04T22:45:02.433271Z[0m [32m INFO[0m [2mpm_bot[0m[2m:[0m fenêtre active: btc-updown-5m-1783205100 [1783205100000 → 1783205400000]
[2m2026-07-04T22:45:02.975826Z[0m [32m INFO[0m [2mpm_acquisition::clob[0m[2m:[0m CLOB connecté (up=60370427…, down=11464286…)
[2m2026-07-04T22:45:03.533703Z[0m [33m WARN[0m [2mpm_acquisition::rtds[0m[2m:[0m RTDS silencieux 5500 ms → réabonnement
[2m2026-07-04T22:45:09.533909Z[0m [33m WARN[0m [2mpm_acquisition::rtds[0m[2m:[0m RTDS silencieux 5500 ms → réabonnement
[2m2026-07-04T22:45:15.533379Z[0m [33m WARN[0m [2mpm_acquisition::rtds[0m[2m:[0m RTDS silencieux 5500 ms → réabonnement
[2m2026-07-04T22:45:21.533312Z[0m [33m WARN[0m [2mpm_acquisition::rtds[0m[2m:[0m RTDS silencieux 5500 ms → réabonnement
[2m2026-07-04T22:45:27.533236Z[0m [33m WARN[0m [2mpm_acquisition::rtds[0m[2m:[0m RTDS silencieux 5500 ms → réabonnement
[2m2026-07-04T22:45:33.533639Z[0m [33m WARN[0m [2mpm_acquisition::rtds[0m[2m:[0m RTDS silencieux 5500 ms → réabonnement
[2m2026-07-04T22:45:39.533531Z[0m [33m WARN[0m [2mpm_acquisition::rtds[0m[2m:[0m RTDS silencieux 5500 ms → réabonnement
[2m2026-07-04T22:45:45.533964Z[0m [33m WARN[0m [2mpm_acquisition::rtds[0m[2m:[0m RTDS silencieux 5500 ms → réabonnement
[2m2026-07-04T22:45:51.533863Z[0m [33m WARN[0m [2mpm_acquisition::rtds[0m[2m:[0m RTDS silencieux 5500 ms → réabonnement
[2m2026-07-04T22:45:57.533866Z[0m [33m WARN[0m [2mpm_acquisition::rtds[0m[2m:[0m RTDS silencieux 5500 ms → réabonnement
[2m2026-07-04T22:46:03.533325Z[0m [33m WARN[0m [2mpm_acquisition::rtds[0m[2m:[0m RTDS silencieux 5500 ms → réabonnement
[2m2026-07-04T22:46:09.533552Z[0m [33m WARN[0m [2mpm_acquisition::rtds[0m[2m:[0m RTDS silencieux 5500 ms → réabonnement
[2m2026-07-04T22:46:18.533761Z[0m [33m WARN[0m [2mpm_acquisition::rtds[0m[2m:[0m RTDS silencieux 5500 ms → réabonnement
[2m2026-07-04T22:46:20.326411Z[0m [31mERROR[0m [2mpm_bot[0m[2m:[0m résolution officielle btc-updown-5m-1783204800: Up — CONTREDIT notre estimation ✗ (à investiguer)
[2m2026-07-04T22:46:20.326457Z[0m [32m INFO[0m [2mpm_acquisition::clob[0m[2m:[0m CLOB flux terminé (marché résolu/fermé)
[2m2026-07-04T22:46:24.533482Z[0m [33m WARN[0m [2mpm_acquisition::rtds[0m[2m:[0m RTDS silencieux 5500 ms → réabonnement
[2m2026-07-04T22:46:30.533873Z[0m [33m WARN[0m [2mpm_acquisition::rtds[0m[2m:[0m RTDS silencieux 5500 ms → réabonnement
[2m2026-07-04T22:46:36.533240Z[0m [33m WARN[0m [2mpm_acquisition::rtds[0m[2m:[0m RTDS silencieux 5500 ms → réabonnement
[2m2026-07-04T22:46:42.533130Z[0m [33m WARN[0m [2mpm_acquisition::rtds[0m[2m:[0m RTDS silencieux 5500 ms → réabonnement
[2m2026-07-04T22:46:48.533544Z[0m [33m WARN[0m [2mpm_acquisition::rtds[0m[2m:[0m RTDS silencieux 5500 ms → réabonnement
[2m2026-07-04T22:46:54.533507Z[0m [33m WARN[0m [2mpm_acquisition::rtds[0m[2m:[0m RTDS silencieux 5500 ms → réabonnement
[2m2026-07-04T22:47:00.533712Z[0m [33m WARN[0m [2mpm_acquisition::rtds[0m[2m:[0m RTDS silencieux 5500 ms → réabonnement
[2m2026-07-04T22:47:06.533629Z[0m [33m WARN[0m [2mpm_acquisition::rtds[0m[2m:[0m RTDS silencieux 5500 ms → réabonnement
[2m2026-07-04T22:47:12.533332Z[0m [33m WARN[0m [2mpm_acquisition::rtds[0m[2m:[0m RTDS silencieux 5500 ms → réabonnement
[2m2026-07-04T22:47:18.533923Z[0m [33m WARN[0m [2mpm_acquisition::rtds[0m[2m:[0m RTDS silencieux 5500 ms → réabonnement
[2m2026-07-04T22:47:24.533251Z[0m [33m WARN[0m [2mpm_acquisition::rtds[0m[2m:[0m RTDS silencieux 5500 ms → réabonnement
[2m2026-07-04T22:47:30.533711Z[0m [33m WARN[0m [2mpm_acquisition::rtds[0m[2m:[0m RTDS silencieux 5500 ms → réabonnement
[2m2026-07-04T22:47:36.533263Z[0m [33m WARN[0m [2mpm_acquisition::rtds[0m[2m:[0m RTDS silencieux 5500 ms → réabonnement
[2m2026-07-04T22:47:42.533130Z[0m [33m WARN[0m [2mpm_acquisition::rtds[0m[2m:[0m RTDS silencieux 5500 ms → réabonnement
[2m2026-07-04T22:47:48.533575Z[0m [33m WARN[0m [2mpm_acquisition::rtds[0m[2m:[0m RTDS silencieux 5500 ms → réabonnement
[2m2026-07-04T22:47:54.533213Z[0m [33m WARN[0m [2mpm_acquisition::rtds[0m[2m:[0m RTDS silencieux 5500 ms → réabonnement
[2m2026-07-04T22:48:00.533117Z[0m [33m WARN[0m [2mpm_acquisition::rtds[0m[2m:[0m RTDS silencieux 5500 ms → réabonnement
[2m2026-07-04T22:48:06.533849Z[0m [33m WARN[0m [2mpm_acquisition::rtds[0m[2m:[0m RTDS silencieux 5500 ms → réabonnement
[2m2026-07-04T22:48:12.533723Z[0m [33m WARN[0m [2mpm_acquisition::rtds[0m[2m:[0m RTDS silencieux 5500 ms → réabonnement
[2m2026-07-04T22:48:18.533105Z[0m [33m WARN[0m [2mpm_acquisition::rtds[0m[2m:[0m RTDS silencieux 5500 ms → réabonnement
[2m2026-07-04T22:48:24.533752Z[0m [33m WARN[0m [2mpm_acquisition::rtds[0m[2m:[0m RTDS silencieux 5500 ms → réabonnement
[2m2026-07-04T22:48:30.533940Z[0m [33m WARN[0m [2mpm_acquisition::rtds[0m[2m:[0m RTDS silencieux 5500 ms → réabonnement
[2m2026-07-04T22:48:36.533443Z[0m [33m WARN[0m [2mpm_acquisition::rtds[0m[2m:[0m RTDS silencieux 5500 ms → réabonnement
[2m2026-07-04T22:48:42.533595Z[0m [33m WARN[0m [2mpm_acquisition::rtds[0m[2m:[0m RTDS silencieux 5500 ms → réabonnement
[2m2026-07-04T22:48:48.533602Z[0m [33m WARN[0m [2mpm_acquisition::rtds[0m[2m:[0m RTDS silencieux 5500 ms → réabonnement
[2m2026-07-04T22:48:54.533793Z[0m [33m WARN[0m [2mpm_acquisition::rtds[0m[2m:[0m RTDS silencieux 5500 ms → réabonnement
[2m2026-07-04T22:49:00.533045Z[0m [33m WARN[0m [2mpm_acquisition::rtds[0m[2m:[0m RTDS silencieux 5500 ms → réabonnement
[2m2026-07-04T22:49:06.533169Z[0m [33m WARN[0m [2mpm_acquisition::rtds[0m[2m:[0m RTDS silencieux 5500 ms → réabonnement
[2m2026-07-04T22:49:12.533954Z[0m [33m WARN[0m [2mpm_acquisition::rtds[0m[2m:[0m RTDS silencieux 5500 ms → réabonnement
[2m2026-07-04T22:49:18.533210Z[0m [33m WARN[0m [2mpm_acquisition::rtds[0m[2m:[0m RTDS silencieux 5500 ms → réabonnement
[2m2026-07-04T22:49:24.533718Z[0m [33m WARN[0m [2mpm_acquisition::rtds[0m[2m:[0m RTDS silencieux 5500 ms → réabonnement
[2m2026-07-04T22:49:30.533198Z[0m [33m WARN[0m [2mpm_acquisition::rtds[0m[2m:[0m RTDS silencieux 5500 ms → réabonnement
[2m2026-07-04T22:49:36.533140Z[0m [33m WARN[0m [2mpm_acquisition::rtds[0m[2m:[0m RTDS silencieux 5500 ms → réabonnement
[2m2026-07-04T22:49:42.533111Z[0m [33m WARN[0m [2mpm_acquisition::rtds[0m[2m:[0m RTDS silencieux 5500 ms → réabonnement
[2m2026-07-04T22:49:48.533347Z[0m [33m WARN[0m [2mpm_acquisition::rtds[0m[2m:[0m RTDS silencieux 5500 ms → réabonnement
[2m2026-07-04T22:49:54.533877Z[0m [33m WARN[0m [2mpm_acquisition::rtds[0m[2m:[0m RTDS silencieux 5500 ms → réabonnement
[2m2026-07-04T22:50:00.533112Z[0m [33m WARN[0m [2mpm_acquisition::rtds[0m[2m:[0m RTDS silencieux 5500 ms → réabonnement
[2m2026-07-04T22:50:02.445184Z[0m [32m INFO[0m [2mpm_bot[0m[2m:[0m RÈGLEMENT btc-updown-5m-1783205100 | strike=Some("63224.34") issue=Down (estimé) | PnL up=+0.00 down=+0.00 | taker=0 maker_fills=0 | PnL cumulé=+0.00
[2m2026-07-04T22:50:02.445211Z[0m [32m INFO[0m [2mpm_bot[0m[2m:[0m fenêtre active: btc-updown-5m-1783205400 [1783205400000 → 1783205700000]
[2m2026-07-04T22:50:03.046187Z[0m [32m INFO[0m [2mpm_acquisition::clob[0m[2m:[0m CLOB connecté (up=19173546…, down=33249679…)
[2m2026-07-04T22:50:08.533956Z[0m [33m WARN[0m [2mpm_acquisition::rtds[0m[2m:[0m RTDS silencieux 5500 ms → réabonnement
[2m2026-07-04T22:50:14.533711Z[0m [33m WARN[0m [2mpm_acquisition::rtds[0m[2m:[0m RTDS silencieux 5500 ms → réabonnement
[2m2026-07-04T22:50:20.533873Z[0m [33m WARN[0m [2mpm_acquisition::rtds[0m[2m:[0m RTDS silencieux 5500 ms → réabonnement
[2m2026-07-04T22:50:26.533362Z[0m [33m WARN[0m [2mpm_acquisition::rtds[0m[2m:[0m RTDS silencieux 5500 ms → réabonnement
[2m2026-07-04T22:50:32.534028Z[0m [33m WARN[0m [2mpm_acquisition::rtds[0m[2m:[0m RTDS silencieux 5500 ms → réabonnement
[2m2026-07-04T22:50:38.533875Z[0m [33m WARN[0m [2mpm_acquisition::rtds[0m[2m:[0m RTDS silencieux 5500 ms → réabonnement
[2m2026-07-04T22:50:44.533780Z[0m [33m WARN[0m [2mpm_acquisition::rtds[0m[2m:[0m RTDS silencieux 5500 ms → réabonnement
[2m2026-07-04T22:50:50.533335Z[0m [33m WARN[0m [2mpm_acquisition::rtds[0m[2m:[0m RTDS silencieux 5500 ms → réabonnement
[2m2026-07-04T22:50:56.533234Z[0m [33m WARN[0m [2mpm_acquisition::rtds[0m[2m:[0m RTDS silencieux 5500 ms → réabonnement
[2m2026-07-04T22:51:02.533734Z[0m [33m WARN[0m [2mpm_acquisition::rtds[0m[2m:[0m RTDS silencieux 5500 ms → réabonnement
[2m2026-07-04T22:51:08.533256Z[0m [33m WARN[0m [2mpm_acquisition::rtds[0m[2m:[0m RTDS silencieux 5500 ms → réabonnement
[2m2026-07-04T22:51:14.532959Z[0m [33m WARN[0m [2mpm_acquisition::rtds[0m[2m:[0m RTDS silencieux 5500 ms → réabonnement
[2m2026-07-04T22:51:20.241165Z[0m [32m INFO[0m [2mpm_bot[0m[2m:[0m résolution officielle btc-updown-5m-1783205100: Down — CONFIRME notre estimation ✓
[2m2026-07-04T22:51:20.241261Z[0m [32m INFO[0m [2mpm_acquisition::clob[0m[2m:[0m CLOB flux terminé (marché résolu/fermé)
[2m2026-07-04T22:51:20.533364Z[0m [33m WARN[0m [2mpm_acquisition::rtds[0m[2m:[0m RTDS silencieux 5500 ms → réabonnement
[2m2026-07-04T22:51:26.533882Z[0m [33m WARN[0m [2mpm_acquisition::rtds[0m[2m:[0m RTDS silencieux 5500 ms → réabonnement
[2m2026-07-04T22:51:32.534097Z[0m [33m WARN[0m [2mpm_acquisition::rtds[0m[2m:[0m RTDS silencieux 5500 ms → réabonnement
[2m2026-07-04T22:51:38.534042Z[0m [33m WARN[0m [2mpm_acquisition::rtds[0m[2m:[0m RTDS silencieux 5500 ms → réabonnement
[2m2026-07-04T22:51:44.534030Z[0m [33m WARN[0m [2mpm_acquisition::rtds[0m[2m:[0m RTDS silencieux 5500 ms → réabonnement
[2m2026-07-04T22:51:50.533418Z[0m [33m WARN[0m [2mpm_acquisition::rtds[0m[2m:[0m RTDS silencieux 5500 ms → réabonnement
[2m2026-07-04T22:51:56.533243Z[0m [33m WARN[0m [2mpm_acquisition::rtds[0m[2m:[0m RTDS silencieux 5500 ms → réabonnement
[2m2026-07-04T22:52:02.533115Z[0m [33m WARN[0m [2mpm_acquisition::rtds[0m[2m:[0m RTDS silencieux 5500 ms → réabonnement
[2m2026-07-04T22:52:08.533288Z[0m [33m WARN[0m [2mpm_acquisition::rtds[0m[2m:[0m RTDS silencieux 5500 ms → réabonnement
[2m2026-07-04T22:52:14.533527Z[0m [33m WARN[0m [2mpm_acquisition::rtds[0m[2m:[0m RTDS silencieux 5500 ms → réabonnement
[2m2026-07-04T22:52:20.533868Z[0m [33m WARN[0m [2mpm_acquisition::rtds[0m[2m:[0m RTDS silencieux 5500 ms → réabonnement
[2m2026-07-04T22:52:26.533433Z[0m [33m WARN[0m [2mpm_acquisition::rtds[0m[2m:[0m RTDS silencieux 5500 ms → réabonnement
[2m2026-07-04T22:52:32.533551Z[0m [33m WARN[0m [2mpm_acquisition::rtds[0m[2m:[0m RTDS silencieux 5500 ms → réabonnement
[2m2026-07-04T22:52:38.533036Z[0m [33m WARN[0m [2mpm_acquisition::rtds[0m[2m:[0m RTDS silencieux 5500 ms → réabonnement
[2m2026-07-04T22:52:44.533921Z[0m [33m WARN[0m [2mpm_acquisition::rtds[0m[2m:[0m RTDS silencieux 5500 ms → réabonnement
[2m2026-07-04T22:52:50.533594Z[0m [33m WARN[0m [2mpm_acquisition::rtds[0m[2m:[0m RTDS silencieux 5500 ms → réabonnement
[2m2026-07-04T22:52:56.533584Z[0m [33m WARN[0m [2mpm_acquisition::rtds[0m[2m:[0m RTDS silencieux 5500 ms → réabonnement
[2m2026-07-04T22:53:02.533774Z[0m [33m WARN[0m [2mpm_acquisition::rtds[0m[2m:[0m RTDS silencieux 5500 ms → réabonnement
[2m2026-07-04T22:53:08.533705Z[0m [33m WARN[0m [2mpm_acquisition::rtds[0m[2m:[0m RTDS silencieux 5500 ms → réabonnement
[2m2026-07-04T22:53:13.525127Z[0m [33m WARN[0m [2mpm_acquisition::clob[0m[2m:[0m CLOB erreur: WebSocket protocol error: Connection reset without closing handshake: Connection reset without closing handshake
[2m2026-07-04T22:53:14.533478Z[0m [33m WARN[0m [2mpm_acquisition::rtds[0m[2m:[0m RTDS silencieux 5500 ms → réabonnement
[2m2026-07-04T22:53:15.181907Z[0m [32m INFO[0m [2mpm_acquisition::clob[0m[2m:[0m CLOB connecté (up=19173546…, down=33249679…)
[2m2026-07-04T22:53:20.533198Z[0m [33m WARN[0m [2mpm_acquisition::rtds[0m[2m:[0m RTDS silencieux 5500 ms → réabonnement
[2m2026-07-04T22:53:26.533675Z[0m [33m WARN[0m [2mpm_acquisition::rtds[0m[2m:[0m RTDS silencieux 5500 ms → réabonnement
[2m2026-07-04T22:53:32.533857Z[0m [33m WARN[0m [2mpm_acquisition::rtds[0m[2m:[0m RTDS silencieux 5500 ms → réabonnement
[2m2026-07-04T22:53:38.533216Z[0m [33m WARN[0m [2mpm_acquisition::rtds[0m[2m:[0m RTDS silencieux 5500 ms → réabonnement
[2m2026-07-04T22:53:44.533706Z[0m [33m WARN[0m [2mpm_acquisition::rtds[0m[2m:[0m RTDS silencieux 5500 ms → réabonnement
[2m2026-07-04T22:53:50.533789Z[0m [33m WARN[0m [2mpm_acquisition::rtds[0m[2m:[0m RTDS silencieux 5500 ms → réabonnement
[2m2026-07-04T22:53:56.534029Z[0m [33m WARN[0m [2mpm_acquisition::rtds[0m[2m:[0m RTDS silencieux 5500 ms → réabonnement
[2m2026-07-04T22:54:02.533803Z[0m [33m WARN[0m [2mpm_acquisition::rtds[0m[2m:[0m RTDS silencieux 5500 ms → réabonnement
[2m2026-07-04T22:54:08.533352Z[0m [33m WARN[0m [2mpm_acquisition::rtds[0m[2m:[0m RTDS silencieux 5500 ms → réabonnement
[2m2026-07-04T22:54:14.533931Z[0m [33m WARN[0m [2mpm_acquisition::rtds[0m[2m:[0m RTDS silencieux 5500 ms → réabonnement
[2m2026-07-04T22:54:20.533931Z[0m [33m WARN[0m [2mpm_acquisition::rtds[0m[2m:[0m RTDS silencieux 5500 ms → réabonnement
[2m2026-07-04T22:54:26.533975Z[0m [33m WARN[0m [2mpm_acquisition::rtds[0m[2m:[0m RTDS silencieux 5500 ms → réabonnement
[2m2026-07-04T22:54:32.534016Z[0m [33m WARN[0m [2mpm_acquisition::rtds[0m[2m:[0m RTDS silencieux 5500 ms → réabonnement
[2m2026-07-04T22:54:38.533369Z[0m [33m WARN[0m [2mpm_acquisition::rtds[0m[2m:[0m RTDS silencieux 5500 ms → réabonnement
[2m2026-07-04T22:54:44.533300Z[0m [33m WARN[0m [2mpm_acquisition::rtds[0m[2m:[0m RTDS silencieux 5500 ms → réabonnement
[2m2026-07-04T22:54:50.533892Z[0m [33m WARN[0m [2mpm_acquisition::rtds[0m[2m:[0m RTDS silencieux 5500 ms → réabonnement
[2m2026-07-04T22:54:56.533270Z[0m [33m WARN[0m [2mpm_acquisition::rtds[0m[2m:[0m RTDS silencieux 5500 ms → réabonnement
[2m2026-07-04T22:54:58.409024Z[0m [33m WARN[0m [2mpm_acquisition::clob[0m[2m:[0m CLOB erreur: WebSocket protocol error: Connection reset without closing handshake: Connection reset without closing handshake
[2m2026-07-04T22:55:00.889038Z[0m [32m INFO[0m [2mpm_acquisition::clob[0m[2m:[0m CLOB connecté (up=19173546…, down=33249679…)
[2m2026-07-04T22:55:02.421961Z[0m [32m INFO[0m [2mpm_bot[0m[2m:[0m RÈGLEMENT btc-updown-5m-1783205400 | strike=Some("63224.34") issue=Down (estimé) | PnL up=+0.00 down=+0.00 | taker=0 maker_fills=0 | PnL cumulé=+0.00
[2m2026-07-04T22:55:02.421990Z[0m [32m INFO[0m [2mpm_bot[0m[2m:[0m fenêtre active: btc-updown-5m-1783205700 [1783205700000 → 1783206000000]
[2m2026-07-04T22:55:02.533115Z[0m [33m WARN[0m [2mpm_acquisition::rtds[0m[2m:[0m RTDS silencieux 5500 ms → réabonnement
[2m2026-07-04T22:55:02.995899Z[0m [32m INFO[0m [2mpm_acquisition::clob[0m[2m:[0m CLOB connecté (up=84131381…, down=38032573…)
[2m2026-07-04T22:55:08.533360Z[0m [33m WARN[0m [2mpm_acquisition::rtds[0m[2m:[0m RTDS silencieux 5500 ms → réabonnement
[2m2026-07-04T22:55:14.533234Z[0m [33m WARN[0m [2mpm_acquisition::rtds[0m[2m:[0m RTDS silencieux 5500 ms → réabonnement
[2m2026-07-04T22:55:20.533417Z[0m [33m WARN[0m [2mpm_acquisition::rtds[0m[2m:[0m RTDS silencieux 5500 ms → réabonnement
[2m2026-07-04T22:55:26.533941Z[0m [33m WARN[0m [2mpm_acquisition::rtds[0m[2m:[0m RTDS silencieux 5500 ms → réabonnement
[2m2026-07-04T22:55:32.533332Z[0m [33m WARN[0m [2mpm_acquisition::rtds[0m[2m:[0m RTDS silencieux 5500 ms → réabonnement
[2m2026-07-04T22:55:38.533677Z[0m [33m WARN[0m [2mpm_acquisition::rtds[0m[2m:[0m RTDS silencieux 5500 ms → réabonnement
[2m2026-07-04T22:55:44.533088Z[0m [33m WARN[0m [2mpm_acquisition::rtds[0m[2m:[0m RTDS silencieux 5500 ms → réabonnement
[2m2026-07-04T22:55:50.533005Z[0m [33m WARN[0m [2mpm_acquisition::rtds[0m[2m:[0m RTDS silencieux 5500 ms → réabonnement
[2m2026-07-04T22:55:56.533255Z[0m [33m WARN[0m [2mpm_acquisition::rtds[0m[2m:[0m RTDS silencieux 5500 ms → réabonnement
[2m2026-07-04T22:56:02.533717Z[0m [33m WARN[0m [2mpm_acquisition::rtds[0m[2m:[0m RTDS silencieux 5500 ms → réabonnement
[2m2026-07-04T22:56:08.533633Z[0m [33m WARN[0m [2mpm_acquisition::rtds[0m[2m:[0m RTDS silencieux 5500 ms → réabonnement
[2m2026-07-04T22:56:14.533136Z[0m [33m WARN[0m [2mpm_acquisition::rtds[0m[2m:[0m RTDS silencieux 5500 ms → réabonnement
[2m2026-07-04T22:56:20.533018Z[0m [33m WARN[0m [2mpm_acquisition::rtds[0m[2m:[0m RTDS silencieux 5500 ms → réabonnement
[2m2026-07-04T22:56:26.533963Z[0m [33m WARN[0m [2mpm_acquisition::rtds[0m[2m:[0m RTDS silencieux 5500 ms → réabonnement
[2m2026-07-04T22:56:29.624652Z[0m [32m INFO[0m [2mpm_bot[0m[2m:[0m résolution officielle btc-updown-5m-1783205400: Down — CONFIRME notre estimation ✓
[2m2026-07-04T22:56:29.624746Z[0m [32m INFO[0m [2mpm_acquisition::clob[0m[2m:[0m CLOB flux terminé (marché résolu/fermé)
[2m2026-07-04T22:56:32.533462Z[0m [33m WARN[0m [2mpm_acquisition::rtds[0m[2m:[0m RTDS silencieux 5500 ms → réabonnement
[2m2026-07-04T22:56:38.533081Z[0m [33m WARN[0m [2mpm_acquisition::rtds[0m[2m:[0m RTDS silencieux 5500 ms → réabonnement
[2m2026-07-04T22:56:44.533951Z[0m [33m WARN[0m [2mpm_acquisition::rtds[0m[2m:[0m RTDS silencieux 5500 ms → réabonnement
[2m2026-07-04T22:56:50.533422Z[0m [33m WARN[0m [2mpm_acquisition::rtds[0m[2m:[0m RTDS silencieux 5500 ms → réabonnement
[2m2026-07-04T22:56:56.533336Z[0m [33m WARN[0m [2mpm_acquisition::rtds[0m[2m:[0m RTDS silencieux 5500 ms → réabonnement
[2m2026-07-04T22:57:02.533734Z[0m [33m WARN[0m [2mpm_acquisition::rtds[0m[2m:[0m RTDS silencieux 5500 ms → réabonnement
[2m2026-07-04T22:57:08.533243Z[0m [33m WARN[0m [2mpm_acquisition::rtds[0m[2m:[0m RTDS silencieux 5500 ms → réabonnement
[2m2026-07-04T22:57:14.533608Z[0m [33m WARN[0m [2mpm_acquisition::rtds[0m[2m:[0m RTDS silencieux 5500 ms → réabonnement
[2m2026-07-04T22:57:20.533686Z[0m [33m WARN[0m [2mpm_acquisition::rtds[0m[2m:[0m RTDS silencieux 5500 ms → réabonnement
[2m2026-07-04T22:57:26.533220Z[0m [33m WARN[0m [2mpm_acquisition::rtds[0m[2m:[0m RTDS silencieux 5500 ms → réabonnement
[2m2026-07-04T22:57:32.533892Z[0m [33m WARN[0m [2mpm_acquisition::rtds[0m[2m:[0m RTDS silencieux 5500 ms → réabonnement
[2m2026-07-04T22:57:38.533930Z[0m [33m WARN[0m [2mpm_acquisition::rtds[0m[2m:[0m RTDS silencieux 5500 ms → réabonnement
[2m2026-07-04T22:57:44.533996Z[0m [33m WARN[0m [2mpm_acquisition::rtds[0m[2m:[0m RTDS silencieux 5500 ms → réabonnement
[2m2026-07-04T22:57:50.533065Z[0m [33m WARN[0m [2mpm_acquisition::rtds[0m[2m:[0m RTDS silencieux 5500 ms → réabonnement
[2m2026-07-04T22:57:56.533548Z[0m [33m WARN[0m [2mpm_acquisition::rtds[0m[2m:[0m RTDS silencieux 5500 ms → réabonnement
[2m2026-07-04T22:58:02.533896Z[0m [33m WARN[0m [2mpm_acquisition::rtds[0m[2m:[0m RTDS silencieux 5500 ms → réabonnement
[2m2026-07-04T22:58:08.533546Z[0m [33m WARN[0m [2mpm_acquisition::rtds[0m[2m:[0m RTDS silencieux 5500 ms → réabonnement
[2m2026-07-04T22:58:14.533547Z[0m [33m WARN[0m [2mpm_acquisition::rtds[0m[2m:[0m RTDS silencieux 5500 ms → réabonnement
[2m2026-07-04T22:58:20.533307Z[0m [33m WARN[0m [2mpm_acquisition::rtds[0m[2m:[0m RTDS silencieux 5500 ms → réabonnement
[2m2026-07-04T22:58:26.533670Z[0m [33m WARN[0m [2mpm_acquisition::rtds[0m[2m:[0m RTDS silencieux 5500 ms → réabonnement
[2m2026-07-04T22:58:32.533830Z[0m [33m WARN[0m [2mpm_acquisition::rtds[0m[2m:[0m RTDS silencieux 5500 ms → réabonnement
[2m2026-07-04T22:58:38.533141Z[0m [33m WARN[0m [2mpm_acquisition::rtds[0m[2m:[0m RTDS silencieux 5500 ms → réabonnement
[2m2026-07-04T22:58:44.533315Z[0m [33m WARN[0m [2mpm_acquisition::rtds[0m[2m:[0m RTDS silencieux 5500 ms → réabonnement
[2m2026-07-04T22:58:50.534009Z[0m [33m WARN[0m [2mpm_acquisition::rtds[0m[2m:[0m RTDS silencieux 5500 ms → réabonnement
[2m2026-07-04T22:58:56.533193Z[0m [33m WARN[0m [2mpm_acquisition::rtds[0m[2m:[0m RTDS silencieux 5500 ms → réabonnement
[2m2026-07-04T22:59:02.533162Z[0m [33m WARN[0m [2mpm_acquisition::rtds[0m[2m:[0m RTDS silencieux 5500 ms → réabonnement
[2m2026-07-04T22:59:08.533439Z[0m [33m WARN[0m [2mpm_acquisition::rtds[0m[2m:[0m RTDS silencieux 5500 ms → réabonnement
[2m2026-07-04T22:59:14.533163Z[0m [33m WARN[0m [2mpm_acquisition::rtds[0m[2m:[0m RTDS silencieux 5500 ms → réabonnement
[2m2026-07-04T22:59:20.534017Z[0m [33m WARN[0m [2mpm_acquisition::rtds[0m[2m:[0m RTDS silencieux 5500 ms → réabonnement
[2m2026-07-04T22:59:26.534021Z[0m [33m WARN[0m [2mpm_acquisition::rtds[0m[2m:[0m RTDS silencieux 5500 ms → réabonnement
[2m2026-07-04T22:59:32.534106Z[0m [33m WARN[0m [2mpm_acquisition::rtds[0m[2m:[0m RTDS silencieux 5500 ms → réabonnement
[2m2026-07-04T22:59:38.533790Z[0m [33m WARN[0m [2mpm_acquisition::rtds[0m[2m:[0m RTDS silencieux 5500 ms → réabonnement
[2m2026-07-04T22:59:44.534017Z[0m [33m WARN[0m [2mpm_acquisition::rtds[0m[2m:[0m RTDS silencieux 5500 ms → réabonnement
[2m2026-07-04T22:59:50.533120Z[0m [33m WARN[0m [2mpm_acquisition::rtds[0m[2m:[0m RTDS silencieux 5500 ms → réabonnement
[2m2026-07-04T22:59:56.533471Z[0m [33m WARN[0m [2mpm_acquisition::rtds[0m[2m:[0m RTDS silencieux 5500 ms → réabonnement
[2m2026-07-04T23:00:02.426010Z[0m [32m INFO[0m [2mpm_bot[0m[2m:[0m RÈGLEMENT btc-updown-5m-1783205700 | strike=Some("63224.34") issue=Down (estimé) | PnL up=+0.00 down=+0.00 | taker=0 maker_fills=0 | PnL cumulé=+0.00
[2m2026-07-04T23:00:02.426111Z[0m [32m INFO[0m [2mpm_bot[0m[2m:[0m fenêtre active: btc-updown-5m-1783206000 [1783206000000 → 1783206300000]
[2m2026-07-04T23:00:03.048847Z[0m [32m INFO[0m [2mpm_acquisition::clob[0m[2m:[0m CLOB connecté (up=69687457…, down=37543728…)
[2m2026-07-04T23:00:03.533671Z[0m [33m WARN[0m [2mpm_acquisition::rtds[0m[2m:[0m RTDS silencieux 5500 ms → réabonnement
[2m2026-07-04T23:00:09.533721Z[0m [33m WARN[0m [2mpm_acquisition::rtds[0m[2m:[0m RTDS silencieux 5500 ms → réabonnement
[2m2026-07-04T23:00:15.533857Z[0m [33m WARN[0m [2mpm_acquisition::rtds[0m[2m:[0m RTDS silencieux 5500 ms → réabonnement
[2m2026-07-04T23:00:21.533602Z[0m [33m WARN[0m [2mpm_acquisition::rtds[0m[2m:[0m RTDS silencieux 5500 ms → réabonnement
[2m2026-07-04T23:00:27.534127Z[0m [33m WARN[0m [2mpm_acquisition::rtds[0m[2m:[0m RTDS silencieux 5500 ms → réabonnement
[2m2026-07-04T23:00:33.533883Z[0m [33m WARN[0m [2mpm_acquisition::rtds[0m[2m:[0m RTDS silencieux 5500 ms → réabonnement
[2m2026-07-04T23:00:39.533650Z[0m [33m WARN[0m [2mpm_acquisition::rtds[0m[2m:[0m RTDS silencieux 5500 ms → réabonnement
[2m2026-07-04T23:00:45.533122Z[0m [33m WARN[0m [2mpm_acquisition::rtds[0m[2m:[0m RTDS silencieux 5500 ms → réabonnement
[2m2026-07-04T23:00:51.533967Z[0m [33m WARN[0m [2mpm_acquisition::rtds[0m[2m:[0m RTDS silencieux 5500 ms → réabonnement
[2m2026-07-04T23:00:57.533116Z[0m [33m WARN[0m [2mpm_acquisition::rtds[0m[2m:[0m RTDS silencieux 5500 ms → réabonnement
[2m2026-07-04T23:01:03.533946Z[0m [33m WARN[0m [2mpm_acquisition::rtds[0m[2m:[0m RTDS silencieux 5500 ms → réabonnement
[2m2026-07-04T23:01:09.533429Z[0m [33m WARN[0m [2mpm_acquisition::rtds[0m[2m:[0m RTDS silencieux 5500 ms → réabonnement
[2m2026-07-04T23:01:15.533874Z[0m [33m WARN[0m [2mpm_acquisition::rtds[0m[2m:[0m RTDS silencieux 5500 ms → réabonnement
[2m2026-07-04T23:01:21.533113Z[0m [33m WARN[0m [2mpm_acquisition::rtds[0m[2m:[0m RTDS silencieux 5500 ms → réabonnement
[2m2026-07-04T23:01:27.533605Z[0m [33m WARN[0m [2mpm_acquisition::rtds[0m[2m:[0m RTDS silencieux 5500 ms → réabonnement
[2m2026-07-04T23:01:30.238024Z[0m [32m INFO[0m [2mpm_bot[0m[2m:[0m résolution officielle btc-updown-5m-1783205700: Down — CONFIRME notre estimation ✓
[2m2026-07-04T23:01:30.238108Z[0m [32m INFO[0m [2mpm_acquisition::clob[0m[2m:[0m CLOB flux terminé (marché résolu/fermé)
[2m2026-07-04T23:01:33.533865Z[0m [33m WARN[0m [2mpm_acquisition::rtds[0m[2m:[0m RTDS silencieux 5500 ms → réabonnement
[2m2026-07-04T23:01:39.533426Z[0m [33m WARN[0m [2mpm_acquisition::rtds[0m[2m:[0m RTDS silencieux 5500 ms → réabonnement
[2m2026-07-04T23:01:45.533205Z[0m [33m WARN[0m [2mpm_acquisition::rtds[0m[2m:[0m RTDS silencieux 5500 ms → réabonnement
[2m2026-07-04T23:01:51.533291Z[0m [33m WARN[0m [2mpm_acquisition::rtds[0m[2m:[0m RTDS silencieux 5500 ms → réabonnement
[2m2026-07-04T23:01:57.533502Z[0m [33m WARN[0m [2mpm_acquisition::rtds[0m[2m:[0m RTDS silencieux 5500 ms → réabonnement
[2m2026-07-04T23:02:03.533863Z[0m [33m WARN[0m [2mpm_acquisition::rtds[0m[2m:[0m RTDS silencieux 5500 ms → réabonnement
[2m2026-07-04T23:02:09.533994Z[0m [33m WARN[0m [2mpm_acquisition::rtds[0m[2m:[0m RTDS silencieux 5500 ms → réabonnement
[2m2026-07-04T23:02:15.533722Z[0m [33m WARN[0m [2mpm_acquisition::rtds[0m[2m:[0m RTDS silencieux 5500 ms → réabonnement
[2m2026-07-04T23:02:21.533550Z[0m [33m WARN[0m [2mpm_acquisition::rtds[0m[2m:[0m RTDS silencieux 5500 ms → réabonnement
[2m2026-07-04T23:02:27.533314Z[0m [33m WARN[0m [2mpm_acquisition::rtds[0m[2m:[0m RTDS silencieux 5500 ms → réabonnement
[2m2026-07-04T23:02:33.533882Z[0m [33m WARN[0m [2mpm_acquisition::rtds[0m[2m:[0m RTDS silencieux 5500 ms → réabonnement
[2m2026-07-04T23:02:39.534064Z[0m [33m WARN[0m [2mpm_acquisition::rtds[0m[2m:[0m RTDS silencieux 5500 ms → réabonnement
[2m2026-07-04T23:02:45.533702Z[0m [33m WARN[0m [2mpm_acquisition::rtds[0m[2m:[0m RTDS silencieux 5500 ms → réabonnement
[2m2026-07-04T23:02:51.533752Z[0m [33m WARN[0m [2mpm_acquisition::rtds[0m[2m:[0m RTDS silencieux 5500 ms → réabonnement
[2m2026-07-04T23:02:57.533313Z[0m [33m WARN[0m [2mpm_acquisition::rtds[0m[2m:[0m RTDS silencieux 5500 ms → réabonnement
[2m2026-07-04T23:03:03.533137Z[0m [33m WARN[0m [2mpm_acquisition::rtds[0m[2m:[0m RTDS silencieux 5500 ms → réabonnement
[2m2026-07-04T23:03:13.533771Z[0m [33m WARN[0m [2mpm_acquisition::rtds[0m[2m:[0m RTDS silencieux 5500 ms → réabonnement
[2m2026-07-04T23:03:19.533461Z[0m [33m WARN[0m [2mpm_acquisition::rtds[0m[2m:[0m RTDS silencieux 5500 ms → réabonnement
[2m2026-07-04T23:03:28.533889Z[0m [33m WARN[0m [2mpm_acquisition::rtds[0m[2m:[0m RTDS silencieux 5500 ms → réabonnement
[2m2026-07-04T23:03:34.533922Z[0m [33m WARN[0m [2mpm_acquisition::rtds[0m[2m:[0m RTDS silencieux 5500 ms → réabonnement
[2m2026-07-04T23:03:40.533763Z[0m [33m WARN[0m [2mpm_acquisition::rtds[0m[2m:[0m RTDS silencieux 5500 ms → réabonnement
[2m2026-07-04T23:03:46.533575Z[0m [33m WARN[0m [2mpm_acquisition::rtds[0m[2m:[0m RTDS silencieux 5500 ms → réabonnement
[2m2026-07-04T23:03:52.533776Z[0m [33m WARN[0m [2mpm_acquisition::rtds[0m[2m:[0m RTDS silencieux 5500 ms → réabonnement
[2m2026-07-04T23:03:58.533964Z[0m [33m WARN[0m [2mpm_acquisition::rtds[0m[2m:[0m RTDS silencieux 5500 ms → réabonnement
[2m2026-07-04T23:04:04.533077Z[0m [33m WARN[0m [2mpm_acquisition::rtds[0m[2m:[0m RTDS silencieux 5500 ms → réabonnement
[2m2026-07-04T23:04:10.533075Z[0m [33m WARN[0m [2mpm_acquisition::rtds[0m[2m:[0m RTDS silencieux 5500 ms → réabonnement
[2m2026-07-04T23:04:16.533137Z[0m [33m WARN[0m [2mpm_acquisition::rtds[0m[2m:[0m RTDS silencieux 5500 ms → réabonnement
[2m2026-07-04T23:04:22.533160Z[0m [33m WARN[0m [2mpm_acquisition::rtds[0m[2m:[0m RTDS silencieux 5500 ms → réabonnement
[2m2026-07-04T23:04:28.533243Z[0m [33m WARN[0m [2mpm_acquisition::rtds[0m[2m:[0m RTDS silencieux 5500 ms → réabonnement
[2m2026-07-04T23:04:34.533392Z[0m [33m WARN[0m [2mpm_acquisition::rtds[0m[2m:[0m RTDS silencieux 5500 ms → réabonnement
[2m2026-07-04T23:04:40.533528Z[0m [33m WARN[0m [2mpm_acquisition::rtds[0m[2m:[0m RTDS silencieux 5500 ms → réabonnement
[2m2026-07-04T23:04:46.533819Z[0m [33m WARN[0m [2mpm_acquisition::rtds[0m[2m:[0m RTDS silencieux 5500 ms → réabonnement
[2m2026-07-04T23:04:52.533667Z[0m [33m WARN[0m [2mpm_acquisition::rtds[0m[2m:[0m RTDS silencieux 5500 ms → réabonnement
[2m2026-07-04T23:04:58.533041Z[0m [33m WARN[0m [2mpm_acquisition::rtds[0m[2m:[0m RTDS silencieux 5500 ms → réabonnement
[2m2026-07-04T23:05:02.401049Z[0m [32m INFO[0m [2mpm_bot[0m[2m:[0m RÈGLEMENT btc-updown-5m-1783206000 | strike=Some("63224.34") issue=Down (estimé) | PnL up=+0.00 down=+0.00 | taker=0 maker_fills=0 | PnL cumulé=+0.00
[2m2026-07-04T23:05:02.401143Z[0m [32m INFO[0m [2mpm_bot[0m[2m:[0m fenêtre active: btc-updown-5m-1783206300 [1783206300000 → 1783206600000]
[2m2026-07-04T23:05:02.980369Z[0m [32m INFO[0m [2mpm_acquisition::clob[0m[2m:[0m CLOB connecté (up=15284143…, down=90361516…)
[2m2026-07-04T23:05:04.533471Z[0m [33m WARN[0m [2mpm_acquisition::rtds[0m[2m:[0m RTDS silencieux 5500 ms → réabonnement
[2m2026-07-04T23:05:10.533192Z[0m [33m WARN[0m [2mpm_acquisition::rtds[0m[2m:[0m RTDS silencieux 5500 ms → réabonnement
[2m2026-07-04T23:05:16.533673Z[0m [33m WARN[0m [2mpm_acquisition::rtds[0m[2m:[0m RTDS silencieux 5500 ms → réabonnement
[2m2026-07-04T23:05:22.533981Z[0m [33m WARN[0m [2mpm_acquisition::rtds[0m[2m:[0m RTDS silencieux 5500 ms → réabonnement
[2m2026-07-04T23:05:28.533709Z[0m [33m WARN[0m [2mpm_acquisition::rtds[0m[2m:[0m RTDS silencieux 5500 ms → réabonnement
[2m2026-07-04T23:05:34.533871Z[0m [33m WARN[0m [2mpm_acquisition::rtds[0m[2m:[0m RTDS silencieux 5500 ms → réabonnement
[2m2026-07-04T23:05:40.533893Z[0m [33m WARN[0m [2mpm_acquisition::rtds[0m[2m:[0m RTDS silencieux 5500 ms → réabonnement
[2m2026-07-04T23:05:46.533561Z[0m [33m WARN[0m [2mpm_acquisition::rtds[0m[2m:[0m RTDS silencieux 5500 ms → réabonnement
[2m2026-07-04T23:05:52.533550Z[0m [33m WARN[0m [2mpm_acquisition::rtds[0m[2m:[0m RTDS silencieux 5500 ms → réabonnement
[2m2026-07-04T23:05:58.533282Z[0m [33m WARN[0m [2mpm_acquisition::rtds[0m[2m:[0m RTDS silencieux 5500 ms → réabonnement
[2m2026-07-04T23:06:04.533560Z[0m [33m WARN[0m [2mpm_acquisition::rtds[0m[2m:[0m RTDS silencieux 5500 ms → réabonnement
[2m2026-07-04T23:06:10.533919Z[0m [33m WARN[0m [2mpm_acquisition::rtds[0m[2m:[0m RTDS silencieux 5500 ms → réabonnement
[2m2026-07-04T23:06:16.533736Z[0m [33m WARN[0m [2mpm_acquisition::rtds[0m[2m:[0m RTDS silencieux 5500 ms → réabonnement
[2m2026-07-04T23:06:19.955586Z[0m [31mERROR[0m [2mpm_bot[0m[2m:[0m résolution officielle btc-updown-5m-1783206000: Up — CONTREDIT notre estimation ✗ (à investiguer)
[2m2026-07-04T23:06:19.955644Z[0m [32m INFO[0m [2mpm_acquisition::clob[0m[2m:[0m CLOB flux terminé (marché résolu/fermé)
[2m2026-07-04T23:06:22.533859Z[0m [33m WARN[0m [2mpm_acquisition::rtds[0m[2m:[0m RTDS silencieux 5500 ms → réabonnement
[2m2026-07-04T23:06:28.533396Z[0m [33m WARN[0m [2mpm_acquisition::rtds[0m[2m:[0m RTDS silencieux 5500 ms → réabonnement
[2m2026-07-04T23:06:34.533814Z[0m [33m WARN[0m [2mpm_acquisition::rtds[0m[2m:[0m RTDS silencieux 5500 ms → réabonnement
[2m2026-07-04T23:06:40.533852Z[0m [33m WARN[0m [2mpm_acquisition::rtds[0m[2m:[0m RTDS silencieux 5500 ms → réabonnement
[2m2026-07-04T23:06:46.533257Z[0m [33m WARN[0m [2mpm_acquisition::rtds[0m[2m:[0m RTDS silencieux 5500 ms → réabonnement
[2m2026-07-04T23:06:52.533074Z[0m [33m WARN[0m [2mpm_acquisition::rtds[0m[2m:[0m RTDS silencieux 5500 ms → réabonnement
[2m2026-07-04T23:06:58.533060Z[0m [33m WARN[0m [2mpm_acquisition::rtds[0m[2m:[0m RTDS silencieux 5500 ms → réabonnement
[2m2026-07-04T23:07:04.533600Z[0m [33m WARN[0m [2mpm_acquisition::rtds[0m[2m:[0m RTDS silencieux 5500 ms → réabonnement
[2m2026-07-04T23:07:10.533118Z[0m [33m WARN[0m [2mpm_acquisition::rtds[0m[2m:[0m RTDS silencieux 5500 ms → réabonnement
[2m2026-07-04T23:07:16.533694Z[0m [33m WARN[0m [2mpm_acquisition::rtds[0m[2m:[0m RTDS silencieux 5500 ms → réabonnement
[2m2026-07-04T23:07:22.533577Z[0m [33m WARN[0m [2mpm_acquisition::rtds[0m[2m:[0m RTDS silencieux 5500 ms → réabonnement
[2m2026-07-04T23:07:28.533909Z[0m [33m WARN[0m [2mpm_acquisition::rtds[0m[2m:[0m RTDS silencieux 5500 ms → réabonnement
[2m2026-07-04T23:07:34.533353Z[0m [33m WARN[0m [2mpm_acquisition::rtds[0m[2m:[0m RTDS silencieux 5500 ms → réabonnement
[2m2026-07-04T23:07:40.533934Z[0m [33m WARN[0m [2mpm_acquisition::rtds[0m[2m:[0m RTDS silencieux 5500 ms → réabonnement
[2m2026-07-04T23:07:46.533551Z[0m [33m WARN[0m [2mpm_acquisition::rtds[0m[2m:[0m RTDS silencieux 5500 ms → réabonnement
[2m2026-07-04T23:07:52.533691Z[0m [33m WARN[0m [2mpm_acquisition::rtds[0m[2m:[0m RTDS silencieux 5500 ms → réabonnement
[2m2026-07-04T23:07:58.533563Z[0m [33m WARN[0m [2mpm_acquisition::rtds[0m[2m:[0m RTDS silencieux 5500 ms → réabonnement
[2m2026-07-04T23:08:04.533631Z[0m [33m WARN[0m [2mpm_acquisition::rtds[0m[2m:[0m RTDS silencieux 5500 ms → réabonnement
[2m2026-07-04T23:08:10.533207Z[0m [33m WARN[0m [2mpm_acquisition::rtds[0m[2m:[0m RTDS silencieux 5500 ms → réabonnement
[2m2026-07-04T23:08:16.533714Z[0m [33m WARN[0m [2mpm_acquisition::rtds[0m[2m:[0m RTDS silencieux 5500 ms → réabonnement
[2m2026-07-04T23:08:22.533426Z[0m [33m WARN[0m [2mpm_acquisition::rtds[0m[2m:[0m RTDS silencieux 5500 ms → réabonnement
[2m2026-07-04T23:08:28.533917Z[0m [33m WARN[0m [2mpm_acquisition::rtds[0m[2m:[0m RTDS silencieux 5500 ms → réabonnement
[2m2026-07-04T23:08:34.533290Z[0m [33m WARN[0m [2mpm_acquisition::rtds[0m[2m:[0m RTDS silencieux 5500 ms → réabonnement
[2m2026-07-04T23:08:40.533386Z[0m [33m WARN[0m [2mpm_acquisition::rtds[0m[2m:[0m RTDS silencieux 5500 ms → réabonnement
[2m2026-07-04T23:08:46.533945Z[0m [33m WARN[0m [2mpm_acquisition::rtds[0m[2m:[0m RTDS silencieux 5500 ms → réabonnement
