[2m2026-07-05T20:43:16.868014Z[0m [32m INFO[0m [2mpm_bot[0m[2m:[0m pm-bot démarre (PAPER mode) — archives: /home/clementbondaz-sanson/Documents/Projet code/rustfactor/polymarket-btc5m-bot/data_v2/camp_20260705T204316
[2m2026-07-05T20:43:16.873490Z[0m [32m INFO[0m [2mpm_bot[0m[2m:[0m aucun fichier de config (./config.toml) — défauts calibrés
[2m2026-07-05T20:43:16.873624Z[0m [32m INFO[0m [2mpm_bot[0m[2m:[0m [config] [taker]
[2m2026-07-05T20:43:16.873628Z[0m [32m INFO[0m [2mpm_bot[0m[2m:[0m [config] min_edge = 0.06
[2m2026-07-05T20:43:16.873631Z[0m [32m INFO[0m [2mpm_bot[0m[2m:[0m [config] min_abs_z = 2.5
[2m2026-07-05T20:43:16.873634Z[0m [32m INFO[0m [2mpm_bot[0m[2m:[0m [config] min_strike_confidence = 0.8
[2m2026-07-05T20:43:16.873638Z[0m [32m INFO[0m [2mpm_bot[0m[2m:[0m [config] max_spot_age_ms = 3000
[2m2026-07-05T20:43:16.873640Z[0m [32m INFO[0m [2mpm_bot[0m[2m:[0m [config] min_elapsed_s = 10.0
[2m2026-07-05T20:43:16.873643Z[0m [32m INFO[0m [2mpm_bot[0m[2m:[0m [config] min_tau_s = 3.0
[2m2026-07-05T20:43:16.873646Z[0m [32m INFO[0m [2mpm_bot[0m[2m:[0m [config] cost_buffer = 0.01
[2m2026-07-05T20:43:16.873649Z[0m [32m INFO[0m [2mpm_bot[0m[2m:[0m [config] kelly_fraction = 0.25
[2m2026-07-05T20:43:16.873652Z[0m [32m INFO[0m [2mpm_bot[0m[2m:[0m [config] bankroll = 1000.0
[2m2026-07-05T20:43:16.873655Z[0m [32m INFO[0m [2mpm_bot[0m[2m:[0m [config] max_notional = 250.0
[2m2026-07-05T20:43:16.873658Z[0m [32m INFO[0m [2mpm_bot[0m[2m:[0m [config] max_slippage = 0.02
[2m2026-07-05T20:43:16.873660Z[0m [32m INFO[0m [2mpm_bot[0m[2m:[0m [config] max_entry_price = 0.75
[2m2026-07-05T20:43:16.873663Z[0m [32m INFO[0m [2mpm_bot[0m[2m:[0m [config] 
[2m2026-07-05T20:43:16.873666Z[0m [32m INFO[0m [2mpm_bot[0m[2m:[0m [config] [maker]
[2m2026-07-05T20:43:16.873669Z[0m [32m INFO[0m [2mpm_bot[0m[2m:[0m [config] min_quote_price = 0.15
[2m2026-07-05T20:43:16.873672Z[0m [32m INFO[0m [2mpm_bot[0m[2m:[0m [config] max_quote_price = 0.85
[2m2026-07-05T20:43:16.873675Z[0m [32m INFO[0m [2mpm_bot[0m[2m:[0m [config] edge_margin = 0.03
[2m2026-07-05T20:43:16.873678Z[0m [32m INFO[0m [2mpm_bot[0m[2m:[0m [config] take_profit = 0.08
[2m2026-07-05T20:43:16.873680Z[0m [32m INFO[0m [2mpm_bot[0m[2m:[0m [config] stop_loss = 0.1
[2m2026-07-05T20:43:16.873683Z[0m [32m INFO[0m [2mpm_bot[0m[2m:[0m [config] quote_size = 50.0
[2m2026-07-05T20:43:16.873686Z[0m [32m INFO[0m [2mpm_bot[0m[2m:[0m [config] max_inventory = 150.0
[2m2026-07-05T20:43:16.873689Z[0m [32m INFO[0m [2mpm_bot[0m[2m:[0m [config] min_tau_open_s = 60.0
[2m2026-07-05T20:43:16.873692Z[0m [32m INFO[0m [2mpm_bot[0m[2m:[0m [config] min_tau_flat_s = 25.0
[2m2026-07-05T20:43:16.873695Z[0m [32m INFO[0m [2mpm_bot[0m[2m:[0m [config] max_abs_z_quote = 2.5
[2m2026-07-05T20:43:16.873698Z[0m [32m INFO[0m [2mpm_bot[0m[2m:[0m [config] sigma_panic_per_sqrt_s = 0.0005
[2m2026-07-05T20:43:16.873700Z[0m [32m INFO[0m [2mpm_bot[0m[2m:[0m [config] min_strike_confidence = 0.8
[2m2026-07-05T20:43:16.873703Z[0m [32m INFO[0m [2mpm_bot[0m[2m:[0m [config] max_spot_age_ms = 3000
[2m2026-07-05T20:43:16.873706Z[0m [32m INFO[0m [2mpm_bot[0m[2m:[0m [config] 
[2m2026-07-05T20:43:16.873709Z[0m [32m INFO[0m [2mpm_bot[0m[2m:[0m [config] [modele]
[2m2026-07-05T20:43:16.873712Z[0m [32m INFO[0m [2mpm_bot[0m[2m:[0m [config] sigma_floor_per_sqrt_s = 0.00005
[2m2026-07-05T20:43:16.873715Z[0m [32m INFO[0m [2mpm_bot[0m[2m:[0m [config] tau_floor_s = 1.0
[2m2026-07-05T20:43:16.873718Z[0m [32m INFO[0m [2mpm_bot[0m[2m:[0m [config] drift_snr_min = 0.25
[2m2026-07-05T20:43:16.873720Z[0m [32m INFO[0m [2mpm_bot[0m[2m:[0m [config] max_drift_z = 2.0
[2m2026-07-05T20:43:16.873723Z[0m [32m INFO[0m [2mpm_bot[0m[2m:[0m [config] 
[2m2026-07-05T20:43:16.873726Z[0m [32m INFO[0m [2mpm_bot[0m[2m:[0m [config] [volatilite]
[2m2026-07-05T20:43:16.873729Z[0m [32m INFO[0m [2mpm_bot[0m[2m:[0m [config] ewma_half_life_s = 60.0
[2m2026-07-05T20:43:16.873744Z[0m [32m INFO[0m [2mpm_bot[0m[2m:[0m [config] retention_s = 1800
[2m2026-07-05T20:43:16.873750Z[0m [32m INFO[0m [2mpm_bot[0m[2m:[0m [config] min_dt_ms = 10
[2m2026-07-05T20:43:16.873753Z[0m [32m INFO[0m [2mpm_bot[0m[2m:[0m [config] 
[2m2026-07-05T20:43:16.873756Z[0m [32m INFO[0m [2mpm_bot[0m[2m:[0m [config] [moteur]
[2m2026-07-05T20:43:16.873759Z[0m [32m INFO[0m [2mpm_bot[0m[2m:[0m [config] decision_step_ms = 250
[2m2026-07-05T20:43:16.873762Z[0m [32m INFO[0m [2mpm_bot[0m[2m:[0m [config] watchdog_stale_ms = 6000
[2m2026-07-05T20:43:16.873764Z[0m [32m INFO[0m [2mpm_bot[0m[2m:[0m [config] clob_grace_s = 180
[2m2026-07-05T20:43:16.873767Z[0m [32m INFO[0m [2mpm_bot[0m[2m:[0m [config] gamma_lookahead = 5
[2m2026-07-05T20:43:16.873770Z[0m [32m INFO[0m [2mpm_bot[0m[2m:[0m [config] retention_ticks_s = 2400
[2m2026-07-05T20:43:17.248733Z[0m [32m INFO[0m [2mpm_acquisition::rtds[0m[2m:[0m RTDS connecté
[2m2026-07-05T20:43:17.387071Z[0m [32m INFO[0m [2mpm_bot[0m[2m:[0m fenêtre active: btc-updown-5m-1783284000 [1783284000000 → 1783284300000]
[2m2026-07-05T20:43:17.693753Z[0m [32m INFO[0m [2mpm_acquisition::clob[0m[2m:[0m CLOB connecté (up=57637696…, down=10380684…)
[2m2026-07-05T20:43:18.560765Z[0m [32m INFO[0m [2mpm_bot[0m[2m:[0m strike gelé: Some(62684.87285380582) (confidence=0.000, gap=Some(197000) ms)
[2m2026-07-05T20:45:02.312577Z[0m [32m INFO[0m [2mpm_bot[0m[2m:[0m RÈGLEMENT btc-updown-5m-1783284000 | strike=Some("62684.87") issue=inconnue | PnL up=+0.00 down=+0.00 | taker=0 maker_fills=0 | PnL cumulé=+0.00
[2m2026-07-05T20:45:02.312619Z[0m [32m INFO[0m [2mpm_bot[0m[2m:[0m fenêtre active: btc-updown-5m-1783284300 [1783284300000 → 1783284600000]
[2m2026-07-05T20:45:02.312632Z[0m [32m INFO[0m [2mpm_bot[0m[2m:[0m strike gelé: Some(62689.93439794836) (confidence=1.000, gap=Some(0) ms)
[2m2026-07-05T20:45:02.798989Z[0m [32m INFO[0m [2mpm_acquisition::clob[0m[2m:[0m CLOB connecté (up=10571638…, down=10556542…)
[2m2026-07-05T20:47:36.865505Z[0m [32m INFO[0m [2mpm_bot[0m[2m:[0m résolution officielle btc-updown-5m-1783284000: Up (pas d'estimation locale)
[2m2026-07-05T20:47:36.865581Z[0m [32m INFO[0m [2mpm_acquisition::clob[0m[2m:[0m CLOB flux terminé (marché résolu/fermé)
[2m2026-07-05T20:50:02.591111Z[0m [32m INFO[0m [2mpm_bot[0m[2m:[0m RÈGLEMENT btc-updown-5m-1783284300 | strike=Some("62689.93") issue=Up (estimé) | PnL up=+0.00 down=+0.00 | taker=0 maker_fills=0 | PnL cumulé=+0.00
[2m2026-07-05T20:50:02.591159Z[0m [32m INFO[0m [2mpm_bot[0m[2m:[0m fenêtre active: btc-updown-5m-1783284600 [1783284600000 → 1783284900000]
[2m2026-07-05T20:50:02.591194Z[0m [32m INFO[0m [2mpm_bot[0m[2m:[0m strike gelé: Some(62689.97054242779) (confidence=1.000, gap=Some(0) ms)
[2m2026-07-05T20:50:02.946138Z[0m [32m INFO[0m [2mpm_acquisition::clob[0m[2m:[0m CLOB connecté (up=31846122…, down=34103910…)
[2m2026-07-05T20:51:24.411097Z[0m [32m INFO[0m [2mpm_bot[0m[2m:[0m résolution officielle btc-updown-5m-1783284300: Up — CONFIRME notre estimation ✓
[2m2026-07-05T20:51:24.411231Z[0m [32m INFO[0m [2mpm_acquisition::clob[0m[2m:[0m CLOB flux terminé (marché résolu/fermé)
[2m2026-07-05T20:54:57.250668Z[0m [33m WARN[0m [2mpm_acquisition::rtds[0m[2m:[0m RTDS silencieux 6142 ms → réabonnement
[2m2026-07-05T20:54:57.374747Z[0m [33m WARN[0m [2mpm_acquisition::watchdog[0m[2m:[0m flux rtds stale (6421 ms de silence)
[2m2026-07-05T20:54:57.374803Z[0m [33m WARN[0m [2mpm_bot[0m[2m:[0m FEED STALE: rtds silencieux 6421 ms
[2m2026-07-05T20:55:02.627567Z[0m [32m INFO[0m [2mpm_bot[0m[2m:[0m RÈGLEMENT btc-updown-5m-1783284600 | strike=Some("62689.97") issue=Down (estimé) | PnL up=+0.00 down=+0.00 | taker=0 maker_fills=0 | PnL cumulé=+0.00
[2m2026-07-05T20:55:02.627610Z[0m [32m INFO[0m [2mpm_bot[0m[2m:[0m fenêtre active: btc-updown-5m-1783284900 [1783284900000 → 1783285200000]
[2m2026-07-05T20:55:02.627663Z[0m [32m INFO[0m [2mpm_bot[0m[2m:[0m strike gelé: Some(62683.12007560142) (confidence=1.000, gap=Some(0) ms)
[2m2026-07-05T20:55:03.037287Z[0m [32m INFO[0m [2mpm_acquisition::clob[0m[2m:[0m CLOB connecté (up=84735416…, down=81395626…)
[2m2026-07-05T20:56:36.085972Z[0m [32m INFO[0m [2mpm_bot[0m[2m:[0m résolution officielle btc-updown-5m-1783284600: Down — CONFIRME notre estimation ✓
[2m2026-07-05T20:56:36.086077Z[0m [32m INFO[0m [2mpm_acquisition::clob[0m[2m:[0m CLOB flux terminé (marché résolu/fermé)
[2m2026-07-05T21:00:02.970804Z[0m [32m INFO[0m [2mpm_bot[0m[2m:[0m RÈGLEMENT btc-updown-5m-1783284900 | strike=Some("62683.12") issue=Down (estimé) | PnL up=+0.00 down=+0.00 | taker=0 maker_fills=0 | PnL cumulé=+0.00
[2m2026-07-05T21:00:02.970849Z[0m [32m INFO[0m [2mpm_bot[0m[2m:[0m fenêtre active: btc-updown-5m-1783285200 [1783285200000 → 1783285500000]
[2m2026-07-05T21:00:02.970904Z[0m [32m INFO[0m [2mpm_bot[0m[2m:[0m strike gelé: Some(62676.5014184652) (confidence=1.000, gap=Some(0) ms)
[2m2026-07-05T21:00:03.380382Z[0m [32m INFO[0m [2mpm_acquisition::clob[0m[2m:[0m CLOB connecté (up=94347760…, down=11544693…)
[2m2026-07-05T21:01:58.070564Z[0m [32m INFO[0m [2mpm_bot[0m[2m:[0m résolution officielle btc-updown-5m-1783284900: Down — CONFIRME notre estimation ✓
[2m2026-07-05T21:01:58.070741Z[0m [32m INFO[0m [2mpm_acquisition::clob[0m[2m:[0m CLOB flux terminé (marché résolu/fermé)
[2m2026-07-05T21:05:02.447454Z[0m [32m INFO[0m [2mpm_bot[0m[2m:[0m RÈGLEMENT btc-updown-5m-1783285200 | strike=Some("62676.50") issue=Down (estimé) | PnL up=+0.00 down=+0.00 | taker=0 maker_fills=0 | PnL cumulé=+0.00
[2m2026-07-05T21:05:02.447514Z[0m [32m INFO[0m [2mpm_bot[0m[2m:[0m fenêtre active: btc-updown-5m-1783285500 [1783285500000 → 1783285800000]
[2m2026-07-05T21:05:02.447559Z[0m [32m INFO[0m [2mpm_bot[0m[2m:[0m strike gelé: Some(62613.2467) (confidence=1.000, gap=Some(0) ms)
[2m2026-07-05T21:05:03.006766Z[0m [32m INFO[0m [2mpm_acquisition::clob[0m[2m:[0m CLOB connecté (up=10386230…, down=73374991…)
[2m2026-07-05T21:06:26.158748Z[0m [32m INFO[0m [2mpm_bot[0m[2m:[0m résolution officielle btc-updown-5m-1783285200: Down — CONFIRME notre estimation ✓
[2m2026-07-05T21:06:26.158838Z[0m [32m INFO[0m [2mpm_acquisition::clob[0m[2m:[0m CLOB flux terminé (marché résolu/fermé)
[2m2026-07-05T21:10:02.501741Z[0m [32m INFO[0m [2mpm_bot[0m[2m:[0m RÈGLEMENT btc-updown-5m-1783285500 | strike=Some("62613.25") issue=Down (estimé) | PnL up=+0.00 down=+0.00 | taker=0 maker_fills=0 | PnL cumulé=+0.00
[2m2026-07-05T21:10:02.501801Z[0m [32m INFO[0m [2mpm_bot[0m[2m:[0m fenêtre active: btc-updown-5m-1783285800 [1783285800000 → 1783286100000]
[2m2026-07-05T21:10:02.501844Z[0m [32m INFO[0m [2mpm_bot[0m[2m:[0m strike gelé: Some(62580.70985794851) (confidence=1.000, gap=Some(0) ms)
[2m2026-07-05T21:10:03.032153Z[0m [32m INFO[0m [2mpm_acquisition::clob[0m[2m:[0m CLOB connecté (up=42956190…, down=45738340…)
[2m2026-07-05T21:11:00.375013Z[0m [33m WARN[0m [2mpm_acquisition::watchdog[0m[2m:[0m flux rtds stale (6214 ms de silence)
[2m2026-07-05T21:11:00.375097Z[0m [33m WARN[0m [2mpm_bot[0m[2m:[0m FEED STALE: rtds silencieux 6214 ms
[2m2026-07-05T21:11:01.250349Z[0m [33m WARN[0m [2mpm_acquisition::rtds[0m[2m:[0m RTDS silencieux 5573 ms → réabonnement
[2m2026-07-05T21:11:57.242971Z[0m [32m INFO[0m [2mpm_bot[0m[2m:[0m résolution officielle btc-updown-5m-1783285500: Down — CONFIRME notre estimation ✓
[2m2026-07-05T21:11:57.243079Z[0m [32m INFO[0m [2mpm_acquisition::clob[0m[2m:[0m CLOB flux terminé (marché résolu/fermé)
[2m2026-07-05T21:15:02.466163Z[0m [32m INFO[0m [2mpm_bot[0m[2m:[0m RÈGLEMENT btc-updown-5m-1783285800 | strike=Some("62580.71") issue=Up (estimé) | PnL up=+0.00 down=+0.00 | taker=0 maker_fills=0 | PnL cumulé=+0.00
[2m2026-07-05T21:15:02.466218Z[0m [32m INFO[0m [2mpm_bot[0m[2m:[0m fenêtre active: btc-updown-5m-1783286100 [1783286100000 → 1783286400000]
[2m2026-07-05T21:15:02.466269Z[0m [32m INFO[0m [2mpm_bot[0m[2m:[0m strike gelé: Some(62684.88108182028) (confidence=1.000, gap=Some(0) ms)
[2m2026-07-05T21:15:02.813532Z[0m [32m INFO[0m [2mpm_acquisition::clob[0m[2m:[0m CLOB connecté (up=38664390…, down=60637156…)
[2m2026-07-05T21:16:30.445839Z[0m [32m INFO[0m [2mpm_bot[0m[2m:[0m résolution officielle btc-updown-5m-1783285800: Up — CONFIRME notre estimation ✓
[2m2026-07-05T21:16:30.445950Z[0m [32m INFO[0m [2mpm_acquisition::clob[0m[2m:[0m CLOB flux terminé (marché résolu/fermé)
[2m2026-07-05T21:20:02.605942Z[0m [32m INFO[0m [2mpm_bot[0m[2m:[0m RÈGLEMENT btc-updown-5m-1783286100 | strike=Some("62684.88") issue=Up (estimé) | PnL up=+0.00 down=+0.00 | taker=0 maker_fills=0 | PnL cumulé=+0.00
[2m2026-07-05T21:20:02.605977Z[0m [32m INFO[0m [2mpm_bot[0m[2m:[0m fenêtre active: btc-updown-5m-1783286400 [1783286400000 → 1783286700000]
[2m2026-07-05T21:20:02.606017Z[0m [32m INFO[0m [2mpm_bot[0m[2m:[0m strike gelé: Some(62840.8159753692) (confidence=1.000, gap=Some(0) ms)
[2m2026-07-05T21:20:02.917930Z[0m [32m INFO[0m [2mpm_acquisition::clob[0m[2m:[0m CLOB connecté (up=93511019…, down=17274081…)
[2m2026-07-05T21:21:36.453286Z[0m [32m INFO[0m [2mpm_bot[0m[2m:[0m résolution officielle btc-updown-5m-1783286100: Up — CONFIRME notre estimation ✓
[2m2026-07-05T21:21:36.453364Z[0m [32m INFO[0m [2mpm_acquisition::clob[0m[2m:[0m CLOB flux terminé (marché résolu/fermé)
[2m2026-07-05T21:25:02.396990Z[0m [32m INFO[0m [2mpm_bot[0m[2m:[0m RÈGLEMENT btc-updown-5m-1783286400 | strike=Some("62840.82") issue=Down (estimé) | PnL up=+0.00 down=+0.00 | taker=0 maker_fills=0 | PnL cumulé=+0.00
[2m2026-07-05T21:25:02.397064Z[0m [32m INFO[0m [2mpm_bot[0m[2m:[0m fenêtre active: btc-updown-5m-1783286700 [1783286700000 → 1783287000000]
[2m2026-07-05T21:25:02.397113Z[0m [32m INFO[0m [2mpm_bot[0m[2m:[0m strike gelé: Some(62824.0550638851) (confidence=1.000, gap=Some(0) ms)
[2m2026-07-05T21:25:02.850855Z[0m [32m INFO[0m [2mpm_acquisition::clob[0m[2m:[0m CLOB connecté (up=10571271…, down=53853735…)
[2m2026-07-05T21:26:23.853353Z[0m [32m INFO[0m [2mpm_bot[0m[2m:[0m résolution officielle btc-updown-5m-1783286400: Down — CONFIRME notre estimation ✓
[2m2026-07-05T21:26:23.853535Z[0m [32m INFO[0m [2mpm_acquisition::clob[0m[2m:[0m CLOB flux terminé (marché résolu/fermé)
[2m2026-07-05T21:29:10.125052Z[0m [32m INFO[0m [2mpm_bot[0m[2m:[0m TAKER: UP (z=2.50 p=0.994 ask=0.750 avg=0.764 tau=50s)
[2m2026-07-05T21:29:10.125086Z[0m [32m INFO[0m [2mexecution[0m[2m:[0m [DRY-RUN] dryrun-0 Buy 10571271 x 325 @ 0.774 (Fak)
[2m2026-07-05T21:30:02.783207Z[0m [32m INFO[0m [2mpm_bot[0m[2m:[0m RÈGLEMENT btc-updown-5m-1783286700 | strike=Some("62824.06") issue=Up (estimé) | PnL up=+76.60 down=+0.00 | taker=1 maker_fills=0 | PnL cumulé=+76.60
[2m2026-07-05T21:30:02.783251Z[0m [32m INFO[0m [2mpm_bot[0m[2m:[0m fenêtre active: btc-updown-5m-1783287000 [1783287000000 → 1783287300000]
[2m2026-07-05T21:30:02.783272Z[0m [32m INFO[0m [2mpm_bot[0m[2m:[0m strike gelé: Some(62863.2967268715) (confidence=1.000, gap=Some(0) ms)
[2m2026-07-05T21:30:03.278650Z[0m [32m INFO[0m [2mpm_acquisition::clob[0m[2m:[0m CLOB connecté (up=12830762…, down=14010884…)
[2m2026-07-05T21:32:14.820038Z[0m [32m INFO[0m [2mpm_bot[0m[2m:[0m résolution officielle btc-updown-5m-1783286700: Up — CONFIRME notre estimation ✓
[2m2026-07-05T21:32:14.820100Z[0m [32m INFO[0m [2mpm_acquisition::clob[0m[2m:[0m CLOB flux terminé (marché résolu/fermé)
