[2m2026-07-05T08:47:59.946791Z[0m [32m INFO[0m [2mpm_bot[0m[2m:[0m pm-bot démarre (PAPER mode) — archives: /home/user/rustfactor/polymarket-btc5m-bot/data_v2/camp_20260705T084759
[2m2026-07-05T08:47:59.951132Z[0m [32m INFO[0m [2mpm_bot[0m[2m:[0m aucun fichier de config (./config.toml) — défauts calibrés
[2m2026-07-05T08:47:59.951243Z[0m [32m INFO[0m [2mpm_bot[0m[2m:[0m [config] [taker]
[2m2026-07-05T08:47:59.951246Z[0m [32m INFO[0m [2mpm_bot[0m[2m:[0m [config] min_edge = 0.06
[2m2026-07-05T08:47:59.951247Z[0m [32m INFO[0m [2mpm_bot[0m[2m:[0m [config] min_abs_z = 2.5
[2m2026-07-05T08:47:59.951248Z[0m [32m INFO[0m [2mpm_bot[0m[2m:[0m [config] min_strike_confidence = 0.8
[2m2026-07-05T08:47:59.951265Z[0m [32m INFO[0m [2mpm_bot[0m[2m:[0m [config] max_spot_age_ms = 3000
[2m2026-07-05T08:47:59.951268Z[0m [32m INFO[0m [2mpm_bot[0m[2m:[0m [config] min_elapsed_s = 10.0
[2m2026-07-05T08:47:59.951270Z[0m [32m INFO[0m [2mpm_bot[0m[2m:[0m [config] min_tau_s = 3.0
[2m2026-07-05T08:47:59.951271Z[0m [32m INFO[0m [2mpm_bot[0m[2m:[0m [config] cost_buffer = 0.01
[2m2026-07-05T08:47:59.951273Z[0m [32m INFO[0m [2mpm_bot[0m[2m:[0m [config] kelly_fraction = 0.25
[2m2026-07-05T08:47:59.951274Z[0m [32m INFO[0m [2mpm_bot[0m[2m:[0m [config] bankroll = 1000.0
[2m2026-07-05T08:47:59.951276Z[0m [32m INFO[0m [2mpm_bot[0m[2m:[0m [config] max_notional = 250.0
[2m2026-07-05T08:47:59.951277Z[0m [32m INFO[0m [2mpm_bot[0m[2m:[0m [config] max_slippage = 0.02
[2m2026-07-05T08:47:59.951278Z[0m [32m INFO[0m [2mpm_bot[0m[2m:[0m [config] max_entry_price = 0.75
[2m2026-07-05T08:47:59.951280Z[0m [32m INFO[0m [2mpm_bot[0m[2m:[0m [config] 
[2m2026-07-05T08:47:59.951281Z[0m [32m INFO[0m [2mpm_bot[0m[2m:[0m [config] [maker]
[2m2026-07-05T08:47:59.951282Z[0m [32m INFO[0m [2mpm_bot[0m[2m:[0m [config] min_quote_price = 0.15
[2m2026-07-05T08:47:59.951284Z[0m [32m INFO[0m [2mpm_bot[0m[2m:[0m [config] max_quote_price = 0.85
[2m2026-07-05T08:47:59.951285Z[0m [32m INFO[0m [2mpm_bot[0m[2m:[0m [config] edge_margin = 0.03
[2m2026-07-05T08:47:59.951286Z[0m [32m INFO[0m [2mpm_bot[0m[2m:[0m [config] take_profit = 0.08
[2m2026-07-05T08:47:59.951288Z[0m [32m INFO[0m [2mpm_bot[0m[2m:[0m [config] stop_loss = 0.1
[2m2026-07-05T08:47:59.951289Z[0m [32m INFO[0m [2mpm_bot[0m[2m:[0m [config] quote_size = 50.0
[2m2026-07-05T08:47:59.951290Z[0m [32m INFO[0m [2mpm_bot[0m[2m:[0m [config] max_inventory = 150.0
[2m2026-07-05T08:47:59.951292Z[0m [32m INFO[0m [2mpm_bot[0m[2m:[0m [config] min_tau_open_s = 60.0
[2m2026-07-05T08:47:59.951293Z[0m [32m INFO[0m [2mpm_bot[0m[2m:[0m [config] min_tau_flat_s = 25.0
[2m2026-07-05T08:47:59.951294Z[0m [32m INFO[0m [2mpm_bot[0m[2m:[0m [config] max_abs_z_quote = 2.5
[2m2026-07-05T08:47:59.951296Z[0m [32m INFO[0m [2mpm_bot[0m[2m:[0m [config] sigma_panic_per_sqrt_s = 0.0005
[2m2026-07-05T08:47:59.951297Z[0m [32m INFO[0m [2mpm_bot[0m[2m:[0m [config] min_strike_confidence = 0.8
[2m2026-07-05T08:47:59.951298Z[0m [32m INFO[0m [2mpm_bot[0m[2m:[0m [config] max_spot_age_ms = 3000
[2m2026-07-05T08:47:59.951300Z[0m [32m INFO[0m [2mpm_bot[0m[2m:[0m [config] 
[2m2026-07-05T08:47:59.951301Z[0m [32m INFO[0m [2mpm_bot[0m[2m:[0m [config] [modele]
[2m2026-07-05T08:47:59.951302Z[0m [32m INFO[0m [2mpm_bot[0m[2m:[0m [config] sigma_floor_per_sqrt_s = 0.00005
[2m2026-07-05T08:47:59.951303Z[0m [32m INFO[0m [2mpm_bot[0m[2m:[0m [config] tau_floor_s = 1.0
[2m2026-07-05T08:47:59.951304Z[0m [32m INFO[0m [2mpm_bot[0m[2m:[0m [config] drift_snr_min = 0.25
[2m2026-07-05T08:47:59.951306Z[0m [32m INFO[0m [2mpm_bot[0m[2m:[0m [config] max_drift_z = 2.0
[2m2026-07-05T08:47:59.951307Z[0m [32m INFO[0m [2mpm_bot[0m[2m:[0m [config] 
[2m2026-07-05T08:47:59.951308Z[0m [32m INFO[0m [2mpm_bot[0m[2m:[0m [config] [volatilite]
[2m2026-07-05T08:47:59.951310Z[0m [32m INFO[0m [2mpm_bot[0m[2m:[0m [config] ewma_half_life_s = 60.0
[2m2026-07-05T08:47:59.951318Z[0m [32m INFO[0m [2mpm_bot[0m[2m:[0m [config] retention_s = 1800
[2m2026-07-05T08:47:59.951319Z[0m [32m INFO[0m [2mpm_bot[0m[2m:[0m [config] min_dt_ms = 10
[2m2026-07-05T08:47:59.951320Z[0m [32m INFO[0m [2mpm_bot[0m[2m:[0m [config] 
[2m2026-07-05T08:47:59.951322Z[0m [32m INFO[0m [2mpm_bot[0m[2m:[0m [config] [moteur]
[2m2026-07-05T08:47:59.951323Z[0m [32m INFO[0m [2mpm_bot[0m[2m:[0m [config] decision_step_ms = 250
[2m2026-07-05T08:47:59.951324Z[0m [32m INFO[0m [2mpm_bot[0m[2m:[0m [config] watchdog_stale_ms = 6000
[2m2026-07-05T08:47:59.951325Z[0m [32m INFO[0m [2mpm_bot[0m[2m:[0m [config] clob_grace_s = 180
[2m2026-07-05T08:47:59.951326Z[0m [32m INFO[0m [2mpm_bot[0m[2m:[0m [config] gamma_lookahead = 5
[2m2026-07-05T08:47:59.951328Z[0m [32m INFO[0m [2mpm_bot[0m[2m:[0m [config] retention_ticks_s = 2400
[2m2026-07-05T08:48:00.355287Z[0m [32m INFO[0m [2mpm_bot[0m[2m:[0m fenêtre active: btc-updown-5m-1783241100 [1783241100000 → 1783241400000]
[2m2026-07-05T08:48:00.721146Z[0m [32m INFO[0m [2mpm_acquisition::rtds[0m[2m:[0m RTDS connecté
[2m2026-07-05T08:48:00.938357Z[0m [32m INFO[0m [2mpm_acquisition::clob[0m[2m:[0m CLOB connecté (up=10079363…, down=74823576…)
[2m2026-07-05T08:48:02.304914Z[0m [32m INFO[0m [2mpm_bot[0m[2m:[0m strike gelé: Some(62893.463985100854) (confidence=0.000, gap=Some(181000) ms)
[2m2026-07-05T08:50:02.362288Z[0m [32m INFO[0m [2mpm_bot[0m[2m:[0m RÈGLEMENT btc-updown-5m-1783241100 | strike=Some("62893.46") issue=inconnue | PnL up=+0.00 down=+0.00 | taker=0 maker_fills=0 | PnL cumulé=+0.00
[2m2026-07-05T08:50:02.362316Z[0m [32m INFO[0m [2mpm_bot[0m[2m:[0m fenêtre active: btc-updown-5m-1783241400 [1783241400000 → 1783241700000]
[2m2026-07-05T08:50:02.362334Z[0m [32m INFO[0m [2mpm_bot[0m[2m:[0m strike gelé: Some(62908.63307428089) (confidence=1.000, gap=Some(0) ms)
[2m2026-07-05T08:50:02.982332Z[0m [32m INFO[0m [2mpm_acquisition::clob[0m[2m:[0m CLOB connecté (up=10530455…, down=72222267…)
[2m2026-07-05T08:51:35.707829Z[0m [32m INFO[0m [2mpm_bot[0m[2m:[0m résolution officielle btc-updown-5m-1783241100: Up (pas d'estimation locale)
[2m2026-07-05T08:51:35.707944Z[0m [32m INFO[0m [2mpm_acquisition::clob[0m[2m:[0m CLOB flux terminé (marché résolu/fermé)
[2m2026-07-05T08:55:02.393325Z[0m [32m INFO[0m [2mpm_bot[0m[2m:[0m RÈGLEMENT btc-updown-5m-1783241400 | strike=Some("62908.63") issue=Down (estimé) | PnL up=+0.00 down=+0.00 | taker=0 maker_fills=0 | PnL cumulé=+0.00
[2m2026-07-05T08:55:02.393353Z[0m [32m INFO[0m [2mpm_bot[0m[2m:[0m fenêtre active: btc-updown-5m-1783241700 [1783241700000 → 1783242000000]
[2m2026-07-05T08:55:02.393378Z[0m [32m INFO[0m [2mpm_bot[0m[2m:[0m strike gelé: Some(62866.64906347758) (confidence=1.000, gap=Some(0) ms)
[2m2026-07-05T08:55:02.969017Z[0m [32m INFO[0m [2mpm_acquisition::clob[0m[2m:[0m CLOB connecté (up=24747894…, down=71230557…)
[2m2026-07-05T08:56:21.333322Z[0m [32m INFO[0m [2mpm_bot[0m[2m:[0m résolution officielle btc-updown-5m-1783241400: Down — CONFIRME notre estimation ✓
[2m2026-07-05T08:56:21.333398Z[0m [32m INFO[0m [2mpm_acquisition::clob[0m[2m:[0m CLOB flux terminé (marché résolu/fermé)
[2m2026-07-05T09:00:02.402501Z[0m [32m INFO[0m [2mpm_bot[0m[2m:[0m RÈGLEMENT btc-updown-5m-1783241700 | strike=Some("62866.65") issue=Down (estimé) | PnL up=+0.00 down=+0.00 | taker=0 maker_fills=0 | PnL cumulé=+0.00
[2m2026-07-05T09:00:02.402533Z[0m [32m INFO[0m [2mpm_bot[0m[2m:[0m fenêtre active: btc-updown-5m-1783242000 [1783242000000 → 1783242300000]
[2m2026-07-05T09:00:02.402563Z[0m [32m INFO[0m [2mpm_bot[0m[2m:[0m strike gelé: Some(62858.051242653884) (confidence=1.000, gap=Some(0) ms)
[2m2026-07-05T09:00:03.017412Z[0m [32m INFO[0m [2mpm_acquisition::clob[0m[2m:[0m CLOB connecté (up=43111614…, down=35352539…)
[2m2026-07-05T09:01:33.259659Z[0m [32m INFO[0m [2mpm_bot[0m[2m:[0m résolution officielle btc-updown-5m-1783241700: Down — CONFIRME notre estimation ✓
[2m2026-07-05T09:01:33.259709Z[0m [32m INFO[0m [2mpm_acquisition::clob[0m[2m:[0m CLOB flux terminé (marché résolu/fermé)
[2m2026-07-05T09:05:02.405586Z[0m [32m INFO[0m [2mpm_bot[0m[2m:[0m RÈGLEMENT btc-updown-5m-1783242000 | strike=Some("62858.05") issue=Down (estimé) | PnL up=+0.00 down=+0.00 | taker=0 maker_fills=0 | PnL cumulé=+0.00
[2m2026-07-05T09:05:02.405612Z[0m [32m INFO[0m [2mpm_bot[0m[2m:[0m fenêtre active: btc-updown-5m-1783242300 [1783242300000 → 1783242600000]
[2m2026-07-05T09:05:02.405639Z[0m [32m INFO[0m [2mpm_bot[0m[2m:[0m strike gelé: Some(62840.399155) (confidence=1.000, gap=Some(0) ms)
[2m2026-07-05T09:05:02.976861Z[0m [32m INFO[0m [2mpm_acquisition::clob[0m[2m:[0m CLOB connecté (up=38886570…, down=40570162…)
[2m2026-07-05T09:06:22.951738Z[0m [32m INFO[0m [2mpm_bot[0m[2m:[0m résolution officielle btc-updown-5m-1783242000: Down — CONFIRME notre estimation ✓
[2m2026-07-05T09:06:22.951822Z[0m [32m INFO[0m [2mpm_acquisition::clob[0m[2m:[0m CLOB flux terminé (marché résolu/fermé)
[2m2026-07-05T09:10:02.389387Z[0m [32m INFO[0m [2mpm_bot[0m[2m:[0m RÈGLEMENT btc-updown-5m-1783242300 | strike=Some("62840.40") issue=Up (estimé) | PnL up=+0.00 down=+0.00 | taker=0 maker_fills=0 | PnL cumulé=+0.00
[2m2026-07-05T09:10:02.389417Z[0m [32m INFO[0m [2mpm_bot[0m[2m:[0m fenêtre active: btc-updown-5m-1783242600 [1783242600000 → 1783242900000]
[2m2026-07-05T09:10:02.389528Z[0m [32m INFO[0m [2mpm_bot[0m[2m:[0m strike gelé: Some(62842.201057350736) (confidence=1.000, gap=Some(0) ms)
[2m2026-07-05T09:10:02.978127Z[0m [32m INFO[0m [2mpm_acquisition::clob[0m[2m:[0m CLOB connecté (up=94579776…, down=80497518…)
[2m2026-07-05T09:11:34.185996Z[0m [32m INFO[0m [2mpm_bot[0m[2m:[0m résolution officielle btc-updown-5m-1783242300: Up — CONFIRME notre estimation ✓
[2m2026-07-05T09:11:34.186080Z[0m [32m INFO[0m [2mpm_acquisition::clob[0m[2m:[0m CLOB flux terminé (marché résolu/fermé)
[2m2026-07-05T09:13:11.953298Z[0m [33m WARN[0m [2mpm_acquisition::watchdog[0m[2m:[0m flux rtds stale (6178 ms de silence)
[2m2026-07-05T09:13:11.953358Z[0m [33m WARN[0m [2mpm_bot[0m[2m:[0m FEED STALE: rtds silencieux 6178 ms
[2m2026-07-05T09:13:12.721680Z[0m [33m WARN[0m [2mpm_acquisition::rtds[0m[2m:[0m RTDS silencieux 6320 ms → réabonnement
[2m2026-07-05T09:15:02.389199Z[0m [32m INFO[0m [2mpm_bot[0m[2m:[0m RÈGLEMENT btc-updown-5m-1783242600 | strike=Some("62842.20") issue=Down (estimé) | PnL up=+0.00 down=+0.00 | taker=0 maker_fills=0 | PnL cumulé=+0.00
[2m2026-07-05T09:15:02.389226Z[0m [32m INFO[0m [2mpm_bot[0m[2m:[0m fenêtre active: btc-updown-5m-1783242900 [1783242900000 → 1783243200000]
[2m2026-07-05T09:15:02.389260Z[0m [32m INFO[0m [2mpm_bot[0m[2m:[0m strike gelé: Some(62816.85303587206) (confidence=1.000, gap=Some(0) ms)
[2m2026-07-05T09:15:02.972945Z[0m [32m INFO[0m [2mpm_acquisition::clob[0m[2m:[0m CLOB connecté (up=74319848…, down=74192823…)
[2m2026-07-05T09:17:31.762275Z[0m [32m INFO[0m [2mpm_bot[0m[2m:[0m résolution officielle btc-updown-5m-1783242600: Down — CONFIRME notre estimation ✓
[2m2026-07-05T09:17:31.762362Z[0m [32m INFO[0m [2mpm_acquisition::clob[0m[2m:[0m CLOB flux terminé (marché résolu/fermé)
[2m2026-07-05T09:20:02.434197Z[0m [32m INFO[0m [2mpm_bot[0m[2m:[0m RÈGLEMENT btc-updown-5m-1783242900 | strike=Some("62816.85") issue=Down (estimé) | PnL up=+0.00 down=+0.00 | taker=0 maker_fills=0 | PnL cumulé=+0.00
[2m2026-07-05T09:20:02.434224Z[0m [32m INFO[0m [2mpm_bot[0m[2m:[0m fenêtre active: btc-updown-5m-1783243200 [1783243200000 → 1783243500000]
[2m2026-07-05T09:20:02.434264Z[0m [32m INFO[0m [2mpm_bot[0m[2m:[0m strike gelé: Some(62814.6804) (confidence=1.000, gap=Some(0) ms)
[2m2026-07-05T09:20:03.050483Z[0m [32m INFO[0m [2mpm_acquisition::clob[0m[2m:[0m CLOB connecté (up=10257400…, down=80286351…)
[2m2026-07-05T09:23:34.135667Z[0m [32m INFO[0m [2mpm_bot[0m[2m:[0m résolution officielle btc-updown-5m-1783242900: Down — CONFIRME notre estimation ✓
[2m2026-07-05T09:23:34.135750Z[0m [32m INFO[0m [2mpm_acquisition::clob[0m[2m:[0m CLOB flux terminé (marché résolu/fermé)
[2m2026-07-05T09:25:02.375336Z[0m [32m INFO[0m [2mpm_bot[0m[2m:[0m RÈGLEMENT btc-updown-5m-1783243200 | strike=Some("62814.68") issue=Down (estimé) | PnL up=+0.00 down=+0.00 | taker=0 maker_fills=0 | PnL cumulé=+0.00
[2m2026-07-05T09:25:02.375365Z[0m [32m INFO[0m [2mpm_bot[0m[2m:[0m fenêtre active: btc-updown-5m-1783243500 [1783243500000 → 1783243800000]
[2m2026-07-05T09:25:02.375405Z[0m [32m INFO[0m [2mpm_bot[0m[2m:[0m strike gelé: Some(62696.776241000895) (confidence=1.000, gap=Some(0) ms)
[2m2026-07-05T09:25:02.969824Z[0m [32m INFO[0m [2mpm_acquisition::clob[0m[2m:[0m CLOB connecté (up=11231100…, down=75977196…)
[2m2026-07-05T09:26:21.577369Z[0m [32m INFO[0m [2mpm_bot[0m[2m:[0m résolution officielle btc-updown-5m-1783243200: Down — CONFIRME notre estimation ✓
[2m2026-07-05T09:26:21.577478Z[0m [32m INFO[0m [2mpm_acquisition::clob[0m[2m:[0m CLOB flux terminé (marché résolu/fermé)
[2m2026-07-05T09:30:02.422902Z[0m [32m INFO[0m [2mpm_bot[0m[2m:[0m RÈGLEMENT btc-updown-5m-1783243500 | strike=Some("62696.78") issue=Down (estimé) | PnL up=+0.00 down=+0.00 | taker=0 maker_fills=0 | PnL cumulé=+0.00
[2m2026-07-05T09:30:02.422933Z[0m [32m INFO[0m [2mpm_bot[0m[2m:[0m fenêtre active: btc-updown-5m-1783243800 [1783243800000 → 1783244100000]
[2m2026-07-05T09:30:02.422972Z[0m [32m INFO[0m [2mpm_bot[0m[2m:[0m strike gelé: Some(62680.352135335) (confidence=1.000, gap=Some(0) ms)
[2m2026-07-05T09:30:03.024145Z[0m [32m INFO[0m [2mpm_acquisition::clob[0m[2m:[0m CLOB connecté (up=88835095…, down=37563650…)
[2m2026-07-05T09:32:09.480405Z[0m [32m INFO[0m [2mpm_bot[0m[2m:[0m résolution officielle btc-updown-5m-1783243500: Down — CONFIRME notre estimation ✓
[2m2026-07-05T09:32:09.480473Z[0m [32m INFO[0m [2mpm_acquisition::clob[0m[2m:[0m CLOB flux terminé (marché résolu/fermé)
[2m2026-07-05T09:35:02.368019Z[0m [32m INFO[0m [2mpm_bot[0m[2m:[0m RÈGLEMENT btc-updown-5m-1783243800 | strike=Some("62680.35") issue=Down (estimé) | PnL up=+0.00 down=+0.00 | taker=0 maker_fills=0 | PnL cumulé=+0.00
[2m2026-07-05T09:35:02.368056Z[0m [32m INFO[0m [2mpm_bot[0m[2m:[0m fenêtre active: btc-updown-5m-1783244100 [1783244100000 → 1783244400000]
[2m2026-07-05T09:35:02.368110Z[0m [32m INFO[0m [2mpm_bot[0m[2m:[0m strike gelé: Some(62673.2161424575) (confidence=1.000, gap=Some(0) ms)
[2m2026-07-05T09:35:03.004854Z[0m [32m INFO[0m [2mpm_acquisition::clob[0m[2m:[0m CLOB connecté (up=10307949…, down=17869722…)
[2m2026-07-05T09:36:21.735074Z[0m [32m INFO[0m [2mpm_bot[0m[2m:[0m résolution officielle btc-updown-5m-1783243800: Down — CONFIRME notre estimation ✓
[2m2026-07-05T09:36:21.735101Z[0m [32m INFO[0m [2mpm_acquisition::clob[0m[2m:[0m CLOB flux terminé (marché résolu/fermé)
[2m2026-07-05T09:37:19.452810Z[0m [33m WARN[0m [2mpm_acquisition::watchdog[0m[2m:[0m flux rtds stale (6204 ms de silence)
[2m2026-07-05T09:37:19.452881Z[0m [33m WARN[0m [2mpm_bot[0m[2m:[0m FEED STALE: rtds silencieux 6204 ms
[2m2026-07-05T09:37:20.721627Z[0m [33m WARN[0m [2mpm_acquisition::rtds[0m[2m:[0m RTDS silencieux 6186 ms → réabonnement
