[2m2026-07-05T02:13:00.126998Z[0m [32m INFO[0m [2mpm_bot[0m[2m:[0m pm-bot démarre (PAPER mode) — archives: /home/user/rustfactor/polymarket-btc5m-bot/data_v2/camp_20260705T021300
[2m2026-07-05T02:13:00.131573Z[0m [32m INFO[0m [2mpm_bot[0m[2m:[0m aucun fichier de config (./config.toml) — défauts calibrés
[2m2026-07-05T02:13:00.131720Z[0m [32m INFO[0m [2mpm_bot[0m[2m:[0m [config] [taker]
[2m2026-07-05T02:13:00.131725Z[0m [32m INFO[0m [2mpm_bot[0m[2m:[0m [config] min_edge = 0.06
[2m2026-07-05T02:13:00.131726Z[0m [32m INFO[0m [2mpm_bot[0m[2m:[0m [config] min_abs_z = 2.5
[2m2026-07-05T02:13:00.131728Z[0m [32m INFO[0m [2mpm_bot[0m[2m:[0m [config] min_strike_confidence = 0.8
[2m2026-07-05T02:13:00.131729Z[0m [32m INFO[0m [2mpm_bot[0m[2m:[0m [config] max_spot_age_ms = 3000
[2m2026-07-05T02:13:00.131730Z[0m [32m INFO[0m [2mpm_bot[0m[2m:[0m [config] min_elapsed_s = 10.0
[2m2026-07-05T02:13:00.131732Z[0m [32m INFO[0m [2mpm_bot[0m[2m:[0m [config] min_tau_s = 3.0
[2m2026-07-05T02:13:00.131733Z[0m [32m INFO[0m [2mpm_bot[0m[2m:[0m [config] cost_buffer = 0.01
[2m2026-07-05T02:13:00.131734Z[0m [32m INFO[0m [2mpm_bot[0m[2m:[0m [config] kelly_fraction = 0.25
[2m2026-07-05T02:13:00.131736Z[0m [32m INFO[0m [2mpm_bot[0m[2m:[0m [config] bankroll = 1000.0
[2m2026-07-05T02:13:00.131737Z[0m [32m INFO[0m [2mpm_bot[0m[2m:[0m [config] max_notional = 250.0
[2m2026-07-05T02:13:00.131738Z[0m [32m INFO[0m [2mpm_bot[0m[2m:[0m [config] max_slippage = 0.02
[2m2026-07-05T02:13:00.131740Z[0m [32m INFO[0m [2mpm_bot[0m[2m:[0m [config] max_entry_price = 0.75
[2m2026-07-05T02:13:00.131741Z[0m [32m INFO[0m [2mpm_bot[0m[2m:[0m [config] 
[2m2026-07-05T02:13:00.131742Z[0m [32m INFO[0m [2mpm_bot[0m[2m:[0m [config] [maker]
[2m2026-07-05T02:13:00.131743Z[0m [32m INFO[0m [2mpm_bot[0m[2m:[0m [config] min_quote_price = 0.15
[2m2026-07-05T02:13:00.131745Z[0m [32m INFO[0m [2mpm_bot[0m[2m:[0m [config] max_quote_price = 0.85
[2m2026-07-05T02:13:00.131746Z[0m [32m INFO[0m [2mpm_bot[0m[2m:[0m [config] edge_margin = 0.03
[2m2026-07-05T02:13:00.131747Z[0m [32m INFO[0m [2mpm_bot[0m[2m:[0m [config] take_profit = 0.08
[2m2026-07-05T02:13:00.131749Z[0m [32m INFO[0m [2mpm_bot[0m[2m:[0m [config] stop_loss = 0.1
[2m2026-07-05T02:13:00.131750Z[0m [32m INFO[0m [2mpm_bot[0m[2m:[0m [config] quote_size = 50.0
[2m2026-07-05T02:13:00.131751Z[0m [32m INFO[0m [2mpm_bot[0m[2m:[0m [config] max_inventory = 150.0
[2m2026-07-05T02:13:00.131753Z[0m [32m INFO[0m [2mpm_bot[0m[2m:[0m [config] min_tau_open_s = 60.0
[2m2026-07-05T02:13:00.131754Z[0m [32m INFO[0m [2mpm_bot[0m[2m:[0m [config] min_tau_flat_s = 25.0
[2m2026-07-05T02:13:00.131755Z[0m [32m INFO[0m [2mpm_bot[0m[2m:[0m [config] max_abs_z_quote = 2.5
[2m2026-07-05T02:13:00.131757Z[0m [32m INFO[0m [2mpm_bot[0m[2m:[0m [config] sigma_panic_per_sqrt_s = 0.0005
[2m2026-07-05T02:13:00.131758Z[0m [32m INFO[0m [2mpm_bot[0m[2m:[0m [config] min_strike_confidence = 0.8
[2m2026-07-05T02:13:00.131759Z[0m [32m INFO[0m [2mpm_bot[0m[2m:[0m [config] max_spot_age_ms = 3000
[2m2026-07-05T02:13:00.131761Z[0m [32m INFO[0m [2mpm_bot[0m[2m:[0m [config] 
[2m2026-07-05T02:13:00.131762Z[0m [32m INFO[0m [2mpm_bot[0m[2m:[0m [config] [modele]
[2m2026-07-05T02:13:00.131763Z[0m [32m INFO[0m [2mpm_bot[0m[2m:[0m [config] sigma_floor_per_sqrt_s = 0.00005
[2m2026-07-05T02:13:00.131764Z[0m [32m INFO[0m [2mpm_bot[0m[2m:[0m [config] tau_floor_s = 1.0
[2m2026-07-05T02:13:00.131766Z[0m [32m INFO[0m [2mpm_bot[0m[2m:[0m [config] drift_snr_min = 0.25
[2m2026-07-05T02:13:00.131767Z[0m [32m INFO[0m [2mpm_bot[0m[2m:[0m [config] max_drift_z = 2.0
[2m2026-07-05T02:13:00.131773Z[0m [32m INFO[0m [2mpm_bot[0m[2m:[0m [config] 
[2m2026-07-05T02:13:00.131775Z[0m [32m INFO[0m [2mpm_bot[0m[2m:[0m [config] [volatilite]
[2m2026-07-05T02:13:00.131776Z[0m [32m INFO[0m [2mpm_bot[0m[2m:[0m [config] ewma_half_life_s = 60.0
[2m2026-07-05T02:13:00.131785Z[0m [32m INFO[0m [2mpm_bot[0m[2m:[0m [config] retention_s = 1800
[2m2026-07-05T02:13:00.131787Z[0m [32m INFO[0m [2mpm_bot[0m[2m:[0m [config] min_dt_ms = 10
[2m2026-07-05T02:13:00.131788Z[0m [32m INFO[0m [2mpm_bot[0m[2m:[0m [config] 
[2m2026-07-05T02:13:00.131789Z[0m [32m INFO[0m [2mpm_bot[0m[2m:[0m [config] [moteur]
[2m2026-07-05T02:13:00.131790Z[0m [32m INFO[0m [2mpm_bot[0m[2m:[0m [config] decision_step_ms = 250
[2m2026-07-05T02:13:00.131791Z[0m [32m INFO[0m [2mpm_bot[0m[2m:[0m [config] watchdog_stale_ms = 6000
[2m2026-07-05T02:13:00.131793Z[0m [32m INFO[0m [2mpm_bot[0m[2m:[0m [config] clob_grace_s = 180
[2m2026-07-05T02:13:00.131794Z[0m [32m INFO[0m [2mpm_bot[0m[2m:[0m [config] gamma_lookahead = 5
[2m2026-07-05T02:13:00.131795Z[0m [32m INFO[0m [2mpm_bot[0m[2m:[0m [config] retention_ticks_s = 2400
[2m2026-07-05T02:13:00.525477Z[0m [32m INFO[0m [2mpm_bot[0m[2m:[0m fenêtre active: btc-updown-5m-1783217400 [1783217400000 → 1783217700000]
[2m2026-07-05T02:13:00.864785Z[0m [32m INFO[0m [2mpm_acquisition::rtds[0m[2m:[0m RTDS connecté
[2m2026-07-05T02:13:01.158779Z[0m [32m INFO[0m [2mpm_acquisition::clob[0m[2m:[0m CLOB connecté (up=76475512…, down=85633079…)
[2m2026-07-05T02:13:02.439089Z[0m [32m INFO[0m [2mpm_bot[0m[2m:[0m strike gelé: Some(62708.02056085229) (confidence=0.000, gap=Some(181000) ms)
[2m2026-07-05T02:15:02.409393Z[0m [32m INFO[0m [2mpm_bot[0m[2m:[0m RÈGLEMENT btc-updown-5m-1783217400 | strike=Some("62708.02") issue=Down (estimé) | PnL up=+0.00 down=+0.00 | taker=0 maker_fills=0 | PnL cumulé=+0.00
[2m2026-07-05T02:15:02.409428Z[0m [32m INFO[0m [2mpm_bot[0m[2m:[0m fenêtre active: btc-updown-5m-1783217700 [1783217700000 → 1783218000000]
[2m2026-07-05T02:15:02.409503Z[0m [32m INFO[0m [2mpm_bot[0m[2m:[0m strike gelé: Some(62688.64358674977) (confidence=1.000, gap=Some(0) ms)
[2m2026-07-05T02:15:02.977898Z[0m [32m INFO[0m [2mpm_acquisition::clob[0m[2m:[0m CLOB connecté (up=65837920…, down=49502650…)
[2m2026-07-05T02:16:21.961382Z[0m [32m INFO[0m [2mpm_bot[0m[2m:[0m résolution officielle btc-updown-5m-1783217400: Down — CONFIRME notre estimation ✓
[2m2026-07-05T02:16:21.961479Z[0m [32m INFO[0m [2mpm_acquisition::clob[0m[2m:[0m CLOB flux terminé (marché résolu/fermé)
[2m2026-07-05T02:20:02.384424Z[0m [32m INFO[0m [2mpm_bot[0m[2m:[0m RÈGLEMENT btc-updown-5m-1783217700 | strike=Some("62688.64") issue=Up (estimé) | PnL up=+0.00 down=+0.00 | taker=0 maker_fills=0 | PnL cumulé=+0.00
[2m2026-07-05T02:20:02.384455Z[0m [32m INFO[0m [2mpm_bot[0m[2m:[0m fenêtre active: btc-updown-5m-1783218000 [1783218000000 → 1783218300000]
[2m2026-07-05T02:20:02.384539Z[0m [32m INFO[0m [2mpm_bot[0m[2m:[0m strike gelé: Some(62693.36486) (confidence=1.000, gap=Some(0) ms)
[2m2026-07-05T02:20:02.990810Z[0m [32m INFO[0m [2mpm_acquisition::clob[0m[2m:[0m CLOB connecté (up=64868133…, down=33182064…)
[2m2026-07-05T02:21:30.754943Z[0m [32m INFO[0m [2mpm_bot[0m[2m:[0m résolution officielle btc-updown-5m-1783217700: Up — CONFIRME notre estimation ✓
[2m2026-07-05T02:21:30.754982Z[0m [32m INFO[0m [2mpm_acquisition::clob[0m[2m:[0m CLOB flux terminé (marché résolu/fermé)
[2m2026-07-05T02:25:02.393377Z[0m [32m INFO[0m [2mpm_bot[0m[2m:[0m RÈGLEMENT btc-updown-5m-1783218000 | strike=Some("62693.36") issue=Down (estimé) | PnL up=+0.00 down=+0.00 | taker=0 maker_fills=0 | PnL cumulé=+0.00
[2m2026-07-05T02:25:02.393471Z[0m [32m INFO[0m [2mpm_bot[0m[2m:[0m fenêtre active: btc-updown-5m-1783218300 [1783218300000 → 1783218600000]
[2m2026-07-05T02:25:02.393502Z[0m [32m INFO[0m [2mpm_bot[0m[2m:[0m strike gelé: Some(62661.83220680184) (confidence=1.000, gap=Some(0) ms)
[2m2026-07-05T02:25:03.002007Z[0m [32m INFO[0m [2mpm_acquisition::clob[0m[2m:[0m CLOB connecté (up=22205101…, down=20209484…)
[2m2026-07-05T02:25:35.633194Z[0m [33m WARN[0m [2mpm_acquisition::watchdog[0m[2m:[0m flux rtds stale (6234 ms de silence)
[2m2026-07-05T02:25:35.633251Z[0m [33m WARN[0m [2mpm_bot[0m[2m:[0m FEED STALE: rtds silencieux 6234 ms
[2m2026-07-05T02:25:36.866120Z[0m [33m WARN[0m [2mpm_acquisition::rtds[0m[2m:[0m RTDS silencieux 5956 ms → réabonnement
[2m2026-07-05T02:27:34.184186Z[0m [32m INFO[0m [2mpm_bot[0m[2m:[0m résolution officielle btc-updown-5m-1783218000: Down — CONFIRME notre estimation ✓
[2m2026-07-05T02:27:34.184296Z[0m [32m INFO[0m [2mpm_acquisition::clob[0m[2m:[0m CLOB flux terminé (marché résolu/fermé)
[2m2026-07-05T02:30:02.409636Z[0m [32m INFO[0m [2mpm_bot[0m[2m:[0m RÈGLEMENT btc-updown-5m-1783218300 | strike=Some("62661.83") issue=Up (estimé) | PnL up=+0.00 down=+0.00 | taker=0 maker_fills=0 | PnL cumulé=+0.00
[2m2026-07-05T02:30:02.409669Z[0m [32m INFO[0m [2mpm_bot[0m[2m:[0m fenêtre active: btc-updown-5m-1783218600 [1783218600000 → 1783218900000]
[2m2026-07-05T02:30:02.409756Z[0m [32m INFO[0m [2mpm_bot[0m[2m:[0m strike gelé: Some(62702.146705) (confidence=1.000, gap=Some(0) ms)
[2m2026-07-05T02:30:03.018645Z[0m [32m INFO[0m [2mpm_acquisition::clob[0m[2m:[0m CLOB connecté (up=64561303…, down=86330086…)
[2m2026-07-05T02:32:03.375546Z[0m [32m INFO[0m [2mpm_bot[0m[2m:[0m résolution officielle btc-updown-5m-1783218300: Up — CONFIRME notre estimation ✓
[2m2026-07-05T02:32:03.375573Z[0m [32m INFO[0m [2mpm_acquisition::clob[0m[2m:[0m CLOB flux terminé (marché résolu/fermé)
[2m2026-07-05T02:33:10.423362Z[0m [33m WARN[0m [2mpm_acquisition::clob[0m[2m:[0m CLOB erreur: WebSocket protocol error: Connection reset without closing handshake: Connection reset without closing handshake
[2m2026-07-05T02:33:11.879185Z[0m [32m INFO[0m [2mpm_acquisition::clob[0m[2m:[0m CLOB connecté (up=64561303…, down=86330086…)
[2m2026-07-05T02:35:02.396712Z[0m [32m INFO[0m [2mpm_bot[0m[2m:[0m RÈGLEMENT btc-updown-5m-1783218600 | strike=Some("62702.15") issue=Up (estimé) | PnL up=+0.00 down=+0.00 | taker=0 maker_fills=0 | PnL cumulé=+0.00
[2m2026-07-05T02:35:02.396744Z[0m [32m INFO[0m [2mpm_bot[0m[2m:[0m fenêtre active: btc-updown-5m-1783218900 [1783218900000 → 1783219200000]
[2m2026-07-05T02:35:02.396857Z[0m [32m INFO[0m [2mpm_bot[0m[2m:[0m strike gelé: Some(62713.88346) (confidence=1.000, gap=Some(0) ms)
[2m2026-07-05T02:35:03.010244Z[0m [32m INFO[0m [2mpm_acquisition::clob[0m[2m:[0m CLOB connecté (up=44434746…, down=47549823…)
[2m2026-07-05T02:37:30.099707Z[0m [32m INFO[0m [2mpm_bot[0m[2m:[0m résolution officielle btc-updown-5m-1783218600: Up — CONFIRME notre estimation ✓
[2m2026-07-05T02:37:30.099781Z[0m [32m INFO[0m [2mpm_acquisition::clob[0m[2m:[0m CLOB flux terminé (marché résolu/fermé)
[2m2026-07-05T02:40:02.397503Z[0m [32m INFO[0m [2mpm_bot[0m[2m:[0m RÈGLEMENT btc-updown-5m-1783218900 | strike=Some("62713.88") issue=Down (estimé) | PnL up=+0.00 down=+0.00 | taker=0 maker_fills=0 | PnL cumulé=+0.00
[2m2026-07-05T02:40:02.397535Z[0m [32m INFO[0m [2mpm_bot[0m[2m:[0m fenêtre active: btc-updown-5m-1783219200 [1783219200000 → 1783219500000]
[2m2026-07-05T02:40:02.397566Z[0m [32m INFO[0m [2mpm_bot[0m[2m:[0m strike gelé: Some(62712.728585) (confidence=1.000, gap=Some(0) ms)
[2m2026-07-05T02:40:03.032818Z[0m [32m INFO[0m [2mpm_acquisition::clob[0m[2m:[0m CLOB connecté (up=54278056…, down=95197213…)
[2m2026-07-05T02:42:33.228346Z[0m [33m WARN[0m [2mpm_acquisition::clob[0m[2m:[0m CLOB erreur: WebSocket protocol error: Connection reset without closing handshake: Connection reset without closing handshake
[2m2026-07-05T02:42:34.740605Z[0m [32m INFO[0m [2mpm_acquisition::clob[0m[2m:[0m CLOB connecté (up=44434746…, down=47549823…)
[2m2026-07-05T02:45:02.370581Z[0m [32m INFO[0m [2mpm_bot[0m[2m:[0m RÈGLEMENT btc-updown-5m-1783219200 | strike=Some("62712.73") issue=Down (estimé) | PnL up=+0.00 down=+0.00 | taker=0 maker_fills=0 | PnL cumulé=+0.00
[2m2026-07-05T02:45:02.370626Z[0m [32m INFO[0m [2mpm_bot[0m[2m:[0m fenêtre active: btc-updown-5m-1783219500 [1783219500000 → 1783219800000]
[2m2026-07-05T02:45:02.370661Z[0m [32m INFO[0m [2mpm_bot[0m[2m:[0m strike gelé: Some(62590.67545840877) (confidence=1.000, gap=Some(0) ms)
[2m2026-07-05T02:45:02.994280Z[0m [32m INFO[0m [2mpm_acquisition::clob[0m[2m:[0m CLOB connecté (up=92171468…, down=27929559…)
[2m2026-07-05T02:46:23.959007Z[0m [32m INFO[0m [2mpm_bot[0m[2m:[0m résolution officielle btc-updown-5m-1783219200: Down — CONFIRME notre estimation ✓
[2m2026-07-05T02:46:23.959078Z[0m [32m INFO[0m [2mpm_acquisition::clob[0m[2m:[0m CLOB flux terminé (marché résolu/fermé)
[2m2026-07-05T02:48:00.774519Z[0m [33m WARN[0m [2mpm_acquisition::clob[0m[2m:[0m CLOB erreur: WebSocket protocol error: Connection reset without closing handshake: Connection reset without closing handshake
[2m2026-07-05T02:48:02.258329Z[0m [32m INFO[0m [2mpm_acquisition::clob[0m[2m:[0m CLOB connecté (up=92171468…, down=27929559…)
[2m2026-07-05T02:50:02.378488Z[0m [32m INFO[0m [2mpm_bot[0m[2m:[0m RÈGLEMENT btc-updown-5m-1783219500 | strike=Some("62590.68") issue=Down (estimé) | PnL up=+0.00 down=+0.00 | taker=0 maker_fills=0 | PnL cumulé=+0.00
[2m2026-07-05T02:50:02.378518Z[0m [32m INFO[0m [2mpm_bot[0m[2m:[0m fenêtre active: btc-updown-5m-1783219800 [1783219800000 → 1783220100000]
[2m2026-07-05T02:50:02.378572Z[0m [32m INFO[0m [2mpm_bot[0m[2m:[0m strike gelé: Some(62583.068195) (confidence=1.000, gap=Some(0) ms)
[2m2026-07-05T02:50:02.978694Z[0m [32m INFO[0m [2mpm_acquisition::clob[0m[2m:[0m CLOB connecté (up=17381554…, down=27360319…)
[2m2026-07-05T02:51:33.011224Z[0m [32m INFO[0m [2mpm_bot[0m[2m:[0m résolution officielle btc-updown-5m-1783219500: Down — CONFIRME notre estimation ✓
[2m2026-07-05T02:51:33.011305Z[0m [32m INFO[0m [2mpm_acquisition::clob[0m[2m:[0m CLOB flux terminé (marché résolu/fermé)
[2m2026-07-05T02:53:12.468833Z[0m [33m WARN[0m [2mpm_acquisition::clob[0m[2m:[0m CLOB erreur: WebSocket protocol error: Connection reset without closing handshake: Connection reset without closing handshake
[2m2026-07-05T02:53:13.926392Z[0m [32m INFO[0m [2mpm_acquisition::clob[0m[2m:[0m CLOB connecté (up=17381554…, down=27360319…)
[2m2026-07-05T02:55:02.427724Z[0m [32m INFO[0m [2mpm_bot[0m[2m:[0m RÈGLEMENT btc-updown-5m-1783219800 | strike=Some("62583.07") issue=Down (estimé) | PnL up=+0.00 down=+0.00 | taker=0 maker_fills=0 | PnL cumulé=+0.00
[2m2026-07-05T02:55:02.427819Z[0m [32m INFO[0m [2mpm_bot[0m[2m:[0m fenêtre active: btc-updown-5m-1783220100 [1783220100000 → 1783220400000]
[2m2026-07-05T02:55:02.427860Z[0m [32m INFO[0m [2mpm_bot[0m[2m:[0m strike gelé: Some(62582.984155) (confidence=1.000, gap=Some(0) ms)
[2m2026-07-05T02:55:03.049469Z[0m [32m INFO[0m [2mpm_acquisition::clob[0m[2m:[0m CLOB connecté (up=79499141…, down=27998465…)
[2m2026-07-05T02:56:30.579327Z[0m [32m INFO[0m [2mpm_bot[0m[2m:[0m résolution officielle btc-updown-5m-1783219800: Down — CONFIRME notre estimation ✓
[2m2026-07-05T02:56:30.579358Z[0m [32m INFO[0m [2mpm_acquisition::clob[0m[2m:[0m CLOB flux terminé (marché résolu/fermé)
[2m2026-07-05T03:00:02.471664Z[0m [32m INFO[0m [2mpm_bot[0m[2m:[0m RÈGLEMENT btc-updown-5m-1783220100 | strike=Some("62582.98") issue=Up (estimé) | PnL up=+0.00 down=+0.00 | taker=0 maker_fills=0 | PnL cumulé=+0.00
[2m2026-07-05T03:00:02.471698Z[0m [32m INFO[0m [2mpm_bot[0m[2m:[0m fenêtre active: btc-updown-5m-1783220400 [1783220400000 → 1783220700000]
[2m2026-07-05T03:00:02.471735Z[0m [32m INFO[0m [2mpm_bot[0m[2m:[0m strike gelé: Some(62637.918835) (confidence=1.000, gap=Some(0) ms)
[2m2026-07-05T03:00:03.088116Z[0m [32m INFO[0m [2mpm_acquisition::clob[0m[2m:[0m CLOB connecté (up=78841710…, down=60345785…)
[2m2026-07-05T03:02:33.468512Z[0m [32m INFO[0m [2mpm_bot[0m[2m:[0m résolution officielle btc-updown-5m-1783220100: Up — CONFIRME notre estimation ✓
[2m2026-07-05T03:02:33.468574Z[0m [32m INFO[0m [2mpm_acquisition::clob[0m[2m:[0m CLOB flux terminé (marché résolu/fermé)
