[2m2026-07-06T01:44:32.616574Z[0m [32m INFO[0m [2mpm_bot[0m[2m:[0m pm-bot démarre (PAPER mode) — archives: /home/clementbondaz-sanson/Documents/Projet code/rustfactor/polymarket-btc5m-bot/data_v2/camp_20260706T014432
[2m2026-07-06T01:44:32.619920Z[0m [32m INFO[0m [2mpm_bot[0m[2m:[0m aucun fichier de config (./config.toml) — défauts calibrés
[2m2026-07-06T01:44:32.619988Z[0m [32m INFO[0m [2mpm_bot[0m[2m:[0m [config] [taker]
[2m2026-07-06T01:44:32.619992Z[0m [32m INFO[0m [2mpm_bot[0m[2m:[0m [config] min_edge = 0.06
[2m2026-07-06T01:44:32.619995Z[0m [32m INFO[0m [2mpm_bot[0m[2m:[0m [config] min_abs_z = 2.5
[2m2026-07-06T01:44:32.619998Z[0m [32m INFO[0m [2mpm_bot[0m[2m:[0m [config] min_strike_confidence = 0.8
[2m2026-07-06T01:44:32.620001Z[0m [32m INFO[0m [2mpm_bot[0m[2m:[0m [config] max_spot_age_ms = 3000
[2m2026-07-06T01:44:32.620004Z[0m [32m INFO[0m [2mpm_bot[0m[2m:[0m [config] min_elapsed_s = 10.0
[2m2026-07-06T01:44:32.620007Z[0m [32m INFO[0m [2mpm_bot[0m[2m:[0m [config] min_tau_s = 3.0
[2m2026-07-06T01:44:32.620009Z[0m [32m INFO[0m [2mpm_bot[0m[2m:[0m [config] cost_buffer = 0.01
[2m2026-07-06T01:44:32.620012Z[0m [32m INFO[0m [2mpm_bot[0m[2m:[0m [config] kelly_fraction = 0.25
[2m2026-07-06T01:44:32.620015Z[0m [32m INFO[0m [2mpm_bot[0m[2m:[0m [config] bankroll = 1000.0
[2m2026-07-06T01:44:32.620018Z[0m [32m INFO[0m [2mpm_bot[0m[2m:[0m [config] max_notional = 250.0
[2m2026-07-06T01:44:32.620022Z[0m [32m INFO[0m [2mpm_bot[0m[2m:[0m [config] max_slippage = 0.02
[2m2026-07-06T01:44:32.620025Z[0m [32m INFO[0m [2mpm_bot[0m[2m:[0m [config] max_entry_price = 0.75
[2m2026-07-06T01:44:32.620027Z[0m [32m INFO[0m [2mpm_bot[0m[2m:[0m [config] 
[2m2026-07-06T01:44:32.620034Z[0m [32m INFO[0m [2mpm_bot[0m[2m:[0m [config] [maker]
[2m2026-07-06T01:44:32.620037Z[0m [32m INFO[0m [2mpm_bot[0m[2m:[0m [config] min_quote_price = 0.15
[2m2026-07-06T01:44:32.620040Z[0m [32m INFO[0m [2mpm_bot[0m[2m:[0m [config] max_quote_price = 0.85
[2m2026-07-06T01:44:32.620043Z[0m [32m INFO[0m [2mpm_bot[0m[2m:[0m [config] edge_margin = 0.03
[2m2026-07-06T01:44:32.620046Z[0m [32m INFO[0m [2mpm_bot[0m[2m:[0m [config] take_profit = 0.08
[2m2026-07-06T01:44:32.620048Z[0m [32m INFO[0m [2mpm_bot[0m[2m:[0m [config] stop_loss = 0.1
[2m2026-07-06T01:44:32.620051Z[0m [32m INFO[0m [2mpm_bot[0m[2m:[0m [config] quote_size = 50.0
[2m2026-07-06T01:44:32.620054Z[0m [32m INFO[0m [2mpm_bot[0m[2m:[0m [config] max_inventory = 150.0
[2m2026-07-06T01:44:32.620057Z[0m [32m INFO[0m [2mpm_bot[0m[2m:[0m [config] min_tau_open_s = 60.0
[2m2026-07-06T01:44:32.620060Z[0m [32m INFO[0m [2mpm_bot[0m[2m:[0m [config] min_tau_flat_s = 25.0
[2m2026-07-06T01:44:32.620063Z[0m [32m INFO[0m [2mpm_bot[0m[2m:[0m [config] max_abs_z_quote = 2.5
[2m2026-07-06T01:44:32.620065Z[0m [32m INFO[0m [2mpm_bot[0m[2m:[0m [config] sigma_panic_per_sqrt_s = 0.0005
[2m2026-07-06T01:44:32.620068Z[0m [32m INFO[0m [2mpm_bot[0m[2m:[0m [config] min_strike_confidence = 0.8
[2m2026-07-06T01:44:32.620071Z[0m [32m INFO[0m [2mpm_bot[0m[2m:[0m [config] max_spot_age_ms = 3000
[2m2026-07-06T01:44:32.620074Z[0m [32m INFO[0m [2mpm_bot[0m[2m:[0m [config] 
[2m2026-07-06T01:44:32.620077Z[0m [32m INFO[0m [2mpm_bot[0m[2m:[0m [config] [modele]
[2m2026-07-06T01:44:32.620080Z[0m [32m INFO[0m [2mpm_bot[0m[2m:[0m [config] sigma_floor_per_sqrt_s = 0.00005
[2m2026-07-06T01:44:32.620082Z[0m [32m INFO[0m [2mpm_bot[0m[2m:[0m [config] tau_floor_s = 1.0
[2m2026-07-06T01:44:32.620085Z[0m [32m INFO[0m [2mpm_bot[0m[2m:[0m [config] drift_snr_min = 0.25
[2m2026-07-06T01:44:32.620088Z[0m [32m INFO[0m [2mpm_bot[0m[2m:[0m [config] max_drift_z = 2.0
[2m2026-07-06T01:44:32.620091Z[0m [32m INFO[0m [2mpm_bot[0m[2m:[0m [config] 
[2m2026-07-06T01:44:32.620093Z[0m [32m INFO[0m [2mpm_bot[0m[2m:[0m [config] [volatilite]
[2m2026-07-06T01:44:32.620096Z[0m [32m INFO[0m [2mpm_bot[0m[2m:[0m [config] ewma_half_life_s = 60.0
[2m2026-07-06T01:44:32.620106Z[0m [32m INFO[0m [2mpm_bot[0m[2m:[0m [config] retention_s = 1800
[2m2026-07-06T01:44:32.620111Z[0m [32m INFO[0m [2mpm_bot[0m[2m:[0m [config] min_dt_ms = 10
[2m2026-07-06T01:44:32.620114Z[0m [32m INFO[0m [2mpm_bot[0m[2m:[0m [config] 
[2m2026-07-06T01:44:32.620116Z[0m [32m INFO[0m [2mpm_bot[0m[2m:[0m [config] [moteur]
[2m2026-07-06T01:44:32.620119Z[0m [32m INFO[0m [2mpm_bot[0m[2m:[0m [config] decision_step_ms = 250
[2m2026-07-06T01:44:32.620122Z[0m [32m INFO[0m [2mpm_bot[0m[2m:[0m [config] watchdog_stale_ms = 6000
[2m2026-07-06T01:44:32.620125Z[0m [32m INFO[0m [2mpm_bot[0m[2m:[0m [config] clob_grace_s = 180
[2m2026-07-06T01:44:32.620128Z[0m [32m INFO[0m [2mpm_bot[0m[2m:[0m [config] gamma_lookahead = 5
[2m2026-07-06T01:44:32.620130Z[0m [32m INFO[0m [2mpm_bot[0m[2m:[0m [config] retention_ticks_s = 2400
[2m2026-07-06T01:44:33.111477Z[0m [32m INFO[0m [2mpm_acquisition::rtds[0m[2m:[0m RTDS connecté
[2m2026-07-06T01:44:33.166381Z[0m [32m INFO[0m [2mpm_bot[0m[2m:[0m fenêtre active: btc-updown-5m-1783302000 [1783302000000 → 1783302300000]
[2m2026-07-06T01:44:33.627369Z[0m [32m INFO[0m [2mpm_acquisition::clob[0m[2m:[0m CLOB connecté (up=18871576…, down=52693676…)
[2m2026-07-06T01:44:39.112753Z[0m [33m WARN[0m [2mpm_acquisition::rtds[0m[2m:[0m RTDS silencieux 5752 ms → réabonnement
[2m2026-07-06T01:44:49.113179Z[0m [33m WARN[0m [2mpm_acquisition::rtds[0m[2m:[0m RTDS silencieux 5931 ms → réabonnement
[2m2026-07-06T01:44:55.112870Z[0m [33m WARN[0m [2mpm_acquisition::rtds[0m[2m:[0m RTDS silencieux 5843 ms → réabonnement
[2m2026-07-06T01:44:56.155958Z[0m [32m INFO[0m [2mpm_bot[0m[2m:[0m strike gelé: Some(63669.63743128197) (confidence=0.000, gap=Some(295000) ms)
[2m2026-07-06T01:45:02.252061Z[0m [32m INFO[0m [2mpm_bot[0m[2m:[0m RÈGLEMENT btc-updown-5m-1783302000 | strike=Some("63669.64") issue=inconnue | PnL up=+0.00 down=+0.00 | taker=0 maker_fills=0 | PnL cumulé=+0.00
[2m2026-07-06T01:45:02.252110Z[0m [32m INFO[0m [2mpm_bot[0m[2m:[0m fenêtre active: btc-updown-5m-1783302300 [1783302300000 → 1783302600000]
[2m2026-07-06T01:45:02.611443Z[0m [32m INFO[0m [2mpm_acquisition::clob[0m[2m:[0m CLOB connecté (up=62385312…, down=85716424…)
[2m2026-07-06T01:45:03.939924Z[0m [32m INFO[0m [2mpm_bot[0m[2m:[0m strike gelé: Some(63662.2589075308) (confidence=1.000, gap=Some(0) ms)
[2m2026-07-06T01:46:34.268777Z[0m [32m INFO[0m [2mpm_bot[0m[2m:[0m résolution officielle btc-updown-5m-1783302000: Down (pas d'estimation locale)
[2m2026-07-06T01:46:34.268831Z[0m [32m INFO[0m [2mpm_acquisition::clob[0m[2m:[0m CLOB flux terminé (marché résolu/fermé)
[2m2026-07-06T01:50:02.390084Z[0m [32m INFO[0m [2mpm_bot[0m[2m:[0m RÈGLEMENT btc-updown-5m-1783302300 | strike=Some("63662.26") issue=Down (estimé) | PnL up=+0.00 down=+0.00 | taker=0 maker_fills=0 | PnL cumulé=+0.00
[2m2026-07-06T01:50:02.391857Z[0m [32m INFO[0m [2mpm_bot[0m[2m:[0m fenêtre active: btc-updown-5m-1783302600 [1783302600000 → 1783302900000]
[2m2026-07-06T01:50:02.391892Z[0m [32m INFO[0m [2mpm_bot[0m[2m:[0m strike gelé: Some(63553.41536051269) (confidence=1.000, gap=Some(0) ms)
[2m2026-07-06T01:50:02.950959Z[0m [32m INFO[0m [2mpm_acquisition::clob[0m[2m:[0m CLOB connecté (up=52596332…, down=32806154…)
[2m2026-07-06T01:51:25.596223Z[0m [32m INFO[0m [2mpm_bot[0m[2m:[0m résolution officielle btc-updown-5m-1783302300: Down — CONFIRME notre estimation ✓
[2m2026-07-06T01:51:25.596311Z[0m [32m INFO[0m [2mpm_acquisition::clob[0m[2m:[0m CLOB flux terminé (marché résolu/fermé)
[2m2026-07-06T01:53:37.622267Z[0m [33m WARN[0m [2mpm_acquisition::watchdog[0m[2m:[0m flux rtds stale (6186 ms de silence)
[2m2026-07-06T01:53:37.624590Z[0m [33m WARN[0m [2mpm_bot[0m[2m:[0m FEED STALE: rtds silencieux 6186 ms
[2m2026-07-06T01:53:39.112803Z[0m [33m WARN[0m [2mpm_acquisition::rtds[0m[2m:[0m RTDS silencieux 6469 ms → réabonnement
[2m2026-07-06T01:55:02.374401Z[0m [32m INFO[0m [2mpm_bot[0m[2m:[0m RÈGLEMENT btc-updown-5m-1783302600 | strike=Some("63553.42") issue=Down (estimé) | PnL up=+0.00 down=+0.00 | taker=0 maker_fills=0 | PnL cumulé=+0.00
[2m2026-07-06T01:55:02.374494Z[0m [32m INFO[0m [2mpm_bot[0m[2m:[0m fenêtre active: btc-updown-5m-1783302900 [1783302900000 → 1783303200000]
[2m2026-07-06T01:55:02.424722Z[0m [32m INFO[0m [2mpm_bot[0m[2m:[0m strike gelé: Some(63521.851404108704) (confidence=0.900, gap=Some(1000) ms)
[2m2026-07-06T01:55:02.783390Z[0m [32m INFO[0m [2mpm_acquisition::clob[0m[2m:[0m CLOB connecté (up=82617339…, down=10120875…)
[2m2026-07-06T01:56:24.680767Z[0m [32m INFO[0m [2mpm_bot[0m[2m:[0m résolution officielle btc-updown-5m-1783302600: Down — CONFIRME notre estimation ✓
[2m2026-07-06T01:56:24.680794Z[0m [32m INFO[0m [2mpm_acquisition::clob[0m[2m:[0m CLOB flux terminé (marché résolu/fermé)
[2m2026-07-06T02:00:02.410969Z[0m [32m INFO[0m [2mpm_bot[0m[2m:[0m RÈGLEMENT btc-updown-5m-1783302900 | strike=Some("63521.85") issue=Down (estimé) | PnL up=+0.00 down=+0.00 | taker=0 maker_fills=0 | PnL cumulé=+0.00
[2m2026-07-06T02:00:02.411059Z[0m [32m INFO[0m [2mpm_bot[0m[2m:[0m fenêtre active: btc-updown-5m-1783303200 [1783303200000 → 1783303500000]
[2m2026-07-06T02:00:02.411150Z[0m [32m INFO[0m [2mpm_bot[0m[2m:[0m strike gelé: Some(63511.677170244235) (confidence=1.000, gap=Some(0) ms)
[2m2026-07-06T02:00:02.792064Z[0m [32m INFO[0m [2mpm_acquisition::clob[0m[2m:[0m CLOB connecté (up=87872748…, down=12659747…)
[2m2026-07-06T02:02:37.351501Z[0m [32m INFO[0m [2mpm_bot[0m[2m:[0m résolution officielle btc-updown-5m-1783302900: Down — CONFIRME notre estimation ✓
[2m2026-07-06T02:02:37.351580Z[0m [32m INFO[0m [2mpm_acquisition::clob[0m[2m:[0m CLOB flux terminé (marché résolu/fermé)
[2m2026-07-06T02:05:02.447775Z[0m [32m INFO[0m [2mpm_bot[0m[2m:[0m RÈGLEMENT btc-updown-5m-1783303200 | strike=Some("63511.68") issue=Up (estimé) | PnL up=+0.00 down=+0.00 | taker=0 maker_fills=0 | PnL cumulé=+0.00
[2m2026-07-06T02:05:02.454156Z[0m [32m INFO[0m [2mpm_bot[0m[2m:[0m fenêtre active: btc-updown-5m-1783303500 [1783303500000 → 1783303800000]
[2m2026-07-06T02:05:02.454230Z[0m [32m INFO[0m [2mpm_bot[0m[2m:[0m strike gelé: Some(63567.23490516222) (confidence=1.000, gap=Some(0) ms)
[2m2026-07-06T02:05:02.743317Z[0m [32m INFO[0m [2mpm_acquisition::clob[0m[2m:[0m CLOB connecté (up=40303761…, down=30156318…)
[2m2026-07-06T02:06:25.700838Z[0m [32m INFO[0m [2mpm_bot[0m[2m:[0m résolution officielle btc-updown-5m-1783303200: Up — CONFIRME notre estimation ✓
[2m2026-07-06T02:06:25.700882Z[0m [32m INFO[0m [2mpm_acquisition::clob[0m[2m:[0m CLOB flux terminé (marché résolu/fermé)
[2m2026-07-06T02:10:02.542195Z[0m [32m INFO[0m [2mpm_bot[0m[2m:[0m RÈGLEMENT btc-updown-5m-1783303500 | strike=Some("63567.23") issue=Down (estimé) | PnL up=+0.00 down=+0.00 | taker=0 maker_fills=0 | PnL cumulé=+0.00
[2m2026-07-06T02:10:02.542289Z[0m [32m INFO[0m [2mpm_bot[0m[2m:[0m fenêtre active: btc-updown-5m-1783303800 [1783303800000 → 1783304100000]
[2m2026-07-06T02:10:02.542357Z[0m [32m INFO[0m [2mpm_bot[0m[2m:[0m strike gelé: Some(63412.987575646366) (confidence=1.000, gap=Some(0) ms)
[2m2026-07-06T02:10:02.996448Z[0m [32m INFO[0m [2mpm_acquisition::clob[0m[2m:[0m CLOB connecté (up=83034073…, down=25996850…)
[2m2026-07-06T02:10:47.043973Z[0m [33m WARN[0m [2mpm_acquisition::clob[0m[2m:[0m CLOB erreur: WebSocket protocol error: Connection reset without closing handshake: Connection reset without closing handshake
[2m2026-07-06T02:10:48.465460Z[0m [32m INFO[0m [2mpm_acquisition::clob[0m[2m:[0m CLOB connecté (up=83034073…, down=25996850…)
[2m2026-07-06T02:11:28.861591Z[0m [32m INFO[0m [2mpm_bot[0m[2m:[0m résolution officielle btc-updown-5m-1783303500: Down — CONFIRME notre estimation ✓
[2m2026-07-06T02:11:28.861621Z[0m [32m INFO[0m [2mpm_acquisition::clob[0m[2m:[0m CLOB flux terminé (marché résolu/fermé)
[2m2026-07-06T02:15:02.521537Z[0m [32m INFO[0m [2mpm_bot[0m[2m:[0m RÈGLEMENT btc-updown-5m-1783303800 | strike=Some("63412.99") issue=Down (estimé) | PnL up=+0.00 down=+0.00 | taker=0 maker_fills=0 | PnL cumulé=+0.00
[2m2026-07-06T02:15:02.521585Z[0m [32m INFO[0m [2mpm_bot[0m[2m:[0m fenêtre active: btc-updown-5m-1783304100 [1783304100000 → 1783304400000]
[2m2026-07-06T02:15:02.925203Z[0m [32m INFO[0m [2mpm_acquisition::clob[0m[2m:[0m CLOB connecté (up=56022750…, down=14255148…)
[2m2026-07-06T02:15:02.928669Z[0m [32m INFO[0m [2mpm_bot[0m[2m:[0m strike gelé: Some(63392.10572634854) (confidence=0.800, gap=Some(2000) ms)
[2m2026-07-06T02:16:28.054845Z[0m [32m INFO[0m [2mpm_bot[0m[2m:[0m résolution officielle btc-updown-5m-1783303800: Down — CONFIRME notre estimation ✓
[2m2026-07-06T02:16:28.054940Z[0m [32m INFO[0m [2mpm_acquisition::clob[0m[2m:[0m CLOB flux terminé (marché résolu/fermé)
[2m2026-07-06T02:20:02.558281Z[0m [32m INFO[0m [2mpm_bot[0m[2m:[0m RÈGLEMENT btc-updown-5m-1783304100 | strike=Some("63392.11") issue=Up (estimé) | PnL up=+0.00 down=+0.00 | taker=0 maker_fills=0 | PnL cumulé=+0.00
[2m2026-07-06T02:20:02.558337Z[0m [32m INFO[0m [2mpm_bot[0m[2m:[0m fenêtre active: btc-updown-5m-1783304400 [1783304400000 → 1783304700000]
[2m2026-07-06T02:20:02.865514Z[0m [32m INFO[0m [2mpm_acquisition::clob[0m[2m:[0m CLOB connecté (up=51402863…, down=95794096…)
[2m2026-07-06T02:20:03.781765Z[0m [32m INFO[0m [2mpm_bot[0m[2m:[0m strike gelé: Some(63432.48576048129) (confidence=1.000, gap=Some(0) ms)
[2m2026-07-06T02:21:32.501900Z[0m [32m INFO[0m [2mpm_acquisition::clob[0m[2m:[0m CLOB flux terminé (marché résolu/fermé)
[2m2026-07-06T02:21:32.501895Z[0m [32m INFO[0m [2mpm_bot[0m[2m:[0m résolution officielle btc-updown-5m-1783304100: Up — CONFIRME notre estimation ✓
[2m2026-07-06T02:25:02.595379Z[0m [32m INFO[0m [2mpm_bot[0m[2m:[0m RÈGLEMENT btc-updown-5m-1783304400 | strike=Some("63432.49") issue=Up (estimé) | PnL up=+0.00 down=+0.00 | taker=0 maker_fills=0 | PnL cumulé=+0.00
[2m2026-07-06T02:25:02.595449Z[0m [32m INFO[0m [2mpm_bot[0m[2m:[0m fenêtre active: btc-updown-5m-1783304700 [1783304700000 → 1783305000000]
[2m2026-07-06T02:25:02.595534Z[0m [32m INFO[0m [2mpm_bot[0m[2m:[0m strike gelé: Some(63550.51944530406) (confidence=1.000, gap=Some(0) ms)
[2m2026-07-06T02:25:02.875300Z[0m [32m INFO[0m [2mpm_acquisition::clob[0m[2m:[0m CLOB connecté (up=57605955…, down=27595766…)
[2m2026-07-06T02:26:34.682511Z[0m [32m INFO[0m [2mpm_bot[0m[2m:[0m résolution officielle btc-updown-5m-1783304400: Up — CONFIRME notre estimation ✓
[2m2026-07-06T02:26:34.682564Z[0m [32m INFO[0m [2mpm_acquisition::clob[0m[2m:[0m CLOB flux terminé (marché résolu/fermé)
[2m2026-07-06T02:27:01.622007Z[0m [33m WARN[0m [2mpm_acquisition::watchdog[0m[2m:[0m flux rtds stale (6244 ms de silence)
[2m2026-07-06T02:27:01.622197Z[0m [33m WARN[0m [2mpm_bot[0m[2m:[0m FEED STALE: rtds silencieux 6244 ms
[2m2026-07-06T02:27:03.112357Z[0m [33m WARN[0m [2mpm_acquisition::rtds[0m[2m:[0m RTDS silencieux 6134 ms → réabonnement
[2m2026-07-06T02:30:02.231065Z[0m [32m INFO[0m [2mpm_bot[0m[2m:[0m RÈGLEMENT btc-updown-5m-1783304700 | strike=Some("63550.52") issue=Down (estimé) | PnL up=+0.00 down=+0.00 | taker=0 maker_fills=0 | PnL cumulé=+0.00
[2m2026-07-06T02:30:02.231121Z[0m [32m INFO[0m [2mpm_bot[0m[2m:[0m fenêtre active: btc-updown-5m-1783305000 [1783305000000 → 1783305300000]
[2m2026-07-06T02:30:02.231159Z[0m [32m INFO[0m [2mpm_bot[0m[2m:[0m strike gelé: Some(63464.9104647475) (confidence=1.000, gap=Some(0) ms)
[2m2026-07-06T02:30:02.734118Z[0m [32m INFO[0m [2mpm_acquisition::clob[0m[2m:[0m CLOB connecté (up=38686307…, down=93807475…)
[2m2026-07-06T02:31:29.391367Z[0m [32m INFO[0m [2mpm_bot[0m[2m:[0m résolution officielle btc-updown-5m-1783304700: Down — CONFIRME notre estimation ✓
[2m2026-07-06T02:31:29.391632Z[0m [32m INFO[0m [2mpm_acquisition::clob[0m[2m:[0m CLOB flux terminé (marché résolu/fermé)
