[2m2026-07-05T04:43:41.145850Z[0m [32m INFO[0m [2mpm_bot[0m[2m:[0m pm-bot démarre (PAPER mode) — archives: /home/user/rustfactor/polymarket-btc5m-bot/data_v2/camp_20260705T044341
[2m2026-07-05T04:43:41.149709Z[0m [32m INFO[0m [2mpm_bot[0m[2m:[0m aucun fichier de config (./config.toml) — défauts calibrés
[2m2026-07-05T04:43:41.149806Z[0m [32m INFO[0m [2mpm_bot[0m[2m:[0m [config] [taker]
[2m2026-07-05T04:43:41.149809Z[0m [32m INFO[0m [2mpm_bot[0m[2m:[0m [config] min_edge = 0.06
[2m2026-07-05T04:43:41.149810Z[0m [32m INFO[0m [2mpm_bot[0m[2m:[0m [config] min_abs_z = 2.5
[2m2026-07-05T04:43:41.149812Z[0m [32m INFO[0m [2mpm_bot[0m[2m:[0m [config] min_strike_confidence = 0.8
[2m2026-07-05T04:43:41.149813Z[0m [32m INFO[0m [2mpm_bot[0m[2m:[0m [config] max_spot_age_ms = 3000
[2m2026-07-05T04:43:41.149815Z[0m [32m INFO[0m [2mpm_bot[0m[2m:[0m [config] min_elapsed_s = 10.0
[2m2026-07-05T04:43:41.149816Z[0m [32m INFO[0m [2mpm_bot[0m[2m:[0m [config] min_tau_s = 3.0
[2m2026-07-05T04:43:41.149817Z[0m [32m INFO[0m [2mpm_bot[0m[2m:[0m [config] cost_buffer = 0.01
[2m2026-07-05T04:43:41.149818Z[0m [32m INFO[0m [2mpm_bot[0m[2m:[0m [config] kelly_fraction = 0.25
[2m2026-07-05T04:43:41.149820Z[0m [32m INFO[0m [2mpm_bot[0m[2m:[0m [config] bankroll = 1000.0
[2m2026-07-05T04:43:41.149821Z[0m [32m INFO[0m [2mpm_bot[0m[2m:[0m [config] max_notional = 250.0
[2m2026-07-05T04:43:41.149822Z[0m [32m INFO[0m [2mpm_bot[0m[2m:[0m [config] max_slippage = 0.02
[2m2026-07-05T04:43:41.149823Z[0m [32m INFO[0m [2mpm_bot[0m[2m:[0m [config] max_entry_price = 0.75
[2m2026-07-05T04:43:41.149824Z[0m [32m INFO[0m [2mpm_bot[0m[2m:[0m [config] 
[2m2026-07-05T04:43:41.149825Z[0m [32m INFO[0m [2mpm_bot[0m[2m:[0m [config] [maker]
[2m2026-07-05T04:43:41.149827Z[0m [32m INFO[0m [2mpm_bot[0m[2m:[0m [config] min_quote_price = 0.15
[2m2026-07-05T04:43:41.149828Z[0m [32m INFO[0m [2mpm_bot[0m[2m:[0m [config] max_quote_price = 0.85
[2m2026-07-05T04:43:41.149829Z[0m [32m INFO[0m [2mpm_bot[0m[2m:[0m [config] edge_margin = 0.03
[2m2026-07-05T04:43:41.149830Z[0m [32m INFO[0m [2mpm_bot[0m[2m:[0m [config] take_profit = 0.08
[2m2026-07-05T04:43:41.149831Z[0m [32m INFO[0m [2mpm_bot[0m[2m:[0m [config] stop_loss = 0.1
[2m2026-07-05T04:43:41.149832Z[0m [32m INFO[0m [2mpm_bot[0m[2m:[0m [config] quote_size = 50.0
[2m2026-07-05T04:43:41.149833Z[0m [32m INFO[0m [2mpm_bot[0m[2m:[0m [config] max_inventory = 150.0
[2m2026-07-05T04:43:41.149835Z[0m [32m INFO[0m [2mpm_bot[0m[2m:[0m [config] min_tau_open_s = 60.0
[2m2026-07-05T04:43:41.149836Z[0m [32m INFO[0m [2mpm_bot[0m[2m:[0m [config] min_tau_flat_s = 25.0
[2m2026-07-05T04:43:41.149837Z[0m [32m INFO[0m [2mpm_bot[0m[2m:[0m [config] max_abs_z_quote = 2.5
[2m2026-07-05T04:43:41.149838Z[0m [32m INFO[0m [2mpm_bot[0m[2m:[0m [config] sigma_panic_per_sqrt_s = 0.0005
[2m2026-07-05T04:43:41.149839Z[0m [32m INFO[0m [2mpm_bot[0m[2m:[0m [config] min_strike_confidence = 0.8
[2m2026-07-05T04:43:41.149841Z[0m [32m INFO[0m [2mpm_bot[0m[2m:[0m [config] max_spot_age_ms = 3000
[2m2026-07-05T04:43:41.149842Z[0m [32m INFO[0m [2mpm_bot[0m[2m:[0m [config] 
[2m2026-07-05T04:43:41.149843Z[0m [32m INFO[0m [2mpm_bot[0m[2m:[0m [config] [modele]
[2m2026-07-05T04:43:41.149844Z[0m [32m INFO[0m [2mpm_bot[0m[2m:[0m [config] sigma_floor_per_sqrt_s = 0.00005
[2m2026-07-05T04:43:41.149845Z[0m [32m INFO[0m [2mpm_bot[0m[2m:[0m [config] tau_floor_s = 1.0
[2m2026-07-05T04:43:41.149846Z[0m [32m INFO[0m [2mpm_bot[0m[2m:[0m [config] drift_snr_min = 0.25
[2m2026-07-05T04:43:41.149848Z[0m [32m INFO[0m [2mpm_bot[0m[2m:[0m [config] max_drift_z = 2.0
[2m2026-07-05T04:43:41.149849Z[0m [32m INFO[0m [2mpm_bot[0m[2m:[0m [config] 
[2m2026-07-05T04:43:41.149850Z[0m [32m INFO[0m [2mpm_bot[0m[2m:[0m [config] [volatilite]
[2m2026-07-05T04:43:41.149851Z[0m [32m INFO[0m [2mpm_bot[0m[2m:[0m [config] ewma_half_life_s = 60.0
[2m2026-07-05T04:43:41.149858Z[0m [32m INFO[0m [2mpm_bot[0m[2m:[0m [config] retention_s = 1800
[2m2026-07-05T04:43:41.149859Z[0m [32m INFO[0m [2mpm_bot[0m[2m:[0m [config] min_dt_ms = 10
[2m2026-07-05T04:43:41.149861Z[0m [32m INFO[0m [2mpm_bot[0m[2m:[0m [config] 
[2m2026-07-05T04:43:41.149862Z[0m [32m INFO[0m [2mpm_bot[0m[2m:[0m [config] [moteur]
[2m2026-07-05T04:43:41.149863Z[0m [32m INFO[0m [2mpm_bot[0m[2m:[0m [config] decision_step_ms = 250
[2m2026-07-05T04:43:41.149864Z[0m [32m INFO[0m [2mpm_bot[0m[2m:[0m [config] watchdog_stale_ms = 6000
[2m2026-07-05T04:43:41.149865Z[0m [32m INFO[0m [2mpm_bot[0m[2m:[0m [config] clob_grace_s = 180
[2m2026-07-05T04:43:41.149866Z[0m [32m INFO[0m [2mpm_bot[0m[2m:[0m [config] gamma_lookahead = 5
[2m2026-07-05T04:43:41.149868Z[0m [32m INFO[0m [2mpm_bot[0m[2m:[0m [config] retention_ticks_s = 2400
[2m2026-07-05T04:43:41.615329Z[0m [32m INFO[0m [2mpm_bot[0m[2m:[0m fenêtre active: btc-updown-5m-1783226400 [1783226400000 → 1783226700000]
[2m2026-07-05T04:43:41.859995Z[0m [32m INFO[0m [2mpm_acquisition::rtds[0m[2m:[0m RTDS connecté
[2m2026-07-05T04:43:42.216829Z[0m [32m INFO[0m [2mpm_acquisition::clob[0m[2m:[0m CLOB connecté (up=50027861…, down=34343605…)
[2m2026-07-05T04:43:43.136802Z[0m [32m INFO[0m [2mpm_bot[0m[2m:[0m strike gelé: Some(62894.16669013252) (confidence=0.000, gap=Some(222000) ms)
[2m2026-07-05T04:45:02.056594Z[0m [32m INFO[0m [2mpm_bot[0m[2m:[0m RÈGLEMENT btc-updown-5m-1783226400 | strike=Some("62894.17") issue=Down (estimé) | PnL up=+0.00 down=+0.00 | taker=0 maker_fills=0 | PnL cumulé=+0.00
[2m2026-07-05T04:45:02.056625Z[0m [32m INFO[0m [2mpm_bot[0m[2m:[0m fenêtre active: btc-updown-5m-1783226700 [1783226700000 → 1783227000000]
[2m2026-07-05T04:45:02.056645Z[0m [32m INFO[0m [2mpm_bot[0m[2m:[0m strike gelé: Some(62884.54996159024) (confidence=1.000, gap=Some(0) ms)
[2m2026-07-05T04:45:02.653392Z[0m [32m INFO[0m [2mpm_acquisition::clob[0m[2m:[0m CLOB connecté (up=15989037…, down=52026733…)
[2m2026-07-05T04:47:02.328253Z[0m [31mERROR[0m [2mpm_bot[0m[2m:[0m résolution officielle btc-updown-5m-1783226400: Up — CONTREDIT notre estimation ✗ (à investiguer)
[2m2026-07-05T04:47:02.328321Z[0m [32m INFO[0m [2mpm_acquisition::clob[0m[2m:[0m CLOB flux terminé (marché résolu/fermé)
[2m2026-07-05T04:50:02.419183Z[0m [32m INFO[0m [2mpm_bot[0m[2m:[0m RÈGLEMENT btc-updown-5m-1783226700 | strike=Some("62884.55") issue=Down (estimé) | PnL up=+0.00 down=+0.00 | taker=0 maker_fills=0 | PnL cumulé=+0.00
[2m2026-07-05T04:50:02.419215Z[0m [32m INFO[0m [2mpm_bot[0m[2m:[0m fenêtre active: btc-updown-5m-1783227000 [1783227000000 → 1783227300000]
[2m2026-07-05T04:50:02.419235Z[0m [32m INFO[0m [2mpm_bot[0m[2m:[0m strike gelé: Some(62808.44418764358) (confidence=1.000, gap=Some(0) ms)
[2m2026-07-05T04:50:03.018481Z[0m [32m INFO[0m [2mpm_acquisition::clob[0m[2m:[0m CLOB connecté (up=29887028…, down=47492354…)
[2m2026-07-05T04:52:30.565861Z[0m [32m INFO[0m [2mpm_bot[0m[2m:[0m résolution officielle btc-updown-5m-1783226700: Down — CONFIRME notre estimation ✓
[2m2026-07-05T04:52:30.565953Z[0m [32m INFO[0m [2mpm_acquisition::clob[0m[2m:[0m CLOB flux terminé (marché résolu/fermé)
[2m2026-07-05T04:55:02.479163Z[0m [32m INFO[0m [2mpm_bot[0m[2m:[0m RÈGLEMENT btc-updown-5m-1783227000 | strike=Some("62808.44") issue=Down (estimé) | PnL up=+0.00 down=+0.00 | taker=0 maker_fills=0 | PnL cumulé=+0.00
[2m2026-07-05T04:55:02.479198Z[0m [32m INFO[0m [2mpm_bot[0m[2m:[0m fenêtre active: btc-updown-5m-1783227300 [1783227300000 → 1783227600000]
[2m2026-07-05T04:55:02.479222Z[0m [32m INFO[0m [2mpm_bot[0m[2m:[0m strike gelé: Some(62760.83446495118) (confidence=1.000, gap=Some(0) ms)
[2m2026-07-05T04:55:03.068701Z[0m [32m INFO[0m [2mpm_acquisition::clob[0m[2m:[0m CLOB connecté (up=79502152…, down=63750357…)
[2m2026-07-05T04:56:30.467481Z[0m [32m INFO[0m [2mpm_bot[0m[2m:[0m résolution officielle btc-updown-5m-1783227000: Down — CONFIRME notre estimation ✓
[2m2026-07-05T04:56:30.467552Z[0m [32m INFO[0m [2mpm_acquisition::clob[0m[2m:[0m CLOB flux terminé (marché résolu/fermé)
[2m2026-07-05T05:00:02.423737Z[0m [32m INFO[0m [2mpm_bot[0m[2m:[0m RÈGLEMENT btc-updown-5m-1783227300 | strike=Some("62760.83") issue=Up (estimé) | PnL up=+0.00 down=+0.00 | taker=0 maker_fills=0 | PnL cumulé=+0.00
[2m2026-07-05T05:00:02.423767Z[0m [32m INFO[0m [2mpm_bot[0m[2m:[0m fenêtre active: btc-updown-5m-1783227600 [1783227600000 → 1783227900000]
[2m2026-07-05T05:00:02.423791Z[0m [32m INFO[0m [2mpm_bot[0m[2m:[0m strike gelé: Some(62762.64512071224) (confidence=1.000, gap=Some(0) ms)
[2m2026-07-05T05:00:03.026716Z[0m [32m INFO[0m [2mpm_acquisition::clob[0m[2m:[0m CLOB connecté (up=11089779…, down=12091279…)
[2m2026-07-05T05:01:36.753716Z[0m [32m INFO[0m [2mpm_bot[0m[2m:[0m résolution officielle btc-updown-5m-1783227300: Up — CONFIRME notre estimation ✓
[2m2026-07-05T05:01:36.753864Z[0m [32m INFO[0m [2mpm_acquisition::clob[0m[2m:[0m CLOB flux terminé (marché résolu/fermé)
[2m2026-07-05T05:05:02.402595Z[0m [32m INFO[0m [2mpm_bot[0m[2m:[0m RÈGLEMENT btc-updown-5m-1783227600 | strike=Some("62762.65") issue=Down (estimé) | PnL up=+0.00 down=+0.00 | taker=0 maker_fills=0 | PnL cumulé=+0.00
[2m2026-07-05T05:05:02.402630Z[0m [32m INFO[0m [2mpm_bot[0m[2m:[0m fenêtre active: btc-updown-5m-1783227900 [1783227900000 → 1783228200000]
[2m2026-07-05T05:05:02.402715Z[0m [32m INFO[0m [2mpm_bot[0m[2m:[0m strike gelé: Some(62723.94716596025) (confidence=1.000, gap=Some(0) ms)
[2m2026-07-05T05:05:03.039246Z[0m [32m INFO[0m [2mpm_acquisition::clob[0m[2m:[0m CLOB connecté (up=11497552…, down=26025383…)
[2m2026-07-05T05:07:00.905723Z[0m [32m INFO[0m [2mpm_bot[0m[2m:[0m résolution officielle btc-updown-5m-1783227600: Down — CONFIRME notre estimation ✓
[2m2026-07-05T05:07:00.905888Z[0m [32m INFO[0m [2mpm_acquisition::clob[0m[2m:[0m CLOB flux terminé (marché résolu/fermé)
[2m2026-07-05T05:10:02.389223Z[0m [32m INFO[0m [2mpm_bot[0m[2m:[0m RÈGLEMENT btc-updown-5m-1783227900 | strike=Some("62723.95") issue=Down (estimé) | PnL up=+0.00 down=+0.00 | taker=0 maker_fills=0 | PnL cumulé=+0.00
[2m2026-07-05T05:10:02.389258Z[0m [32m INFO[0m [2mpm_bot[0m[2m:[0m fenêtre active: btc-updown-5m-1783228200 [1783228200000 → 1783228500000]
[2m2026-07-05T05:10:02.389351Z[0m [32m INFO[0m [2mpm_bot[0m[2m:[0m strike gelé: Some(62701.684981758226) (confidence=1.000, gap=Some(0) ms)
[2m2026-07-05T05:10:03.000411Z[0m [32m INFO[0m [2mpm_acquisition::clob[0m[2m:[0m CLOB connecté (up=50194865…, down=40069152…)
[2m2026-07-05T05:12:04.372918Z[0m [32m INFO[0m [2mpm_bot[0m[2m:[0m résolution officielle btc-updown-5m-1783227900: Down — CONFIRME notre estimation ✓
[2m2026-07-05T05:12:04.373050Z[0m [32m INFO[0m [2mpm_acquisition::clob[0m[2m:[0m CLOB flux terminé (marché résolu/fermé)
[2m2026-07-05T05:15:02.439829Z[0m [32m INFO[0m [2mpm_bot[0m[2m:[0m RÈGLEMENT btc-updown-5m-1783228200 | strike=Some("62701.68") issue=Down (estimé) | PnL up=+0.00 down=+0.00 | taker=0 maker_fills=0 | PnL cumulé=+0.00
[2m2026-07-05T05:15:02.439862Z[0m [32m INFO[0m [2mpm_bot[0m[2m:[0m fenêtre active: btc-updown-5m-1783228500 [1783228500000 → 1783228800000]
[2m2026-07-05T05:15:02.439894Z[0m [32m INFO[0m [2mpm_bot[0m[2m:[0m strike gelé: Some(62695.983396319054) (confidence=1.000, gap=Some(0) ms)
[2m2026-07-05T05:15:03.078618Z[0m [32m INFO[0m [2mpm_acquisition::clob[0m[2m:[0m CLOB connecté (up=97284739…, down=46756824…)
[2m2026-07-05T05:16:31.226921Z[0m [32m INFO[0m [2mpm_bot[0m[2m:[0m résolution officielle btc-updown-5m-1783228200: Down — CONFIRME notre estimation ✓
[2m2026-07-05T05:16:31.226975Z[0m [32m INFO[0m [2mpm_acquisition::clob[0m[2m:[0m CLOB flux terminé (marché résolu/fermé)
[2m2026-07-05T05:20:02.397545Z[0m [32m INFO[0m [2mpm_bot[0m[2m:[0m RÈGLEMENT btc-updown-5m-1783228500 | strike=Some("62695.98") issue=Up (estimé) | PnL up=+0.00 down=+0.00 | taker=0 maker_fills=0 | PnL cumulé=+0.00
[2m2026-07-05T05:20:02.397587Z[0m [32m INFO[0m [2mpm_bot[0m[2m:[0m fenêtre active: btc-updown-5m-1783228800 [1783228800000 → 1783229100000]
[2m2026-07-05T05:20:02.397636Z[0m [32m INFO[0m [2mpm_bot[0m[2m:[0m strike gelé: Some(62726.33268267602) (confidence=1.000, gap=Some(0) ms)
[2m2026-07-05T05:20:03.066091Z[0m [32m INFO[0m [2mpm_acquisition::clob[0m[2m:[0m CLOB connecté (up=90964265…, down=94208828…)
[2m2026-07-05T05:21:34.181186Z[0m [32m INFO[0m [2mpm_bot[0m[2m:[0m résolution officielle btc-updown-5m-1783228500: Up — CONFIRME notre estimation ✓
[2m2026-07-05T05:21:34.181232Z[0m [32m INFO[0m [2mpm_acquisition::clob[0m[2m:[0m CLOB flux terminé (marché résolu/fermé)
[2m2026-07-05T05:25:02.447633Z[0m [32m INFO[0m [2mpm_bot[0m[2m:[0m RÈGLEMENT btc-updown-5m-1783228800 | strike=Some("62726.33") issue=Down (estimé) | PnL up=+0.00 down=+0.00 | taker=0 maker_fills=0 | PnL cumulé=+0.00
[2m2026-07-05T05:25:02.447669Z[0m [32m INFO[0m [2mpm_bot[0m[2m:[0m fenêtre active: btc-updown-5m-1783229100 [1783229100000 → 1783229400000]
[2m2026-07-05T05:25:02.447704Z[0m [32m INFO[0m [2mpm_bot[0m[2m:[0m strike gelé: Some(62691.24137) (confidence=1.000, gap=Some(0) ms)
[2m2026-07-05T05:25:03.042788Z[0m [32m INFO[0m [2mpm_acquisition::clob[0m[2m:[0m CLOB connecté (up=77112892…, down=83858596…)
[2m2026-07-05T05:26:31.081220Z[0m [32m INFO[0m [2mpm_bot[0m[2m:[0m résolution officielle btc-updown-5m-1783228800: Down — CONFIRME notre estimation ✓
[2m2026-07-05T05:26:31.081286Z[0m [32m INFO[0m [2mpm_acquisition::clob[0m[2m:[0m CLOB flux terminé (marché résolu/fermé)
[2m2026-07-05T05:28:28.650958Z[0m [33m WARN[0m [2mpm_acquisition::watchdog[0m[2m:[0m flux rtds stale (6079 ms de silence)
[2m2026-07-05T05:28:28.651027Z[0m [33m WARN[0m [2mpm_bot[0m[2m:[0m FEED STALE: rtds silencieux 6079 ms
[2m2026-07-05T05:28:28.860854Z[0m [33m WARN[0m [2mpm_acquisition::rtds[0m[2m:[0m RTDS silencieux 6289 ms → réabonnement
[2m2026-07-05T05:30:02.419095Z[0m [32m INFO[0m [2mpm_bot[0m[2m:[0m RÈGLEMENT btc-updown-5m-1783229100 | strike=Some("62691.24") issue=Up (estimé) | PnL up=+0.00 down=+0.00 | taker=0 maker_fills=0 | PnL cumulé=+0.00
[2m2026-07-05T05:30:02.419127Z[0m [32m INFO[0m [2mpm_bot[0m[2m:[0m fenêtre active: btc-updown-5m-1783229400 [1783229400000 → 1783229700000]
[2m2026-07-05T05:30:02.419157Z[0m [32m INFO[0m [2mpm_bot[0m[2m:[0m strike gelé: Some(62698.7141217467) (confidence=1.000, gap=Some(0) ms)
[2m2026-07-05T05:30:03.047216Z[0m [32m INFO[0m [2mpm_acquisition::clob[0m[2m:[0m CLOB connecté (up=42261851…, down=18781032…)
[2m2026-07-05T05:31:34.347086Z[0m [32m INFO[0m [2mpm_bot[0m[2m:[0m résolution officielle btc-updown-5m-1783229100: Up — CONFIRME notre estimation ✓
[2m2026-07-05T05:31:34.347171Z[0m [32m INFO[0m [2mpm_acquisition::clob[0m[2m:[0m CLOB flux terminé (marché résolu/fermé)
