[2m2026-07-05T00:04:56.873101Z[0m [32m INFO[0m [2mpm_bot[0m[2m:[0m pm-bot démarre (PAPER mode) — archives: /home/user/rustfactor/polymarket-btc5m-bot/data_v2/camp_20260705T000456
[2m2026-07-05T00:04:56.877630Z[0m [32m INFO[0m [2mpm_bot[0m[2m:[0m taker cfg: max_entry=0.75 min_z=2.50 kelly=0.25
[2m2026-07-05T00:04:57.269231Z[0m [32m INFO[0m [2mpm_bot[0m[2m:[0m fenêtre active: btc-updown-5m-1783209600 [1783209600000 → 1783209900000]
[2m2026-07-05T00:04:57.599570Z[0m [32m INFO[0m [2mpm_acquisition::rtds[0m[2m:[0m RTDS connecté
[2m2026-07-05T00:04:57.842926Z[0m [32m INFO[0m [2mpm_acquisition::clob[0m[2m:[0m CLOB connecté (up=30038168…, down=57065121…)
[2m2026-07-05T00:04:59.343612Z[0m [32m INFO[0m [2mpm_bot[0m[2m:[0m strike gelé: Some(63023.83848159875) (confidence=0.000, gap=Some(298000) ms)
[2m2026-07-05T00:05:02.062195Z[0m [32m INFO[0m [2mpm_bot[0m[2m:[0m RÈGLEMENT btc-updown-5m-1783209600 | strike=Some("63023.84") issue=Down (estimé) | PnL up=+0.00 down=+0.00 | taker=0 maker_fills=0 | PnL cumulé=+0.00
[2m2026-07-05T00:05:02.062221Z[0m [32m INFO[0m [2mpm_bot[0m[2m:[0m fenêtre active: btc-updown-5m-1783209900 [1783209900000 → 1783210200000]
[2m2026-07-05T00:05:02.062231Z[0m [32m INFO[0m [2mpm_bot[0m[2m:[0m strike gelé: Some(63015.39552003566) (confidence=1.000, gap=Some(0) ms)
[2m2026-07-05T00:05:02.685224Z[0m [32m INFO[0m [2mpm_acquisition::clob[0m[2m:[0m CLOB connecté (up=11219672…, down=67256575…)
[2m2026-07-05T00:06:21.019638Z[0m [32m INFO[0m [2mpm_bot[0m[2m:[0m résolution officielle btc-updown-5m-1783209600: Down — CONFIRME notre estimation ✓
[2m2026-07-05T00:06:21.019705Z[0m [32m INFO[0m [2mpm_acquisition::clob[0m[2m:[0m CLOB flux terminé (marché résolu/fermé)
[2m2026-07-05T00:10:02.383631Z[0m [32m INFO[0m [2mpm_bot[0m[2m:[0m RÈGLEMENT btc-updown-5m-1783209900 | strike=Some("63015.40") issue=Down (estimé) | PnL up=+0.00 down=+0.00 | taker=0 maker_fills=0 | PnL cumulé=+0.00
[2m2026-07-05T00:10:02.383668Z[0m [32m INFO[0m [2mpm_bot[0m[2m:[0m fenêtre active: btc-updown-5m-1783210200 [1783210200000 → 1783210500000]
[2m2026-07-05T00:10:02.383753Z[0m [32m INFO[0m [2mpm_bot[0m[2m:[0m strike gelé: Some(62979.545735) (confidence=1.000, gap=Some(0) ms)
[2m2026-07-05T00:10:02.955905Z[0m [32m INFO[0m [2mpm_acquisition::clob[0m[2m:[0m CLOB connecté (up=81104015…, down=65900093…)
[2m2026-07-05T00:12:00.496475Z[0m [32m INFO[0m [2mpm_bot[0m[2m:[0m résolution officielle btc-updown-5m-1783209900: Down — CONFIRME notre estimation ✓
[2m2026-07-05T00:12:00.496532Z[0m [32m INFO[0m [2mpm_acquisition::clob[0m[2m:[0m CLOB flux terminé (marché résolu/fermé)
[2m2026-07-05T00:15:02.410440Z[0m [32m INFO[0m [2mpm_bot[0m[2m:[0m RÈGLEMENT btc-updown-5m-1783210200 | strike=Some("62979.55") issue=Up (estimé) | PnL up=+0.00 down=+0.00 | taker=0 maker_fills=0 | PnL cumulé=+0.00
[2m2026-07-05T00:15:02.410472Z[0m [32m INFO[0m [2mpm_bot[0m[2m:[0m fenêtre active: btc-updown-5m-1783210500 [1783210500000 → 1783210800000]
[2m2026-07-05T00:15:02.410496Z[0m [32m INFO[0m [2mpm_bot[0m[2m:[0m strike gelé: Some(63001.39139399897) (confidence=1.000, gap=Some(0) ms)
[2m2026-07-05T00:15:02.991790Z[0m [32m INFO[0m [2mpm_acquisition::clob[0m[2m:[0m CLOB connecté (up=49332298…, down=75620788…)
[2m2026-07-05T00:16:30.931401Z[0m [32m INFO[0m [2mpm_bot[0m[2m:[0m résolution officielle btc-updown-5m-1783210200: Up — CONFIRME notre estimation ✓
[2m2026-07-05T00:16:30.931483Z[0m [32m INFO[0m [2mpm_acquisition::clob[0m[2m:[0m CLOB flux terminé (marché résolu/fermé)
[2m2026-07-05T00:20:02.406391Z[0m [32m INFO[0m [2mpm_bot[0m[2m:[0m RÈGLEMENT btc-updown-5m-1783210500 | strike=Some("63001.39") issue=Down (estimé) | PnL up=+0.00 down=+0.00 | taker=0 maker_fills=0 | PnL cumulé=+0.00
[2m2026-07-05T00:20:02.406423Z[0m [32m INFO[0m [2mpm_bot[0m[2m:[0m fenêtre active: btc-updown-5m-1783210800 [1783210800000 → 1783211100000]
[2m2026-07-05T00:20:02.406461Z[0m [32m INFO[0m [2mpm_bot[0m[2m:[0m strike gelé: Some(62985.520056018344) (confidence=1.000, gap=Some(0) ms)
[2m2026-07-05T00:20:03.027874Z[0m [32m INFO[0m [2mpm_acquisition::clob[0m[2m:[0m CLOB connecté (up=10282863…, down=12213354…)
[2m2026-07-05T00:21:44.378770Z[0m [33m WARN[0m [2mpm_acquisition::watchdog[0m[2m:[0m flux rtds stale (6177 ms de silence)
[2m2026-07-05T00:21:44.378840Z[0m [33m WARN[0m [2mpm_bot[0m[2m:[0m FEED STALE: rtds silencieux 6177 ms
[2m2026-07-05T00:21:44.600168Z[0m [33m WARN[0m [2mpm_acquisition::rtds[0m[2m:[0m RTDS silencieux 5549 ms → réabonnement
[2m2026-07-05T00:23:39.668595Z[0m [32m INFO[0m [2mpm_bot[0m[2m:[0m résolution officielle btc-updown-5m-1783210500: Down — CONFIRME notre estimation ✓
[2m2026-07-05T00:23:39.668632Z[0m [32m INFO[0m [2mpm_acquisition::clob[0m[2m:[0m CLOB flux terminé (marché résolu/fermé)
[2m2026-07-05T00:25:02.422223Z[0m [32m INFO[0m [2mpm_bot[0m[2m:[0m RÈGLEMENT btc-updown-5m-1783210800 | strike=Some("62985.52") issue=Down (estimé) | PnL up=+0.00 down=+0.00 | taker=0 maker_fills=0 | PnL cumulé=+0.00
[2m2026-07-05T00:25:02.422254Z[0m [32m INFO[0m [2mpm_bot[0m[2m:[0m fenêtre active: btc-updown-5m-1783211100 [1783211100000 → 1783211400000]
[2m2026-07-05T00:25:02.422298Z[0m [32m INFO[0m [2mpm_bot[0m[2m:[0m strike gelé: Some(62965.12518980447) (confidence=1.000, gap=Some(0) ms)
[2m2026-07-05T00:25:03.019080Z[0m [32m INFO[0m [2mpm_acquisition::clob[0m[2m:[0m CLOB connecté (up=21712996…, down=85089684…)
[2m2026-07-05T00:27:05.845886Z[0m [32m INFO[0m [2mpm_bot[0m[2m:[0m résolution officielle btc-updown-5m-1783210800: Down — CONFIRME notre estimation ✓
[2m2026-07-05T00:27:05.846035Z[0m [32m INFO[0m [2mpm_acquisition::clob[0m[2m:[0m CLOB flux terminé (marché résolu/fermé)
[2m2026-07-05T00:30:02.395691Z[0m [32m INFO[0m [2mpm_bot[0m[2m:[0m RÈGLEMENT btc-updown-5m-1783211100 | strike=Some("62965.13") issue=Up (estimé) | PnL up=+0.00 down=+0.00 | taker=0 maker_fills=0 | PnL cumulé=+0.00
[2m2026-07-05T00:30:02.395772Z[0m [32m INFO[0m [2mpm_bot[0m[2m:[0m fenêtre active: btc-updown-5m-1783211400 [1783211400000 → 1783211700000]
[2m2026-07-05T00:30:02.395806Z[0m [32m INFO[0m [2mpm_bot[0m[2m:[0m strike gelé: Some(62994.38651879604) (confidence=1.000, gap=Some(0) ms)
[2m2026-07-05T00:30:02.955235Z[0m [32m INFO[0m [2mpm_acquisition::clob[0m[2m:[0m CLOB connecté (up=28099750…, down=87916825…)
[2m2026-07-05T00:31:33.334715Z[0m [32m INFO[0m [2mpm_bot[0m[2m:[0m résolution officielle btc-updown-5m-1783211100: Up — CONFIRME notre estimation ✓
[2m2026-07-05T00:31:33.334804Z[0m [32m INFO[0m [2mpm_acquisition::clob[0m[2m:[0m CLOB flux terminé (marché résolu/fermé)
