[2m2026-07-06T00:04:07.922216Z[0m [32m INFO[0m [2mpm_bot[0m[2m:[0m pm-bot démarre (PAPER mode) — archives: /home/clementbondaz-sanson/Documents/Projet code/rustfactor/polymarket-btc5m-bot/data_v2/camp_20260706T000407
[2m2026-07-06T00:04:07.925776Z[0m [32m INFO[0m [2mpm_bot[0m[2m:[0m aucun fichier de config (./config.toml) — défauts calibrés
[2m2026-07-06T00:04:07.925850Z[0m [32m INFO[0m [2mpm_bot[0m[2m:[0m [config] [taker]
[2m2026-07-06T00:04:07.925855Z[0m [32m INFO[0m [2mpm_bot[0m[2m:[0m [config] min_edge = 0.06
[2m2026-07-06T00:04:07.925857Z[0m [32m INFO[0m [2mpm_bot[0m[2m:[0m [config] min_abs_z = 2.5
[2m2026-07-06T00:04:07.925860Z[0m [32m INFO[0m [2mpm_bot[0m[2m:[0m [config] min_strike_confidence = 0.8
[2m2026-07-06T00:04:07.925863Z[0m [32m INFO[0m [2mpm_bot[0m[2m:[0m [config] max_spot_age_ms = 3000
[2m2026-07-06T00:04:07.925866Z[0m [32m INFO[0m [2mpm_bot[0m[2m:[0m [config] min_elapsed_s = 10.0
[2m2026-07-06T00:04:07.925869Z[0m [32m INFO[0m [2mpm_bot[0m[2m:[0m [config] min_tau_s = 3.0
[2m2026-07-06T00:04:07.925872Z[0m [32m INFO[0m [2mpm_bot[0m[2m:[0m [config] cost_buffer = 0.01
[2m2026-07-06T00:04:07.925875Z[0m [32m INFO[0m [2mpm_bot[0m[2m:[0m [config] kelly_fraction = 0.25
[2m2026-07-06T00:04:07.925877Z[0m [32m INFO[0m [2mpm_bot[0m[2m:[0m [config] bankroll = 1000.0
[2m2026-07-06T00:04:07.925880Z[0m [32m INFO[0m [2mpm_bot[0m[2m:[0m [config] max_notional = 250.0
[2m2026-07-06T00:04:07.925883Z[0m [32m INFO[0m [2mpm_bot[0m[2m:[0m [config] max_slippage = 0.02
[2m2026-07-06T00:04:07.925886Z[0m [32m INFO[0m [2mpm_bot[0m[2m:[0m [config] max_entry_price = 0.75
[2m2026-07-06T00:04:07.925889Z[0m [32m INFO[0m [2mpm_bot[0m[2m:[0m [config] 
[2m2026-07-06T00:04:07.925892Z[0m [32m INFO[0m [2mpm_bot[0m[2m:[0m [config] [maker]
[2m2026-07-06T00:04:07.925894Z[0m [32m INFO[0m [2mpm_bot[0m[2m:[0m [config] min_quote_price = 0.15
[2m2026-07-06T00:04:07.925897Z[0m [32m INFO[0m [2mpm_bot[0m[2m:[0m [config] max_quote_price = 0.85
[2m2026-07-06T00:04:07.925900Z[0m [32m INFO[0m [2mpm_bot[0m[2m:[0m [config] edge_margin = 0.03
[2m2026-07-06T00:04:07.925903Z[0m [32m INFO[0m [2mpm_bot[0m[2m:[0m [config] take_profit = 0.08
[2m2026-07-06T00:04:07.925906Z[0m [32m INFO[0m [2mpm_bot[0m[2m:[0m [config] stop_loss = 0.1
[2m2026-07-06T00:04:07.925908Z[0m [32m INFO[0m [2mpm_bot[0m[2m:[0m [config] quote_size = 50.0
[2m2026-07-06T00:04:07.925911Z[0m [32m INFO[0m [2mpm_bot[0m[2m:[0m [config] max_inventory = 150.0
[2m2026-07-06T00:04:07.925914Z[0m [32m INFO[0m [2mpm_bot[0m[2m:[0m [config] min_tau_open_s = 60.0
[2m2026-07-06T00:04:07.925917Z[0m [32m INFO[0m [2mpm_bot[0m[2m:[0m [config] min_tau_flat_s = 25.0
[2m2026-07-06T00:04:07.925920Z[0m [32m INFO[0m [2mpm_bot[0m[2m:[0m [config] max_abs_z_quote = 2.5
[2m2026-07-06T00:04:07.925922Z[0m [32m INFO[0m [2mpm_bot[0m[2m:[0m [config] sigma_panic_per_sqrt_s = 0.0005
[2m2026-07-06T00:04:07.925925Z[0m [32m INFO[0m [2mpm_bot[0m[2m:[0m [config] min_strike_confidence = 0.8
[2m2026-07-06T00:04:07.925928Z[0m [32m INFO[0m [2mpm_bot[0m[2m:[0m [config] max_spot_age_ms = 3000
[2m2026-07-06T00:04:07.925931Z[0m [32m INFO[0m [2mpm_bot[0m[2m:[0m [config] 
[2m2026-07-06T00:04:07.925934Z[0m [32m INFO[0m [2mpm_bot[0m[2m:[0m [config] [modele]
[2m2026-07-06T00:04:07.925936Z[0m [32m INFO[0m [2mpm_bot[0m[2m:[0m [config] sigma_floor_per_sqrt_s = 0.00005
[2m2026-07-06T00:04:07.925939Z[0m [32m INFO[0m [2mpm_bot[0m[2m:[0m [config] tau_floor_s = 1.0
[2m2026-07-06T00:04:07.925942Z[0m [32m INFO[0m [2mpm_bot[0m[2m:[0m [config] drift_snr_min = 0.25
[2m2026-07-06T00:04:07.925945Z[0m [32m INFO[0m [2mpm_bot[0m[2m:[0m [config] max_drift_z = 2.0
[2m2026-07-06T00:04:07.925948Z[0m [32m INFO[0m [2mpm_bot[0m[2m:[0m [config] 
[2m2026-07-06T00:04:07.925950Z[0m [32m INFO[0m [2mpm_bot[0m[2m:[0m [config] [volatilite]
[2m2026-07-06T00:04:07.925953Z[0m [32m INFO[0m [2mpm_bot[0m[2m:[0m [config] ewma_half_life_s = 60.0
[2m2026-07-06T00:04:07.925963Z[0m [32m INFO[0m [2mpm_bot[0m[2m:[0m [config] retention_s = 1800
[2m2026-07-06T00:04:07.925968Z[0m [32m INFO[0m [2mpm_bot[0m[2m:[0m [config] min_dt_ms = 10
[2m2026-07-06T00:04:07.925971Z[0m [32m INFO[0m [2mpm_bot[0m[2m:[0m [config] 
[2m2026-07-06T00:04:07.925974Z[0m [32m INFO[0m [2mpm_bot[0m[2m:[0m [config] [moteur]
[2m2026-07-06T00:04:07.925977Z[0m [32m INFO[0m [2mpm_bot[0m[2m:[0m [config] decision_step_ms = 250
[2m2026-07-06T00:04:07.925980Z[0m [32m INFO[0m [2mpm_bot[0m[2m:[0m [config] watchdog_stale_ms = 6000
[2m2026-07-06T00:04:07.925983Z[0m [32m INFO[0m [2mpm_bot[0m[2m:[0m [config] clob_grace_s = 180
[2m2026-07-06T00:04:07.925985Z[0m [32m INFO[0m [2mpm_bot[0m[2m:[0m [config] gamma_lookahead = 5
[2m2026-07-06T00:04:07.925988Z[0m [32m INFO[0m [2mpm_bot[0m[2m:[0m [config] retention_ticks_s = 2400
[2m2026-07-06T00:04:08.416113Z[0m [32m INFO[0m [2mpm_bot[0m[2m:[0m fenêtre active: btc-updown-5m-1783296000 [1783296000000 → 1783296300000]
[2m2026-07-06T00:04:08.416109Z[0m [32m INFO[0m [2mpm_acquisition::rtds[0m[2m:[0m RTDS connecté
[2m2026-07-06T00:04:08.723314Z[0m [32m INFO[0m [2mpm_acquisition::clob[0m[2m:[0m CLOB connecté (up=97981353…, down=12491613…)
[2m2026-07-06T00:04:09.235467Z[0m [32m INFO[0m [2mpm_bot[0m[2m:[0m strike gelé: Some(63579.231522942326) (confidence=0.000, gap=Some(248000) ms)
[2m2026-07-06T00:05:02.188849Z[0m [32m INFO[0m [2mpm_bot[0m[2m:[0m RÈGLEMENT btc-updown-5m-1783296000 | strike=Some("63579.23") issue=inconnue | PnL up=+0.00 down=+0.00 | taker=0 maker_fills=0 | PnL cumulé=+0.00
[2m2026-07-06T00:05:02.188895Z[0m [32m INFO[0m [2mpm_bot[0m[2m:[0m fenêtre active: btc-updown-5m-1783296300 [1783296300000 → 1783296600000]
[2m2026-07-06T00:05:02.188923Z[0m [32m INFO[0m [2mpm_bot[0m[2m:[0m strike gelé: Some(63644.80594412034) (confidence=1.000, gap=Some(0) ms)
[2m2026-07-06T00:05:02.484943Z[0m [32m INFO[0m [2mpm_acquisition::clob[0m[2m:[0m CLOB connecté (up=22131340…, down=16137616…)
[2m2026-07-06T00:06:56.263602Z[0m [32m INFO[0m [2mpm_bot[0m[2m:[0m résolution officielle btc-updown-5m-1783296000: Up (pas d'estimation locale)
[2m2026-07-06T00:06:56.263681Z[0m [32m INFO[0m [2mpm_acquisition::clob[0m[2m:[0m CLOB flux terminé (marché résolu/fermé)
[2m2026-07-06T00:08:31.427073Z[0m [33m WARN[0m [2mpm_acquisition::watchdog[0m[2m:[0m flux rtds stale (6340 ms de silence)
[2m2026-07-06T00:08:31.427210Z[0m [33m WARN[0m [2mpm_bot[0m[2m:[0m FEED STALE: rtds silencieux 6340 ms
[2m2026-07-06T00:08:32.417590Z[0m [33m WARN[0m [2mpm_acquisition::rtds[0m[2m:[0m RTDS silencieux 6050 ms → réabonnement
[2m2026-07-06T00:10:02.310791Z[0m [32m INFO[0m [2mpm_bot[0m[2m:[0m RÈGLEMENT btc-updown-5m-1783296300 | strike=Some("63644.81") issue=Down (estimé) | PnL up=+0.00 down=+0.00 | taker=0 maker_fills=0 | PnL cumulé=+0.00
[2m2026-07-06T00:10:02.310859Z[0m [32m INFO[0m [2mpm_bot[0m[2m:[0m fenêtre active: btc-updown-5m-1783296600 [1783296600000 → 1783296900000]
[2m2026-07-06T00:10:02.310896Z[0m [32m INFO[0m [2mpm_bot[0m[2m:[0m strike gelé: Some(63512.418935965456) (confidence=1.000, gap=Some(0) ms)
[2m2026-07-06T00:10:02.885926Z[0m [32m INFO[0m [2mpm_acquisition::clob[0m[2m:[0m CLOB connecté (up=26661796…, down=33013272…)
[2m2026-07-06T00:11:24.781945Z[0m [32m INFO[0m [2mpm_bot[0m[2m:[0m résolution officielle btc-updown-5m-1783296300: Down — CONFIRME notre estimation ✓
[2m2026-07-06T00:11:24.782072Z[0m [32m INFO[0m [2mpm_acquisition::clob[0m[2m:[0m CLOB flux terminé (marché résolu/fermé)
[2m2026-07-06T00:15:02.455077Z[0m [32m INFO[0m [2mpm_bot[0m[2m:[0m RÈGLEMENT btc-updown-5m-1783296600 | strike=Some("63512.42") issue=Up (estimé) | PnL up=+0.00 down=+0.00 | taker=0 maker_fills=0 | PnL cumulé=+0.00
[2m2026-07-06T00:15:02.455128Z[0m [32m INFO[0m [2mpm_bot[0m[2m:[0m fenêtre active: btc-updown-5m-1783296900 [1783296900000 → 1783297200000]
[2m2026-07-06T00:15:02.455225Z[0m [32m INFO[0m [2mpm_bot[0m[2m:[0m strike gelé: Some(63528.67030062594) (confidence=1.000, gap=Some(0) ms)
[2m2026-07-06T00:15:02.858802Z[0m [32m INFO[0m [2mpm_acquisition::clob[0m[2m:[0m CLOB connecté (up=66437087…, down=11512858…)
[2m2026-07-06T00:18:34.529387Z[0m [33m WARN[0m [2mpm_acquisition::clob[0m[2m:[0m CLOB erreur: WebSocket protocol error: Connection reset without closing handshake: Connection reset without closing handshake
[2m2026-07-06T00:18:34.529418Z[0m [33m WARN[0m [2mpm_acquisition::clob[0m[2m:[0m CLOB deadline atteinte sans market_resolved
[2m2026-07-06T00:20:02.492429Z[0m [32m INFO[0m [2mpm_bot[0m[2m:[0m RÈGLEMENT btc-updown-5m-1783296900 | strike=Some("63528.67") issue=Down (estimé) | PnL up=+0.00 down=+0.00 | taker=0 maker_fills=0 | PnL cumulé=+0.00
[2m2026-07-06T00:20:02.492492Z[0m [32m INFO[0m [2mpm_bot[0m[2m:[0m fenêtre active: btc-updown-5m-1783297200 [1783297200000 → 1783297500000]
[2m2026-07-06T00:20:02.492554Z[0m [32m INFO[0m [2mpm_bot[0m[2m:[0m strike gelé: Some(63443.58999079761) (confidence=1.000, gap=Some(0) ms)
[2m2026-07-06T00:20:02.902107Z[0m [32m INFO[0m [2mpm_acquisition::clob[0m[2m:[0m CLOB connecté (up=11059656…, down=45506549…)
[2m2026-07-06T00:21:34.584505Z[0m [32m INFO[0m [2mpm_bot[0m[2m:[0m résolution officielle btc-updown-5m-1783296900: Down — CONFIRME notre estimation ✓
[2m2026-07-06T00:21:34.584547Z[0m [32m INFO[0m [2mpm_acquisition::clob[0m[2m:[0m CLOB flux terminé (marché résolu/fermé)
[2m2026-07-06T00:25:02.426865Z[0m [32m INFO[0m [2mpm_bot[0m[2m:[0m RÈGLEMENT btc-updown-5m-1783297200 | strike=Some("63443.59") issue=Down (estimé) | PnL up=+0.00 down=+0.00 | taker=0 maker_fills=0 | PnL cumulé=+0.00
[2m2026-07-06T00:25:02.426902Z[0m [32m INFO[0m [2mpm_bot[0m[2m:[0m fenêtre active: btc-updown-5m-1783297500 [1783297500000 → 1783297800000]
[2m2026-07-06T00:25:02.426969Z[0m [32m INFO[0m [2mpm_bot[0m[2m:[0m strike gelé: Some(63405.834354002385) (confidence=1.000, gap=Some(0) ms)
[2m2026-07-06T00:25:02.836459Z[0m [32m INFO[0m [2mpm_acquisition::clob[0m[2m:[0m CLOB connecté (up=14011931…, down=29536449…)
[2m2026-07-06T00:26:28.199575Z[0m [32m INFO[0m [2mpm_bot[0m[2m:[0m résolution officielle btc-updown-5m-1783297200: Down — CONFIRME notre estimation ✓
[2m2026-07-06T00:26:28.199647Z[0m [32m INFO[0m [2mpm_acquisition::clob[0m[2m:[0m CLOB flux terminé (marché résolu/fermé)
[2m2026-07-06T00:30:02.412183Z[0m [32m INFO[0m [2mpm_bot[0m[2m:[0m RÈGLEMENT btc-updown-5m-1783297500 | strike=Some("63405.83") issue=Down (estimé) | PnL up=+0.00 down=+0.00 | taker=0 maker_fills=0 | PnL cumulé=+0.00
[2m2026-07-06T00:30:02.412233Z[0m [32m INFO[0m [2mpm_bot[0m[2m:[0m fenêtre active: btc-updown-5m-1783297800 [1783297800000 → 1783298100000]
[2m2026-07-06T00:30:02.412285Z[0m [32m INFO[0m [2mpm_bot[0m[2m:[0m strike gelé: Some(63356.86599874164) (confidence=1.000, gap=Some(0) ms)
[2m2026-07-06T00:30:02.849442Z[0m [32m INFO[0m [2mpm_acquisition::clob[0m[2m:[0m CLOB connecté (up=45882895…, down=19322014…)
[2m2026-07-06T00:31:56.845619Z[0m [32m INFO[0m [2mpm_bot[0m[2m:[0m résolution officielle btc-updown-5m-1783297500: Down — CONFIRME notre estimation ✓
[2m2026-07-06T00:31:56.845708Z[0m [32m INFO[0m [2mpm_acquisition::clob[0m[2m:[0m CLOB flux terminé (marché résolu/fermé)
[2m2026-07-06T00:35:02.500574Z[0m [32m INFO[0m [2mpm_bot[0m[2m:[0m RÈGLEMENT btc-updown-5m-1783297800 | strike=Some("63356.87") issue=Up (estimé) | PnL up=+0.00 down=+0.00 | taker=0 maker_fills=0 | PnL cumulé=+0.00
[2m2026-07-06T00:35:02.500650Z[0m [32m INFO[0m [2mpm_bot[0m[2m:[0m fenêtre active: btc-updown-5m-1783298100 [1783298100000 → 1783298400000]
[2m2026-07-06T00:35:02.500842Z[0m [32m INFO[0m [2mpm_bot[0m[2m:[0m strike gelé: Some(63415.05541553329) (confidence=1.000, gap=Some(0) ms)
[2m2026-07-06T00:35:02.913817Z[0m [32m INFO[0m [2mpm_acquisition::clob[0m[2m:[0m CLOB connecté (up=24887484…, down=15230630…)
[2m2026-07-06T00:35:20.927171Z[0m [33m WARN[0m [2mpm_acquisition::watchdog[0m[2m:[0m flux rtds stale (6240 ms de silence)
[2m2026-07-06T00:35:20.927286Z[0m [33m WARN[0m [2mpm_bot[0m[2m:[0m FEED STALE: rtds silencieux 6240 ms
[2m2026-07-06T00:35:22.417589Z[0m [33m WARN[0m [2mpm_acquisition::rtds[0m[2m:[0m RTDS silencieux 5701 ms → réabonnement
[2m2026-07-06T00:36:54.837679Z[0m [32m INFO[0m [2mpm_bot[0m[2m:[0m résolution officielle btc-updown-5m-1783297800: Up — CONFIRME notre estimation ✓
[2m2026-07-06T00:36:54.837759Z[0m [32m INFO[0m [2mpm_acquisition::clob[0m[2m:[0m CLOB flux terminé (marché résolu/fermé)
[2m2026-07-06T00:40:02.711351Z[0m [32m INFO[0m [2mpm_bot[0m[2m:[0m RÈGLEMENT btc-updown-5m-1783298100 | strike=Some("63415.06") issue=Up (estimé) | PnL up=+0.00 down=+0.00 | taker=0 maker_fills=0 | PnL cumulé=+0.00
[2m2026-07-06T00:40:02.711400Z[0m [32m INFO[0m [2mpm_bot[0m[2m:[0m fenêtre active: btc-updown-5m-1783298400 [1783298400000 → 1783298700000]
[2m2026-07-06T00:40:02.711456Z[0m [32m INFO[0m [2mpm_bot[0m[2m:[0m strike gelé: Some(63488.67145439858) (confidence=1.000, gap=Some(0) ms)
[2m2026-07-06T00:40:03.254239Z[0m [32m INFO[0m [2mpm_acquisition::clob[0m[2m:[0m CLOB connecté (up=73429054…, down=10150256…)
[2m2026-07-06T00:41:31.933070Z[0m [32m INFO[0m [2mpm_bot[0m[2m:[0m résolution officielle btc-updown-5m-1783298100: Up — CONFIRME notre estimation ✓
[2m2026-07-06T00:41:31.933108Z[0m [32m INFO[0m [2mpm_acquisition::clob[0m[2m:[0m CLOB flux terminé (marché résolu/fermé)
[2m2026-07-06T00:45:02.267397Z[0m [32m INFO[0m [2mpm_bot[0m[2m:[0m RÈGLEMENT btc-updown-5m-1783298400 | strike=Some("63488.67") issue=Up (estimé) | PnL up=+0.00 down=+0.00 | taker=0 maker_fills=0 | PnL cumulé=+0.00
[2m2026-07-06T00:45:02.269039Z[0m [32m INFO[0m [2mpm_bot[0m[2m:[0m fenêtre active: btc-updown-5m-1783298700 [1783298700000 → 1783299000000]
[2m2026-07-06T00:45:02.269097Z[0m [32m INFO[0m [2mpm_bot[0m[2m:[0m strike gelé: Some(63541.15182852109) (confidence=1.000, gap=Some(0) ms)
[2m2026-07-06T00:45:02.710088Z[0m [32m INFO[0m [2mpm_acquisition::clob[0m[2m:[0m CLOB connecté (up=38725615…, down=48899779…)
[2m2026-07-06T00:46:24.816980Z[0m [32m INFO[0m [2mpm_acquisition::clob[0m[2m:[0m CLOB flux terminé (marché résolu/fermé)
[2m2026-07-06T00:46:24.817051Z[0m [32m INFO[0m [2mpm_bot[0m[2m:[0m résolution officielle btc-updown-5m-1783298400: Up — CONFIRME notre estimation ✓
[2m2026-07-06T00:50:02.495226Z[0m [32m INFO[0m [2mpm_bot[0m[2m:[0m RÈGLEMENT btc-updown-5m-1783298700 | strike=Some("63541.15") issue=Up (estimé) | PnL up=+0.00 down=+0.00 | taker=0 maker_fills=0 | PnL cumulé=+0.00
[2m2026-07-06T00:50:02.495294Z[0m [32m INFO[0m [2mpm_bot[0m[2m:[0m fenêtre active: btc-updown-5m-1783299000 [1783299000000 → 1783299300000]
[2m2026-07-06T00:50:02.495362Z[0m [32m INFO[0m [2mpm_bot[0m[2m:[0m strike gelé: Some(63635.22197826841) (confidence=1.000, gap=Some(0) ms)
[2m2026-07-06T00:50:02.916586Z[0m [32m INFO[0m [2mpm_acquisition::clob[0m[2m:[0m CLOB connecté (up=60569257…, down=81751064…)
[2m2026-07-06T00:51:26.273805Z[0m [32m INFO[0m [2mpm_bot[0m[2m:[0m résolution officielle btc-updown-5m-1783298700: Up — CONFIRME notre estimation ✓
[2m2026-07-06T00:51:26.273901Z[0m [32m INFO[0m [2mpm_acquisition::clob[0m[2m:[0m CLOB flux terminé (marché résolu/fermé)
[2m2026-07-06T00:53:15.932437Z[0m [32m INFO[0m [2mpm_bot[0m[2m:[0m TAKER: DOWN (z=-2.96 p=0.998 ask=0.710 avg=0.717 tau=104s)
[2m2026-07-06T00:53:15.939847Z[0m [32m INFO[0m [2mexecution[0m[2m:[0m [DRY-RUN] dryrun-0 Buy 81751064 x 350 @ 0.727 (Fak)
