[2m2026-07-04T23:14:42.499501Z[0m [32m INFO[0m [2mpm_bot[0m[2m:[0m pm-bot démarre (PAPER mode) — archives: /home/user/rustfactor/polymarket-btc5m-bot/data_v2/camp_20260704T231442
[2m2026-07-04T23:14:42.504510Z[0m [32m INFO[0m [2mpm_bot[0m[2m:[0m taker cfg: max_entry=0.75 min_z=2.50 kelly=0.25
[2m2026-07-04T23:14:42.892725Z[0m [32m INFO[0m [2mpm_bot[0m[2m:[0m fenêtre active: btc-updown-5m-1783206600 [1783206600000 → 1783206900000]
[2m2026-07-04T23:14:43.219478Z[0m [32m INFO[0m [2mpm_acquisition::rtds[0m[2m:[0m RTDS connecté
[2m2026-07-04T23:14:43.492442Z[0m [32m INFO[0m [2mpm_acquisition::clob[0m[2m:[0m CLOB connecté (up=14517136…, down=92610769…)
[2m2026-07-04T23:14:44.732749Z[0m [32m INFO[0m [2mpm_bot[0m[2m:[0m strike gelé: Some(62966.59996346576) (confidence=0.000, gap=Some(283000) ms)
[2m2026-07-04T23:15:02.059551Z[0m [32m INFO[0m [2mpm_bot[0m[2m:[0m RÈGLEMENT btc-updown-5m-1783206600 | strike=Some("62966.60") issue=Down (estimé) | PnL up=+0.00 down=+0.00 | taker=0 maker_fills=0 | PnL cumulé=+0.00
[2m2026-07-04T23:15:02.059573Z[0m [32m INFO[0m [2mpm_bot[0m[2m:[0m fenêtre active: btc-updown-5m-1783206900 [1783206900000 → 1783207200000]
[2m2026-07-04T23:15:02.059582Z[0m [32m INFO[0m [2mpm_bot[0m[2m:[0m strike gelé: Some(62941.7898705658) (confidence=1.000, gap=Some(0) ms)
[2m2026-07-04T23:15:02.644279Z[0m [32m INFO[0m [2mpm_acquisition::clob[0m[2m:[0m CLOB connecté (up=29368282…, down=87517798…)
[2m2026-07-04T23:15:10.506295Z[0m [32m INFO[0m [2mpm_bot[0m[2m:[0m TAKER: DOWN (z=-5.59 p=1.000 ask=0.560 avg=0.579 tau=289s)
[2m2026-07-04T23:15:10.506346Z[0m [32m INFO[0m [2mexecution[0m[2m:[0m [DRY-RUN] dryrun-0 Buy 87517798 x 446 @ 0.589 (Fak)
[2m2026-07-04T23:16:29.754808Z[0m [32m INFO[0m [2mpm_bot[0m[2m:[0m résolution officielle btc-updown-5m-1783206600: Down — CONFIRME notre estimation ✓
[2m2026-07-04T23:16:29.754889Z[0m [32m INFO[0m [2mpm_acquisition::clob[0m[2m:[0m CLOB flux terminé (marché résolu/fermé)
[2m2026-07-04T23:16:37.505621Z[0m [33m WARN[0m [2mpm_acquisition::watchdog[0m[2m:[0m flux rtds stale (6002 ms de silence)
[2m2026-07-04T23:16:37.505659Z[0m [33m WARN[0m [2mpm_bot[0m[2m:[0m FEED STALE: rtds silencieux 6002 ms
[2m2026-07-04T23:16:38.221146Z[0m [33m WARN[0m [2mpm_acquisition::rtds[0m[2m:[0m RTDS silencieux 5601 ms → réabonnement
[2m2026-07-04T23:20:02.622767Z[0m [32m INFO[0m [2mpm_bot[0m[2m:[0m RÈGLEMENT btc-updown-5m-1783206900 | strike=Some("62941.79") issue=Up (estimé) | PnL up=+0.00 down=-258.29 | taker=1 maker_fills=0 | PnL cumulé=-258.29
[2m2026-07-04T23:20:02.622804Z[0m [32m INFO[0m [2mpm_bot[0m[2m:[0m fenêtre active: btc-updown-5m-1783207200 [1783207200000 → 1783207500000]
[2m2026-07-04T23:20:02.622885Z[0m [32m INFO[0m [2mpm_bot[0m[2m:[0m strike gelé: Some(62984.16038251794) (confidence=1.000, gap=Some(0) ms)
[2m2026-07-04T23:20:03.220841Z[0m [32m INFO[0m [2mpm_acquisition::clob[0m[2m:[0m CLOB connecté (up=91255665…, down=11267126…)
[2m2026-07-04T23:23:46.979955Z[0m [32m INFO[0m [2mpm_bot[0m[2m:[0m résolution officielle btc-updown-5m-1783206900: Up — CONFIRME notre estimation ✓
[2m2026-07-04T23:23:46.980051Z[0m [32m INFO[0m [2mpm_acquisition::clob[0m[2m:[0m CLOB flux terminé (marché résolu/fermé)
[2m2026-07-04T23:25:02.395048Z[0m [32m INFO[0m [2mpm_bot[0m[2m:[0m RÈGLEMENT btc-updown-5m-1783207200 | strike=Some("62984.16") issue=Up (estimé) | PnL up=+0.00 down=+0.00 | taker=0 maker_fills=0 | PnL cumulé=-258.29
[2m2026-07-04T23:25:02.395081Z[0m [32m INFO[0m [2mpm_bot[0m[2m:[0m fenêtre active: btc-updown-5m-1783207500 [1783207500000 → 1783207800000]
[2m2026-07-04T23:25:02.395106Z[0m [32m INFO[0m [2mpm_bot[0m[2m:[0m strike gelé: Some(63023.79426902945) (confidence=1.000, gap=Some(0) ms)
[2m2026-07-04T23:25:02.989381Z[0m [32m INFO[0m [2mpm_acquisition::clob[0m[2m:[0m CLOB connecté (up=94251215…, down=97991223…)
[2m2026-07-04T23:26:20.008188Z[0m [32m INFO[0m [2mpm_bot[0m[2m:[0m résolution officielle btc-updown-5m-1783207200: Up — CONFIRME notre estimation ✓
[2m2026-07-04T23:26:20.008268Z[0m [32m INFO[0m [2mpm_acquisition::clob[0m[2m:[0m CLOB flux terminé (marché résolu/fermé)
[2m2026-07-04T23:30:02.426456Z[0m [32m INFO[0m [2mpm_bot[0m[2m:[0m RÈGLEMENT btc-updown-5m-1783207500 | strike=Some("63023.79") issue=Up (estimé) | PnL up=+0.00 down=+0.00 | taker=0 maker_fills=0 | PnL cumulé=-258.29
[2m2026-07-04T23:30:02.426495Z[0m [32m INFO[0m [2mpm_bot[0m[2m:[0m fenêtre active: btc-updown-5m-1783207800 [1783207800000 → 1783208100000]
[2m2026-07-04T23:30:02.426529Z[0m [32m INFO[0m [2mpm_bot[0m[2m:[0m strike gelé: Some(63044.738509586095) (confidence=1.000, gap=Some(0) ms)
[2m2026-07-04T23:30:03.045949Z[0m [32m INFO[0m [2mpm_acquisition::clob[0m[2m:[0m CLOB connecté (up=35045746…, down=84457349…)
[2m2026-07-04T23:31:31.131086Z[0m [32m INFO[0m [2mpm_bot[0m[2m:[0m résolution officielle btc-updown-5m-1783207500: Up — CONFIRME notre estimation ✓
[2m2026-07-04T23:31:31.131163Z[0m [32m INFO[0m [2mpm_acquisition::clob[0m[2m:[0m CLOB flux terminé (marché résolu/fermé)
[2m2026-07-04T23:33:50.220505Z[0m [33m WARN[0m [2mpm_acquisition::rtds[0m[2m:[0m RTDS silencieux 6010 ms → réabonnement
[2m2026-07-04T23:33:50.505541Z[0m [33m WARN[0m [2mpm_acquisition::watchdog[0m[2m:[0m flux rtds stale (6295 ms de silence)
[2m2026-07-04T23:33:50.505578Z[0m [33m WARN[0m [2mpm_bot[0m[2m:[0m FEED STALE: rtds silencieux 6295 ms
[2m2026-07-04T23:35:02.454795Z[0m [32m INFO[0m [2mpm_bot[0m[2m:[0m RÈGLEMENT btc-updown-5m-1783207800 | strike=Some("63044.74") issue=Up (estimé) | PnL up=+0.00 down=+0.00 | taker=0 maker_fills=0 | PnL cumulé=-258.29
[2m2026-07-04T23:35:02.454890Z[0m [32m INFO[0m [2mpm_bot[0m[2m:[0m fenêtre active: btc-updown-5m-1783208100 [1783208100000 → 1783208400000]
[2m2026-07-04T23:35:02.454942Z[0m [32m INFO[0m [2mpm_bot[0m[2m:[0m strike gelé: Some(63108.06575799725) (confidence=1.000, gap=Some(0) ms)
[2m2026-07-04T23:35:03.028396Z[0m [32m INFO[0m [2mpm_acquisition::clob[0m[2m:[0m CLOB connecté (up=19036325…, down=40763937…)
[2m2026-07-04T23:37:00.196257Z[0m [32m INFO[0m [2mpm_bot[0m[2m:[0m résolution officielle btc-updown-5m-1783207800: Up — CONFIRME notre estimation ✓
[2m2026-07-04T23:37:00.196339Z[0m [32m INFO[0m [2mpm_acquisition::clob[0m[2m:[0m CLOB flux terminé (marché résolu/fermé)
[2m2026-07-04T23:40:02.425781Z[0m [32m INFO[0m [2mpm_bot[0m[2m:[0m RÈGLEMENT btc-updown-5m-1783208100 | strike=Some("63108.07") issue=Down (estimé) | PnL up=+0.00 down=+0.00 | taker=0 maker_fills=0 | PnL cumulé=-258.29
[2m2026-07-04T23:40:02.425819Z[0m [32m INFO[0m [2mpm_bot[0m[2m:[0m fenêtre active: btc-updown-5m-1783208400 [1783208400000 → 1783208700000]
[2m2026-07-04T23:40:02.425856Z[0m [32m INFO[0m [2mpm_bot[0m[2m:[0m strike gelé: Some(63085.181782957174) (confidence=1.000, gap=Some(0) ms)
[2m2026-07-04T23:40:03.023728Z[0m [32m INFO[0m [2mpm_acquisition::clob[0m[2m:[0m CLOB connecté (up=44096481…, down=24044088…)
[2m2026-07-04T23:41:19.679719Z[0m [32m INFO[0m [2mpm_bot[0m[2m:[0m résolution officielle btc-updown-5m-1783208100: Down — CONFIRME notre estimation ✓
[2m2026-07-04T23:41:19.679810Z[0m [32m INFO[0m [2mpm_acquisition::clob[0m[2m:[0m CLOB flux terminé (marché résolu/fermé)
[2m2026-07-04T23:45:02.380853Z[0m [32m INFO[0m [2mpm_bot[0m[2m:[0m RÈGLEMENT btc-updown-5m-1783208400 | strike=Some("63085.18") issue=Up (estimé) | PnL up=+0.00 down=+0.00 | taker=0 maker_fills=0 | PnL cumulé=-258.29
[2m2026-07-04T23:45:02.380891Z[0m [32m INFO[0m [2mpm_bot[0m[2m:[0m fenêtre active: btc-updown-5m-1783208700 [1783208700000 → 1783209000000]
[2m2026-07-04T23:45:02.380923Z[0m [32m INFO[0m [2mpm_bot[0m[2m:[0m strike gelé: Some(63156.048862235075) (confidence=1.000, gap=Some(0) ms)
[2m2026-07-04T23:45:02.986818Z[0m [32m INFO[0m [2mpm_acquisition::clob[0m[2m:[0m CLOB connecté (up=65533807…, down=11385799…)
[2m2026-07-04T23:47:02.665503Z[0m [32m INFO[0m [2mpm_bot[0m[2m:[0m résolution officielle btc-updown-5m-1783208400: Up — CONFIRME notre estimation ✓
[2m2026-07-04T23:47:02.665579Z[0m [32m INFO[0m [2mpm_acquisition::clob[0m[2m:[0m CLOB flux terminé (marché résolu/fermé)
[2m2026-07-04T23:50:02.388113Z[0m [32m INFO[0m [2mpm_bot[0m[2m:[0m RÈGLEMENT btc-updown-5m-1783208700 | strike=Some("63156.05") issue=Up (estimé) | PnL up=+0.00 down=+0.00 | taker=0 maker_fills=0 | PnL cumulé=-258.29
[2m2026-07-04T23:50:02.388274Z[0m [32m INFO[0m [2mpm_bot[0m[2m:[0m fenêtre active: btc-updown-5m-1783209000 [1783209000000 → 1783209300000]
[2m2026-07-04T23:50:02.388351Z[0m [32m INFO[0m [2mpm_bot[0m[2m:[0m strike gelé: Some(63157.959355) (confidence=1.000, gap=Some(0) ms)
[2m2026-07-04T23:50:02.987989Z[0m [32m INFO[0m [2mpm_acquisition::clob[0m[2m:[0m CLOB connecté (up=67503924…, down=10427674…)
[2m2026-07-04T23:51:32.889315Z[0m [32m INFO[0m [2mpm_bot[0m[2m:[0m résolution officielle btc-updown-5m-1783208700: Up — CONFIRME notre estimation ✓
[2m2026-07-04T23:51:32.889716Z[0m [32m INFO[0m [2mpm_acquisition::clob[0m[2m:[0m CLOB flux terminé (marché résolu/fermé)
[2m2026-07-04T23:51:50.950865Z[0m [33m WARN[0m [2mpm_acquisition::clob[0m[2m:[0m CLOB erreur: WebSocket protocol error: Connection reset without closing handshake: Connection reset without closing handshake
[2m2026-07-04T23:51:52.325419Z[0m [32m INFO[0m [2mpm_acquisition::clob[0m[2m:[0m CLOB connecté (up=67503924…, down=10427674…)
[2m2026-07-04T23:53:43.505425Z[0m [32m INFO[0m [2mpm_bot[0m[2m:[0m TAKER: DOWN (z=-2.68 p=0.996 ask=0.730 avg=0.741 tau=76s)
[2m2026-07-04T23:53:43.505462Z[0m [32m INFO[0m [2mexecution[0m[2m:[0m [DRY-RUN] dryrun-1 Buy 10427674 x 337 @ 0.751 (Fak)
[2m2026-07-04T23:55:02.410104Z[0m [32m INFO[0m [2mpm_bot[0m[2m:[0m RÈGLEMENT btc-updown-5m-1783209000 | strike=Some("63157.96") issue=Down (estimé) | PnL up=+0.00 down=+87.42 | taker=1 maker_fills=0 | PnL cumulé=-170.87
[2m2026-07-04T23:55:02.410240Z[0m [32m INFO[0m [2mpm_bot[0m[2m:[0m fenêtre active: btc-updown-5m-1783209300 [1783209300000 → 1783209600000]
[2m2026-07-04T23:55:02.651162Z[0m [32m INFO[0m [2mpm_bot[0m[2m:[0m strike gelé: Some(63149.430885) (confidence=1.000, gap=Some(0) ms)
[2m2026-07-04T23:55:02.971339Z[0m [32m INFO[0m [2mpm_acquisition::clob[0m[2m:[0m CLOB connecté (up=59324062…, down=23961868…)
[2m2026-07-04T23:56:30.251570Z[0m [32m INFO[0m [2mpm_bot[0m[2m:[0m résolution officielle btc-updown-5m-1783209000: Down — CONFIRME notre estimation ✓
[2m2026-07-04T23:56:30.251672Z[0m [32m INFO[0m [2mpm_acquisition::clob[0m[2m:[0m CLOB flux terminé (marché résolu/fermé)
[2m2026-07-05T00:00:02.460792Z[0m [32m INFO[0m [2mpm_bot[0m[2m:[0m RÈGLEMENT btc-updown-5m-1783209300 | strike=Some("63149.43") issue=Down (estimé) | PnL up=+0.00 down=+0.00 | taker=0 maker_fills=0 | PnL cumulé=-170.87
[2m2026-07-05T00:00:02.460916Z[0m [32m INFO[0m [2mpm_bot[0m[2m:[0m fenêtre active: btc-updown-5m-1783209600 [1783209600000 → 1783209900000]
[2m2026-07-05T00:00:02.460954Z[0m [32m INFO[0m [2mpm_bot[0m[2m:[0m strike gelé: Some(63086.909805) (confidence=1.000, gap=Some(0) ms)
[2m2026-07-05T00:00:03.114614Z[0m [32m INFO[0m [2mpm_acquisition::clob[0m[2m:[0m CLOB connecté (up=30038168…, down=57065121…)
[2m2026-07-05T00:00:31.505378Z[0m [33m WARN[0m [2mpm_acquisition::watchdog[0m[2m:[0m flux rtds stale (6395 ms de silence)
[2m2026-07-05T00:00:31.505419Z[0m [33m WARN[0m [2mpm_bot[0m[2m:[0m FEED STALE: rtds silencieux 6395 ms
[2m2026-07-05T00:00:32.220580Z[0m [33m WARN[0m [2mpm_acquisition::rtds[0m[2m:[0m RTDS silencieux 6063 ms → réabonnement
[2m2026-07-05T00:01:25.068088Z[0m [32m INFO[0m [2mpm_bot[0m[2m:[0m résolution officielle btc-updown-5m-1783209300: Down — CONFIRME notre estimation ✓
[2m2026-07-05T00:01:25.068188Z[0m [32m INFO[0m [2mpm_acquisition::clob[0m[2m:[0m CLOB flux terminé (marché résolu/fermé)
