[2m2026-07-05T22:23:39.531125Z[0m [32m INFO[0m [2mpm_bot[0m[2m:[0m pm-bot démarre (PAPER mode) — archives: /home/clementbondaz-sanson/Documents/Projet code/rustfactor/polymarket-btc5m-bot/data_v2/camp_20260705T222339
[2m2026-07-05T22:23:39.534461Z[0m [32m INFO[0m [2mpm_bot[0m[2m:[0m aucun fichier de config (./config.toml) — défauts calibrés
[2m2026-07-05T22:23:39.534545Z[0m [32m INFO[0m [2mpm_bot[0m[2m:[0m [config] [taker]
[2m2026-07-05T22:23:39.534549Z[0m [32m INFO[0m [2mpm_bot[0m[2m:[0m [config] min_edge = 0.06
[2m2026-07-05T22:23:39.534552Z[0m [32m INFO[0m [2mpm_bot[0m[2m:[0m [config] min_abs_z = 2.5
[2m2026-07-05T22:23:39.534555Z[0m [32m INFO[0m [2mpm_bot[0m[2m:[0m [config] min_strike_confidence = 0.8
[2m2026-07-05T22:23:39.534558Z[0m [32m INFO[0m [2mpm_bot[0m[2m:[0m [config] max_spot_age_ms = 3000
[2m2026-07-05T22:23:39.534561Z[0m [32m INFO[0m [2mpm_bot[0m[2m:[0m [config] min_elapsed_s = 10.0
[2m2026-07-05T22:23:39.534564Z[0m [32m INFO[0m [2mpm_bot[0m[2m:[0m [config] min_tau_s = 3.0
[2m2026-07-05T22:23:39.534567Z[0m [32m INFO[0m [2mpm_bot[0m[2m:[0m [config] cost_buffer = 0.01
[2m2026-07-05T22:23:39.534569Z[0m [32m INFO[0m [2mpm_bot[0m[2m:[0m [config] kelly_fraction = 0.25
[2m2026-07-05T22:23:39.534572Z[0m [32m INFO[0m [2mpm_bot[0m[2m:[0m [config] bankroll = 1000.0
[2m2026-07-05T22:23:39.534575Z[0m [32m INFO[0m [2mpm_bot[0m[2m:[0m [config] max_notional = 250.0
[2m2026-07-05T22:23:39.534578Z[0m [32m INFO[0m [2mpm_bot[0m[2m:[0m [config] max_slippage = 0.02
[2m2026-07-05T22:23:39.534581Z[0m [32m INFO[0m [2mpm_bot[0m[2m:[0m [config] max_entry_price = 0.75
[2m2026-07-05T22:23:39.534584Z[0m [32m INFO[0m [2mpm_bot[0m[2m:[0m [config] 
[2m2026-07-05T22:23:39.534586Z[0m [32m INFO[0m [2mpm_bot[0m[2m:[0m [config] [maker]
[2m2026-07-05T22:23:39.534589Z[0m [32m INFO[0m [2mpm_bot[0m[2m:[0m [config] min_quote_price = 0.15
[2m2026-07-05T22:23:39.534592Z[0m [32m INFO[0m [2mpm_bot[0m[2m:[0m [config] max_quote_price = 0.85
[2m2026-07-05T22:23:39.534595Z[0m [32m INFO[0m [2mpm_bot[0m[2m:[0m [config] edge_margin = 0.03
[2m2026-07-05T22:23:39.534598Z[0m [32m INFO[0m [2mpm_bot[0m[2m:[0m [config] take_profit = 0.08
[2m2026-07-05T22:23:39.534601Z[0m [32m INFO[0m [2mpm_bot[0m[2m:[0m [config] stop_loss = 0.1
[2m2026-07-05T22:23:39.534603Z[0m [32m INFO[0m [2mpm_bot[0m[2m:[0m [config] quote_size = 50.0
[2m2026-07-05T22:23:39.534606Z[0m [32m INFO[0m [2mpm_bot[0m[2m:[0m [config] max_inventory = 150.0
[2m2026-07-05T22:23:39.534609Z[0m [32m INFO[0m [2mpm_bot[0m[2m:[0m [config] min_tau_open_s = 60.0
[2m2026-07-05T22:23:39.534612Z[0m [32m INFO[0m [2mpm_bot[0m[2m:[0m [config] min_tau_flat_s = 25.0
[2m2026-07-05T22:23:39.534615Z[0m [32m INFO[0m [2mpm_bot[0m[2m:[0m [config] max_abs_z_quote = 2.5
[2m2026-07-05T22:23:39.534617Z[0m [32m INFO[0m [2mpm_bot[0m[2m:[0m [config] sigma_panic_per_sqrt_s = 0.0005
[2m2026-07-05T22:23:39.534620Z[0m [32m INFO[0m [2mpm_bot[0m[2m:[0m [config] min_strike_confidence = 0.8
[2m2026-07-05T22:23:39.534623Z[0m [32m INFO[0m [2mpm_bot[0m[2m:[0m [config] max_spot_age_ms = 3000
[2m2026-07-05T22:23:39.534626Z[0m [32m INFO[0m [2mpm_bot[0m[2m:[0m [config] 
[2m2026-07-05T22:23:39.534629Z[0m [32m INFO[0m [2mpm_bot[0m[2m:[0m [config] [modele]
[2m2026-07-05T22:23:39.534632Z[0m [32m INFO[0m [2mpm_bot[0m[2m:[0m [config] sigma_floor_per_sqrt_s = 0.00005
[2m2026-07-05T22:23:39.534634Z[0m [32m INFO[0m [2mpm_bot[0m[2m:[0m [config] tau_floor_s = 1.0
[2m2026-07-05T22:23:39.534637Z[0m [32m INFO[0m [2mpm_bot[0m[2m:[0m [config] drift_snr_min = 0.25
[2m2026-07-05T22:23:39.534640Z[0m [32m INFO[0m [2mpm_bot[0m[2m:[0m [config] max_drift_z = 2.0
[2m2026-07-05T22:23:39.534643Z[0m [32m INFO[0m [2mpm_bot[0m[2m:[0m [config] 
[2m2026-07-05T22:23:39.534646Z[0m [32m INFO[0m [2mpm_bot[0m[2m:[0m [config] [volatilite]
[2m2026-07-05T22:23:39.534648Z[0m [32m INFO[0m [2mpm_bot[0m[2m:[0m [config] ewma_half_life_s = 60.0
[2m2026-07-05T22:23:39.534658Z[0m [32m INFO[0m [2mpm_bot[0m[2m:[0m [config] retention_s = 1800
[2m2026-07-05T22:23:39.534663Z[0m [32m INFO[0m [2mpm_bot[0m[2m:[0m [config] min_dt_ms = 10
[2m2026-07-05T22:23:39.534666Z[0m [32m INFO[0m [2mpm_bot[0m[2m:[0m [config] 
[2m2026-07-05T22:23:39.534669Z[0m [32m INFO[0m [2mpm_bot[0m[2m:[0m [config] [moteur]
[2m2026-07-05T22:23:39.534672Z[0m [32m INFO[0m [2mpm_bot[0m[2m:[0m [config] decision_step_ms = 250
[2m2026-07-05T22:23:39.534675Z[0m [32m INFO[0m [2mpm_bot[0m[2m:[0m [config] watchdog_stale_ms = 6000
[2m2026-07-05T22:23:39.534678Z[0m [32m INFO[0m [2mpm_bot[0m[2m:[0m [config] clob_grace_s = 180
[2m2026-07-05T22:23:39.534680Z[0m [32m INFO[0m [2mpm_bot[0m[2m:[0m [config] gamma_lookahead = 5
[2m2026-07-05T22:23:39.534683Z[0m [32m INFO[0m [2mpm_bot[0m[2m:[0m [config] retention_ticks_s = 2400
[2m2026-07-05T22:23:40.028974Z[0m [32m INFO[0m [2mpm_acquisition::rtds[0m[2m:[0m RTDS connecté
[2m2026-07-05T22:23:40.029052Z[0m [32m INFO[0m [2mpm_bot[0m[2m:[0m fenêtre active: btc-updown-5m-1783290000 [1783290000000 → 1783290300000]
[2m2026-07-05T22:23:40.336928Z[0m [32m INFO[0m [2mpm_acquisition::clob[0m[2m:[0m CLOB connecté (up=11213131…, down=57594290…)
[2m2026-07-05T22:23:41.328968Z[0m [32m INFO[0m [2mpm_bot[0m[2m:[0m strike gelé: Some(63477.83897792119) (confidence=0.000, gap=Some(220000) ms)
[2m2026-07-05T22:25:02.265118Z[0m [32m INFO[0m [2mpm_bot[0m[2m:[0m RÈGLEMENT btc-updown-5m-1783290000 | strike=Some("63477.84") issue=inconnue | PnL up=+0.00 down=+0.00 | taker=0 maker_fills=0 | PnL cumulé=+0.00
[2m2026-07-05T22:25:02.265168Z[0m [32m INFO[0m [2mpm_bot[0m[2m:[0m fenêtre active: btc-updown-5m-1783290300 [1783290300000 → 1783290600000]
[2m2026-07-05T22:25:02.265213Z[0m [32m INFO[0m [2mpm_bot[0m[2m:[0m strike gelé: Some(63494.94420177242) (confidence=1.000, gap=Some(0) ms)
[2m2026-07-05T22:25:02.569543Z[0m [32m INFO[0m [2mpm_acquisition::clob[0m[2m:[0m CLOB connecté (up=30672809…, down=17354019…)
[2m2026-07-05T22:26:25.336224Z[0m [32m INFO[0m [2mpm_bot[0m[2m:[0m résolution officielle btc-updown-5m-1783290000: Up (pas d'estimation locale)
[2m2026-07-05T22:26:25.336262Z[0m [32m INFO[0m [2mpm_acquisition::clob[0m[2m:[0m CLOB flux terminé (marché résolu/fermé)
[2m2026-07-05T22:28:20.030120Z[0m [33m WARN[0m [2mpm_acquisition::rtds[0m[2m:[0m RTDS silencieux 5890 ms → réabonnement
[2m2026-07-05T22:28:20.036323Z[0m [33m WARN[0m [2mpm_acquisition::watchdog[0m[2m:[0m flux rtds stale (6037 ms de silence)
[2m2026-07-05T22:28:20.036375Z[0m [33m WARN[0m [2mpm_bot[0m[2m:[0m FEED STALE: rtds silencieux 6037 ms
[2m2026-07-05T22:28:26.029777Z[0m [33m WARN[0m [2mpm_acquisition::rtds[0m[2m:[0m RTDS silencieux 5835 ms → réabonnement
[2m2026-07-05T22:28:32.030676Z[0m [33m WARN[0m [2mpm_acquisition::rtds[0m[2m:[0m RTDS silencieux 5726 ms → réabonnement
[2m2026-07-05T22:28:38.030454Z[0m [33m WARN[0m [2mpm_acquisition::rtds[0m[2m:[0m RTDS silencieux 5745 ms → réabonnement
[2m2026-07-05T22:28:44.029866Z[0m [33m WARN[0m [2mpm_acquisition::rtds[0m[2m:[0m RTDS silencieux 5839 ms → réabonnement
[2m2026-07-05T22:28:50.030369Z[0m [33m WARN[0m [2mpm_acquisition::rtds[0m[2m:[0m RTDS silencieux 5861 ms → réabonnement
[2m2026-07-05T22:28:56.030072Z[0m [33m WARN[0m [2mpm_acquisition::rtds[0m[2m:[0m RTDS silencieux 5776 ms → réabonnement
[2m2026-07-05T22:29:02.029949Z[0m [33m WARN[0m [2mpm_acquisition::rtds[0m[2m:[0m RTDS silencieux 5862 ms → réabonnement
[2m2026-07-05T22:29:08.029671Z[0m [33m WARN[0m [2mpm_acquisition::rtds[0m[2m:[0m RTDS silencieux 5742 ms → réabonnement
[2m2026-07-05T22:29:14.029583Z[0m [33m WARN[0m [2mpm_acquisition::rtds[0m[2m:[0m RTDS silencieux 5905 ms → réabonnement
[2m2026-07-05T22:29:20.030412Z[0m [33m WARN[0m [2mpm_acquisition::rtds[0m[2m:[0m RTDS silencieux 5762 ms → réabonnement
[2m2026-07-05T22:29:26.030190Z[0m [33m WARN[0m [2mpm_acquisition::rtds[0m[2m:[0m RTDS silencieux 5650 ms → réabonnement
[2m2026-07-05T22:29:32.030089Z[0m [33m WARN[0m [2mpm_acquisition::rtds[0m[2m:[0m RTDS silencieux 5803 ms → réabonnement
[2m2026-07-05T22:29:38.030354Z[0m [33m WARN[0m [2mpm_acquisition::rtds[0m[2m:[0m RTDS silencieux 5791 ms → réabonnement
[2m2026-07-05T22:29:44.029959Z[0m [33m WARN[0m [2mpm_acquisition::rtds[0m[2m:[0m RTDS silencieux 5799 ms → réabonnement
[2m2026-07-05T22:29:50.029411Z[0m [33m WARN[0m [2mpm_acquisition::rtds[0m[2m:[0m RTDS silencieux 5847 ms → réabonnement
[2m2026-07-05T22:29:56.029992Z[0m [33m WARN[0m [2mpm_acquisition::rtds[0m[2m:[0m RTDS silencieux 5861 ms → réabonnement
[2m2026-07-05T22:30:02.029865Z[0m [33m WARN[0m [2mpm_acquisition::rtds[0m[2m:[0m RTDS silencieux 5865 ms → réabonnement
[2m2026-07-05T22:30:02.396363Z[0m [32m INFO[0m [2mpm_bot[0m[2m:[0m RÈGLEMENT btc-updown-5m-1783290300 | strike=Some("63494.94") issue=Up (estimé) | PnL up=+0.00 down=+0.00 | taker=0 maker_fills=0 | PnL cumulé=+0.00
[2m2026-07-05T22:30:02.396416Z[0m [32m INFO[0m [2mpm_bot[0m[2m:[0m fenêtre active: btc-updown-5m-1783290600 [1783290600000 → 1783290900000]
[2m2026-07-05T22:30:02.701318Z[0m [32m INFO[0m [2mpm_acquisition::clob[0m[2m:[0m CLOB connecté (up=10375793…, down=18927376…)
[2m2026-07-05T22:30:08.030750Z[0m [33m WARN[0m [2mpm_acquisition::rtds[0m[2m:[0m RTDS silencieux 5814 ms → réabonnement
[2m2026-07-05T22:30:14.030390Z[0m [33m WARN[0m [2mpm_acquisition::rtds[0m[2m:[0m RTDS silencieux 5899 ms → réabonnement
[2m2026-07-05T22:30:20.029778Z[0m [33m WARN[0m [2mpm_acquisition::rtds[0m[2m:[0m RTDS silencieux 5846 ms → réabonnement
[2m2026-07-05T22:30:26.030079Z[0m [33m WARN[0m [2mpm_acquisition::rtds[0m[2m:[0m RTDS silencieux 5863 ms → réabonnement
[2m2026-07-05T22:30:32.030067Z[0m [33m WARN[0m [2mpm_acquisition::rtds[0m[2m:[0m RTDS silencieux 5745 ms → réabonnement
[2m2026-07-05T22:30:38.030411Z[0m [33m WARN[0m [2mpm_acquisition::rtds[0m[2m:[0m RTDS silencieux 5862 ms → réabonnement
[2m2026-07-05T22:30:44.030192Z[0m [33m WARN[0m [2mpm_acquisition::rtds[0m[2m:[0m RTDS silencieux 5834 ms → réabonnement
[2m2026-07-05T22:30:50.030116Z[0m [33m WARN[0m [2mpm_acquisition::rtds[0m[2m:[0m RTDS silencieux 5737 ms → réabonnement
[2m2026-07-05T22:30:56.029712Z[0m [33m WARN[0m [2mpm_acquisition::rtds[0m[2m:[0m RTDS silencieux 5859 ms → réabonnement
[2m2026-07-05T22:31:02.030071Z[0m [33m WARN[0m [2mpm_acquisition::rtds[0m[2m:[0m RTDS silencieux 5568 ms → réabonnement
[2m2026-07-05T22:31:08.030101Z[0m [33m WARN[0m [2mpm_acquisition::rtds[0m[2m:[0m RTDS silencieux 5866 ms → réabonnement
[2m2026-07-05T22:31:14.029797Z[0m [33m WARN[0m [2mpm_acquisition::rtds[0m[2m:[0m RTDS silencieux 5686 ms → réabonnement
[2m2026-07-05T22:31:20.029998Z[0m [33m WARN[0m [2mpm_acquisition::rtds[0m[2m:[0m RTDS silencieux 5747 ms → réabonnement
[2m2026-07-05T22:31:26.030243Z[0m [33m WARN[0m [2mpm_acquisition::rtds[0m[2m:[0m RTDS silencieux 5859 ms → réabonnement
[2m2026-07-05T22:31:32.029599Z[0m [33m WARN[0m [2mpm_acquisition::rtds[0m[2m:[0m RTDS silencieux 5823 ms → réabonnement
[2m2026-07-05T22:31:38.030357Z[0m [33m WARN[0m [2mpm_acquisition::rtds[0m[2m:[0m RTDS silencieux 5725 ms → réabonnement
[2m2026-07-05T22:31:44.029772Z[0m [33m WARN[0m [2mpm_acquisition::rtds[0m[2m:[0m RTDS silencieux 5886 ms → réabonnement
[2m2026-07-05T22:31:50.030255Z[0m [33m WARN[0m [2mpm_acquisition::rtds[0m[2m:[0m RTDS silencieux 5785 ms → réabonnement
[2m2026-07-05T22:31:56.029577Z[0m [33m WARN[0m [2mpm_acquisition::rtds[0m[2m:[0m RTDS silencieux 5751 ms → réabonnement
[2m2026-07-05T22:32:02.029885Z[0m [33m WARN[0m [2mpm_acquisition::rtds[0m[2m:[0m RTDS silencieux 5911 ms → réabonnement
[2m2026-07-05T22:32:08.030083Z[0m [33m WARN[0m [2mpm_acquisition::rtds[0m[2m:[0m RTDS silencieux 5786 ms → réabonnement
[2m2026-07-05T22:32:14.029971Z[0m [33m WARN[0m [2mpm_acquisition::rtds[0m[2m:[0m RTDS silencieux 5782 ms → réabonnement
[2m2026-07-05T22:32:20.030603Z[0m [33m WARN[0m [2mpm_acquisition::rtds[0m[2m:[0m RTDS silencieux 5868 ms → réabonnement
[2m2026-07-05T22:32:26.030091Z[0m [33m WARN[0m [2mpm_acquisition::rtds[0m[2m:[0m RTDS silencieux 5852 ms → réabonnement
[2m2026-07-05T22:32:32.029494Z[0m [33m WARN[0m [2mpm_acquisition::rtds[0m[2m:[0m RTDS silencieux 5759 ms → réabonnement
[2m2026-07-05T22:32:37.779988Z[0m [32m INFO[0m [2mpm_bot[0m[2m:[0m résolution officielle btc-updown-5m-1783290300: Up — CONFIRME notre estimation ✓
[2m2026-07-05T22:32:37.780006Z[0m [32m INFO[0m [2mpm_acquisition::clob[0m[2m:[0m CLOB flux terminé (marché résolu/fermé)
[2m2026-07-05T22:32:38.029389Z[0m [33m WARN[0m [2mpm_acquisition::rtds[0m[2m:[0m RTDS silencieux 5851 ms → réabonnement
[2m2026-07-05T22:32:44.030261Z[0m [33m WARN[0m [2mpm_acquisition::rtds[0m[2m:[0m RTDS silencieux 5777 ms → réabonnement
[2m2026-07-05T22:32:50.030367Z[0m [33m WARN[0m [2mpm_acquisition::rtds[0m[2m:[0m RTDS silencieux 5867 ms → réabonnement
[2m2026-07-05T22:32:56.029678Z[0m [33m WARN[0m [2mpm_acquisition::rtds[0m[2m:[0m RTDS silencieux 5841 ms → réabonnement
[2m2026-07-05T22:33:02.029574Z[0m [33m WARN[0m [2mpm_acquisition::rtds[0m[2m:[0m RTDS silencieux 5846 ms → réabonnement
[2m2026-07-05T22:33:08.030376Z[0m [33m WARN[0m [2mpm_acquisition::rtds[0m[2m:[0m RTDS silencieux 5859 ms → réabonnement
[2m2026-07-05T22:33:14.029702Z[0m [33m WARN[0m [2mpm_acquisition::rtds[0m[2m:[0m RTDS silencieux 5674 ms → réabonnement
[2m2026-07-05T22:33:20.030544Z[0m [33m WARN[0m [2mpm_acquisition::rtds[0m[2m:[0m RTDS silencieux 5867 ms → réabonnement
[2m2026-07-05T22:33:26.030543Z[0m [33m WARN[0m [2mpm_acquisition::rtds[0m[2m:[0m RTDS silencieux 5569 ms → réabonnement
[2m2026-07-05T22:33:32.030310Z[0m [33m WARN[0m [2mpm_acquisition::rtds[0m[2m:[0m RTDS silencieux 5860 ms → réabonnement
[2m2026-07-05T22:33:38.030404Z[0m [33m WARN[0m [2mpm_acquisition::rtds[0m[2m:[0m RTDS silencieux 5710 ms → réabonnement
[2m2026-07-05T22:33:44.029486Z[0m [33m WARN[0m [2mpm_acquisition::rtds[0m[2m:[0m RTDS silencieux 5855 ms → réabonnement
[2m2026-07-05T22:33:50.029929Z[0m [33m WARN[0m [2mpm_acquisition::rtds[0m[2m:[0m RTDS silencieux 5774 ms → réabonnement
[2m2026-07-05T22:33:56.030117Z[0m [33m WARN[0m [2mpm_acquisition::rtds[0m[2m:[0m RTDS silencieux 5860 ms → réabonnement
[2m2026-07-05T22:34:02.029714Z[0m [33m WARN[0m [2mpm_acquisition::rtds[0m[2m:[0m RTDS silencieux 5694 ms → réabonnement
[2m2026-07-05T22:34:08.030243Z[0m [33m WARN[0m [2mpm_acquisition::rtds[0m[2m:[0m RTDS silencieux 5861 ms → réabonnement
[2m2026-07-05T22:34:14.029632Z[0m [33m WARN[0m [2mpm_acquisition::rtds[0m[2m:[0m RTDS silencieux 5769 ms → réabonnement
[2m2026-07-05T22:34:20.029821Z[0m [33m WARN[0m [2mpm_acquisition::rtds[0m[2m:[0m RTDS silencieux 5849 ms → réabonnement
[2m2026-07-05T22:34:26.030156Z[0m [33m WARN[0m [2mpm_acquisition::rtds[0m[2m:[0m RTDS silencieux 5730 ms → réabonnement
[2m2026-07-05T22:34:32.029917Z[0m [33m WARN[0m [2mpm_acquisition::rtds[0m[2m:[0m RTDS silencieux 5870 ms → réabonnement
[2m2026-07-05T22:34:38.030066Z[0m [33m WARN[0m [2mpm_acquisition::rtds[0m[2m:[0m RTDS silencieux 5849 ms → réabonnement
[2m2026-07-05T22:34:44.029651Z[0m [33m WARN[0m [2mpm_acquisition::rtds[0m[2m:[0m RTDS silencieux 5558 ms → réabonnement
[2m2026-07-05T22:34:50.029796Z[0m [33m WARN[0m [2mpm_acquisition::rtds[0m[2m:[0m RTDS silencieux 5667 ms → réabonnement
[2m2026-07-05T22:34:56.030104Z[0m [33m WARN[0m [2mpm_acquisition::rtds[0m[2m:[0m RTDS silencieux 5786 ms → réabonnement
[2m2026-07-05T22:35:02.030302Z[0m [33m WARN[0m [2mpm_acquisition::rtds[0m[2m:[0m RTDS silencieux 5640 ms → réabonnement
[2m2026-07-05T22:35:02.229938Z[0m [32m INFO[0m [2mpm_bot[0m[2m:[0m RÈGLEMENT btc-updown-5m-1783290600 | strike=Some("63515.02") issue=inconnue | PnL up=+0.00 down=+0.00 | taker=0 maker_fills=0 | PnL cumulé=+0.00
[2m2026-07-05T22:35:02.229989Z[0m [32m INFO[0m [2mpm_bot[0m[2m:[0m fenêtre active: btc-updown-5m-1783290900 [1783290900000 → 1783291200000]
[2m2026-07-05T22:35:02.740249Z[0m [32m INFO[0m [2mpm_acquisition::clob[0m[2m:[0m CLOB connecté (up=99030956…, down=84540907…)
[2m2026-07-05T22:35:08.029631Z[0m [33m WARN[0m [2mpm_acquisition::rtds[0m[2m:[0m RTDS silencieux 5832 ms → réabonnement
[2m2026-07-05T22:35:14.029787Z[0m [33m WARN[0m [2mpm_acquisition::rtds[0m[2m:[0m RTDS silencieux 5857 ms → réabonnement
[2m2026-07-05T22:35:20.030007Z[0m [33m WARN[0m [2mpm_acquisition::rtds[0m[2m:[0m RTDS silencieux 5666 ms → réabonnement
[2m2026-07-05T22:35:26.029641Z[0m [33m WARN[0m [2mpm_acquisition::rtds[0m[2m:[0m RTDS silencieux 5768 ms → réabonnement
[2m2026-07-05T22:35:32.030117Z[0m [33m WARN[0m [2mpm_acquisition::rtds[0m[2m:[0m RTDS silencieux 5788 ms → réabonnement
[2m2026-07-05T22:35:38.029874Z[0m [33m WARN[0m [2mpm_acquisition::rtds[0m[2m:[0m RTDS silencieux 5848 ms → réabonnement
[2m2026-07-05T22:35:44.030087Z[0m [33m WARN[0m [2mpm_acquisition::rtds[0m[2m:[0m RTDS silencieux 5728 ms → réabonnement
[2m2026-07-05T22:35:50.030648Z[0m [33m WARN[0m [2mpm_acquisition::rtds[0m[2m:[0m RTDS silencieux 5759 ms → réabonnement
[2m2026-07-05T22:35:56.030257Z[0m [33m WARN[0m [2mpm_acquisition::rtds[0m[2m:[0m RTDS silencieux 5674 ms → réabonnement
[2m2026-07-05T22:36:02.029406Z[0m [33m WARN[0m [2mpm_acquisition::rtds[0m[2m:[0m RTDS silencieux 5862 ms → réabonnement
[2m2026-07-05T22:36:08.030069Z[0m [33m WARN[0m [2mpm_acquisition::rtds[0m[2m:[0m RTDS silencieux 5859 ms → réabonnement
[2m2026-07-05T22:36:14.030296Z[0m [33m WARN[0m [2mpm_acquisition::rtds[0m[2m:[0m RTDS silencieux 5862 ms → réabonnement
[2m2026-07-05T22:36:20.030675Z[0m [33m WARN[0m [2mpm_acquisition::rtds[0m[2m:[0m RTDS silencieux 5866 ms → réabonnement
[2m2026-07-05T22:36:26.030080Z[0m [33m WARN[0m [2mpm_acquisition::rtds[0m[2m:[0m RTDS silencieux 5859 ms → réabonnement
[2m2026-07-05T22:36:32.030400Z[0m [33m WARN[0m [2mpm_acquisition::rtds[0m[2m:[0m RTDS silencieux 5781 ms → réabonnement
[2m2026-07-05T22:36:38.029980Z[0m [33m WARN[0m [2mpm_acquisition::rtds[0m[2m:[0m RTDS silencieux 5786 ms → réabonnement
[2m2026-07-05T22:36:44.030305Z[0m [33m WARN[0m [2mpm_acquisition::rtds[0m[2m:[0m RTDS silencieux 5750 ms → réabonnement
[2m2026-07-05T22:36:50.029927Z[0m [33m WARN[0m [2mpm_acquisition::rtds[0m[2m:[0m RTDS silencieux 5853 ms → réabonnement
[2m2026-07-05T22:36:54.826193Z[0m [32m INFO[0m [2mpm_bot[0m[2m:[0m résolution officielle btc-updown-5m-1783290600: Down (pas d'estimation locale)
[2m2026-07-05T22:36:54.826247Z[0m [32m INFO[0m [2mpm_acquisition::clob[0m[2m:[0m CLOB flux terminé (marché résolu/fermé)
[2m2026-07-05T22:36:56.029602Z[0m [33m WARN[0m [2mpm_acquisition::rtds[0m[2m:[0m RTDS silencieux 5665 ms → réabonnement
[2m2026-07-05T22:37:02.029922Z[0m [33m WARN[0m [2mpm_acquisition::rtds[0m[2m:[0m RTDS silencieux 5828 ms → réabonnement
[2m2026-07-05T22:37:08.029619Z[0m [33m WARN[0m [2mpm_acquisition::rtds[0m[2m:[0m RTDS silencieux 5774 ms → réabonnement
[2m2026-07-05T22:37:14.029557Z[0m [33m WARN[0m [2mpm_acquisition::rtds[0m[2m:[0m RTDS silencieux 5793 ms → réabonnement
[2m2026-07-05T22:37:20.029637Z[0m [33m WARN[0m [2mpm_acquisition::rtds[0m[2m:[0m RTDS silencieux 5806 ms → réabonnement
[2m2026-07-05T22:37:26.030001Z[0m [33m WARN[0m [2mpm_acquisition::rtds[0m[2m:[0m RTDS silencieux 5861 ms → réabonnement
[2m2026-07-05T22:37:32.029571Z[0m [33m WARN[0m [2mpm_acquisition::rtds[0m[2m:[0m RTDS silencieux 5858 ms → réabonnement
[2m2026-07-05T22:37:38.029875Z[0m [33m WARN[0m [2mpm_acquisition::rtds[0m[2m:[0m RTDS silencieux 5680 ms → réabonnement
[2m2026-07-05T22:37:44.029752Z[0m [33m WARN[0m [2mpm_acquisition::rtds[0m[2m:[0m RTDS silencieux 5741 ms → réabonnement
[2m2026-07-05T22:37:50.030462Z[0m [33m WARN[0m [2mpm_acquisition::rtds[0m[2m:[0m RTDS silencieux 5863 ms → réabonnement
[2m2026-07-05T22:37:56.029827Z[0m [33m WARN[0m [2mpm_acquisition::rtds[0m[2m:[0m RTDS silencieux 5858 ms → réabonnement
[2m2026-07-05T22:38:02.029580Z[0m [33m WARN[0m [2mpm_acquisition::rtds[0m[2m:[0m RTDS silencieux 5711 ms → réabonnement
[2m2026-07-05T22:38:08.030322Z[0m [33m WARN[0m [2mpm_acquisition::rtds[0m[2m:[0m RTDS silencieux 5820 ms → réabonnement
[2m2026-07-05T22:38:14.029437Z[0m [33m WARN[0m [2mpm_acquisition::rtds[0m[2m:[0m RTDS silencieux 5811 ms → réabonnement
[2m2026-07-05T22:38:20.030220Z[0m [33m WARN[0m [2mpm_acquisition::rtds[0m[2m:[0m RTDS silencieux 5857 ms → réabonnement
[2m2026-07-05T22:38:26.029659Z[0m [33m WARN[0m [2mpm_acquisition::rtds[0m[2m:[0m RTDS silencieux 5757 ms → réabonnement
[2m2026-07-05T22:38:32.030133Z[0m [33m WARN[0m [2mpm_acquisition::rtds[0m[2m:[0m RTDS silencieux 5715 ms → réabonnement
[2m2026-07-05T22:38:38.029890Z[0m [33m WARN[0m [2mpm_acquisition::rtds[0m[2m:[0m RTDS silencieux 5723 ms → réabonnement
[2m2026-07-05T22:38:44.030358Z[0m [33m WARN[0m [2mpm_acquisition::rtds[0m[2m:[0m RTDS silencieux 5860 ms → réabonnement
[2m2026-07-05T22:38:50.030260Z[0m [33m WARN[0m [2mpm_acquisition::rtds[0m[2m:[0m RTDS silencieux 5858 ms → réabonnement
[2m2026-07-05T22:38:56.030225Z[0m [33m WARN[0m [2mpm_acquisition::rtds[0m[2m:[0m RTDS silencieux 5804 ms → réabonnement
[2m2026-07-05T22:39:02.029446Z[0m [33m WARN[0m [2mpm_acquisition::rtds[0m[2m:[0m RTDS silencieux 5858 ms → réabonnement
[2m2026-07-05T22:39:08.029637Z[0m [33m WARN[0m [2mpm_acquisition::rtds[0m[2m:[0m RTDS silencieux 5858 ms → réabonnement
[2m2026-07-05T22:39:14.030585Z[0m [33m WARN[0m [2mpm_acquisition::rtds[0m[2m:[0m RTDS silencieux 5862 ms → réabonnement
[2m2026-07-05T22:39:20.029675Z[0m [33m WARN[0m [2mpm_acquisition::rtds[0m[2m:[0m RTDS silencieux 5861 ms → réabonnement
[2m2026-07-05T22:39:26.029340Z[0m [33m WARN[0m [2mpm_acquisition::rtds[0m[2m:[0m RTDS silencieux 5866 ms → réabonnement
[2m2026-07-05T22:39:32.029847Z[0m [33m WARN[0m [2mpm_acquisition::rtds[0m[2m:[0m RTDS silencieux 5856 ms → réabonnement
[2m2026-07-05T22:39:38.029758Z[0m [33m WARN[0m [2mpm_acquisition::rtds[0m[2m:[0m RTDS silencieux 5666 ms → réabonnement
[2m2026-07-05T22:39:44.029807Z[0m [33m WARN[0m [2mpm_acquisition::rtds[0m[2m:[0m RTDS silencieux 5858 ms → réabonnement
[2m2026-07-05T22:39:50.030116Z[0m [33m WARN[0m [2mpm_acquisition::rtds[0m[2m:[0m RTDS silencieux 5839 ms → réabonnement
[2m2026-07-05T22:39:56.029544Z[0m [33m WARN[0m [2mpm_acquisition::rtds[0m[2m:[0m RTDS silencieux 5849 ms → réabonnement
[2m2026-07-05T22:40:02.030122Z[0m [33m WARN[0m [2mpm_acquisition::rtds[0m[2m:[0m RTDS silencieux 5844 ms → réabonnement
[2m2026-07-05T22:40:02.340990Z[0m [32m INFO[0m [2mpm_bot[0m[2m:[0m RÈGLEMENT btc-updown-5m-1783290900 | strike=Some("63515.02") issue=inconnue | PnL up=+0.00 down=+0.00 | taker=0 maker_fills=0 | PnL cumulé=+0.00
[2m2026-07-05T22:40:02.341077Z[0m [32m INFO[0m [2mpm_bot[0m[2m:[0m fenêtre active: btc-updown-5m-1783291200 [1783291200000 → 1783291500000]
[2m2026-07-05T22:40:02.950506Z[0m [32m INFO[0m [2mpm_acquisition::clob[0m[2m:[0m CLOB connecté (up=59940244…, down=10493624…)
[2m2026-07-05T22:40:08.029784Z[0m [33m WARN[0m [2mpm_acquisition::rtds[0m[2m:[0m RTDS silencieux 5765 ms → réabonnement
[2m2026-07-05T22:40:14.029777Z[0m [33m WARN[0m [2mpm_acquisition::rtds[0m[2m:[0m RTDS silencieux 5721 ms → réabonnement
[2m2026-07-05T22:40:20.029548Z[0m [33m WARN[0m [2mpm_acquisition::rtds[0m[2m:[0m RTDS silencieux 5782 ms → réabonnement
[2m2026-07-05T22:40:26.030415Z[0m [33m WARN[0m [2mpm_acquisition::rtds[0m[2m:[0m RTDS silencieux 5845 ms → réabonnement
[2m2026-07-05T22:40:31.536139Z[0m [33m WARN[0m [2mpm_acquisition::watchdog[0m[2m:[0m flux clob stale (6023 ms de silence)
[2m2026-07-05T22:40:31.536203Z[0m [33m WARN[0m [2mpm_bot[0m[2m:[0m FEED STALE: clob silencieux 6023 ms
[2m2026-07-05T22:40:33.030062Z[0m [33m WARN[0m [2mpm_acquisition::rtds[0m[2m:[0m RTDS erreur: RTDS silencieux 12844 ms malgré réabonnement → reconnexion forcée
[2m2026-07-05T22:40:41.105281Z[0m [32m INFO[0m [2mpm_acquisition::rtds[0m[2m:[0m RTDS connecté
[2m2026-07-05T22:40:42.158927Z[0m [32m INFO[0m [2mpm_bot[0m[2m:[0m strike gelé: Some(63515.01574) (confidence=0.000, gap=Some(707000) ms)
[2m2026-07-05T22:43:34.414942Z[0m [32m INFO[0m [2mpm_bot[0m[2m:[0m résolution officielle btc-updown-5m-1783290900: Up (pas d'estimation locale)
[2m2026-07-05T22:43:34.415002Z[0m [32m INFO[0m [2mpm_acquisition::clob[0m[2m:[0m CLOB flux terminé (marché résolu/fermé)
[2m2026-07-05T22:45:02.505510Z[0m [32m INFO[0m [2mpm_bot[0m[2m:[0m RÈGLEMENT btc-updown-5m-1783291200 | strike=Some("63515.02") issue=inconnue | PnL up=+0.00 down=+0.00 | taker=0 maker_fills=0 | PnL cumulé=+0.00
[2m2026-07-05T22:45:02.505567Z[0m [32m INFO[0m [2mpm_bot[0m[2m:[0m fenêtre active: btc-updown-5m-1783291500 [1783291500000 → 1783291800000]
[2m2026-07-05T22:45:02.505641Z[0m [32m INFO[0m [2mpm_bot[0m[2m:[0m strike gelé: Some(63504.85493) (confidence=1.000, gap=Some(0) ms)
[2m2026-07-05T22:45:03.017251Z[0m [32m INFO[0m [2mpm_acquisition::clob[0m[2m:[0m CLOB connecté (up=21339149…, down=12639501…)
[2m2026-07-05T22:46:54.071524Z[0m [32m INFO[0m [2mpm_bot[0m[2m:[0m résolution officielle btc-updown-5m-1783291200: Down (pas d'estimation locale)
[2m2026-07-05T22:46:54.071573Z[0m [32m INFO[0m [2mpm_acquisition::clob[0m[2m:[0m CLOB flux terminé (marché résolu/fermé)
[2m2026-07-05T22:50:02.493255Z[0m [32m INFO[0m [2mpm_bot[0m[2m:[0m RÈGLEMENT btc-updown-5m-1783291500 | strike=Some("63504.85") issue=Up (estimé) | PnL up=+0.00 down=+0.00 | taker=0 maker_fills=0 | PnL cumulé=+0.00
[2m2026-07-05T22:50:02.493311Z[0m [32m INFO[0m [2mpm_bot[0m[2m:[0m fenêtre active: btc-updown-5m-1783291800 [1783291800000 → 1783292100000]
[2m2026-07-05T22:50:02.493364Z[0m [32m INFO[0m [2mpm_bot[0m[2m:[0m strike gelé: Some(63518.40885555019) (confidence=1.000, gap=Some(0) ms)
[2m2026-07-05T22:50:02.951941Z[0m [32m INFO[0m [2mpm_acquisition::clob[0m[2m:[0m CLOB connecté (up=10463926…, down=44096079…)
[2m2026-07-05T22:52:04.503580Z[0m [32m INFO[0m [2mpm_bot[0m[2m:[0m résolution officielle btc-updown-5m-1783291500: Up — CONFIRME notre estimation ✓
[2m2026-07-05T22:52:04.503646Z[0m [32m INFO[0m [2mpm_acquisition::clob[0m[2m:[0m CLOB flux terminé (marché résolu/fermé)
[2m2026-07-05T22:53:21.536120Z[0m [32m INFO[0m [2mpm_bot[0m[2m:[0m TAKER: UP (z=3.12 p=0.999 ask=0.750 avg=0.757 tau=98s)
[2m2026-07-05T22:53:21.536149Z[0m [32m INFO[0m [2mexecution[0m[2m:[0m [DRY-RUN] dryrun-0 Buy 10463926 x 332 @ 0.767 (Fak)
[2m2026-07-05T22:55:02.475835Z[0m [32m INFO[0m [2mpm_bot[0m[2m:[0m RÈGLEMENT btc-updown-5m-1783291800 | strike=Some("63518.41") issue=Up (estimé) | PnL up=+80.83 down=+0.00 | taker=1 maker_fills=0 | PnL cumulé=+80.83
[2m2026-07-05T22:55:02.475905Z[0m [32m INFO[0m [2mpm_bot[0m[2m:[0m fenêtre active: btc-updown-5m-1783292100 [1783292100000 → 1783292400000]
[2m2026-07-05T22:55:02.476009Z[0m [32m INFO[0m [2mpm_bot[0m[2m:[0m strike gelé: Some(63574.41566460003) (confidence=1.000, gap=Some(0) ms)
[2m2026-07-05T22:55:02.783368Z[0m [32m INFO[0m [2mpm_acquisition::clob[0m[2m:[0m CLOB connecté (up=11072723…, down=82304741…)
[2m2026-07-05T22:57:34.534332Z[0m [32m INFO[0m [2mpm_bot[0m[2m:[0m résolution officielle btc-updown-5m-1783291800: Up — CONFIRME notre estimation ✓
[2m2026-07-05T22:57:34.534387Z[0m [32m INFO[0m [2mpm_acquisition::clob[0m[2m:[0m CLOB flux terminé (marché résolu/fermé)
[2m2026-07-05T23:00:02.393456Z[0m [32m INFO[0m [2mpm_bot[0m[2m:[0m RÈGLEMENT btc-updown-5m-1783292100 | strike=Some("63574.42") issue=Up (estimé) | PnL up=+0.00 down=+0.00 | taker=0 maker_fills=0 | PnL cumulé=+80.83
[2m2026-07-05T23:00:02.393494Z[0m [32m INFO[0m [2mpm_bot[0m[2m:[0m fenêtre active: btc-updown-5m-1783292400 [1783292400000 → 1783292700000]
[2m2026-07-05T23:00:02.393545Z[0m [32m INFO[0m [2mpm_bot[0m[2m:[0m strike gelé: Some(63678.62160230284) (confidence=1.000, gap=Some(0) ms)
[2m2026-07-05T23:00:02.800538Z[0m [32m INFO[0m [2mpm_acquisition::clob[0m[2m:[0m CLOB connecté (up=16614050…, down=45297471…)
[2m2026-07-05T23:03:37.575166Z[0m [32m INFO[0m [2mpm_bot[0m[2m:[0m résolution officielle btc-updown-5m-1783292100: Up — CONFIRME notre estimation ✓
[2m2026-07-05T23:03:37.575166Z[0m [32m INFO[0m [2mpm_acquisition::clob[0m[2m:[0m CLOB flux terminé (marché résolu/fermé)
[2m2026-07-05T23:05:02.652438Z[0m [32m INFO[0m [2mpm_bot[0m[2m:[0m RÈGLEMENT btc-updown-5m-1783292400 | strike=Some("63678.62") issue=Up (estimé) | PnL up=+0.00 down=+0.00 | taker=0 maker_fills=0 | PnL cumulé=+80.83
[2m2026-07-05T23:05:02.652512Z[0m [32m INFO[0m [2mpm_bot[0m[2m:[0m fenêtre active: btc-updown-5m-1783292700 [1783292700000 → 1783293000000]
[2m2026-07-05T23:05:02.652617Z[0m [32m INFO[0m [2mpm_bot[0m[2m:[0m strike gelé: Some(63769.06202502186) (confidence=1.000, gap=Some(0) ms)
[2m2026-07-05T23:05:03.165448Z[0m [32m INFO[0m [2mpm_acquisition::clob[0m[2m:[0m CLOB connecté (up=51994324…, down=97121649…)
[2m2026-07-05T23:06:55.048341Z[0m [32m INFO[0m [2mpm_bot[0m[2m:[0m résolution officielle btc-updown-5m-1783292400: Up — CONFIRME notre estimation ✓
[2m2026-07-05T23:06:55.048396Z[0m [32m INFO[0m [2mpm_acquisition::clob[0m[2m:[0m CLOB flux terminé (marché résolu/fermé)
[2m2026-07-05T23:10:02.364076Z[0m [32m INFO[0m [2mpm_bot[0m[2m:[0m RÈGLEMENT btc-updown-5m-1783292700 | strike=Some("63769.06") issue=Down (estimé) | PnL up=+0.00 down=+0.00 | taker=0 maker_fills=0 | PnL cumulé=+80.83
[2m2026-07-05T23:10:02.364128Z[0m [32m INFO[0m [2mpm_bot[0m[2m:[0m fenêtre active: btc-updown-5m-1783293000 [1783293000000 → 1783293300000]
[2m2026-07-05T23:10:02.364210Z[0m [32m INFO[0m [2mpm_bot[0m[2m:[0m strike gelé: Some(63742.53796317272) (confidence=1.000, gap=Some(0) ms)
[2m2026-07-05T23:10:02.767733Z[0m [32m INFO[0m [2mpm_acquisition::clob[0m[2m:[0m CLOB connecté (up=85695982…, down=35899291…)
[2m2026-07-05T23:11:27.522417Z[0m [32m INFO[0m [2mpm_bot[0m[2m:[0m résolution officielle btc-updown-5m-1783292700: Down — CONFIRME notre estimation ✓
[2m2026-07-05T23:11:27.522509Z[0m [32m INFO[0m [2mpm_acquisition::clob[0m[2m:[0m CLOB flux terminé (marché résolu/fermé)
[2m2026-07-05T23:12:54.535458Z[0m [33m WARN[0m [2mpm_acquisition::watchdog[0m[2m:[0m flux rtds stale (6399 ms de silence)
[2m2026-07-05T23:12:54.535532Z[0m [33m WARN[0m [2mpm_bot[0m[2m:[0m FEED STALE: rtds silencieux 6399 ms
[2m2026-07-05T23:12:55.106863Z[0m [33m WARN[0m [2mpm_acquisition::rtds[0m[2m:[0m RTDS silencieux 5502 ms → réabonnement
