[2m2026-07-05T01:22:46.450057Z[0m [32m INFO[0m [2mpm_bot[0m[2m:[0m pm-bot démarre (PAPER mode) — archives: /home/user/rustfactor/polymarket-btc5m-bot/data_v2/camp_20260705T012246
[2m2026-07-05T01:22:46.454453Z[0m [32m INFO[0m [2mpm_bot[0m[2m:[0m aucun fichier de config (./config.toml) — défauts calibrés
[2m2026-07-05T01:22:46.454548Z[0m [32m INFO[0m [2mpm_bot[0m[2m:[0m [config] [taker]
[2m2026-07-05T01:22:46.454551Z[0m [32m INFO[0m [2mpm_bot[0m[2m:[0m [config] min_edge = 0.06
[2m2026-07-05T01:22:46.454552Z[0m [32m INFO[0m [2mpm_bot[0m[2m:[0m [config] min_abs_z = 2.5
[2m2026-07-05T01:22:46.454554Z[0m [32m INFO[0m [2mpm_bot[0m[2m:[0m [config] min_strike_confidence = 0.8
[2m2026-07-05T01:22:46.454555Z[0m [32m INFO[0m [2mpm_bot[0m[2m:[0m [config] max_spot_age_ms = 3000
[2m2026-07-05T01:22:46.454556Z[0m [32m INFO[0m [2mpm_bot[0m[2m:[0m [config] min_elapsed_s = 10.0
[2m2026-07-05T01:22:46.454558Z[0m [32m INFO[0m [2mpm_bot[0m[2m:[0m [config] min_tau_s = 3.0
[2m2026-07-05T01:22:46.454559Z[0m [32m INFO[0m [2mpm_bot[0m[2m:[0m [config] cost_buffer = 0.01
[2m2026-07-05T01:22:46.454560Z[0m [32m INFO[0m [2mpm_bot[0m[2m:[0m [config] kelly_fraction = 0.25
[2m2026-07-05T01:22:46.454561Z[0m [32m INFO[0m [2mpm_bot[0m[2m:[0m [config] bankroll = 1000.0
[2m2026-07-05T01:22:46.454563Z[0m [32m INFO[0m [2mpm_bot[0m[2m:[0m [config] max_notional = 250.0
[2m2026-07-05T01:22:46.454564Z[0m [32m INFO[0m [2mpm_bot[0m[2m:[0m [config] max_slippage = 0.02
[2m2026-07-05T01:22:46.454565Z[0m [32m INFO[0m [2mpm_bot[0m[2m:[0m [config] max_entry_price = 0.75
[2m2026-07-05T01:22:46.454566Z[0m [32m INFO[0m [2mpm_bot[0m[2m:[0m [config] 
[2m2026-07-05T01:22:46.454567Z[0m [32m INFO[0m [2mpm_bot[0m[2m:[0m [config] [maker]
[2m2026-07-05T01:22:46.454568Z[0m [32m INFO[0m [2mpm_bot[0m[2m:[0m [config] min_quote_price = 0.15
[2m2026-07-05T01:22:46.454569Z[0m [32m INFO[0m [2mpm_bot[0m[2m:[0m [config] max_quote_price = 0.85
[2m2026-07-05T01:22:46.454571Z[0m [32m INFO[0m [2mpm_bot[0m[2m:[0m [config] edge_margin = 0.03
[2m2026-07-05T01:22:46.454572Z[0m [32m INFO[0m [2mpm_bot[0m[2m:[0m [config] take_profit = 0.08
[2m2026-07-05T01:22:46.454573Z[0m [32m INFO[0m [2mpm_bot[0m[2m:[0m [config] stop_loss = 0.1
[2m2026-07-05T01:22:46.454574Z[0m [32m INFO[0m [2mpm_bot[0m[2m:[0m [config] quote_size = 50.0
[2m2026-07-05T01:22:46.454575Z[0m [32m INFO[0m [2mpm_bot[0m[2m:[0m [config] max_inventory = 150.0
[2m2026-07-05T01:22:46.454576Z[0m [32m INFO[0m [2mpm_bot[0m[2m:[0m [config] min_tau_open_s = 60.0
[2m2026-07-05T01:22:46.454578Z[0m [32m INFO[0m [2mpm_bot[0m[2m:[0m [config] min_tau_flat_s = 25.0
[2m2026-07-05T01:22:46.454579Z[0m [32m INFO[0m [2mpm_bot[0m[2m:[0m [config] max_abs_z_quote = 2.5
[2m2026-07-05T01:22:46.454580Z[0m [32m INFO[0m [2mpm_bot[0m[2m:[0m [config] sigma_panic_per_sqrt_s = 0.0005
[2m2026-07-05T01:22:46.454581Z[0m [32m INFO[0m [2mpm_bot[0m[2m:[0m [config] min_strike_confidence = 0.8
[2m2026-07-05T01:22:46.454582Z[0m [32m INFO[0m [2mpm_bot[0m[2m:[0m [config] max_spot_age_ms = 3000
[2m2026-07-05T01:22:46.454583Z[0m [32m INFO[0m [2mpm_bot[0m[2m:[0m [config] 
[2m2026-07-05T01:22:46.454585Z[0m [32m INFO[0m [2mpm_bot[0m[2m:[0m [config] [modele]
[2m2026-07-05T01:22:46.454586Z[0m [32m INFO[0m [2mpm_bot[0m[2m:[0m [config] sigma_floor_per_sqrt_s = 0.00005
[2m2026-07-05T01:22:46.454587Z[0m [32m INFO[0m [2mpm_bot[0m[2m:[0m [config] tau_floor_s = 1.0
[2m2026-07-05T01:22:46.454588Z[0m [32m INFO[0m [2mpm_bot[0m[2m:[0m [config] drift_snr_min = 0.25
[2m2026-07-05T01:22:46.454589Z[0m [32m INFO[0m [2mpm_bot[0m[2m:[0m [config] max_drift_z = 2.0
[2m2026-07-05T01:22:46.454590Z[0m [32m INFO[0m [2mpm_bot[0m[2m:[0m [config] 
[2m2026-07-05T01:22:46.454591Z[0m [32m INFO[0m [2mpm_bot[0m[2m:[0m [config] [volatilite]
[2m2026-07-05T01:22:46.454593Z[0m [32m INFO[0m [2mpm_bot[0m[2m:[0m [config] ewma_half_life_s = 60.0
[2m2026-07-05T01:22:46.454600Z[0m [32m INFO[0m [2mpm_bot[0m[2m:[0m [config] retention_s = 1800
[2m2026-07-05T01:22:46.454602Z[0m [32m INFO[0m [2mpm_bot[0m[2m:[0m [config] min_dt_ms = 10
[2m2026-07-05T01:22:46.454603Z[0m [32m INFO[0m [2mpm_bot[0m[2m:[0m [config] 
[2m2026-07-05T01:22:46.454604Z[0m [32m INFO[0m [2mpm_bot[0m[2m:[0m [config] [moteur]
[2m2026-07-05T01:22:46.454605Z[0m [32m INFO[0m [2mpm_bot[0m[2m:[0m [config] decision_step_ms = 250
[2m2026-07-05T01:22:46.454606Z[0m [32m INFO[0m [2mpm_bot[0m[2m:[0m [config] watchdog_stale_ms = 6000
[2m2026-07-05T01:22:46.454607Z[0m [32m INFO[0m [2mpm_bot[0m[2m:[0m [config] clob_grace_s = 180
[2m2026-07-05T01:22:46.454609Z[0m [32m INFO[0m [2mpm_bot[0m[2m:[0m [config] gamma_lookahead = 5
[2m2026-07-05T01:22:46.454610Z[0m [32m INFO[0m [2mpm_bot[0m[2m:[0m [config] retention_ticks_s = 2400
[2m2026-07-05T01:22:46.845510Z[0m [32m INFO[0m [2mpm_bot[0m[2m:[0m fenêtre active: btc-updown-5m-1783214400 [1783214400000 → 1783214700000]
[2m2026-07-05T01:22:47.423655Z[0m [32m INFO[0m [2mpm_acquisition::rtds[0m[2m:[0m RTDS connecté
[2m2026-07-05T01:22:47.458568Z[0m [32m INFO[0m [2mpm_acquisition::clob[0m[2m:[0m CLOB connecté (up=62017125…, down=96855307…)
[2m2026-07-05T01:22:48.973045Z[0m [32m INFO[0m [2mpm_bot[0m[2m:[0m strike gelé: Some(62814.008851211926) (confidence=0.000, gap=Some(168000) ms)
[2m2026-07-05T01:25:02.392766Z[0m [32m INFO[0m [2mpm_bot[0m[2m:[0m RÈGLEMENT btc-updown-5m-1783214400 | strike=Some("62814.01") issue=Down (estimé) | PnL up=+0.00 down=+0.00 | taker=0 maker_fills=0 | PnL cumulé=+0.00
[2m2026-07-05T01:25:02.392876Z[0m [32m INFO[0m [2mpm_bot[0m[2m:[0m fenêtre active: btc-updown-5m-1783214700 [1783214700000 → 1783215000000]
[2m2026-07-05T01:25:02.392896Z[0m [32m INFO[0m [2mpm_bot[0m[2m:[0m strike gelé: Some(62797.54327993731) (confidence=1.000, gap=Some(0) ms)
[2m2026-07-05T01:25:02.969906Z[0m [32m INFO[0m [2mpm_acquisition::clob[0m[2m:[0m CLOB connecté (up=76799373…, down=33333185…)
[2m2026-07-05T01:26:59.937327Z[0m [32m INFO[0m [2mpm_bot[0m[2m:[0m résolution officielle btc-updown-5m-1783214400: Down — CONFIRME notre estimation ✓
[2m2026-07-05T01:26:59.937422Z[0m [32m INFO[0m [2mpm_acquisition::clob[0m[2m:[0m CLOB flux terminé (marché résolu/fermé)
[2m2026-07-05T01:30:02.416668Z[0m [32m INFO[0m [2mpm_bot[0m[2m:[0m RÈGLEMENT btc-updown-5m-1783214700 | strike=Some("62797.54") issue=Up (estimé) | PnL up=+0.00 down=+0.00 | taker=0 maker_fills=0 | PnL cumulé=+0.00
[2m2026-07-05T01:30:02.416702Z[0m [32m INFO[0m [2mpm_bot[0m[2m:[0m fenêtre active: btc-updown-5m-1783215000 [1783215000000 → 1783215300000]
[2m2026-07-05T01:30:02.416726Z[0m [32m INFO[0m [2mpm_bot[0m[2m:[0m strike gelé: Some(62886.11319073745) (confidence=1.000, gap=Some(0) ms)
[2m2026-07-05T01:30:03.020788Z[0m [32m INFO[0m [2mpm_acquisition::clob[0m[2m:[0m CLOB connecté (up=52379926…, down=10972806…)
[2m2026-07-05T01:32:03.752935Z[0m [32m INFO[0m [2mpm_bot[0m[2m:[0m résolution officielle btc-updown-5m-1783214700: Up — CONFIRME notre estimation ✓
[2m2026-07-05T01:32:03.753027Z[0m [32m INFO[0m [2mpm_acquisition::clob[0m[2m:[0m CLOB flux terminé (marché résolu/fermé)
[2m2026-07-05T01:35:02.403387Z[0m [32m INFO[0m [2mpm_bot[0m[2m:[0m RÈGLEMENT btc-updown-5m-1783215000 | strike=Some("62886.11") issue=Down (estimé) | PnL up=+0.00 down=+0.00 | taker=0 maker_fills=0 | PnL cumulé=+0.00
[2m2026-07-05T01:35:02.403422Z[0m [32m INFO[0m [2mpm_bot[0m[2m:[0m fenêtre active: btc-updown-5m-1783215300 [1783215300000 → 1783215600000]
[2m2026-07-05T01:35:02.403452Z[0m [32m INFO[0m [2mpm_bot[0m[2m:[0m strike gelé: Some(62765.21337467753) (confidence=1.000, gap=Some(0) ms)
[2m2026-07-05T01:35:02.976606Z[0m [32m INFO[0m [2mpm_acquisition::clob[0m[2m:[0m CLOB connecté (up=10692973…, down=36971168…)
[2m2026-07-05T01:37:30.016387Z[0m [32m INFO[0m [2mpm_bot[0m[2m:[0m résolution officielle btc-updown-5m-1783215000: Down — CONFIRME notre estimation ✓
[2m2026-07-05T01:37:30.016484Z[0m [32m INFO[0m [2mpm_acquisition::clob[0m[2m:[0m CLOB flux terminé (marché résolu/fermé)
[2m2026-07-05T01:40:02.396079Z[0m [32m INFO[0m [2mpm_bot[0m[2m:[0m RÈGLEMENT btc-updown-5m-1783215300 | strike=Some("62765.21") issue=Up (estimé) | PnL up=+0.00 down=+0.00 | taker=0 maker_fills=0 | PnL cumulé=+0.00
[2m2026-07-05T01:40:02.396113Z[0m [32m INFO[0m [2mpm_bot[0m[2m:[0m fenêtre active: btc-updown-5m-1783215600 [1783215600000 → 1783215900000]
[2m2026-07-05T01:40:02.396165Z[0m [32m INFO[0m [2mpm_bot[0m[2m:[0m strike gelé: Some(62798.438815181646) (confidence=1.000, gap=Some(0) ms)
[2m2026-07-05T01:40:03.060055Z[0m [32m INFO[0m [2mpm_acquisition::clob[0m[2m:[0m CLOB connecté (up=21446261…, down=10294534…)
[2m2026-07-05T01:42:05.914320Z[0m [32m INFO[0m [2mpm_bot[0m[2m:[0m résolution officielle btc-updown-5m-1783215300: Up — CONFIRME notre estimation ✓
[2m2026-07-05T01:42:05.914395Z[0m [32m INFO[0m [2mpm_acquisition::clob[0m[2m:[0m CLOB flux terminé (marché résolu/fermé)
[2m2026-07-05T01:45:02.377266Z[0m [32m INFO[0m [2mpm_bot[0m[2m:[0m RÈGLEMENT btc-updown-5m-1783215600 | strike=Some("62798.44") issue=Up (estimé) | PnL up=+0.00 down=+0.00 | taker=0 maker_fills=0 | PnL cumulé=+0.00
[2m2026-07-05T01:45:02.377299Z[0m [32m INFO[0m [2mpm_bot[0m[2m:[0m fenêtre active: btc-updown-5m-1783215900 [1783215900000 → 1783216200000]
[2m2026-07-05T01:45:02.377327Z[0m [32m INFO[0m [2mpm_bot[0m[2m:[0m strike gelé: Some(62813.486305829545) (confidence=1.000, gap=Some(0) ms)
[2m2026-07-05T01:45:02.952058Z[0m [32m INFO[0m [2mpm_acquisition::clob[0m[2m:[0m CLOB connecté (up=98414510…, down=55898135…)
[2m2026-07-05T01:47:29.869048Z[0m [32m INFO[0m [2mpm_bot[0m[2m:[0m résolution officielle btc-updown-5m-1783215600: Up — CONFIRME notre estimation ✓
[2m2026-07-05T01:47:29.869205Z[0m [32m INFO[0m [2mpm_acquisition::clob[0m[2m:[0m CLOB flux terminé (marché résolu/fermé)
[2m2026-07-05T01:50:02.407084Z[0m [32m INFO[0m [2mpm_bot[0m[2m:[0m RÈGLEMENT btc-updown-5m-1783215900 | strike=Some("62813.49") issue=Down (estimé) | PnL up=+0.00 down=+0.00 | taker=0 maker_fills=0 | PnL cumulé=+0.00
[2m2026-07-05T01:50:02.407115Z[0m [32m INFO[0m [2mpm_bot[0m[2m:[0m fenêtre active: btc-updown-5m-1783216200 [1783216200000 → 1783216500000]
[2m2026-07-05T01:50:02.407145Z[0m [32m INFO[0m [2mpm_bot[0m[2m:[0m strike gelé: Some(62796.846693425054) (confidence=1.000, gap=Some(0) ms)
[2m2026-07-05T01:50:02.972666Z[0m [32m INFO[0m [2mpm_acquisition::clob[0m[2m:[0m CLOB connecté (up=66897978…, down=55677479…)
[2m2026-07-05T01:51:21.635943Z[0m [32m INFO[0m [2mpm_bot[0m[2m:[0m résolution officielle btc-updown-5m-1783215900: Down — CONFIRME notre estimation ✓
[2m2026-07-05T01:51:21.636017Z[0m [32m INFO[0m [2mpm_acquisition::clob[0m[2m:[0m CLOB flux terminé (marché résolu/fermé)
[2m2026-07-05T01:55:02.414400Z[0m [32m INFO[0m [2mpm_bot[0m[2m:[0m RÈGLEMENT btc-updown-5m-1783216200 | strike=Some("62796.85") issue=Up (estimé) | PnL up=+0.00 down=+0.00 | taker=0 maker_fills=0 | PnL cumulé=+0.00
[2m2026-07-05T01:55:02.414432Z[0m [32m INFO[0m [2mpm_bot[0m[2m:[0m fenêtre active: btc-updown-5m-1783216500 [1783216500000 → 1783216800000]
[2m2026-07-05T01:55:02.414462Z[0m [32m INFO[0m [2mpm_bot[0m[2m:[0m strike gelé: Some(62834.275355168495) (confidence=1.000, gap=Some(0) ms)
[2m2026-07-05T01:55:02.992151Z[0m [32m INFO[0m [2mpm_acquisition::clob[0m[2m:[0m CLOB connecté (up=17954965…, down=22636606…)
[2m2026-07-05T01:56:22.500239Z[0m [32m INFO[0m [2mpm_bot[0m[2m:[0m résolution officielle btc-updown-5m-1783216200: Up — CONFIRME notre estimation ✓
[2m2026-07-05T01:56:22.500378Z[0m [32m INFO[0m [2mpm_acquisition::clob[0m[2m:[0m CLOB flux terminé (marché résolu/fermé)
[2m2026-07-05T02:00:02.396706Z[0m [32m INFO[0m [2mpm_bot[0m[2m:[0m RÈGLEMENT btc-updown-5m-1783216500 | strike=Some("62834.28") issue=Up (estimé) | PnL up=+0.00 down=+0.00 | taker=0 maker_fills=0 | PnL cumulé=+0.00
[2m2026-07-05T02:00:02.396754Z[0m [32m INFO[0m [2mpm_bot[0m[2m:[0m fenêtre active: btc-updown-5m-1783216800 [1783216800000 → 1783217100000]
[2m2026-07-05T02:00:02.396796Z[0m [32m INFO[0m [2mpm_bot[0m[2m:[0m strike gelé: Some(62836.375561942295) (confidence=1.000, gap=Some(0) ms)
[2m2026-07-05T02:00:03.004313Z[0m [32m INFO[0m [2mpm_acquisition::clob[0m[2m:[0m CLOB connecté (up=10232703…, down=11192450…)
[2m2026-07-05T02:01:23.792242Z[0m [32m INFO[0m [2mpm_bot[0m[2m:[0m résolution officielle btc-updown-5m-1783216500: Up — CONFIRME notre estimation ✓
[2m2026-07-05T02:01:23.792311Z[0m [32m INFO[0m [2mpm_acquisition::clob[0m[2m:[0m CLOB flux terminé (marché résolu/fermé)
[2m2026-07-05T02:03:12.205801Z[0m [32m INFO[0m [2mpm_bot[0m[2m:[0m TAKER: DOWN (z=-3.08 p=0.999 ask=0.720 avg=0.729 tau=108s)
[2m2026-07-05T02:03:12.205834Z[0m [32m INFO[0m [2mexecution[0m[2m:[0m [DRY-RUN] dryrun-0 Buy 11192450 x 345 @ 0.739 (Fak)
[2m2026-07-05T02:03:31.456511Z[0m [33m WARN[0m [2mpm_acquisition::watchdog[0m[2m:[0m flux rtds stale (6038 ms de silence)
[2m2026-07-05T02:03:31.456569Z[0m [33m WARN[0m [2mpm_bot[0m[2m:[0m FEED STALE: rtds silencieux 6038 ms
[2m2026-07-05T02:03:32.424940Z[0m [33m WARN[0m [2mpm_acquisition::rtds[0m[2m:[0m RTDS silencieux 5701 ms → réabonnement
[2m2026-07-05T02:05:02.378498Z[0m [32m INFO[0m [2mpm_bot[0m[2m:[0m RÈGLEMENT btc-updown-5m-1783216800 | strike=Some("62836.38") issue=Down (estimé) | PnL up=+0.00 down=+93.50 | taker=1 maker_fills=0 | PnL cumulé=+93.50
[2m2026-07-05T02:05:02.378531Z[0m [32m INFO[0m [2mpm_bot[0m[2m:[0m fenêtre active: btc-updown-5m-1783217100 [1783217100000 → 1783217400000]
[2m2026-07-05T02:05:02.378578Z[0m [32m INFO[0m [2mpm_bot[0m[2m:[0m strike gelé: Some(62772.157523124406) (confidence=1.000, gap=Some(0) ms)
[2m2026-07-05T02:05:02.967765Z[0m [32m INFO[0m [2mpm_acquisition::clob[0m[2m:[0m CLOB connecté (up=69238407…, down=10460754…)
[2m2026-07-05T02:07:01.082143Z[0m [32m INFO[0m [2mpm_bot[0m[2m:[0m résolution officielle btc-updown-5m-1783216800: Down — CONFIRME notre estimation ✓
[2m2026-07-05T02:07:01.082236Z[0m [32m INFO[0m [2mpm_acquisition::clob[0m[2m:[0m CLOB flux terminé (marché résolu/fermé)
[2m2026-07-05T02:10:02.461894Z[0m [32m INFO[0m [2mpm_bot[0m[2m:[0m RÈGLEMENT btc-updown-5m-1783217100 | strike=Some("62772.16") issue=Down (estimé) | PnL up=+0.00 down=+0.00 | taker=0 maker_fills=0 | PnL cumulé=+93.50
[2m2026-07-05T02:10:02.461989Z[0m [32m INFO[0m [2mpm_bot[0m[2m:[0m fenêtre active: btc-updown-5m-1783217400 [1783217400000 → 1783217700000]
[2m2026-07-05T02:10:02.462032Z[0m [32m INFO[0m [2mpm_bot[0m[2m:[0m strike gelé: Some(62735.11631431952) (confidence=1.000, gap=Some(0) ms)
[2m2026-07-05T02:10:03.060785Z[0m [32m INFO[0m [2mpm_acquisition::clob[0m[2m:[0m CLOB connecté (up=76475512…, down=85633079…)
[2m2026-07-05T02:12:34.113396Z[0m [32m INFO[0m [2mpm_bot[0m[2m:[0m résolution officielle btc-updown-5m-1783217100: Down — CONFIRME notre estimation ✓
[2m2026-07-05T02:12:34.113476Z[0m [32m INFO[0m [2mpm_acquisition::clob[0m[2m:[0m CLOB flux terminé (marché résolu/fermé)
