[2m2026-07-06T04:15:08.438324Z[0m [32m INFO[0m [2mpm_bot[0m[2m:[0m pm-bot démarre (PAPER mode) — archives: /home/clementbondaz-sanson/Documents/Projet code/rustfactor/polymarket-btc5m-bot/data_v2/camp_20260706T041508
[2m2026-07-06T04:15:08.441716Z[0m [32m INFO[0m [2mpm_bot[0m[2m:[0m aucun fichier de config (./config.toml) — défauts calibrés
[2m2026-07-06T04:15:08.441794Z[0m [32m INFO[0m [2mpm_bot[0m[2m:[0m [config] [taker]
[2m2026-07-06T04:15:08.441798Z[0m [32m INFO[0m [2mpm_bot[0m[2m:[0m [config] min_edge = 0.06
[2m2026-07-06T04:15:08.441801Z[0m [32m INFO[0m [2mpm_bot[0m[2m:[0m [config] min_abs_z = 2.5
[2m2026-07-06T04:15:08.441804Z[0m [32m INFO[0m [2mpm_bot[0m[2m:[0m [config] min_strike_confidence = 0.8
[2m2026-07-06T04:15:08.441807Z[0m [32m INFO[0m [2mpm_bot[0m[2m:[0m [config] max_spot_age_ms = 3000
[2m2026-07-06T04:15:08.441810Z[0m [32m INFO[0m [2mpm_bot[0m[2m:[0m [config] min_elapsed_s = 10.0
[2m2026-07-06T04:15:08.441813Z[0m [32m INFO[0m [2mpm_bot[0m[2m:[0m [config] min_tau_s = 3.0
[2m2026-07-06T04:15:08.441815Z[0m [32m INFO[0m [2mpm_bot[0m[2m:[0m [config] cost_buffer = 0.01
[2m2026-07-06T04:15:08.441818Z[0m [32m INFO[0m [2mpm_bot[0m[2m:[0m [config] kelly_fraction = 0.25
[2m2026-07-06T04:15:08.441821Z[0m [32m INFO[0m [2mpm_bot[0m[2m:[0m [config] bankroll = 1000.0
[2m2026-07-06T04:15:08.441824Z[0m [32m INFO[0m [2mpm_bot[0m[2m:[0m [config] max_notional = 250.0
[2m2026-07-06T04:15:08.441827Z[0m [32m INFO[0m [2mpm_bot[0m[2m:[0m [config] max_slippage = 0.02
[2m2026-07-06T04:15:08.441829Z[0m [32m INFO[0m [2mpm_bot[0m[2m:[0m [config] max_entry_price = 0.75
[2m2026-07-06T04:15:08.441832Z[0m [32m INFO[0m [2mpm_bot[0m[2m:[0m [config] 
[2m2026-07-06T04:15:08.441835Z[0m [32m INFO[0m [2mpm_bot[0m[2m:[0m [config] [maker]
[2m2026-07-06T04:15:08.441838Z[0m [32m INFO[0m [2mpm_bot[0m[2m:[0m [config] min_quote_price = 0.15
[2m2026-07-06T04:15:08.441841Z[0m [32m INFO[0m [2mpm_bot[0m[2m:[0m [config] max_quote_price = 0.85
[2m2026-07-06T04:15:08.441843Z[0m [32m INFO[0m [2mpm_bot[0m[2m:[0m [config] edge_margin = 0.03
[2m2026-07-06T04:15:08.441846Z[0m [32m INFO[0m [2mpm_bot[0m[2m:[0m [config] take_profit = 0.08
[2m2026-07-06T04:15:08.441849Z[0m [32m INFO[0m [2mpm_bot[0m[2m:[0m [config] stop_loss = 0.1
[2m2026-07-06T04:15:08.441852Z[0m [32m INFO[0m [2mpm_bot[0m[2m:[0m [config] quote_size = 50.0
[2m2026-07-06T04:15:08.441855Z[0m [32m INFO[0m [2mpm_bot[0m[2m:[0m [config] max_inventory = 150.0
[2m2026-07-06T04:15:08.441857Z[0m [32m INFO[0m [2mpm_bot[0m[2m:[0m [config] min_tau_open_s = 60.0
[2m2026-07-06T04:15:08.441860Z[0m [32m INFO[0m [2mpm_bot[0m[2m:[0m [config] min_tau_flat_s = 25.0
[2m2026-07-06T04:15:08.441863Z[0m [32m INFO[0m [2mpm_bot[0m[2m:[0m [config] max_abs_z_quote = 2.5
[2m2026-07-06T04:15:08.441866Z[0m [32m INFO[0m [2mpm_bot[0m[2m:[0m [config] sigma_panic_per_sqrt_s = 0.0005
[2m2026-07-06T04:15:08.441869Z[0m [32m INFO[0m [2mpm_bot[0m[2m:[0m [config] min_strike_confidence = 0.8
[2m2026-07-06T04:15:08.441871Z[0m [32m INFO[0m [2mpm_bot[0m[2m:[0m [config] max_spot_age_ms = 3000
[2m2026-07-06T04:15:08.441874Z[0m [32m INFO[0m [2mpm_bot[0m[2m:[0m [config] 
[2m2026-07-06T04:15:08.441877Z[0m [32m INFO[0m [2mpm_bot[0m[2m:[0m [config] [modele]
[2m2026-07-06T04:15:08.441880Z[0m [32m INFO[0m [2mpm_bot[0m[2m:[0m [config] sigma_floor_per_sqrt_s = 0.00005
[2m2026-07-06T04:15:08.441882Z[0m [32m INFO[0m [2mpm_bot[0m[2m:[0m [config] tau_floor_s = 1.0
[2m2026-07-06T04:15:08.441885Z[0m [32m INFO[0m [2mpm_bot[0m[2m:[0m [config] drift_snr_min = 0.25
[2m2026-07-06T04:15:08.441888Z[0m [32m INFO[0m [2mpm_bot[0m[2m:[0m [config] max_drift_z = 2.0
[2m2026-07-06T04:15:08.441891Z[0m [32m INFO[0m [2mpm_bot[0m[2m:[0m [config] 
[2m2026-07-06T04:15:08.441894Z[0m [32m INFO[0m [2mpm_bot[0m[2m:[0m [config] [volatilite]
[2m2026-07-06T04:15:08.441896Z[0m [32m INFO[0m [2mpm_bot[0m[2m:[0m [config] ewma_half_life_s = 60.0
[2m2026-07-06T04:15:08.441905Z[0m [32m INFO[0m [2mpm_bot[0m[2m:[0m [config] retention_s = 1800
[2m2026-07-06T04:15:08.441910Z[0m [32m INFO[0m [2mpm_bot[0m[2m:[0m [config] min_dt_ms = 10
[2m2026-07-06T04:15:08.441913Z[0m [32m INFO[0m [2mpm_bot[0m[2m:[0m [config] 
[2m2026-07-06T04:15:08.441916Z[0m [32m INFO[0m [2mpm_bot[0m[2m:[0m [config] [moteur]
[2m2026-07-06T04:15:08.441919Z[0m [32m INFO[0m [2mpm_bot[0m[2m:[0m [config] decision_step_ms = 250
[2m2026-07-06T04:15:08.441922Z[0m [32m INFO[0m [2mpm_bot[0m[2m:[0m [config] watchdog_stale_ms = 6000
[2m2026-07-06T04:15:08.441925Z[0m [32m INFO[0m [2mpm_bot[0m[2m:[0m [config] clob_grace_s = 180
[2m2026-07-06T04:15:08.441927Z[0m [32m INFO[0m [2mpm_bot[0m[2m:[0m [config] gamma_lookahead = 5
[2m2026-07-06T04:15:08.441930Z[0m [32m INFO[0m [2mpm_bot[0m[2m:[0m [config] retention_ticks_s = 2400
[2m2026-07-06T04:15:08.833222Z[0m [32m INFO[0m [2mpm_bot[0m[2m:[0m fenêtre active: btc-updown-5m-1783311300 [1783311300000 → 1783311600000]
[2m2026-07-06T04:15:08.880993Z[0m [32m INFO[0m [2mpm_acquisition::rtds[0m[2m:[0m RTDS connecté
[2m2026-07-06T04:15:09.171141Z[0m [32m INFO[0m [2mpm_acquisition::clob[0m[2m:[0m CLOB connecté (up=11183679…, down=40117815…)
[2m2026-07-06T04:15:10.472378Z[0m [32m INFO[0m [2mpm_bot[0m[2m:[0m strike gelé: Some(63260.36019172787) (confidence=0.100, gap=Some(9000) ms)
[2m2026-07-06T04:20:02.520973Z[0m [32m INFO[0m [2mpm_bot[0m[2m:[0m RÈGLEMENT btc-updown-5m-1783311300 | strike=Some("63260.36") issue=inconnue | PnL up=+0.00 down=+0.00 | taker=0 maker_fills=0 | PnL cumulé=+0.00
[2m2026-07-06T04:20:02.521061Z[0m [32m INFO[0m [2mpm_bot[0m[2m:[0m fenêtre active: btc-updown-5m-1783311600 [1783311600000 → 1783311900000]
[2m2026-07-06T04:20:02.521120Z[0m [32m INFO[0m [2mpm_bot[0m[2m:[0m strike gelé: Some(63267.17911847858) (confidence=1.000, gap=Some(0) ms)
[2m2026-07-06T04:20:02.930795Z[0m [32m INFO[0m [2mpm_acquisition::clob[0m[2m:[0m CLOB connecté (up=48416613…, down=30114780…)
[2m2026-07-06T04:21:59.138175Z[0m [32m INFO[0m [2mpm_bot[0m[2m:[0m résolution officielle btc-updown-5m-1783311300: Down (pas d'estimation locale)
[2m2026-07-06T04:21:59.138275Z[0m [32m INFO[0m [2mpm_acquisition::clob[0m[2m:[0m CLOB flux terminé (marché résolu/fermé)
[2m2026-07-06T04:25:02.557745Z[0m [32m INFO[0m [2mpm_bot[0m[2m:[0m RÈGLEMENT btc-updown-5m-1783311600 | strike=Some("63267.18") issue=Down (estimé) | PnL up=+0.00 down=+0.00 | taker=0 maker_fills=0 | PnL cumulé=+0.00
[2m2026-07-06T04:25:02.557811Z[0m [32m INFO[0m [2mpm_bot[0m[2m:[0m fenêtre active: btc-updown-5m-1783311900 [1783311900000 → 1783312200000]
[2m2026-07-06T04:25:02.557886Z[0m [32m INFO[0m [2mpm_bot[0m[2m:[0m strike gelé: Some(63215.14412406104) (confidence=1.000, gap=Some(0) ms)
[2m2026-07-06T04:25:02.939211Z[0m [32m INFO[0m [2mpm_acquisition::clob[0m[2m:[0m CLOB connecté (up=42667581…, down=16148009…)
[2m2026-07-06T04:26:26.629666Z[0m [32m INFO[0m [2mpm_bot[0m[2m:[0m résolution officielle btc-updown-5m-1783311600: Down — CONFIRME notre estimation ✓
[2m2026-07-06T04:26:26.629828Z[0m [32m INFO[0m [2mpm_acquisition::clob[0m[2m:[0m CLOB flux terminé (marché résolu/fermé)
[2m2026-07-06T04:30:02.492351Z[0m [32m INFO[0m [2mpm_bot[0m[2m:[0m RÈGLEMENT btc-updown-5m-1783311900 | strike=Some("63215.14") issue=Down (estimé) | PnL up=+0.00 down=+0.00 | taker=0 maker_fills=0 | PnL cumulé=+0.00
[2m2026-07-06T04:30:02.492412Z[0m [32m INFO[0m [2mpm_bot[0m[2m:[0m fenêtre active: btc-updown-5m-1783312200 [1783312200000 → 1783312500000]
[2m2026-07-06T04:30:02.492477Z[0m [32m INFO[0m [2mpm_bot[0m[2m:[0m strike gelé: Some(63168.65601109242) (confidence=1.000, gap=Some(0) ms)
[2m2026-07-06T04:30:02.948079Z[0m [32m INFO[0m [2mpm_acquisition::clob[0m[2m:[0m CLOB connecté (up=77048522…, down=40767860…)
[2m2026-07-06T04:32:38.932017Z[0m [32m INFO[0m [2mpm_bot[0m[2m:[0m résolution officielle btc-updown-5m-1783311900: Down — CONFIRME notre estimation ✓
[2m2026-07-06T04:32:38.932175Z[0m [32m INFO[0m [2mpm_acquisition::clob[0m[2m:[0m CLOB flux terminé (marché résolu/fermé)
[2m2026-07-06T04:35:02.630881Z[0m [32m INFO[0m [2mpm_bot[0m[2m:[0m RÈGLEMENT btc-updown-5m-1783312200 | strike=Some("63168.66") issue=Up (estimé) | PnL up=+0.00 down=+0.00 | taker=0 maker_fills=0 | PnL cumulé=+0.00
[2m2026-07-06T04:35:02.630930Z[0m [32m INFO[0m [2mpm_bot[0m[2m:[0m fenêtre active: btc-updown-5m-1783312500 [1783312500000 → 1783312800000]
[2m2026-07-06T04:35:02.631014Z[0m [32m INFO[0m [2mpm_bot[0m[2m:[0m strike gelé: Some(63202.48680559161) (confidence=1.000, gap=Some(0) ms)
[2m2026-07-06T04:35:03.040678Z[0m [32m INFO[0m [2mpm_acquisition::clob[0m[2m:[0m CLOB connecté (up=71694840…, down=67925947…)
[2m2026-07-06T04:36:56.133699Z[0m [32m INFO[0m [2mpm_bot[0m[2m:[0m résolution officielle btc-updown-5m-1783312200: Up — CONFIRME notre estimation ✓
[2m2026-07-06T04:36:56.133804Z[0m [32m INFO[0m [2mpm_acquisition::clob[0m[2m:[0m CLOB flux terminé (marché résolu/fermé)
[2m2026-07-06T04:37:44.443274Z[0m [33m WARN[0m [2mpm_acquisition::watchdog[0m[2m:[0m flux rtds stale (6061 ms de silence)
[2m2026-07-06T04:37:44.443338Z[0m [33m WARN[0m [2mpm_bot[0m[2m:[0m FEED STALE: rtds silencieux 6061 ms
[2m2026-07-06T04:37:45.882466Z[0m [33m WARN[0m [2mpm_acquisition::rtds[0m[2m:[0m RTDS silencieux 6391 ms → réabonnement
[2m2026-07-06T04:40:02.271901Z[0m [32m INFO[0m [2mpm_bot[0m[2m:[0m RÈGLEMENT btc-updown-5m-1783312500 | strike=Some("63202.49") issue=Up (estimé) | PnL up=+0.00 down=+0.00 | taker=0 maker_fills=0 | PnL cumulé=+0.00
[2m2026-07-06T04:40:02.271950Z[0m [32m INFO[0m [2mpm_bot[0m[2m:[0m fenêtre active: btc-updown-5m-1783312800 [1783312800000 → 1783313100000]
[2m2026-07-06T04:40:02.565504Z[0m [32m INFO[0m [2mpm_acquisition::clob[0m[2m:[0m CLOB connecté (up=36538614…, down=75495175…)
[2m2026-07-06T04:40:02.567721Z[0m [32m INFO[0m [2mpm_bot[0m[2m:[0m strike gelé: Some(63277.655055) (confidence=0.900, gap=Some(1000) ms)
[2m2026-07-06T04:41:31.309481Z[0m [32m INFO[0m [2mpm_bot[0m[2m:[0m résolution officielle btc-updown-5m-1783312500: Up — CONFIRME notre estimation ✓
[2m2026-07-06T04:41:31.309579Z[0m [32m INFO[0m [2mpm_acquisition::clob[0m[2m:[0m CLOB flux terminé (marché résolu/fermé)
[2m2026-07-06T04:45:02.398188Z[0m [32m INFO[0m [2mpm_bot[0m[2m:[0m RÈGLEMENT btc-updown-5m-1783312800 | strike=Some("63277.66") issue=Down (estimé) | PnL up=+0.00 down=+0.00 | taker=0 maker_fills=0 | PnL cumulé=+0.00
[2m2026-07-06T04:45:02.398307Z[0m [32m INFO[0m [2mpm_bot[0m[2m:[0m fenêtre active: btc-updown-5m-1783313100 [1783313100000 → 1783313400000]
[2m2026-07-06T04:45:02.398395Z[0m [32m INFO[0m [2mpm_bot[0m[2m:[0m strike gelé: Some(63247.84704648427) (confidence=1.000, gap=Some(0) ms)
[2m2026-07-06T04:45:02.695071Z[0m [32m INFO[0m [2mpm_acquisition::clob[0m[2m:[0m CLOB connecté (up=88178960…, down=42445077…)
[2m2026-07-06T04:46:26.153099Z[0m [32m INFO[0m [2mpm_bot[0m[2m:[0m résolution officielle btc-updown-5m-1783312800: Down — CONFIRME notre estimation ✓
[2m2026-07-06T04:46:26.153281Z[0m [32m INFO[0m [2mpm_acquisition::clob[0m[2m:[0m CLOB flux terminé (marché résolu/fermé)
[2m2026-07-06T04:50:02.703276Z[0m [32m INFO[0m [2mpm_bot[0m[2m:[0m RÈGLEMENT btc-updown-5m-1783313100 | strike=Some("63247.85") issue=Up (estimé) | PnL up=+0.00 down=+0.00 | taker=0 maker_fills=0 | PnL cumulé=+0.00
[2m2026-07-06T04:50:02.703324Z[0m [32m INFO[0m [2mpm_bot[0m[2m:[0m fenêtre active: btc-updown-5m-1783313400 [1783313400000 → 1783313700000]
[2m2026-07-06T04:50:02.703391Z[0m [32m INFO[0m [2mpm_bot[0m[2m:[0m strike gelé: Some(63266.1600171779) (confidence=1.000, gap=Some(0) ms)
[2m2026-07-06T04:50:03.253529Z[0m [32m INFO[0m [2mpm_acquisition::clob[0m[2m:[0m CLOB connecté (up=82440601…, down=84516964…)
[2m2026-07-06T04:51:01.943295Z[0m [33m WARN[0m [2mpm_acquisition::watchdog[0m[2m:[0m flux rtds stale (6376 ms de silence)
[2m2026-07-06T04:51:01.943357Z[0m [33m WARN[0m [2mpm_bot[0m[2m:[0m FEED STALE: rtds silencieux 6376 ms
[2m2026-07-06T04:51:02.882048Z[0m [33m WARN[0m [2mpm_acquisition::rtds[0m[2m:[0m RTDS silencieux 6350 ms → réabonnement
[2m2026-07-06T04:52:02.308965Z[0m [32m INFO[0m [2mpm_bot[0m[2m:[0m résolution officielle btc-updown-5m-1783313100: Up — CONFIRME notre estimation ✓
[2m2026-07-06T04:52:02.308995Z[0m [32m INFO[0m [2mpm_acquisition::clob[0m[2m:[0m CLOB flux terminé (marché résolu/fermé)
[2m2026-07-06T04:55:02.330995Z[0m [32m INFO[0m [2mpm_bot[0m[2m:[0m RÈGLEMENT btc-updown-5m-1783313400 | strike=Some("63266.16") issue=Up (estimé) | PnL up=+0.00 down=+0.00 | taker=0 maker_fills=0 | PnL cumulé=+0.00
[2m2026-07-06T04:55:02.331069Z[0m [32m INFO[0m [2mpm_bot[0m[2m:[0m fenêtre active: btc-updown-5m-1783313700 [1783313700000 → 1783314000000]
[2m2026-07-06T04:55:02.331139Z[0m [32m INFO[0m [2mpm_bot[0m[2m:[0m strike gelé: Some(63270.97335957502) (confidence=1.000, gap=Some(0) ms)
[2m2026-07-06T04:55:02.983700Z[0m [32m INFO[0m [2mpm_acquisition::clob[0m[2m:[0m CLOB connecté (up=11106704…, down=92739501…)
[2m2026-07-06T04:56:28.461681Z[0m [32m INFO[0m [2mpm_bot[0m[2m:[0m résolution officielle btc-updown-5m-1783313400: Up — CONFIRME notre estimation ✓
[2m2026-07-06T04:56:28.461755Z[0m [32m INFO[0m [2mpm_acquisition::clob[0m[2m:[0m CLOB flux terminé (marché résolu/fermé)
[2m2026-07-06T05:00:02.431164Z[0m [32m INFO[0m [2mpm_bot[0m[2m:[0m RÈGLEMENT btc-updown-5m-1783313700 | strike=Some("63270.97") issue=Down (estimé) | PnL up=+0.00 down=+0.00 | taker=0 maker_fills=0 | PnL cumulé=+0.00
[2m2026-07-06T05:00:02.431224Z[0m [32m INFO[0m [2mpm_bot[0m[2m:[0m fenêtre active: btc-updown-5m-1783314000 [1783314000000 → 1783314300000]
[2m2026-07-06T05:00:02.431285Z[0m [32m INFO[0m [2mpm_bot[0m[2m:[0m strike gelé: Some(63205.35785293851) (confidence=1.000, gap=Some(0) ms)
[2m2026-07-06T05:00:02.918172Z[0m [32m INFO[0m [2mpm_acquisition::clob[0m[2m:[0m CLOB connecté (up=10284899…, down=86996224…)
[2m2026-07-06T05:01:24.634526Z[0m [33m WARN[0m [2mpm_acquisition::clob[0m[2m:[0m CLOB erreur: WebSocket protocol error: Connection reset without closing handshake: Connection reset without closing handshake
[2m2026-07-06T05:01:26.273216Z[0m [32m INFO[0m [2mpm_acquisition::clob[0m[2m:[0m CLOB connecté (up=10284899…, down=86996224…)
[2m2026-07-06T05:01:29.643872Z[0m [32m INFO[0m [2mpm_bot[0m[2m:[0m résolution officielle btc-updown-5m-1783313700: Down — CONFIRME notre estimation ✓
[2m2026-07-06T05:01:29.643906Z[0m [32m INFO[0m [2mpm_acquisition::clob[0m[2m:[0m CLOB flux terminé (marché résolu/fermé)
[2m2026-07-06T05:05:02.544982Z[0m [32m INFO[0m [2mpm_bot[0m[2m:[0m RÈGLEMENT btc-updown-5m-1783314000 | strike=Some("63205.36") issue=Down (estimé) | PnL up=+0.00 down=+0.00 | taker=0 maker_fills=0 | PnL cumulé=+0.00
[2m2026-07-06T05:05:02.545068Z[0m [32m INFO[0m [2mpm_bot[0m[2m:[0m fenêtre active: btc-updown-5m-1783314300 [1783314300000 → 1783314600000]
[2m2026-07-06T05:05:02.545125Z[0m [32m INFO[0m [2mpm_bot[0m[2m:[0m strike gelé: Some(63144.80134188144) (confidence=1.000, gap=Some(0) ms)
[2m2026-07-06T05:05:02.954938Z[0m [32m INFO[0m [2mpm_acquisition::clob[0m[2m:[0m CLOB connecté (up=15457444…, down=10558543…)
