[2m2026-07-05T11:18:41.244381Z[0m [32m INFO[0m [2mpm_bot[0m[2m:[0m pm-bot démarre (PAPER mode) — archives: /home/user/rustfactor/polymarket-btc5m-bot/data_v2/camp_20260705T111841
[2m2026-07-05T11:18:41.250647Z[0m [32m INFO[0m [2mpm_bot[0m[2m:[0m aucun fichier de config (./config.toml) — défauts calibrés
[2m2026-07-05T11:18:41.250812Z[0m [32m INFO[0m [2mpm_bot[0m[2m:[0m [config] [taker]
[2m2026-07-05T11:18:41.250824Z[0m [32m INFO[0m [2mpm_bot[0m[2m:[0m [config] min_edge = 0.06
[2m2026-07-05T11:18:41.250826Z[0m [32m INFO[0m [2mpm_bot[0m[2m:[0m [config] min_abs_z = 2.5
[2m2026-07-05T11:18:41.250828Z[0m [32m INFO[0m [2mpm_bot[0m[2m:[0m [config] min_strike_confidence = 0.8
[2m2026-07-05T11:18:41.250830Z[0m [32m INFO[0m [2mpm_bot[0m[2m:[0m [config] max_spot_age_ms = 3000
[2m2026-07-05T11:18:41.250832Z[0m [32m INFO[0m [2mpm_bot[0m[2m:[0m [config] min_elapsed_s = 10.0
[2m2026-07-05T11:18:41.250835Z[0m [32m INFO[0m [2mpm_bot[0m[2m:[0m [config] min_tau_s = 3.0
[2m2026-07-05T11:18:41.250837Z[0m [32m INFO[0m [2mpm_bot[0m[2m:[0m [config] cost_buffer = 0.01
[2m2026-07-05T11:18:41.250839Z[0m [32m INFO[0m [2mpm_bot[0m[2m:[0m [config] kelly_fraction = 0.25
[2m2026-07-05T11:18:41.250841Z[0m [32m INFO[0m [2mpm_bot[0m[2m:[0m [config] bankroll = 1000.0
[2m2026-07-05T11:18:41.250843Z[0m [32m INFO[0m [2mpm_bot[0m[2m:[0m [config] max_notional = 250.0
[2m2026-07-05T11:18:41.250845Z[0m [32m INFO[0m [2mpm_bot[0m[2m:[0m [config] max_slippage = 0.02
[2m2026-07-05T11:18:41.250847Z[0m [32m INFO[0m [2mpm_bot[0m[2m:[0m [config] max_entry_price = 0.75
[2m2026-07-05T11:18:41.250849Z[0m [32m INFO[0m [2mpm_bot[0m[2m:[0m [config] 
[2m2026-07-05T11:18:41.250850Z[0m [32m INFO[0m [2mpm_bot[0m[2m:[0m [config] [maker]
[2m2026-07-05T11:18:41.250852Z[0m [32m INFO[0m [2mpm_bot[0m[2m:[0m [config] min_quote_price = 0.15
[2m2026-07-05T11:18:41.250854Z[0m [32m INFO[0m [2mpm_bot[0m[2m:[0m [config] max_quote_price = 0.85
[2m2026-07-05T11:18:41.250856Z[0m [32m INFO[0m [2mpm_bot[0m[2m:[0m [config] edge_margin = 0.03
[2m2026-07-05T11:18:41.250858Z[0m [32m INFO[0m [2mpm_bot[0m[2m:[0m [config] take_profit = 0.08
[2m2026-07-05T11:18:41.250860Z[0m [32m INFO[0m [2mpm_bot[0m[2m:[0m [config] stop_loss = 0.1
[2m2026-07-05T11:18:41.250862Z[0m [32m INFO[0m [2mpm_bot[0m[2m:[0m [config] quote_size = 50.0
[2m2026-07-05T11:18:41.250864Z[0m [32m INFO[0m [2mpm_bot[0m[2m:[0m [config] max_inventory = 150.0
[2m2026-07-05T11:18:41.250866Z[0m [32m INFO[0m [2mpm_bot[0m[2m:[0m [config] min_tau_open_s = 60.0
[2m2026-07-05T11:18:41.250868Z[0m [32m INFO[0m [2mpm_bot[0m[2m:[0m [config] min_tau_flat_s = 25.0
[2m2026-07-05T11:18:41.250869Z[0m [32m INFO[0m [2mpm_bot[0m[2m:[0m [config] max_abs_z_quote = 2.5
[2m2026-07-05T11:18:41.250871Z[0m [32m INFO[0m [2mpm_bot[0m[2m:[0m [config] sigma_panic_per_sqrt_s = 0.0005
[2m2026-07-05T11:18:41.250873Z[0m [32m INFO[0m [2mpm_bot[0m[2m:[0m [config] min_strike_confidence = 0.8
[2m2026-07-05T11:18:41.250875Z[0m [32m INFO[0m [2mpm_bot[0m[2m:[0m [config] max_spot_age_ms = 3000
[2m2026-07-05T11:18:41.250876Z[0m [32m INFO[0m [2mpm_bot[0m[2m:[0m [config] 
[2m2026-07-05T11:18:41.250878Z[0m [32m INFO[0m [2mpm_bot[0m[2m:[0m [config] [modele]
[2m2026-07-05T11:18:41.250879Z[0m [32m INFO[0m [2mpm_bot[0m[2m:[0m [config] sigma_floor_per_sqrt_s = 0.00005
[2m2026-07-05T11:18:41.250881Z[0m [32m INFO[0m [2mpm_bot[0m[2m:[0m [config] tau_floor_s = 1.0
[2m2026-07-05T11:18:41.250883Z[0m [32m INFO[0m [2mpm_bot[0m[2m:[0m [config] drift_snr_min = 0.25
[2m2026-07-05T11:18:41.250884Z[0m [32m INFO[0m [2mpm_bot[0m[2m:[0m [config] max_drift_z = 2.0
[2m2026-07-05T11:18:41.250886Z[0m [32m INFO[0m [2mpm_bot[0m[2m:[0m [config] 
[2m2026-07-05T11:18:41.250888Z[0m [32m INFO[0m [2mpm_bot[0m[2m:[0m [config] [volatilite]
[2m2026-07-05T11:18:41.250889Z[0m [32m INFO[0m [2mpm_bot[0m[2m:[0m [config] ewma_half_life_s = 60.0
[2m2026-07-05T11:18:41.250902Z[0m [32m INFO[0m [2mpm_bot[0m[2m:[0m [config] retention_s = 1800
[2m2026-07-05T11:18:41.250904Z[0m [32m INFO[0m [2mpm_bot[0m[2m:[0m [config] min_dt_ms = 10
[2m2026-07-05T11:18:41.250906Z[0m [32m INFO[0m [2mpm_bot[0m[2m:[0m [config] 
[2m2026-07-05T11:18:41.250908Z[0m [32m INFO[0m [2mpm_bot[0m[2m:[0m [config] [moteur]
[2m2026-07-05T11:18:41.250910Z[0m [32m INFO[0m [2mpm_bot[0m[2m:[0m [config] decision_step_ms = 250
[2m2026-07-05T11:18:41.250912Z[0m [32m INFO[0m [2mpm_bot[0m[2m:[0m [config] watchdog_stale_ms = 6000
[2m2026-07-05T11:18:41.250914Z[0m [32m INFO[0m [2mpm_bot[0m[2m:[0m [config] clob_grace_s = 180
[2m2026-07-05T11:18:41.250916Z[0m [32m INFO[0m [2mpm_bot[0m[2m:[0m [config] gamma_lookahead = 5
[2m2026-07-05T11:18:41.250918Z[0m [32m INFO[0m [2mpm_bot[0m[2m:[0m [config] retention_ticks_s = 2400
[2m2026-07-05T11:18:41.665926Z[0m [32m INFO[0m [2mpm_bot[0m[2m:[0m fenêtre active: btc-updown-5m-1783250100 [1783250100000 → 1783250400000]
[2m2026-07-05T11:18:42.032617Z[0m [32m INFO[0m [2mpm_acquisition::rtds[0m[2m:[0m RTDS connecté
[2m2026-07-05T11:18:42.290058Z[0m [32m INFO[0m [2mpm_acquisition::clob[0m[2m:[0m CLOB connecté (up=96447517…, down=31609773…)
[2m2026-07-05T11:18:43.042169Z[0m [32m INFO[0m [2mpm_bot[0m[2m:[0m strike gelé: Some(62604.09703628332) (confidence=0.000, gap=Some(222000) ms)
[2m2026-07-05T11:20:02.057743Z[0m [32m INFO[0m [2mpm_bot[0m[2m:[0m RÈGLEMENT btc-updown-5m-1783250100 | strike=Some("62604.10") issue=inconnue | PnL up=+0.00 down=+0.00 | taker=0 maker_fills=0 | PnL cumulé=+0.00
[2m2026-07-05T11:20:02.057766Z[0m [32m INFO[0m [2mpm_bot[0m[2m:[0m fenêtre active: btc-updown-5m-1783250400 [1783250400000 → 1783250700000]
[2m2026-07-05T11:20:02.057777Z[0m [32m INFO[0m [2mpm_bot[0m[2m:[0m strike gelé: Some(62610.44904) (confidence=1.000, gap=Some(0) ms)
[2m2026-07-05T11:20:02.679856Z[0m [32m INFO[0m [2mpm_acquisition::clob[0m[2m:[0m CLOB connecté (up=96639044…, down=81364230…)
[2m2026-07-05T11:21:22.293417Z[0m [32m INFO[0m [2mpm_bot[0m[2m:[0m résolution officielle btc-updown-5m-1783250100: Down (pas d'estimation locale)
[2m2026-07-05T11:21:22.293506Z[0m [32m INFO[0m [2mpm_acquisition::clob[0m[2m:[0m CLOB flux terminé (marché résolu/fermé)
[2m2026-07-05T11:25:02.404738Z[0m [32m INFO[0m [2mpm_bot[0m[2m:[0m RÈGLEMENT btc-updown-5m-1783250400 | strike=Some("62610.45") issue=Down (estimé) | PnL up=+0.00 down=+0.00 | taker=0 maker_fills=0 | PnL cumulé=+0.00
[2m2026-07-05T11:25:02.404766Z[0m [32m INFO[0m [2mpm_bot[0m[2m:[0m fenêtre active: btc-updown-5m-1783250700 [1783250700000 → 1783251000000]
[2m2026-07-05T11:25:02.404787Z[0m [32m INFO[0m [2mpm_bot[0m[2m:[0m strike gelé: Some(62578.89167950139) (confidence=1.000, gap=Some(0) ms)
[2m2026-07-05T11:25:03.032826Z[0m [32m INFO[0m [2mpm_acquisition::clob[0m[2m:[0m CLOB connecté (up=10075444…, down=11033838…)
[2m2026-07-05T11:27:02.439750Z[0m [32m INFO[0m [2mpm_bot[0m[2m:[0m résolution officielle btc-updown-5m-1783250400: Down — CONFIRME notre estimation ✓
[2m2026-07-05T11:27:02.439817Z[0m [32m INFO[0m [2mpm_acquisition::clob[0m[2m:[0m CLOB flux terminé (marché résolu/fermé)
[2m2026-07-05T11:29:10.157095Z[0m [33m WARN[0m [2mpm_acquisition::clob[0m[2m:[0m CLOB erreur: WebSocket protocol error: Connection reset without closing handshake: Connection reset without closing handshake
[2m2026-07-05T11:29:11.606754Z[0m [32m INFO[0m [2mpm_acquisition::clob[0m[2m:[0m CLOB connecté (up=10075444…, down=11033838…)
[2m2026-07-05T11:30:02.471962Z[0m [32m INFO[0m [2mpm_bot[0m[2m:[0m RÈGLEMENT btc-updown-5m-1783250700 | strike=Some("62578.89") issue=Down (estimé) | PnL up=+0.00 down=+0.00 | taker=0 maker_fills=0 | PnL cumulé=+0.00
[2m2026-07-05T11:30:02.471989Z[0m [32m INFO[0m [2mpm_bot[0m[2m:[0m fenêtre active: btc-updown-5m-1783251000 [1783251000000 → 1783251300000]
[2m2026-07-05T11:30:02.472023Z[0m [32m INFO[0m [2mpm_bot[0m[2m:[0m strike gelé: Some(62574.90048350007) (confidence=1.000, gap=Some(0) ms)
[2m2026-07-05T11:30:03.138976Z[0m [32m INFO[0m [2mpm_acquisition::clob[0m[2m:[0m CLOB connecté (up=40869656…, down=49391893…)
[2m2026-07-05T11:31:22.818762Z[0m [32m INFO[0m [2mpm_bot[0m[2m:[0m résolution officielle btc-updown-5m-1783250700: Down — CONFIRME notre estimation ✓
[2m2026-07-05T11:31:22.818831Z[0m [32m INFO[0m [2mpm_acquisition::clob[0m[2m:[0m CLOB flux terminé (marché résolu/fermé)
[2m2026-07-05T11:35:02.468397Z[0m [32m INFO[0m [2mpm_bot[0m[2m:[0m RÈGLEMENT btc-updown-5m-1783251000 | strike=Some("62574.90") issue=Up (estimé) | PnL up=+0.00 down=+0.00 | taker=0 maker_fills=0 | PnL cumulé=+0.00
[2m2026-07-05T11:35:02.468428Z[0m [32m INFO[0m [2mpm_bot[0m[2m:[0m fenêtre active: btc-updown-5m-1783251300 [1783251300000 → 1783251600000]
[2m2026-07-05T11:35:02.468458Z[0m [32m INFO[0m [2mpm_bot[0m[2m:[0m strike gelé: Some(62654.81487855991) (confidence=1.000, gap=Some(0) ms)
[2m2026-07-05T11:35:03.110524Z[0m [32m INFO[0m [2mpm_acquisition::clob[0m[2m:[0m CLOB connecté (up=71836288…, down=69102878…)
[2m2026-07-05T11:36:22.992390Z[0m [32m INFO[0m [2mpm_bot[0m[2m:[0m résolution officielle btc-updown-5m-1783251000: Up — CONFIRME notre estimation ✓
[2m2026-07-05T11:36:22.992483Z[0m [32m INFO[0m [2mpm_acquisition::clob[0m[2m:[0m CLOB flux terminé (marché résolu/fermé)
[2m2026-07-05T11:40:02.442785Z[0m [32m INFO[0m [2mpm_bot[0m[2m:[0m RÈGLEMENT btc-updown-5m-1783251300 | strike=Some("62654.81") issue=Down (estimé) | PnL up=+0.00 down=+0.00 | taker=0 maker_fills=0 | PnL cumulé=+0.00
[2m2026-07-05T11:40:02.442815Z[0m [32m INFO[0m [2mpm_bot[0m[2m:[0m fenêtre active: btc-updown-5m-1783251600 [1783251600000 → 1783251900000]
[2m2026-07-05T11:40:02.442848Z[0m [32m INFO[0m [2mpm_bot[0m[2m:[0m strike gelé: Some(62650.234223853) (confidence=1.000, gap=Some(0) ms)
[2m2026-07-05T11:40:03.070070Z[0m [32m INFO[0m [2mpm_acquisition::clob[0m[2m:[0m CLOB connecté (up=34112399…, down=30708157…)
[2m2026-07-05T11:41:22.726737Z[0m [32m INFO[0m [2mpm_bot[0m[2m:[0m résolution officielle btc-updown-5m-1783251300: Down — CONFIRME notre estimation ✓
[2m2026-07-05T11:41:22.726814Z[0m [32m INFO[0m [2mpm_acquisition::clob[0m[2m:[0m CLOB flux terminé (marché résolu/fermé)
[2m2026-07-05T11:45:02.455100Z[0m [32m INFO[0m [2mpm_bot[0m[2m:[0m RÈGLEMENT btc-updown-5m-1783251600 | strike=Some("62650.23") issue=Down (estimé) | PnL up=+0.00 down=+0.00 | taker=0 maker_fills=0 | PnL cumulé=+0.00
[2m2026-07-05T11:45:02.455131Z[0m [32m INFO[0m [2mpm_bot[0m[2m:[0m fenêtre active: btc-updown-5m-1783251900 [1783251900000 → 1783252200000]
[2m2026-07-05T11:45:02.455218Z[0m [32m INFO[0m [2mpm_bot[0m[2m:[0m strike gelé: Some(62648.40139171812) (confidence=1.000, gap=Some(0) ms)
[2m2026-07-05T11:45:03.165854Z[0m [32m INFO[0m [2mpm_acquisition::clob[0m[2m:[0m CLOB connecté (up=52067958…, down=79080903…)
[2m2026-07-05T11:46:21.954777Z[0m [32m INFO[0m [2mpm_bot[0m[2m:[0m résolution officielle btc-updown-5m-1783251600: Down — CONFIRME notre estimation ✓
[2m2026-07-05T11:46:21.954855Z[0m [32m INFO[0m [2mpm_acquisition::clob[0m[2m:[0m CLOB flux terminé (marché résolu/fermé)
[2m2026-07-05T11:50:02.414847Z[0m [32m INFO[0m [2mpm_bot[0m[2m:[0m RÈGLEMENT btc-updown-5m-1783251900 | strike=Some("62648.40") issue=Down (estimé) | PnL up=+0.00 down=+0.00 | taker=0 maker_fills=0 | PnL cumulé=+0.00
[2m2026-07-05T11:50:02.414877Z[0m [32m INFO[0m [2mpm_bot[0m[2m:[0m fenêtre active: btc-updown-5m-1783252200 [1783252200000 → 1783252500000]
[2m2026-07-05T11:50:02.414917Z[0m [32m INFO[0m [2mpm_bot[0m[2m:[0m strike gelé: Some(62634.729444731274) (confidence=1.000, gap=Some(0) ms)
[2m2026-07-05T11:50:03.017423Z[0m [32m INFO[0m [2mpm_acquisition::clob[0m[2m:[0m CLOB connecté (up=64258709…, down=84346242…)
[2m2026-07-05T11:52:24.034170Z[0m [33m WARN[0m [2mpm_acquisition::rtds[0m[2m:[0m RTDS silencieux 6002 ms → réabonnement
[2m2026-07-05T11:52:24.251609Z[0m [33m WARN[0m [2mpm_acquisition::watchdog[0m[2m:[0m flux rtds stale (6219 ms de silence)
[2m2026-07-05T11:52:24.251662Z[0m [33m WARN[0m [2mpm_bot[0m[2m:[0m FEED STALE: rtds silencieux 6219 ms
[2m2026-07-05T11:52:31.967666Z[0m [32m INFO[0m [2mpm_bot[0m[2m:[0m résolution officielle btc-updown-5m-1783251900: Down — CONFIRME notre estimation ✓
[2m2026-07-05T11:52:31.967778Z[0m [32m INFO[0m [2mpm_acquisition::clob[0m[2m:[0m CLOB flux terminé (marché résolu/fermé)
[2m2026-07-05T11:53:09.846747Z[0m [33m WARN[0m [2mpm_acquisition::clob[0m[2m:[0m CLOB erreur: WebSocket protocol error: Connection reset without closing handshake: Connection reset without closing handshake
[2m2026-07-05T11:53:12.225983Z[0m [32m INFO[0m [2mpm_acquisition::clob[0m[2m:[0m CLOB connecté (up=64258709…, down=84346242…)
[2m2026-07-05T11:55:02.384808Z[0m [32m INFO[0m [2mpm_bot[0m[2m:[0m RÈGLEMENT btc-updown-5m-1783252200 | strike=Some("62634.73") issue=Down (estimé) | PnL up=+0.00 down=+0.00 | taker=0 maker_fills=0 | PnL cumulé=+0.00
[2m2026-07-05T11:55:02.384837Z[0m [32m INFO[0m [2mpm_bot[0m[2m:[0m fenêtre active: btc-updown-5m-1783252500 [1783252500000 → 1783252800000]
[2m2026-07-05T11:55:02.384881Z[0m [32m INFO[0m [2mpm_bot[0m[2m:[0m strike gelé: Some(62611.8213880271) (confidence=1.000, gap=Some(0) ms)
[2m2026-07-05T11:55:03.024870Z[0m [32m INFO[0m [2mpm_acquisition::clob[0m[2m:[0m CLOB connecté (up=88576716…, down=54727942…)
[2m2026-07-05T11:56:31.999890Z[0m [32m INFO[0m [2mpm_bot[0m[2m:[0m résolution officielle btc-updown-5m-1783252200: Down — CONFIRME notre estimation ✓
[2m2026-07-05T11:56:31.999978Z[0m [32m INFO[0m [2mpm_acquisition::clob[0m[2m:[0m CLOB flux terminé (marché résolu/fermé)
[2m2026-07-05T12:00:02.404596Z[0m [32m INFO[0m [2mpm_bot[0m[2m:[0m RÈGLEMENT btc-updown-5m-1783252500 | strike=Some("62611.82") issue=Down (estimé) | PnL up=+0.00 down=+0.00 | taker=0 maker_fills=0 | PnL cumulé=+0.00
[2m2026-07-05T12:00:02.404625Z[0m [32m INFO[0m [2mpm_bot[0m[2m:[0m fenêtre active: btc-updown-5m-1783252800 [1783252800000 → 1783253100000]
[2m2026-07-05T12:00:02.404661Z[0m [32m INFO[0m [2mpm_bot[0m[2m:[0m strike gelé: Some(62600.895060948606) (confidence=1.000, gap=Some(0) ms)
[2m2026-07-05T12:00:03.147330Z[0m [32m INFO[0m [2mpm_acquisition::clob[0m[2m:[0m CLOB connecté (up=10516333…, down=48414160…)
[2m2026-07-05T12:01:25.382105Z[0m [32m INFO[0m [2mpm_bot[0m[2m:[0m résolution officielle btc-updown-5m-1783252500: Down — CONFIRME notre estimation ✓
[2m2026-07-05T12:01:25.382204Z[0m [32m INFO[0m [2mpm_acquisition::clob[0m[2m:[0m CLOB flux terminé (marché résolu/fermé)
[2m2026-07-05T12:05:02.454771Z[0m [32m INFO[0m [2mpm_bot[0m[2m:[0m RÈGLEMENT btc-updown-5m-1783252800 | strike=Some("62600.90") issue=Down (estimé) | PnL up=+0.00 down=+0.00 | taker=0 maker_fills=0 | PnL cumulé=+0.00
[2m2026-07-05T12:05:02.454800Z[0m [32m INFO[0m [2mpm_bot[0m[2m:[0m fenêtre active: btc-updown-5m-1783253100 [1783253100000 → 1783253400000]
[2m2026-07-05T12:05:02.454830Z[0m [32m INFO[0m [2mpm_bot[0m[2m:[0m strike gelé: Some(62540.00607344813) (confidence=1.000, gap=Some(0) ms)
[2m2026-07-05T12:05:03.042959Z[0m [32m INFO[0m [2mpm_acquisition::clob[0m[2m:[0m CLOB connecté (up=88008243…, down=86290542…)
[2m2026-07-05T12:07:02.653509Z[0m [32m INFO[0m [2mpm_bot[0m[2m:[0m résolution officielle btc-updown-5m-1783252800: Down — CONFIRME notre estimation ✓
[2m2026-07-05T12:07:02.653603Z[0m [32m INFO[0m [2mpm_acquisition::clob[0m[2m:[0m CLOB flux terminé (marché résolu/fermé)
