[2m2026-07-05T06:17:20.162221Z[0m [32m INFO[0m [2mpm_bot[0m[2m:[0m pm-bot démarre (PAPER mode) — archives: /home/user/rustfactor/polymarket-btc5m-bot/data_v2/camp_20260705T061720
[2m2026-07-05T06:17:20.167088Z[0m [32m INFO[0m [2mpm_bot[0m[2m:[0m aucun fichier de config (./config.toml) — défauts calibrés
[2m2026-07-05T06:17:20.167174Z[0m [32m INFO[0m [2mpm_bot[0m[2m:[0m [config] [taker]
[2m2026-07-05T06:17:20.167176Z[0m [32m INFO[0m [2mpm_bot[0m[2m:[0m [config] min_edge = 0.06
[2m2026-07-05T06:17:20.167178Z[0m [32m INFO[0m [2mpm_bot[0m[2m:[0m [config] min_abs_z = 2.5
[2m2026-07-05T06:17:20.167179Z[0m [32m INFO[0m [2mpm_bot[0m[2m:[0m [config] min_strike_confidence = 0.8
[2m2026-07-05T06:17:20.167180Z[0m [32m INFO[0m [2mpm_bot[0m[2m:[0m [config] max_spot_age_ms = 3000
[2m2026-07-05T06:17:20.167182Z[0m [32m INFO[0m [2mpm_bot[0m[2m:[0m [config] min_elapsed_s = 10.0
[2m2026-07-05T06:17:20.167183Z[0m [32m INFO[0m [2mpm_bot[0m[2m:[0m [config] min_tau_s = 3.0
[2m2026-07-05T06:17:20.167184Z[0m [32m INFO[0m [2mpm_bot[0m[2m:[0m [config] cost_buffer = 0.01
[2m2026-07-05T06:17:20.167186Z[0m [32m INFO[0m [2mpm_bot[0m[2m:[0m [config] kelly_fraction = 0.25
[2m2026-07-05T06:17:20.167187Z[0m [32m INFO[0m [2mpm_bot[0m[2m:[0m [config] bankroll = 1000.0
[2m2026-07-05T06:17:20.167188Z[0m [32m INFO[0m [2mpm_bot[0m[2m:[0m [config] max_notional = 250.0
[2m2026-07-05T06:17:20.167189Z[0m [32m INFO[0m [2mpm_bot[0m[2m:[0m [config] max_slippage = 0.02
[2m2026-07-05T06:17:20.167190Z[0m [32m INFO[0m [2mpm_bot[0m[2m:[0m [config] max_entry_price = 0.75
[2m2026-07-05T06:17:20.167192Z[0m [32m INFO[0m [2mpm_bot[0m[2m:[0m [config] 
[2m2026-07-05T06:17:20.167193Z[0m [32m INFO[0m [2mpm_bot[0m[2m:[0m [config] [maker]
[2m2026-07-05T06:17:20.167194Z[0m [32m INFO[0m [2mpm_bot[0m[2m:[0m [config] min_quote_price = 0.15
[2m2026-07-05T06:17:20.167195Z[0m [32m INFO[0m [2mpm_bot[0m[2m:[0m [config] max_quote_price = 0.85
[2m2026-07-05T06:17:20.167196Z[0m [32m INFO[0m [2mpm_bot[0m[2m:[0m [config] edge_margin = 0.03
[2m2026-07-05T06:17:20.167198Z[0m [32m INFO[0m [2mpm_bot[0m[2m:[0m [config] take_profit = 0.08
[2m2026-07-05T06:17:20.167199Z[0m [32m INFO[0m [2mpm_bot[0m[2m:[0m [config] stop_loss = 0.1
[2m2026-07-05T06:17:20.167200Z[0m [32m INFO[0m [2mpm_bot[0m[2m:[0m [config] quote_size = 50.0
[2m2026-07-05T06:17:20.167201Z[0m [32m INFO[0m [2mpm_bot[0m[2m:[0m [config] max_inventory = 150.0
[2m2026-07-05T06:17:20.167202Z[0m [32m INFO[0m [2mpm_bot[0m[2m:[0m [config] min_tau_open_s = 60.0
[2m2026-07-05T06:17:20.167204Z[0m [32m INFO[0m [2mpm_bot[0m[2m:[0m [config] min_tau_flat_s = 25.0
[2m2026-07-05T06:17:20.167205Z[0m [32m INFO[0m [2mpm_bot[0m[2m:[0m [config] max_abs_z_quote = 2.5
[2m2026-07-05T06:17:20.167206Z[0m [32m INFO[0m [2mpm_bot[0m[2m:[0m [config] sigma_panic_per_sqrt_s = 0.0005
[2m2026-07-05T06:17:20.167207Z[0m [32m INFO[0m [2mpm_bot[0m[2m:[0m [config] min_strike_confidence = 0.8
[2m2026-07-05T06:17:20.167208Z[0m [32m INFO[0m [2mpm_bot[0m[2m:[0m [config] max_spot_age_ms = 3000
[2m2026-07-05T06:17:20.167210Z[0m [32m INFO[0m [2mpm_bot[0m[2m:[0m [config] 
[2m2026-07-05T06:17:20.167211Z[0m [32m INFO[0m [2mpm_bot[0m[2m:[0m [config] [modele]
[2m2026-07-05T06:17:20.167212Z[0m [32m INFO[0m [2mpm_bot[0m[2m:[0m [config] sigma_floor_per_sqrt_s = 0.00005
[2m2026-07-05T06:17:20.167213Z[0m [32m INFO[0m [2mpm_bot[0m[2m:[0m [config] tau_floor_s = 1.0
[2m2026-07-05T06:17:20.167214Z[0m [32m INFO[0m [2mpm_bot[0m[2m:[0m [config] drift_snr_min = 0.25
[2m2026-07-05T06:17:20.167215Z[0m [32m INFO[0m [2mpm_bot[0m[2m:[0m [config] max_drift_z = 2.0
[2m2026-07-05T06:17:20.167216Z[0m [32m INFO[0m [2mpm_bot[0m[2m:[0m [config] 
[2m2026-07-05T06:17:20.167218Z[0m [32m INFO[0m [2mpm_bot[0m[2m:[0m [config] [volatilite]
[2m2026-07-05T06:17:20.167219Z[0m [32m INFO[0m [2mpm_bot[0m[2m:[0m [config] ewma_half_life_s = 60.0
[2m2026-07-05T06:17:20.167228Z[0m [32m INFO[0m [2mpm_bot[0m[2m:[0m [config] retention_s = 1800
[2m2026-07-05T06:17:20.167229Z[0m [32m INFO[0m [2mpm_bot[0m[2m:[0m [config] min_dt_ms = 10
[2m2026-07-05T06:17:20.167230Z[0m [32m INFO[0m [2mpm_bot[0m[2m:[0m [config] 
[2m2026-07-05T06:17:20.167231Z[0m [32m INFO[0m [2mpm_bot[0m[2m:[0m [config] [moteur]
[2m2026-07-05T06:17:20.167233Z[0m [32m INFO[0m [2mpm_bot[0m[2m:[0m [config] decision_step_ms = 250
[2m2026-07-05T06:17:20.167234Z[0m [32m INFO[0m [2mpm_bot[0m[2m:[0m [config] watchdog_stale_ms = 6000
[2m2026-07-05T06:17:20.167235Z[0m [32m INFO[0m [2mpm_bot[0m[2m:[0m [config] clob_grace_s = 180
[2m2026-07-05T06:17:20.167236Z[0m [32m INFO[0m [2mpm_bot[0m[2m:[0m [config] gamma_lookahead = 5
[2m2026-07-05T06:17:20.167237Z[0m [32m INFO[0m [2mpm_bot[0m[2m:[0m [config] retention_ticks_s = 2400
[2m2026-07-05T06:17:20.600086Z[0m [32m INFO[0m [2mpm_bot[0m[2m:[0m fenêtre active: btc-updown-5m-1783232100 [1783232100000 → 1783232400000]
[2m2026-07-05T06:17:20.888073Z[0m [32m INFO[0m [2mpm_acquisition::rtds[0m[2m:[0m RTDS connecté
[2m2026-07-05T06:17:21.224683Z[0m [32m INFO[0m [2mpm_acquisition::clob[0m[2m:[0m CLOB connecté (up=66225274…, down=12643969…)
[2m2026-07-05T06:17:22.306234Z[0m [32m INFO[0m [2mpm_bot[0m[2m:[0m strike gelé: Some(62665.53602868273) (confidence=0.000, gap=Some(141000) ms)
[2m2026-07-05T06:20:02.400124Z[0m [32m INFO[0m [2mpm_bot[0m[2m:[0m RÈGLEMENT btc-updown-5m-1783232100 | strike=Some("62665.54") issue=inconnue | PnL up=+0.00 down=+0.00 | taker=0 maker_fills=0 | PnL cumulé=+0.00
[2m2026-07-05T06:20:02.400156Z[0m [32m INFO[0m [2mpm_bot[0m[2m:[0m fenêtre active: btc-updown-5m-1783232400 [1783232400000 → 1783232700000]
[2m2026-07-05T06:20:02.400171Z[0m [32m INFO[0m [2mpm_bot[0m[2m:[0m strike gelé: Some(62720.68105526333) (confidence=1.000, gap=Some(0) ms)
[2m2026-07-05T06:20:02.973749Z[0m [32m INFO[0m [2mpm_acquisition::clob[0m[2m:[0m CLOB connecté (up=90171087…, down=10263584…)
[2m2026-07-05T06:20:46.889266Z[0m [33m WARN[0m [2mpm_acquisition::rtds[0m[2m:[0m RTDS silencieux 5558 ms → réabonnement
[2m2026-07-05T06:20:47.668957Z[0m [33m WARN[0m [2mpm_acquisition::watchdog[0m[2m:[0m flux rtds stale (6412 ms de silence)
[2m2026-07-05T06:20:47.669027Z[0m [33m WARN[0m [2mpm_bot[0m[2m:[0m FEED STALE: rtds silencieux 6412 ms
[2m2026-07-05T06:20:52.889880Z[0m [33m WARN[0m [2mpm_acquisition::rtds[0m[2m:[0m RTDS silencieux 5846 ms → réabonnement
[2m2026-07-05T06:20:58.889773Z[0m [33m WARN[0m [2mpm_acquisition::rtds[0m[2m:[0m RTDS silencieux 5846 ms → réabonnement
[2m2026-07-05T06:21:04.889430Z[0m [33m WARN[0m [2mpm_acquisition::rtds[0m[2m:[0m RTDS silencieux 5849 ms → réabonnement
[2m2026-07-05T06:21:10.889722Z[0m [33m WARN[0m [2mpm_acquisition::rtds[0m[2m:[0m RTDS silencieux 5840 ms → réabonnement
[2m2026-07-05T06:21:16.890042Z[0m [33m WARN[0m [2mpm_acquisition::rtds[0m[2m:[0m RTDS silencieux 5846 ms → réabonnement
[2m2026-07-05T06:21:22.889491Z[0m [33m WARN[0m [2mpm_acquisition::rtds[0m[2m:[0m RTDS silencieux 5842 ms → réabonnement
[2m2026-07-05T06:21:28.889245Z[0m [33m WARN[0m [2mpm_acquisition::rtds[0m[2m:[0m RTDS silencieux 5846 ms → réabonnement
[2m2026-07-05T06:21:34.889297Z[0m [33m WARN[0m [2mpm_acquisition::rtds[0m[2m:[0m RTDS silencieux 5849 ms → réabonnement
[2m2026-07-05T06:21:40.889160Z[0m [33m WARN[0m [2mpm_acquisition::rtds[0m[2m:[0m RTDS silencieux 5849 ms → réabonnement
[2m2026-07-05T06:21:46.889118Z[0m [33m WARN[0m [2mpm_acquisition::rtds[0m[2m:[0m RTDS silencieux 5848 ms → réabonnement
[2m2026-07-05T06:21:52.889244Z[0m [33m WARN[0m [2mpm_acquisition::rtds[0m[2m:[0m RTDS silencieux 5834 ms → réabonnement
[2m2026-07-05T06:21:58.889168Z[0m [33m WARN[0m [2mpm_acquisition::rtds[0m[2m:[0m RTDS silencieux 5841 ms → réabonnement
[2m2026-07-05T06:22:01.464954Z[0m [32m INFO[0m [2mpm_bot[0m[2m:[0m résolution officielle btc-updown-5m-1783232100: Up (pas d'estimation locale)
[2m2026-07-05T06:22:01.465034Z[0m [32m INFO[0m [2mpm_acquisition::clob[0m[2m:[0m CLOB flux terminé (marché résolu/fermé)
[2m2026-07-05T06:22:04.889008Z[0m [33m WARN[0m [2mpm_acquisition::rtds[0m[2m:[0m RTDS silencieux 5840 ms → réabonnement
[2m2026-07-05T06:22:10.889832Z[0m [33m WARN[0m [2mpm_acquisition::rtds[0m[2m:[0m RTDS silencieux 5849 ms → réabonnement
[2m2026-07-05T06:22:16.889630Z[0m [33m WARN[0m [2mpm_acquisition::rtds[0m[2m:[0m RTDS silencieux 5845 ms → réabonnement
[2m2026-07-05T06:22:22.889711Z[0m [33m WARN[0m [2mpm_acquisition::rtds[0m[2m:[0m RTDS silencieux 5847 ms → réabonnement
[2m2026-07-05T06:22:28.889760Z[0m [33m WARN[0m [2mpm_acquisition::rtds[0m[2m:[0m RTDS silencieux 5850 ms → réabonnement
[2m2026-07-05T06:22:34.889978Z[0m [33m WARN[0m [2mpm_acquisition::rtds[0m[2m:[0m RTDS silencieux 5844 ms → réabonnement
[2m2026-07-05T06:22:40.889956Z[0m [33m WARN[0m [2mpm_acquisition::rtds[0m[2m:[0m RTDS silencieux 5850 ms → réabonnement
[2m2026-07-05T06:22:46.889942Z[0m [33m WARN[0m [2mpm_acquisition::rtds[0m[2m:[0m RTDS silencieux 5848 ms → réabonnement
[2m2026-07-05T06:22:52.889747Z[0m [33m WARN[0m [2mpm_acquisition::rtds[0m[2m:[0m RTDS silencieux 5834 ms → réabonnement
[2m2026-07-05T06:22:58.889949Z[0m [33m WARN[0m [2mpm_acquisition::rtds[0m[2m:[0m RTDS silencieux 5824 ms → réabonnement
[2m2026-07-05T06:23:04.889362Z[0m [33m WARN[0m [2mpm_acquisition::rtds[0m[2m:[0m RTDS silencieux 5825 ms → réabonnement
[2m2026-07-05T06:23:10.889861Z[0m [33m WARN[0m [2mpm_acquisition::rtds[0m[2m:[0m RTDS silencieux 5815 ms → réabonnement
[2m2026-07-05T06:23:16.889701Z[0m [33m WARN[0m [2mpm_acquisition::rtds[0m[2m:[0m RTDS silencieux 5831 ms → réabonnement
[2m2026-07-05T06:23:22.889342Z[0m [33m WARN[0m [2mpm_acquisition::rtds[0m[2m:[0m RTDS silencieux 5849 ms → réabonnement
[2m2026-07-05T06:23:28.889191Z[0m [33m WARN[0m [2mpm_acquisition::rtds[0m[2m:[0m RTDS silencieux 5846 ms → réabonnement
[2m2026-07-05T06:23:34.889101Z[0m [33m WARN[0m [2mpm_acquisition::rtds[0m[2m:[0m RTDS silencieux 5847 ms → réabonnement
[2m2026-07-05T06:23:40.889925Z[0m [33m WARN[0m [2mpm_acquisition::rtds[0m[2m:[0m RTDS silencieux 5842 ms → réabonnement
[2m2026-07-05T06:23:46.889147Z[0m [33m WARN[0m [2mpm_acquisition::rtds[0m[2m:[0m RTDS silencieux 5843 ms → réabonnement
[2m2026-07-05T06:23:52.889554Z[0m [33m WARN[0m [2mpm_acquisition::rtds[0m[2m:[0m RTDS silencieux 5823 ms → réabonnement
[2m2026-07-05T06:23:58.889670Z[0m [33m WARN[0m [2mpm_acquisition::rtds[0m[2m:[0m RTDS silencieux 5851 ms → réabonnement
[2m2026-07-05T06:24:04.889063Z[0m [33m WARN[0m [2mpm_acquisition::rtds[0m[2m:[0m RTDS silencieux 5849 ms → réabonnement
[2m2026-07-05T06:24:10.889867Z[0m [33m WARN[0m [2mpm_acquisition::rtds[0m[2m:[0m RTDS silencieux 5850 ms → réabonnement
[2m2026-07-05T06:24:16.889885Z[0m [33m WARN[0m [2mpm_acquisition::rtds[0m[2m:[0m RTDS silencieux 5839 ms → réabonnement
[2m2026-07-05T06:24:22.889579Z[0m [33m WARN[0m [2mpm_acquisition::rtds[0m[2m:[0m RTDS silencieux 5823 ms → réabonnement
[2m2026-07-05T06:24:28.889831Z[0m [33m WARN[0m [2mpm_acquisition::rtds[0m[2m:[0m RTDS silencieux 5832 ms → réabonnement
[2m2026-07-05T06:24:34.889217Z[0m [33m WARN[0m [2mpm_acquisition::rtds[0m[2m:[0m RTDS silencieux 5847 ms → réabonnement
[2m2026-07-05T06:24:40.889121Z[0m [33m WARN[0m [2mpm_acquisition::rtds[0m[2m:[0m RTDS silencieux 5843 ms → réabonnement
[2m2026-07-05T06:24:46.889069Z[0m [33m WARN[0m [2mpm_acquisition::rtds[0m[2m:[0m RTDS silencieux 5845 ms → réabonnement
[2m2026-07-05T06:24:52.889514Z[0m [33m WARN[0m [2mpm_acquisition::rtds[0m[2m:[0m RTDS silencieux 5834 ms → réabonnement
[2m2026-07-05T06:24:58.890020Z[0m [33m WARN[0m [2mpm_acquisition::rtds[0m[2m:[0m RTDS silencieux 5827 ms → réabonnement
[2m2026-07-05T06:25:02.400939Z[0m [32m INFO[0m [2mpm_bot[0m[2m:[0m RÈGLEMENT btc-updown-5m-1783232400 | strike=Some("62720.68") issue=Up (estimé) | PnL up=+0.00 down=+0.00 | taker=0 maker_fills=0 | PnL cumulé=+0.00
[2m2026-07-05T06:25:02.400965Z[0m [32m INFO[0m [2mpm_bot[0m[2m:[0m fenêtre active: btc-updown-5m-1783232700 [1783232700000 → 1783233000000]
[2m2026-07-05T06:25:02.982604Z[0m [32m INFO[0m [2mpm_acquisition::clob[0m[2m:[0m CLOB connecté (up=60680063…, down=32257377…)
[2m2026-07-05T06:25:04.889470Z[0m [33m WARN[0m [2mpm_acquisition::rtds[0m[2m:[0m RTDS silencieux 5815 ms → réabonnement
[2m2026-07-05T06:25:10.889830Z[0m [33m WARN[0m [2mpm_acquisition::rtds[0m[2m:[0m RTDS silencieux 5851 ms → réabonnement
[2m2026-07-05T06:25:16.889756Z[0m [33m WARN[0m [2mpm_acquisition::rtds[0m[2m:[0m RTDS silencieux 5843 ms → réabonnement
[2m2026-07-05T06:25:22.889262Z[0m [33m WARN[0m [2mpm_acquisition::rtds[0m[2m:[0m RTDS silencieux 5848 ms → réabonnement
[2m2026-07-05T06:25:28.890045Z[0m [33m WARN[0m [2mpm_acquisition::rtds[0m[2m:[0m RTDS silencieux 5849 ms → réabonnement
[2m2026-07-05T06:25:34.889569Z[0m [33m WARN[0m [2mpm_acquisition::rtds[0m[2m:[0m RTDS silencieux 5849 ms → réabonnement
[2m2026-07-05T06:25:40.889270Z[0m [33m WARN[0m [2mpm_acquisition::rtds[0m[2m:[0m RTDS silencieux 5846 ms → réabonnement
[2m2026-07-05T06:25:46.889805Z[0m [33m WARN[0m [2mpm_acquisition::rtds[0m[2m:[0m RTDS silencieux 5847 ms → réabonnement
[2m2026-07-05T06:25:52.889690Z[0m [33m WARN[0m [2mpm_acquisition::rtds[0m[2m:[0m RTDS silencieux 5849 ms → réabonnement
[2m2026-07-05T06:25:58.889582Z[0m [33m WARN[0m [2mpm_acquisition::rtds[0m[2m:[0m RTDS silencieux 5848 ms → réabonnement
[2m2026-07-05T06:26:04.889580Z[0m [33m WARN[0m [2mpm_acquisition::rtds[0m[2m:[0m RTDS silencieux 5814 ms → réabonnement
[2m2026-07-05T06:26:10.889420Z[0m [33m WARN[0m [2mpm_acquisition::rtds[0m[2m:[0m RTDS silencieux 5840 ms → réabonnement
[2m2026-07-05T06:26:16.889188Z[0m [33m WARN[0m [2mpm_acquisition::rtds[0m[2m:[0m RTDS silencieux 5846 ms → réabonnement
[2m2026-07-05T06:26:22.889819Z[0m [33m WARN[0m [2mpm_acquisition::rtds[0m[2m:[0m RTDS silencieux 5851 ms → réabonnement
[2m2026-07-05T06:26:28.889382Z[0m [33m WARN[0m [2mpm_acquisition::rtds[0m[2m:[0m RTDS silencieux 5846 ms → réabonnement
[2m2026-07-05T06:26:34.398126Z[0m [32m INFO[0m [2mpm_bot[0m[2m:[0m résolution officielle btc-updown-5m-1783232400: Up — CONFIRME notre estimation ✓
[2m2026-07-05T06:26:34.398177Z[0m [32m INFO[0m [2mpm_acquisition::clob[0m[2m:[0m CLOB flux terminé (marché résolu/fermé)
[2m2026-07-05T06:26:34.889683Z[0m [33m WARN[0m [2mpm_acquisition::rtds[0m[2m:[0m RTDS silencieux 5831 ms → réabonnement
[2m2026-07-05T06:26:40.889866Z[0m [33m WARN[0m [2mpm_acquisition::rtds[0m[2m:[0m RTDS silencieux 5844 ms → réabonnement
[2m2026-07-05T06:26:46.889340Z[0m [33m WARN[0m [2mpm_acquisition::rtds[0m[2m:[0m RTDS silencieux 5830 ms → réabonnement
[2m2026-07-05T06:26:52.889267Z[0m [33m WARN[0m [2mpm_acquisition::rtds[0m[2m:[0m RTDS silencieux 5832 ms → réabonnement
[2m2026-07-05T06:26:58.889869Z[0m [33m WARN[0m [2mpm_acquisition::rtds[0m[2m:[0m RTDS silencieux 5848 ms → réabonnement
[2m2026-07-05T06:27:04.889169Z[0m [33m WARN[0m [2mpm_acquisition::rtds[0m[2m:[0m RTDS silencieux 5844 ms → réabonnement
[2m2026-07-05T06:27:10.889571Z[0m [33m WARN[0m [2mpm_acquisition::rtds[0m[2m:[0m RTDS silencieux 5847 ms → réabonnement
[2m2026-07-05T06:27:16.889203Z[0m [33m WARN[0m [2mpm_acquisition::rtds[0m[2m:[0m RTDS silencieux 5830 ms → réabonnement
[2m2026-07-05T06:27:22.889345Z[0m [33m WARN[0m [2mpm_acquisition::rtds[0m[2m:[0m RTDS silencieux 5840 ms → réabonnement
[2m2026-07-05T06:27:28.889969Z[0m [33m WARN[0m [2mpm_acquisition::rtds[0m[2m:[0m RTDS silencieux 5846 ms → réabonnement
[2m2026-07-05T06:27:34.889515Z[0m [33m WARN[0m [2mpm_acquisition::rtds[0m[2m:[0m RTDS silencieux 5849 ms → réabonnement
[2m2026-07-05T06:27:40.889929Z[0m [33m WARN[0m [2mpm_acquisition::rtds[0m[2m:[0m RTDS silencieux 5845 ms → réabonnement
[2m2026-07-05T06:27:46.889816Z[0m [33m WARN[0m [2mpm_acquisition::rtds[0m[2m:[0m RTDS silencieux 5848 ms → réabonnement
[2m2026-07-05T06:27:52.889320Z[0m [33m WARN[0m [2mpm_acquisition::rtds[0m[2m:[0m RTDS silencieux 5850 ms → réabonnement
[2m2026-07-05T06:27:58.889072Z[0m [33m WARN[0m [2mpm_acquisition::rtds[0m[2m:[0m RTDS silencieux 5831 ms → réabonnement
[2m2026-07-05T06:28:04.889368Z[0m [33m WARN[0m [2mpm_acquisition::rtds[0m[2m:[0m RTDS silencieux 5829 ms → réabonnement
[2m2026-07-05T06:28:10.889571Z[0m [33m WARN[0m [2mpm_acquisition::rtds[0m[2m:[0m RTDS silencieux 5822 ms → réabonnement
[2m2026-07-05T06:28:16.889831Z[0m [33m WARN[0m [2mpm_acquisition::rtds[0m[2m:[0m RTDS silencieux 5846 ms → réabonnement
[2m2026-07-05T06:28:22.889601Z[0m [33m WARN[0m [2mpm_acquisition::rtds[0m[2m:[0m RTDS silencieux 5817 ms → réabonnement
[2m2026-07-05T06:28:28.889554Z[0m [33m WARN[0m [2mpm_acquisition::rtds[0m[2m:[0m RTDS silencieux 5846 ms → réabonnement
[2m2026-07-05T06:28:34.889082Z[0m [33m WARN[0m [2mpm_acquisition::rtds[0m[2m:[0m RTDS silencieux 5828 ms → réabonnement
[2m2026-07-05T06:28:40.889907Z[0m [33m WARN[0m [2mpm_acquisition::rtds[0m[2m:[0m RTDS silencieux 5851 ms → réabonnement
[2m2026-07-05T06:28:46.890006Z[0m [33m WARN[0m [2mpm_acquisition::rtds[0m[2m:[0m RTDS silencieux 5834 ms → réabonnement
[2m2026-07-05T06:28:52.889451Z[0m [33m WARN[0m [2mpm_acquisition::rtds[0m[2m:[0m RTDS silencieux 5845 ms → réabonnement
[2m2026-07-05T06:28:58.889142Z[0m [33m WARN[0m [2mpm_acquisition::rtds[0m[2m:[0m RTDS silencieux 5848 ms → réabonnement
[2m2026-07-05T06:29:04.889531Z[0m [33m WARN[0m [2mpm_acquisition::rtds[0m[2m:[0m RTDS silencieux 5838 ms → réabonnement
[2m2026-07-05T06:29:10.889569Z[0m [33m WARN[0m [2mpm_acquisition::rtds[0m[2m:[0m RTDS silencieux 5849 ms → réabonnement
[2m2026-07-05T06:29:16.889455Z[0m [33m WARN[0m [2mpm_acquisition::rtds[0m[2m:[0m RTDS silencieux 5847 ms → réabonnement
[2m2026-07-05T06:29:22.889848Z[0m [33m WARN[0m [2mpm_acquisition::rtds[0m[2m:[0m RTDS silencieux 5836 ms → réabonnement
[2m2026-07-05T06:29:28.889380Z[0m [33m WARN[0m [2mpm_acquisition::rtds[0m[2m:[0m RTDS silencieux 5846 ms → réabonnement
[2m2026-07-05T06:29:34.889734Z[0m [33m WARN[0m [2mpm_acquisition::rtds[0m[2m:[0m RTDS silencieux 5848 ms → réabonnement
[2m2026-07-05T06:29:40.889498Z[0m [33m WARN[0m [2mpm_acquisition::rtds[0m[2m:[0m RTDS silencieux 5839 ms → réabonnement
[2m2026-07-05T06:29:46.889138Z[0m [33m WARN[0m [2mpm_acquisition::rtds[0m[2m:[0m RTDS silencieux 5783 ms → réabonnement
[2m2026-07-05T06:29:52.889559Z[0m [33m WARN[0m [2mpm_acquisition::rtds[0m[2m:[0m RTDS silencieux 5848 ms → réabonnement
[2m2026-07-05T06:29:58.889396Z[0m [33m WARN[0m [2mpm_acquisition::rtds[0m[2m:[0m RTDS silencieux 5828 ms → réabonnement
[2m2026-07-05T06:30:02.413535Z[0m [32m INFO[0m [2mpm_bot[0m[2m:[0m RÈGLEMENT btc-updown-5m-1783232700 | strike=Some("62723.82") issue=inconnue | PnL up=+0.00 down=+0.00 | taker=0 maker_fills=0 | PnL cumulé=+0.00
[2m2026-07-05T06:30:02.413561Z[0m [32m INFO[0m [2mpm_bot[0m[2m:[0m fenêtre active: btc-updown-5m-1783233000 [1783233000000 → 1783233300000]
[2m2026-07-05T06:30:03.049530Z[0m [32m INFO[0m [2mpm_acquisition::clob[0m[2m:[0m CLOB connecté (up=80876157…, down=75565154…)
[2m2026-07-05T06:30:04.889551Z[0m [33m WARN[0m [2mpm_acquisition::rtds[0m[2m:[0m RTDS silencieux 5827 ms → réabonnement
[2m2026-07-05T06:30:10.889967Z[0m [33m WARN[0m [2mpm_acquisition::rtds[0m[2m:[0m RTDS silencieux 5842 ms → réabonnement
[2m2026-07-05T06:30:16.889728Z[0m [33m WARN[0m [2mpm_acquisition::rtds[0m[2m:[0m RTDS silencieux 5847 ms → réabonnement
[2m2026-07-05T06:30:22.889539Z[0m [33m WARN[0m [2mpm_acquisition::rtds[0m[2m:[0m RTDS silencieux 5842 ms → réabonnement
[2m2026-07-05T06:30:28.889789Z[0m [33m WARN[0m [2mpm_acquisition::rtds[0m[2m:[0m RTDS silencieux 5835 ms → réabonnement
[2m2026-07-05T06:30:34.889390Z[0m [33m WARN[0m [2mpm_acquisition::rtds[0m[2m:[0m RTDS silencieux 5801 ms → réabonnement
[2m2026-07-05T06:30:40.889239Z[0m [33m WARN[0m [2mpm_acquisition::rtds[0m[2m:[0m RTDS silencieux 5847 ms → réabonnement
[2m2026-07-05T06:30:46.889903Z[0m [33m WARN[0m [2mpm_acquisition::rtds[0m[2m:[0m RTDS silencieux 5845 ms → réabonnement
[2m2026-07-05T06:30:52.890123Z[0m [33m WARN[0m [2mpm_acquisition::rtds[0m[2m:[0m RTDS silencieux 5848 ms → réabonnement
[2m2026-07-05T06:30:58.889259Z[0m [33m WARN[0m [2mpm_acquisition::rtds[0m[2m:[0m RTDS silencieux 5847 ms → réabonnement
[2m2026-07-05T06:31:04.889692Z[0m [33m WARN[0m [2mpm_acquisition::rtds[0m[2m:[0m RTDS silencieux 5814 ms → réabonnement
[2m2026-07-05T06:31:10.889452Z[0m [33m WARN[0m [2mpm_acquisition::rtds[0m[2m:[0m RTDS silencieux 5829 ms → réabonnement
[2m2026-07-05T06:31:16.889948Z[0m [33m WARN[0m [2mpm_acquisition::rtds[0m[2m:[0m RTDS silencieux 5841 ms → réabonnement
[2m2026-07-05T06:31:22.889804Z[0m [33m WARN[0m [2mpm_acquisition::rtds[0m[2m:[0m RTDS silencieux 5846 ms → réabonnement
[2m2026-07-05T06:31:28.889182Z[0m [33m WARN[0m [2mpm_acquisition::rtds[0m[2m:[0m RTDS silencieux 5848 ms → réabonnement
[2m2026-07-05T06:31:34.889176Z[0m [33m WARN[0m [2mpm_acquisition::rtds[0m[2m:[0m RTDS silencieux 5828 ms → réabonnement
[2m2026-07-05T06:31:40.889557Z[0m [33m WARN[0m [2mpm_acquisition::rtds[0m[2m:[0m RTDS silencieux 5831 ms → réabonnement
[2m2026-07-05T06:31:46.889443Z[0m [33m WARN[0m [2mpm_acquisition::rtds[0m[2m:[0m RTDS silencieux 5833 ms → réabonnement
[2m2026-07-05T06:31:52.889130Z[0m [33m WARN[0m [2mpm_acquisition::rtds[0m[2m:[0m RTDS silencieux 5847 ms → réabonnement
[2m2026-07-05T06:31:58.889271Z[0m [33m WARN[0m [2mpm_acquisition::rtds[0m[2m:[0m RTDS silencieux 5848 ms → réabonnement
[2m2026-07-05T06:32:04.889178Z[0m [33m WARN[0m [2mpm_acquisition::rtds[0m[2m:[0m RTDS silencieux 5830 ms → réabonnement
[2m2026-07-05T06:32:10.889838Z[0m [33m WARN[0m [2mpm_acquisition::rtds[0m[2m:[0m RTDS silencieux 5851 ms → réabonnement
[2m2026-07-05T06:32:16.889094Z[0m [33m WARN[0m [2mpm_acquisition::rtds[0m[2m:[0m RTDS silencieux 5808 ms → réabonnement
[2m2026-07-05T06:32:22.889300Z[0m [33m WARN[0m [2mpm_acquisition::rtds[0m[2m:[0m RTDS silencieux 5848 ms → réabonnement
[2m2026-07-05T06:32:28.889465Z[0m [33m WARN[0m [2mpm_acquisition::rtds[0m[2m:[0m RTDS silencieux 5851 ms → réabonnement
[2m2026-07-05T06:32:33.828695Z[0m [32m INFO[0m [2mpm_bot[0m[2m:[0m résolution officielle btc-updown-5m-1783232700: Up (pas d'estimation locale)
[2m2026-07-05T06:32:33.828782Z[0m [32m INFO[0m [2mpm_acquisition::clob[0m[2m:[0m CLOB flux terminé (marché résolu/fermé)
[2m2026-07-05T06:32:34.889058Z[0m [33m WARN[0m [2mpm_acquisition::rtds[0m[2m:[0m RTDS silencieux 5842 ms → réabonnement
[2m2026-07-05T06:32:40.889563Z[0m [33m WARN[0m [2mpm_acquisition::rtds[0m[2m:[0m RTDS silencieux 5801 ms → réabonnement
[2m2026-07-05T06:32:46.889371Z[0m [33m WARN[0m [2mpm_acquisition::rtds[0m[2m:[0m RTDS silencieux 5816 ms → réabonnement
[2m2026-07-05T06:32:52.889785Z[0m [33m WARN[0m [2mpm_acquisition::rtds[0m[2m:[0m RTDS silencieux 5846 ms → réabonnement
[2m2026-07-05T06:32:58.889219Z[0m [33m WARN[0m [2mpm_acquisition::rtds[0m[2m:[0m RTDS silencieux 5801 ms → réabonnement
[2m2026-07-05T06:33:04.889377Z[0m [33m WARN[0m [2mpm_acquisition::rtds[0m[2m:[0m RTDS silencieux 5847 ms → réabonnement
[2m2026-07-05T06:33:10.889244Z[0m [33m WARN[0m [2mpm_acquisition::rtds[0m[2m:[0m RTDS silencieux 5850 ms → réabonnement
[2m2026-07-05T06:33:16.889833Z[0m [33m WARN[0m [2mpm_acquisition::rtds[0m[2m:[0m RTDS silencieux 5846 ms → réabonnement
[2m2026-07-05T06:33:22.889169Z[0m [33m WARN[0m [2mpm_acquisition::rtds[0m[2m:[0m RTDS silencieux 5846 ms → réabonnement
[2m2026-07-05T06:33:28.889636Z[0m [33m WARN[0m [2mpm_acquisition::rtds[0m[2m:[0m RTDS silencieux 5846 ms → réabonnement
[2m2026-07-05T06:33:34.889103Z[0m [33m WARN[0m [2mpm_acquisition::rtds[0m[2m:[0m RTDS silencieux 5827 ms → réabonnement
[2m2026-07-05T06:33:40.889164Z[0m [33m WARN[0m [2mpm_acquisition::rtds[0m[2m:[0m RTDS silencieux 5839 ms → réabonnement
[2m2026-07-05T06:33:46.889103Z[0m [33m WARN[0m [2mpm_acquisition::rtds[0m[2m:[0m RTDS silencieux 5851 ms → réabonnement
[2m2026-07-05T06:33:52.889184Z[0m [33m WARN[0m [2mpm_acquisition::rtds[0m[2m:[0m RTDS silencieux 5847 ms → réabonnement
[2m2026-07-05T06:33:58.889905Z[0m [33m WARN[0m [2mpm_acquisition::rtds[0m[2m:[0m RTDS silencieux 5842 ms → réabonnement
[2m2026-07-05T06:34:04.889202Z[0m [33m WARN[0m [2mpm_acquisition::rtds[0m[2m:[0m RTDS silencieux 5817 ms → réabonnement
[2m2026-07-05T06:34:10.890038Z[0m [33m WARN[0m [2mpm_acquisition::rtds[0m[2m:[0m RTDS silencieux 5835 ms → réabonnement
[2m2026-07-05T06:34:16.889528Z[0m [33m WARN[0m [2mpm_acquisition::rtds[0m[2m:[0m RTDS silencieux 5824 ms → réabonnement
[2m2026-07-05T06:34:22.889952Z[0m [33m WARN[0m [2mpm_acquisition::rtds[0m[2m:[0m RTDS silencieux 5833 ms → réabonnement
[2m2026-07-05T06:34:28.889162Z[0m [33m WARN[0m [2mpm_acquisition::rtds[0m[2m:[0m RTDS silencieux 5848 ms → réabonnement
[2m2026-07-05T06:34:34.889391Z[0m [33m WARN[0m [2mpm_acquisition::rtds[0m[2m:[0m RTDS silencieux 5831 ms → réabonnement
[2m2026-07-05T06:34:40.889250Z[0m [33m WARN[0m [2mpm_acquisition::rtds[0m[2m:[0m RTDS silencieux 5840 ms → réabonnement
[2m2026-07-05T06:34:46.889325Z[0m [33m WARN[0m [2mpm_acquisition::rtds[0m[2m:[0m RTDS silencieux 5846 ms → réabonnement
[2m2026-07-05T06:34:52.889563Z[0m [33m WARN[0m [2mpm_acquisition::rtds[0m[2m:[0m RTDS silencieux 5850 ms → réabonnement
[2m2026-07-05T06:34:58.889178Z[0m [33m WARN[0m [2mpm_acquisition::rtds[0m[2m:[0m RTDS silencieux 5843 ms → réabonnement
[2m2026-07-05T06:35:02.423638Z[0m [32m INFO[0m [2mpm_bot[0m[2m:[0m RÈGLEMENT btc-updown-5m-1783233000 | strike=Some("62723.82") issue=inconnue | PnL up=+0.00 down=+0.00 | taker=0 maker_fills=0 | PnL cumulé=+0.00
[2m2026-07-05T06:35:02.423660Z[0m [32m INFO[0m [2mpm_bot[0m[2m:[0m fenêtre active: btc-updown-5m-1783233300 [1783233300000 → 1783233600000]
[2m2026-07-05T06:35:03.011441Z[0m [32m INFO[0m [2mpm_acquisition::clob[0m[2m:[0m CLOB connecté (up=46564877…, down=36120570…)
[2m2026-07-05T06:35:04.889243Z[0m [33m WARN[0m [2mpm_acquisition::rtds[0m[2m:[0m RTDS silencieux 5842 ms → réabonnement
[2m2026-07-05T06:35:10.889267Z[0m [33m WARN[0m [2mpm_acquisition::rtds[0m[2m:[0m RTDS silencieux 5847 ms → réabonnement
[2m2026-07-05T06:35:16.889969Z[0m [33m WARN[0m [2mpm_acquisition::rtds[0m[2m:[0m RTDS silencieux 5846 ms → réabonnement
[2m2026-07-05T06:35:22.889416Z[0m [33m WARN[0m [2mpm_acquisition::rtds[0m[2m:[0m RTDS silencieux 5849 ms → réabonnement
[2m2026-07-05T06:35:28.889864Z[0m [33m WARN[0m [2mpm_acquisition::rtds[0m[2m:[0m RTDS silencieux 5817 ms → réabonnement
[2m2026-07-05T06:35:34.889511Z[0m [33m WARN[0m [2mpm_acquisition::rtds[0m[2m:[0m RTDS silencieux 5844 ms → réabonnement
[2m2026-07-05T06:35:40.889157Z[0m [33m WARN[0m [2mpm_acquisition::rtds[0m[2m:[0m RTDS silencieux 5828 ms → réabonnement
[2m2026-07-05T06:35:46.889578Z[0m [33m WARN[0m [2mpm_acquisition::rtds[0m[2m:[0m RTDS silencieux 5845 ms → réabonnement
[2m2026-07-05T06:35:52.889941Z[0m [33m WARN[0m [2mpm_acquisition::rtds[0m[2m:[0m RTDS silencieux 5843 ms → réabonnement
[2m2026-07-05T06:35:58.889248Z[0m [33m WARN[0m [2mpm_acquisition::rtds[0m[2m:[0m RTDS silencieux 5825 ms → réabonnement
[2m2026-07-05T06:36:04.889533Z[0m [33m WARN[0m [2mpm_acquisition::rtds[0m[2m:[0m RTDS silencieux 5841 ms → réabonnement
[2m2026-07-05T06:36:10.889775Z[0m [33m WARN[0m [2mpm_acquisition::rtds[0m[2m:[0m RTDS silencieux 5851 ms → réabonnement
[2m2026-07-05T06:36:16.889974Z[0m [33m WARN[0m [2mpm_acquisition::rtds[0m[2m:[0m RTDS silencieux 5846 ms → réabonnement
[2m2026-07-05T06:36:21.459055Z[0m [32m INFO[0m [2mpm_bot[0m[2m:[0m résolution officielle btc-updown-5m-1783233000: Up (pas d'estimation locale)
[2m2026-07-05T06:36:21.459141Z[0m [32m INFO[0m [2mpm_acquisition::clob[0m[2m:[0m CLOB flux terminé (marché résolu/fermé)
[2m2026-07-05T06:36:22.889623Z[0m [33m WARN[0m [2mpm_acquisition::rtds[0m[2m:[0m RTDS silencieux 5839 ms → réabonnement
[2m2026-07-05T06:36:28.889824Z[0m [33m WARN[0m [2mpm_acquisition::rtds[0m[2m:[0m RTDS silencieux 5847 ms → réabonnement
[2m2026-07-05T06:36:34.889810Z[0m [33m WARN[0m [2mpm_acquisition::rtds[0m[2m:[0m RTDS silencieux 5833 ms → réabonnement
[2m2026-07-05T06:36:40.889836Z[0m [33m WARN[0m [2mpm_acquisition::rtds[0m[2m:[0m RTDS silencieux 5847 ms → réabonnement
[2m2026-07-05T06:36:46.889205Z[0m [33m WARN[0m [2mpm_acquisition::rtds[0m[2m:[0m RTDS silencieux 5826 ms → réabonnement
[2m2026-07-05T06:36:52.889494Z[0m [33m WARN[0m [2mpm_acquisition::rtds[0m[2m:[0m RTDS silencieux 5832 ms → réabonnement
[2m2026-07-05T06:36:58.889866Z[0m [33m WARN[0m [2mpm_acquisition::rtds[0m[2m:[0m RTDS silencieux 5822 ms → réabonnement
[2m2026-07-05T06:37:04.889286Z[0m [33m WARN[0m [2mpm_acquisition::rtds[0m[2m:[0m RTDS silencieux 5830 ms → réabonnement
[2m2026-07-05T06:37:10.889958Z[0m [33m WARN[0m [2mpm_acquisition::rtds[0m[2m:[0m RTDS silencieux 5834 ms → réabonnement
[2m2026-07-05T06:37:16.889083Z[0m [33m WARN[0m [2mpm_acquisition::rtds[0m[2m:[0m RTDS silencieux 5846 ms → réabonnement
[2m2026-07-05T06:37:22.889955Z[0m [33m WARN[0m [2mpm_acquisition::rtds[0m[2m:[0m RTDS silencieux 5847 ms → réabonnement
[2m2026-07-05T06:37:28.889257Z[0m [33m WARN[0m [2mpm_acquisition::rtds[0m[2m:[0m RTDS silencieux 5847 ms → réabonnement
[2m2026-07-05T06:37:34.889906Z[0m [33m WARN[0m [2mpm_acquisition::rtds[0m[2m:[0m RTDS silencieux 5841 ms → réabonnement
[2m2026-07-05T06:37:40.889695Z[0m [33m WARN[0m [2mpm_acquisition::rtds[0m[2m:[0m RTDS silencieux 5846 ms → réabonnement
[2m2026-07-05T06:37:46.889101Z[0m [33m WARN[0m [2mpm_acquisition::rtds[0m[2m:[0m RTDS silencieux 5845 ms → réabonnement
[2m2026-07-05T06:37:52.889542Z[0m [33m WARN[0m [2mpm_acquisition::rtds[0m[2m:[0m RTDS silencieux 5846 ms → réabonnement
[2m2026-07-05T06:37:58.889888Z[0m [33m WARN[0m [2mpm_acquisition::rtds[0m[2m:[0m RTDS silencieux 5831 ms → réabonnement
[2m2026-07-05T06:38:04.889345Z[0m [33m WARN[0m [2mpm_acquisition::rtds[0m[2m:[0m RTDS silencieux 5832 ms → réabonnement
[2m2026-07-05T06:38:10.889982Z[0m [33m WARN[0m [2mpm_acquisition::rtds[0m[2m:[0m RTDS silencieux 5848 ms → réabonnement
[2m2026-07-05T06:38:16.889863Z[0m [33m WARN[0m [2mpm_acquisition::rtds[0m[2m:[0m RTDS silencieux 5846 ms → réabonnement
[2m2026-07-05T06:38:22.889883Z[0m [33m WARN[0m [2mpm_acquisition::rtds[0m[2m:[0m RTDS silencieux 5831 ms → réabonnement
[2m2026-07-05T06:38:28.889160Z[0m [33m WARN[0m [2mpm_acquisition::rtds[0m[2m:[0m RTDS silencieux 5836 ms → réabonnement
[2m2026-07-05T06:38:34.889994Z[0m [33m WARN[0m [2mpm_acquisition::rtds[0m[2m:[0m RTDS silencieux 5841 ms → réabonnement
[2m2026-07-05T06:38:40.889112Z[0m [33m WARN[0m [2mpm_acquisition::rtds[0m[2m:[0m RTDS silencieux 5850 ms → réabonnement
[2m2026-07-05T06:38:46.889865Z[0m [33m WARN[0m [2mpm_acquisition::rtds[0m[2m:[0m RTDS silencieux 5839 ms → réabonnement
[2m2026-07-05T06:38:52.889498Z[0m [33m WARN[0m [2mpm_acquisition::rtds[0m[2m:[0m RTDS silencieux 5843 ms → réabonnement
[2m2026-07-05T06:38:58.889769Z[0m [33m WARN[0m [2mpm_acquisition::rtds[0m[2m:[0m RTDS silencieux 5839 ms → réabonnement
[2m2026-07-05T06:39:04.889384Z[0m [33m WARN[0m [2mpm_acquisition::rtds[0m[2m:[0m RTDS silencieux 5848 ms → réabonnement
[2m2026-07-05T06:39:10.889179Z[0m [33m WARN[0m [2mpm_acquisition::rtds[0m[2m:[0m RTDS silencieux 5848 ms → réabonnement
[2m2026-07-05T06:39:16.889758Z[0m [33m WARN[0m [2mpm_acquisition::rtds[0m[2m:[0m RTDS silencieux 5839 ms → réabonnement
[2m2026-07-05T06:39:22.889278Z[0m [33m WARN[0m [2mpm_acquisition::rtds[0m[2m:[0m RTDS silencieux 5849 ms → réabonnement
[2m2026-07-05T06:39:28.889997Z[0m [33m WARN[0m [2mpm_acquisition::rtds[0m[2m:[0m RTDS silencieux 5830 ms → réabonnement
[2m2026-07-05T06:39:34.889317Z[0m [33m WARN[0m [2mpm_acquisition::rtds[0m[2m:[0m RTDS silencieux 5849 ms → réabonnement
[2m2026-07-05T06:39:40.889646Z[0m [33m WARN[0m [2mpm_acquisition::rtds[0m[2m:[0m RTDS silencieux 5850 ms → réabonnement
[2m2026-07-05T06:39:46.889221Z[0m [33m WARN[0m [2mpm_acquisition::rtds[0m[2m:[0m RTDS silencieux 5834 ms → réabonnement
[2m2026-07-05T06:39:52.889733Z[0m [33m WARN[0m [2mpm_acquisition::rtds[0m[2m:[0m RTDS silencieux 5833 ms → réabonnement
[2m2026-07-05T06:39:58.889928Z[0m [33m WARN[0m [2mpm_acquisition::rtds[0m[2m:[0m RTDS silencieux 5849 ms → réabonnement
[2m2026-07-05T06:40:02.373861Z[0m [32m INFO[0m [2mpm_bot[0m[2m:[0m RÈGLEMENT btc-updown-5m-1783233300 | strike=Some("62723.82") issue=inconnue | PnL up=+0.00 down=+0.00 | taker=0 maker_fills=0 | PnL cumulé=+0.00
[2m2026-07-05T06:40:02.373886Z[0m [32m INFO[0m [2mpm_bot[0m[2m:[0m fenêtre active: btc-updown-5m-1783233600 [1783233600000 → 1783233900000]
[2m2026-07-05T06:40:02.964816Z[0m [32m INFO[0m [2mpm_acquisition::clob[0m[2m:[0m CLOB connecté (up=95178230…, down=48868497…)
[2m2026-07-05T06:40:04.889448Z[0m [33m WARN[0m [2mpm_acquisition::rtds[0m[2m:[0m RTDS silencieux 5838 ms → réabonnement
[2m2026-07-05T06:40:10.889935Z[0m [33m WARN[0m [2mpm_acquisition::rtds[0m[2m:[0m RTDS silencieux 5840 ms → réabonnement
[2m2026-07-05T06:40:16.889264Z[0m [33m WARN[0m [2mpm_acquisition::rtds[0m[2m:[0m RTDS silencieux 5841 ms → réabonnement
[2m2026-07-05T06:40:22.889504Z[0m [33m WARN[0m [2mpm_acquisition::rtds[0m[2m:[0m RTDS silencieux 5846 ms → réabonnement
[2m2026-07-05T06:40:28.889268Z[0m [33m WARN[0m [2mpm_acquisition::rtds[0m[2m:[0m RTDS silencieux 5845 ms → réabonnement
[2m2026-07-05T06:40:34.889497Z[0m [33m WARN[0m [2mpm_acquisition::rtds[0m[2m:[0m RTDS silencieux 5847 ms → réabonnement
[2m2026-07-05T06:40:40.889915Z[0m [33m WARN[0m [2mpm_acquisition::rtds[0m[2m:[0m RTDS silencieux 5845 ms → réabonnement
[2m2026-07-05T06:40:46.889194Z[0m [33m WARN[0m [2mpm_acquisition::rtds[0m[2m:[0m RTDS silencieux 5844 ms → réabonnement
[2m2026-07-05T06:40:52.889220Z[0m [33m WARN[0m [2mpm_acquisition::rtds[0m[2m:[0m RTDS silencieux 5824 ms → réabonnement
[2m2026-07-05T06:40:58.890062Z[0m [33m WARN[0m [2mpm_acquisition::rtds[0m[2m:[0m RTDS silencieux 5847 ms → réabonnement
[2m2026-07-05T06:41:04.889727Z[0m [33m WARN[0m [2mpm_acquisition::rtds[0m[2m:[0m RTDS silencieux 5847 ms → réabonnement
[2m2026-07-05T06:41:10.889510Z[0m [33m WARN[0m [2mpm_acquisition::rtds[0m[2m:[0m RTDS silencieux 5847 ms → réabonnement
[2m2026-07-05T06:41:16.889160Z[0m [33m WARN[0m [2mpm_acquisition::rtds[0m[2m:[0m RTDS silencieux 5848 ms → réabonnement
[2m2026-07-05T06:41:22.889343Z[0m [33m WARN[0m [2mpm_acquisition::rtds[0m[2m:[0m RTDS silencieux 5842 ms → réabonnement
[2m2026-07-05T06:41:28.889193Z[0m [33m WARN[0m [2mpm_acquisition::rtds[0m[2m:[0m RTDS silencieux 5846 ms → réabonnement
[2m2026-07-05T06:41:34.889081Z[0m [33m WARN[0m [2mpm_acquisition::rtds[0m[2m:[0m RTDS silencieux 5837 ms → réabonnement
[2m2026-07-05T06:41:40.890004Z[0m [33m WARN[0m [2mpm_acquisition::rtds[0m[2m:[0m RTDS silencieux 5830 ms → réabonnement
[2m2026-07-05T06:41:46.889925Z[0m [33m WARN[0m [2mpm_acquisition::rtds[0m[2m:[0m RTDS silencieux 5814 ms → réabonnement
[2m2026-07-05T06:41:52.889605Z[0m [33m WARN[0m [2mpm_acquisition::rtds[0m[2m:[0m RTDS silencieux 5845 ms → réabonnement
[2m2026-07-05T06:41:58.890055Z[0m [33m WARN[0m [2mpm_acquisition::rtds[0m[2m:[0m RTDS silencieux 5831 ms → réabonnement
[2m2026-07-05T06:42:04.889271Z[0m [33m WARN[0m [2mpm_acquisition::rtds[0m[2m:[0m RTDS silencieux 5843 ms → réabonnement
[2m2026-07-05T06:42:10.889109Z[0m [33m WARN[0m [2mpm_acquisition::rtds[0m[2m:[0m RTDS silencieux 5846 ms → réabonnement
[2m2026-07-05T06:42:16.889035Z[0m [33m WARN[0m [2mpm_acquisition::rtds[0m[2m:[0m RTDS silencieux 5810 ms → réabonnement
[2m2026-07-05T06:42:22.889168Z[0m [33m WARN[0m [2mpm_acquisition::rtds[0m[2m:[0m RTDS silencieux 5842 ms → réabonnement
[2m2026-07-05T06:42:28.889468Z[0m [33m WARN[0m [2mpm_acquisition::rtds[0m[2m:[0m RTDS silencieux 5844 ms → réabonnement
[2m2026-07-05T06:42:33.158496Z[0m [33m WARN[0m [2mpm_acquisition::clob[0m[2m:[0m CLOB erreur: WebSocket protocol error: Connection reset without closing handshake: Connection reset without closing handshake
[2m2026-07-05T06:42:34.627538Z[0m [32m INFO[0m [2mpm_acquisition::clob[0m[2m:[0m CLOB connecté (up=46564877…, down=36120570…)
[2m2026-07-05T06:42:34.889585Z[0m [33m WARN[0m [2mpm_acquisition::rtds[0m[2m:[0m RTDS silencieux 5847 ms → réabonnement
[2m2026-07-05T06:42:40.889074Z[0m [33m WARN[0m [2mpm_acquisition::rtds[0m[2m:[0m RTDS silencieux 5807 ms → réabonnement
[2m2026-07-05T06:42:46.889610Z[0m [33m WARN[0m [2mpm_acquisition::rtds[0m[2m:[0m RTDS silencieux 5833 ms → réabonnement
[2m2026-07-05T06:42:52.889608Z[0m [33m WARN[0m [2mpm_acquisition::rtds[0m[2m:[0m RTDS silencieux 5845 ms → réabonnement
[2m2026-07-05T06:42:58.889211Z[0m [33m WARN[0m [2mpm_acquisition::rtds[0m[2m:[0m RTDS silencieux 5850 ms → réabonnement
[2m2026-07-05T06:43:04.889493Z[0m [33m WARN[0m [2mpm_acquisition::rtds[0m[2m:[0m RTDS silencieux 5849 ms → réabonnement
[2m2026-07-05T06:43:10.890044Z[0m [33m WARN[0m [2mpm_acquisition::rtds[0m[2m:[0m RTDS silencieux 5800 ms → réabonnement
[2m2026-07-05T06:43:16.889558Z[0m [33m WARN[0m [2mpm_acquisition::rtds[0m[2m:[0m RTDS silencieux 5789 ms → réabonnement
[2m2026-07-05T06:43:22.889886Z[0m [33m WARN[0m [2mpm_acquisition::rtds[0m[2m:[0m RTDS silencieux 5850 ms → réabonnement
[2m2026-07-05T06:43:28.889316Z[0m [33m WARN[0m [2mpm_acquisition::rtds[0m[2m:[0m RTDS silencieux 5829 ms → réabonnement
[2m2026-07-05T06:43:34.889074Z[0m [33m WARN[0m [2mpm_acquisition::rtds[0m[2m:[0m RTDS silencieux 5849 ms → réabonnement
[2m2026-07-05T06:43:40.889392Z[0m [33m WARN[0m [2mpm_acquisition::rtds[0m[2m:[0m RTDS silencieux 5842 ms → réabonnement
[2m2026-07-05T06:43:46.889426Z[0m [33m WARN[0m [2mpm_acquisition::rtds[0m[2m:[0m RTDS silencieux 5841 ms → réabonnement
[2m2026-07-05T06:43:52.889739Z[0m [33m WARN[0m [2mpm_acquisition::rtds[0m[2m:[0m RTDS silencieux 5827 ms → réabonnement
[2m2026-07-05T06:43:58.889994Z[0m [33m WARN[0m [2mpm_acquisition::rtds[0m[2m:[0m RTDS silencieux 5835 ms → réabonnement
[2m2026-07-05T06:44:04.889938Z[0m [33m WARN[0m [2mpm_acquisition::rtds[0m[2m:[0m RTDS silencieux 5845 ms → réabonnement
[2m2026-07-05T06:44:10.889183Z[0m [33m WARN[0m [2mpm_acquisition::rtds[0m[2m:[0m RTDS silencieux 5837 ms → réabonnement
[2m2026-07-05T06:44:16.889199Z[0m [33m WARN[0m [2mpm_acquisition::rtds[0m[2m:[0m RTDS silencieux 5848 ms → réabonnement
[2m2026-07-05T06:44:22.889004Z[0m [33m WARN[0m [2mpm_acquisition::rtds[0m[2m:[0m RTDS silencieux 5834 ms → réabonnement
[2m2026-07-05T06:44:28.889023Z[0m [33m WARN[0m [2mpm_acquisition::rtds[0m[2m:[0m RTDS silencieux 5825 ms → réabonnement
[2m2026-07-05T06:44:34.890006Z[0m [33m WARN[0m [2mpm_acquisition::rtds[0m[2m:[0m RTDS silencieux 5848 ms → réabonnement
[2m2026-07-05T06:44:40.889996Z[0m [33m WARN[0m [2mpm_acquisition::rtds[0m[2m:[0m RTDS silencieux 5847 ms → réabonnement
[2m2026-07-05T06:44:46.889132Z[0m [33m WARN[0m [2mpm_acquisition::rtds[0m[2m:[0m RTDS silencieux 5833 ms → réabonnement
[2m2026-07-05T06:44:52.889970Z[0m [33m WARN[0m [2mpm_acquisition::rtds[0m[2m:[0m RTDS silencieux 5844 ms → réabonnement
[2m2026-07-05T06:44:58.889252Z[0m [33m WARN[0m [2mpm_acquisition::rtds[0m[2m:[0m RTDS silencieux 5845 ms → réabonnement
[2m2026-07-05T06:45:02.430551Z[0m [32m INFO[0m [2mpm_bot[0m[2m:[0m RÈGLEMENT btc-updown-5m-1783233600 | strike=Some("62723.82") issue=inconnue | PnL up=+0.00 down=+0.00 | taker=0 maker_fills=0 | PnL cumulé=+0.00
[2m2026-07-05T06:45:02.430575Z[0m [32m INFO[0m [2mpm_bot[0m[2m:[0m fenêtre active: btc-updown-5m-1783233900 [1783233900000 → 1783234200000]
[2m2026-07-05T06:45:03.034366Z[0m [32m INFO[0m [2mpm_acquisition::clob[0m[2m:[0m CLOB connecté (up=22644314…, down=37852677…)
[2m2026-07-05T06:45:04.889977Z[0m [33m WARN[0m [2mpm_acquisition::rtds[0m[2m:[0m RTDS silencieux 5848 ms → réabonnement
[2m2026-07-05T06:45:10.889765Z[0m [33m WARN[0m [2mpm_acquisition::rtds[0m[2m:[0m RTDS silencieux 5835 ms → réabonnement
[2m2026-07-05T06:45:16.889745Z[0m [33m WARN[0m [2mpm_acquisition::rtds[0m[2m:[0m RTDS silencieux 5832 ms → réabonnement
[2m2026-07-05T06:45:22.889135Z[0m [33m WARN[0m [2mpm_acquisition::rtds[0m[2m:[0m RTDS silencieux 5848 ms → réabonnement
[2m2026-07-05T06:45:28.889293Z[0m [33m WARN[0m [2mpm_acquisition::rtds[0m[2m:[0m RTDS silencieux 5835 ms → réabonnement
[2m2026-07-05T06:45:34.889441Z[0m [33m WARN[0m [2mpm_acquisition::rtds[0m[2m:[0m RTDS silencieux 5833 ms → réabonnement
[2m2026-07-05T06:45:40.889646Z[0m [33m WARN[0m [2mpm_acquisition::rtds[0m[2m:[0m RTDS silencieux 5848 ms → réabonnement
[2m2026-07-05T06:45:46.889066Z[0m [33m WARN[0m [2mpm_acquisition::rtds[0m[2m:[0m RTDS silencieux 5840 ms → réabonnement
[2m2026-07-05T06:45:52.889961Z[0m [33m WARN[0m [2mpm_acquisition::rtds[0m[2m:[0m RTDS silencieux 5849 ms → réabonnement
[2m2026-07-05T06:45:58.889994Z[0m [33m WARN[0m [2mpm_acquisition::rtds[0m[2m:[0m RTDS silencieux 5848 ms → réabonnement
[2m2026-07-05T06:46:04.889474Z[0m [33m WARN[0m [2mpm_acquisition::rtds[0m[2m:[0m RTDS silencieux 5829 ms → réabonnement
[2m2026-07-05T06:46:10.889362Z[0m [33m WARN[0m [2mpm_acquisition::rtds[0m[2m:[0m RTDS silencieux 5852 ms → réabonnement
[2m2026-07-05T06:46:16.889768Z[0m [33m WARN[0m [2mpm_acquisition::rtds[0m[2m:[0m RTDS silencieux 5845 ms → réabonnement
[2m2026-07-05T06:46:22.889746Z[0m [33m WARN[0m [2mpm_acquisition::rtds[0m[2m:[0m RTDS silencieux 5844 ms → réabonnement
[2m2026-07-05T06:46:28.889578Z[0m [33m WARN[0m [2mpm_acquisition::rtds[0m[2m:[0m RTDS silencieux 5851 ms → réabonnement
[2m2026-07-05T06:46:34.474113Z[0m [32m INFO[0m [2mpm_bot[0m[2m:[0m résolution officielle btc-updown-5m-1783233600: Down (pas d'estimation locale)
[2m2026-07-05T06:46:34.474173Z[0m [32m INFO[0m [2mpm_acquisition::clob[0m[2m:[0m CLOB flux terminé (marché résolu/fermé)
[2m2026-07-05T06:46:34.889146Z[0m [33m WARN[0m [2mpm_acquisition::rtds[0m[2m:[0m RTDS silencieux 5843 ms → réabonnement
[2m2026-07-05T06:46:40.889560Z[0m [33m WARN[0m [2mpm_acquisition::rtds[0m[2m:[0m RTDS silencieux 5837 ms → réabonnement
[2m2026-07-05T06:46:46.889012Z[0m [33m WARN[0m [2mpm_acquisition::rtds[0m[2m:[0m RTDS silencieux 5848 ms → réabonnement
[2m2026-07-05T06:46:52.889656Z[0m [33m WARN[0m [2mpm_acquisition::rtds[0m[2m:[0m RTDS silencieux 5848 ms → réabonnement
[2m2026-07-05T06:46:58.889425Z[0m [33m WARN[0m [2mpm_acquisition::rtds[0m[2m:[0m RTDS silencieux 5846 ms → réabonnement
[2m2026-07-05T06:47:04.889010Z[0m [33m WARN[0m [2mpm_acquisition::rtds[0m[2m:[0m RTDS silencieux 5829 ms → réabonnement
[2m2026-07-05T06:47:10.889649Z[0m [33m WARN[0m [2mpm_acquisition::rtds[0m[2m:[0m RTDS silencieux 5831 ms → réabonnement
[2m2026-07-05T06:47:16.889980Z[0m [33m WARN[0m [2mpm_acquisition::rtds[0m[2m:[0m RTDS silencieux 5836 ms → réabonnement
[2m2026-07-05T06:47:22.889852Z[0m [33m WARN[0m [2mpm_acquisition::rtds[0m[2m:[0m RTDS silencieux 5826 ms → réabonnement
[2m2026-07-05T06:47:28.890026Z[0m [33m WARN[0m [2mpm_acquisition::rtds[0m[2m:[0m RTDS silencieux 5837 ms → réabonnement
[2m2026-07-05T06:47:34.889558Z[0m [33m WARN[0m [2mpm_acquisition::rtds[0m[2m:[0m RTDS silencieux 5832 ms → réabonnement
[2m2026-07-05T06:47:40.889157Z[0m [33m WARN[0m [2mpm_acquisition::rtds[0m[2m:[0m RTDS silencieux 5846 ms → réabonnement
[2m2026-07-05T06:47:46.889933Z[0m [33m WARN[0m [2mpm_acquisition::rtds[0m[2m:[0m RTDS silencieux 5845 ms → réabonnement
[2m2026-07-05T06:47:52.889180Z[0m [33m WARN[0m [2mpm_acquisition::rtds[0m[2m:[0m RTDS silencieux 5847 ms → réabonnement
[2m2026-07-05T06:47:58.889353Z[0m [33m WARN[0m [2mpm_acquisition::rtds[0m[2m:[0m RTDS silencieux 5827 ms → réabonnement
[2m2026-07-05T06:48:04.889554Z[0m [33m WARN[0m [2mpm_acquisition::rtds[0m[2m:[0m RTDS silencieux 5846 ms → réabonnement
[2m2026-07-05T06:48:10.889804Z[0m [33m WARN[0m [2mpm_acquisition::rtds[0m[2m:[0m RTDS silencieux 5844 ms → réabonnement
[2m2026-07-05T06:48:16.889776Z[0m [33m WARN[0m [2mpm_acquisition::rtds[0m[2m:[0m RTDS silencieux 5842 ms → réabonnement
[2m2026-07-05T06:48:22.889159Z[0m [33m WARN[0m [2mpm_acquisition::rtds[0m[2m:[0m RTDS silencieux 5850 ms → réabonnement
[2m2026-07-05T06:48:28.889158Z[0m [33m WARN[0m [2mpm_acquisition::rtds[0m[2m:[0m RTDS silencieux 5847 ms → réabonnement
[2m2026-07-05T06:48:34.889253Z[0m [33m WARN[0m [2mpm_acquisition::rtds[0m[2m:[0m RTDS silencieux 5847 ms → réabonnement
[2m2026-07-05T06:48:40.889486Z[0m [33m WARN[0m [2mpm_acquisition::rtds[0m[2m:[0m RTDS silencieux 5837 ms → réabonnement
[2m2026-07-05T06:48:46.889039Z[0m [33m WARN[0m [2mpm_acquisition::rtds[0m[2m:[0m RTDS silencieux 5820 ms → réabonnement
[2m2026-07-05T06:48:52.889880Z[0m [33m WARN[0m [2mpm_acquisition::rtds[0m[2m:[0m RTDS silencieux 5796 ms → réabonnement
[2m2026-07-05T06:48:58.889029Z[0m [33m WARN[0m [2mpm_acquisition::rtds[0m[2m:[0m RTDS silencieux 5849 ms → réabonnement
[2m2026-07-05T06:49:04.889841Z[0m [33m WARN[0m [2mpm_acquisition::rtds[0m[2m:[0m RTDS silencieux 5818 ms → réabonnement
[2m2026-07-05T06:49:10.889567Z[0m [33m WARN[0m [2mpm_acquisition::rtds[0m[2m:[0m RTDS silencieux 5828 ms → réabonnement
[2m2026-07-05T06:49:16.889288Z[0m [33m WARN[0m [2mpm_acquisition::rtds[0m[2m:[0m RTDS silencieux 5842 ms → réabonnement
[2m2026-07-05T06:49:22.889276Z[0m [33m WARN[0m [2mpm_acquisition::rtds[0m[2m:[0m RTDS silencieux 5823 ms → réabonnement
[2m2026-07-05T06:49:28.889985Z[0m [33m WARN[0m [2mpm_acquisition::rtds[0m[2m:[0m RTDS silencieux 5844 ms → réabonnement
[2m2026-07-05T06:49:34.889166Z[0m [33m WARN[0m [2mpm_acquisition::rtds[0m[2m:[0m RTDS silencieux 5844 ms → réabonnement
[2m2026-07-05T06:49:40.890034Z[0m [33m WARN[0m [2mpm_acquisition::rtds[0m[2m:[0m RTDS silencieux 5844 ms → réabonnement
[2m2026-07-05T06:49:46.889429Z[0m [33m WARN[0m [2mpm_acquisition::rtds[0m[2m:[0m RTDS silencieux 5846 ms → réabonnement
[2m2026-07-05T06:49:52.889835Z[0m [33m WARN[0m [2mpm_acquisition::rtds[0m[2m:[0m RTDS silencieux 5847 ms → réabonnement
[2m2026-07-05T06:49:58.889016Z[0m [33m WARN[0m [2mpm_acquisition::rtds[0m[2m:[0m RTDS silencieux 5846 ms → réabonnement
[2m2026-07-05T06:50:02.396226Z[0m [32m INFO[0m [2mpm_bot[0m[2m:[0m RÈGLEMENT btc-updown-5m-1783233900 | strike=Some("62723.82") issue=inconnue | PnL up=+0.00 down=+0.00 | taker=0 maker_fills=0 | PnL cumulé=+0.00
[2m2026-07-05T06:50:02.396252Z[0m [32m INFO[0m [2mpm_bot[0m[2m:[0m fenêtre active: btc-updown-5m-1783234200 [1783234200000 → 1783234500000]
[2m2026-07-05T06:50:03.003302Z[0m [32m INFO[0m [2mpm_acquisition::clob[0m[2m:[0m CLOB connecté (up=11442400…, down=10218720…)
[2m2026-07-05T06:50:04.889894Z[0m [33m WARN[0m [2mpm_acquisition::rtds[0m[2m:[0m RTDS silencieux 5852 ms → réabonnement
[2m2026-07-05T06:50:10.889637Z[0m [33m WARN[0m [2mpm_acquisition::rtds[0m[2m:[0m RTDS silencieux 5849 ms → réabonnement
[2m2026-07-05T06:50:16.889597Z[0m [33m WARN[0m [2mpm_acquisition::rtds[0m[2m:[0m RTDS silencieux 5804 ms → réabonnement
[2m2026-07-05T06:50:22.889589Z[0m [33m WARN[0m [2mpm_acquisition::rtds[0m[2m:[0m RTDS silencieux 5846 ms → réabonnement
[2m2026-07-05T06:50:28.889960Z[0m [33m WARN[0m [2mpm_acquisition::rtds[0m[2m:[0m RTDS silencieux 5849 ms → réabonnement
[2m2026-07-05T06:50:34.889854Z[0m [33m WARN[0m [2mpm_acquisition::rtds[0m[2m:[0m RTDS silencieux 5826 ms → réabonnement
[2m2026-07-05T06:50:40.889237Z[0m [33m WARN[0m [2mpm_acquisition::rtds[0m[2m:[0m RTDS silencieux 5847 ms → réabonnement
[2m2026-07-05T06:50:46.889999Z[0m [33m WARN[0m [2mpm_acquisition::rtds[0m[2m:[0m RTDS silencieux 5847 ms → réabonnement
[2m2026-07-05T06:50:52.889717Z[0m [33m WARN[0m [2mpm_acquisition::rtds[0m[2m:[0m RTDS silencieux 5848 ms → réabonnement
[2m2026-07-05T06:50:58.889269Z[0m [33m WARN[0m [2mpm_acquisition::rtds[0m[2m:[0m RTDS silencieux 5837 ms → réabonnement
[2m2026-07-05T06:51:04.889110Z[0m [33m WARN[0m [2mpm_acquisition::rtds[0m[2m:[0m RTDS silencieux 5848 ms → réabonnement
[2m2026-07-05T06:51:10.889625Z[0m [33m WARN[0m [2mpm_acquisition::rtds[0m[2m:[0m RTDS silencieux 5806 ms → réabonnement
[2m2026-07-05T06:51:16.889737Z[0m [33m WARN[0m [2mpm_acquisition::rtds[0m[2m:[0m RTDS silencieux 5814 ms → réabonnement
[2m2026-07-05T06:51:22.889358Z[0m [33m WARN[0m [2mpm_acquisition::rtds[0m[2m:[0m RTDS silencieux 5848 ms → réabonnement
[2m2026-07-05T06:51:28.889192Z[0m [33m WARN[0m [2mpm_acquisition::rtds[0m[2m:[0m RTDS silencieux 5844 ms → réabonnement
[2m2026-07-05T06:51:32.867567Z[0m [32m INFO[0m [2mpm_bot[0m[2m:[0m résolution officielle btc-updown-5m-1783233900: Up (pas d'estimation locale)
[2m2026-07-05T06:51:32.867630Z[0m [32m INFO[0m [2mpm_acquisition::clob[0m[2m:[0m CLOB flux terminé (marché résolu/fermé)
[2m2026-07-05T06:51:34.889995Z[0m [33m WARN[0m [2mpm_acquisition::rtds[0m[2m:[0m RTDS silencieux 5835 ms → réabonnement
[2m2026-07-05T06:51:40.889300Z[0m [33m WARN[0m [2mpm_acquisition::rtds[0m[2m:[0m RTDS silencieux 5835 ms → réabonnement
[2m2026-07-05T06:51:42.494478Z[0m [33m WARN[0m [2mpm_acquisition::clob[0m[2m:[0m CLOB erreur: WebSocket protocol error: Connection reset without closing handshake: Connection reset without closing handshake
[2m2026-07-05T06:51:43.954617Z[0m [32m INFO[0m [2mpm_acquisition::clob[0m[2m:[0m CLOB connecté (up=11442400…, down=10218720…)
[2m2026-07-05T06:51:46.889653Z[0m [33m WARN[0m [2mpm_acquisition::rtds[0m[2m:[0m RTDS silencieux 5844 ms → réabonnement
[2m2026-07-05T06:51:52.889821Z[0m [33m WARN[0m [2mpm_acquisition::rtds[0m[2m:[0m RTDS silencieux 5824 ms → réabonnement
[2m2026-07-05T06:51:58.889726Z[0m [33m WARN[0m [2mpm_acquisition::rtds[0m[2m:[0m RTDS silencieux 5844 ms → réabonnement
[2m2026-07-05T06:52:04.889882Z[0m [33m WARN[0m [2mpm_acquisition::rtds[0m[2m:[0m RTDS silencieux 5847 ms → réabonnement
[2m2026-07-05T06:52:10.889103Z[0m [33m WARN[0m [2mpm_acquisition::rtds[0m[2m:[0m RTDS silencieux 5813 ms → réabonnement
[2m2026-07-05T06:52:16.889213Z[0m [33m WARN[0m [2mpm_acquisition::rtds[0m[2m:[0m RTDS silencieux 5824 ms → réabonnement
[2m2026-07-05T06:52:22.889262Z[0m [33m WARN[0m [2mpm_acquisition::rtds[0m[2m:[0m RTDS silencieux 5844 ms → réabonnement
[2m2026-07-05T06:52:28.889936Z[0m [33m WARN[0m [2mpm_acquisition::rtds[0m[2m:[0m RTDS silencieux 5835 ms → réabonnement
[2m2026-07-05T06:52:34.889023Z[0m [33m WARN[0m [2mpm_acquisition::rtds[0m[2m:[0m RTDS silencieux 5840 ms → réabonnement
[2m2026-07-05T06:52:40.889603Z[0m [33m WARN[0m [2mpm_acquisition::rtds[0m[2m:[0m RTDS silencieux 5832 ms → réabonnement
[2m2026-07-05T06:52:46.889695Z[0m [33m WARN[0m [2mpm_acquisition::rtds[0m[2m:[0m RTDS silencieux 5801 ms → réabonnement
[2m2026-07-05T06:52:52.889633Z[0m [33m WARN[0m [2mpm_acquisition::rtds[0m[2m:[0m RTDS silencieux 5849 ms → réabonnement
[2m2026-07-05T06:52:58.889457Z[0m [33m WARN[0m [2mpm_acquisition::rtds[0m[2m:[0m RTDS silencieux 5846 ms → réabonnement
[2m2026-07-05T06:53:04.889681Z[0m [33m WARN[0m [2mpm_acquisition::rtds[0m[2m:[0m RTDS silencieux 5806 ms → réabonnement
[2m2026-07-05T06:53:10.889909Z[0m [33m WARN[0m [2mpm_acquisition::rtds[0m[2m:[0m RTDS silencieux 5815 ms → réabonnement
[2m2026-07-05T06:53:16.889073Z[0m [33m WARN[0m [2mpm_acquisition::rtds[0m[2m:[0m RTDS silencieux 5839 ms → réabonnement
[2m2026-07-05T06:53:22.889321Z[0m [33m WARN[0m [2mpm_acquisition::rtds[0m[2m:[0m RTDS silencieux 5850 ms → réabonnement
[2m2026-07-05T06:53:28.889136Z[0m [33m WARN[0m [2mpm_acquisition::rtds[0m[2m:[0m RTDS silencieux 5843 ms → réabonnement
[2m2026-07-05T06:53:34.889517Z[0m [33m WARN[0m [2mpm_acquisition::rtds[0m[2m:[0m RTDS silencieux 5849 ms → réabonnement
[2m2026-07-05T06:53:40.889128Z[0m [33m WARN[0m [2mpm_acquisition::rtds[0m[2m:[0m RTDS silencieux 5833 ms → réabonnement
[2m2026-07-05T06:53:46.889895Z[0m [33m WARN[0m [2mpm_acquisition::rtds[0m[2m:[0m RTDS silencieux 5844 ms → réabonnement
[2m2026-07-05T06:53:52.889564Z[0m [33m WARN[0m [2mpm_acquisition::rtds[0m[2m:[0m RTDS silencieux 5818 ms → réabonnement
[2m2026-07-05T06:53:58.889758Z[0m [33m WARN[0m [2mpm_acquisition::rtds[0m[2m:[0m RTDS silencieux 5833 ms → réabonnement
[2m2026-07-05T06:54:04.889551Z[0m [33m WARN[0m [2mpm_acquisition::rtds[0m[2m:[0m RTDS silencieux 5848 ms → réabonnement
[2m2026-07-05T06:54:10.889393Z[0m [33m WARN[0m [2mpm_acquisition::rtds[0m[2m:[0m RTDS silencieux 5839 ms → réabonnement
[2m2026-07-05T06:54:16.889574Z[0m [33m WARN[0m [2mpm_acquisition::rtds[0m[2m:[0m RTDS silencieux 5826 ms → réabonnement
[2m2026-07-05T06:54:22.890065Z[0m [33m WARN[0m [2mpm_acquisition::rtds[0m[2m:[0m RTDS silencieux 5849 ms → réabonnement
[2m2026-07-05T06:54:28.889881Z[0m [33m WARN[0m [2mpm_acquisition::rtds[0m[2m:[0m RTDS silencieux 5846 ms → réabonnement
[2m2026-07-05T06:54:34.889136Z[0m [33m WARN[0m [2mpm_acquisition::rtds[0m[2m:[0m RTDS silencieux 5848 ms → réabonnement
[2m2026-07-05T06:54:40.889948Z[0m [33m WARN[0m [2mpm_acquisition::rtds[0m[2m:[0m RTDS silencieux 5835 ms → réabonnement
[2m2026-07-05T06:54:46.889799Z[0m [33m WARN[0m [2mpm_acquisition::rtds[0m[2m:[0m RTDS silencieux 5826 ms → réabonnement
[2m2026-07-05T06:54:52.890032Z[0m [33m WARN[0m [2mpm_acquisition::rtds[0m[2m:[0m RTDS silencieux 5845 ms → réabonnement
[2m2026-07-05T06:54:58.889722Z[0m [33m WARN[0m [2mpm_acquisition::rtds[0m[2m:[0m RTDS silencieux 5827 ms → réabonnement
[2m2026-07-05T06:55:02.537304Z[0m [32m INFO[0m [2mpm_bot[0m[2m:[0m RÈGLEMENT btc-updown-5m-1783234200 | strike=Some("62723.82") issue=inconnue | PnL up=+0.00 down=+0.00 | taker=0 maker_fills=0 | PnL cumulé=+0.00
[2m2026-07-05T06:55:02.537333Z[0m [32m INFO[0m [2mpm_bot[0m[2m:[0m fenêtre active: btc-updown-5m-1783234500 [1783234500000 → 1783234800000]
[2m2026-07-05T06:55:03.091178Z[0m [32m INFO[0m [2mpm_acquisition::clob[0m[2m:[0m CLOB connecté (up=88407696…, down=11207348…)
[2m2026-07-05T06:55:04.889567Z[0m [33m WARN[0m [2mpm_acquisition::rtds[0m[2m:[0m RTDS silencieux 5836 ms → réabonnement
[2m2026-07-05T06:55:10.889198Z[0m [33m WARN[0m [2mpm_acquisition::rtds[0m[2m:[0m RTDS silencieux 5843 ms → réabonnement
[2m2026-07-05T06:55:16.889942Z[0m [33m WARN[0m [2mpm_acquisition::rtds[0m[2m:[0m RTDS silencieux 5849 ms → réabonnement
[2m2026-07-05T06:55:22.889416Z[0m [33m WARN[0m [2mpm_acquisition::rtds[0m[2m:[0m RTDS silencieux 5844 ms → réabonnement
[2m2026-07-05T06:55:28.889516Z[0m [33m WARN[0m [2mpm_acquisition::rtds[0m[2m:[0m RTDS silencieux 5847 ms → réabonnement
[2m2026-07-05T06:55:34.889705Z[0m [33m WARN[0m [2mpm_acquisition::rtds[0m[2m:[0m RTDS silencieux 5832 ms → réabonnement
[2m2026-07-05T06:55:40.890068Z[0m [33m WARN[0m [2mpm_acquisition::rtds[0m[2m:[0m RTDS silencieux 5836 ms → réabonnement
[2m2026-07-05T06:55:46.889273Z[0m [33m WARN[0m [2mpm_acquisition::rtds[0m[2m:[0m RTDS silencieux 5847 ms → réabonnement
[2m2026-07-05T06:55:52.889279Z[0m [33m WARN[0m [2mpm_acquisition::rtds[0m[2m:[0m RTDS silencieux 5839 ms → réabonnement
[2m2026-07-05T06:55:58.889734Z[0m [33m WARN[0m [2mpm_acquisition::rtds[0m[2m:[0m RTDS silencieux 5825 ms → réabonnement
[2m2026-07-05T06:56:04.889606Z[0m [33m WARN[0m [2mpm_acquisition::rtds[0m[2m:[0m RTDS silencieux 5847 ms → réabonnement
[2m2026-07-05T06:56:10.889780Z[0m [33m WARN[0m [2mpm_acquisition::rtds[0m[2m:[0m RTDS silencieux 5835 ms → réabonnement
[2m2026-07-05T06:56:16.889747Z[0m [33m WARN[0m [2mpm_acquisition::rtds[0m[2m:[0m RTDS silencieux 5821 ms → réabonnement
[2m2026-07-05T06:56:22.889813Z[0m [33m WARN[0m [2mpm_acquisition::rtds[0m[2m:[0m RTDS silencieux 5804 ms → réabonnement
[2m2026-07-05T06:56:28.889546Z[0m [33m WARN[0m [2mpm_acquisition::rtds[0m[2m:[0m RTDS silencieux 5848 ms → réabonnement
[2m2026-07-05T06:56:34.889829Z[0m [33m WARN[0m [2mpm_acquisition::rtds[0m[2m:[0m RTDS silencieux 5843 ms → réabonnement
[2m2026-07-05T06:56:40.889732Z[0m [33m WARN[0m [2mpm_acquisition::rtds[0m[2m:[0m RTDS silencieux 5846 ms → réabonnement
[2m2026-07-05T06:56:46.889972Z[0m [33m WARN[0m [2mpm_acquisition::rtds[0m[2m:[0m RTDS silencieux 5846 ms → réabonnement
[2m2026-07-05T06:56:52.889740Z[0m [33m WARN[0m [2mpm_acquisition::rtds[0m[2m:[0m RTDS silencieux 5842 ms → réabonnement
[2m2026-07-05T06:56:58.889469Z[0m [33m WARN[0m [2mpm_acquisition::rtds[0m[2m:[0m RTDS silencieux 5811 ms → réabonnement
[2m2026-07-05T06:57:00.844309Z[0m [32m INFO[0m [2mpm_bot[0m[2m:[0m résolution officielle btc-updown-5m-1783234200: Up (pas d'estimation locale)
[2m2026-07-05T06:57:00.844371Z[0m [32m INFO[0m [2mpm_acquisition::clob[0m[2m:[0m CLOB flux terminé (marché résolu/fermé)
[2m2026-07-05T06:57:04.889940Z[0m [33m WARN[0m [2mpm_acquisition::rtds[0m[2m:[0m RTDS silencieux 5813 ms → réabonnement
[2m2026-07-05T06:57:10.889135Z[0m [33m WARN[0m [2mpm_acquisition::rtds[0m[2m:[0m RTDS silencieux 5800 ms → réabonnement
[2m2026-07-05T06:57:16.889606Z[0m [33m WARN[0m [2mpm_acquisition::rtds[0m[2m:[0m RTDS silencieux 5833 ms → réabonnement
[2m2026-07-05T06:57:22.889624Z[0m [33m WARN[0m [2mpm_acquisition::rtds[0m[2m:[0m RTDS silencieux 5845 ms → réabonnement
[2m2026-07-05T06:57:28.889290Z[0m [33m WARN[0m [2mpm_acquisition::rtds[0m[2m:[0m RTDS silencieux 5848 ms → réabonnement
[2m2026-07-05T06:57:34.889326Z[0m [33m WARN[0m [2mpm_acquisition::rtds[0m[2m:[0m RTDS silencieux 5835 ms → réabonnement
[2m2026-07-05T06:57:40.889298Z[0m [33m WARN[0m [2mpm_acquisition::rtds[0m[2m:[0m RTDS silencieux 5839 ms → réabonnement
[2m2026-07-05T06:57:46.889576Z[0m [33m WARN[0m [2mpm_acquisition::rtds[0m[2m:[0m RTDS silencieux 5852 ms → réabonnement
[2m2026-07-05T06:57:52.890044Z[0m [33m WARN[0m [2mpm_acquisition::rtds[0m[2m:[0m RTDS silencieux 5834 ms → réabonnement
[2m2026-07-05T06:57:58.889732Z[0m [33m WARN[0m [2mpm_acquisition::rtds[0m[2m:[0m RTDS silencieux 5820 ms → réabonnement
[2m2026-07-05T06:58:04.889697Z[0m [33m WARN[0m [2mpm_acquisition::rtds[0m[2m:[0m RTDS silencieux 5849 ms → réabonnement
[2m2026-07-05T06:58:10.889512Z[0m [33m WARN[0m [2mpm_acquisition::rtds[0m[2m:[0m RTDS silencieux 5847 ms → réabonnement
[2m2026-07-05T06:58:16.889191Z[0m [33m WARN[0m [2mpm_acquisition::rtds[0m[2m:[0m RTDS silencieux 5827 ms → réabonnement
[2m2026-07-05T06:58:22.889966Z[0m [33m WARN[0m [2mpm_acquisition::rtds[0m[2m:[0m RTDS silencieux 5787 ms → réabonnement
[2m2026-07-05T06:58:28.889212Z[0m [33m WARN[0m [2mpm_acquisition::rtds[0m[2m:[0m RTDS silencieux 5828 ms → réabonnement
[2m2026-07-05T06:58:34.889491Z[0m [33m WARN[0m [2mpm_acquisition::rtds[0m[2m:[0m RTDS silencieux 5835 ms → réabonnement
[2m2026-07-05T06:58:40.889715Z[0m [33m WARN[0m [2mpm_acquisition::rtds[0m[2m:[0m RTDS silencieux 5849 ms → réabonnement
[2m2026-07-05T06:58:46.889851Z[0m [33m WARN[0m [2mpm_acquisition::rtds[0m[2m:[0m RTDS silencieux 5846 ms → réabonnement
[2m2026-07-05T06:58:52.889384Z[0m [33m WARN[0m [2mpm_acquisition::rtds[0m[2m:[0m RTDS silencieux 5834 ms → réabonnement
[2m2026-07-05T06:58:58.889199Z[0m [33m WARN[0m [2mpm_acquisition::rtds[0m[2m:[0m RTDS silencieux 5825 ms → réabonnement
[2m2026-07-05T06:59:04.889478Z[0m [33m WARN[0m [2mpm_acquisition::rtds[0m[2m:[0m RTDS silencieux 5844 ms → réabonnement
[2m2026-07-05T06:59:10.889205Z[0m [33m WARN[0m [2mpm_acquisition::rtds[0m[2m:[0m RTDS silencieux 5851 ms → réabonnement
[2m2026-07-05T06:59:16.889386Z[0m [33m WARN[0m [2mpm_acquisition::rtds[0m[2m:[0m RTDS silencieux 5848 ms → réabonnement
[2m2026-07-05T06:59:22.889781Z[0m [33m WARN[0m [2mpm_acquisition::rtds[0m[2m:[0m RTDS silencieux 5843 ms → réabonnement
[2m2026-07-05T06:59:28.889283Z[0m [33m WARN[0m [2mpm_acquisition::rtds[0m[2m:[0m RTDS silencieux 5828 ms → réabonnement
[2m2026-07-05T06:59:34.889227Z[0m [33m WARN[0m [2mpm_acquisition::rtds[0m[2m:[0m RTDS silencieux 5818 ms → réabonnement
[2m2026-07-05T06:59:40.889257Z[0m [33m WARN[0m [2mpm_acquisition::rtds[0m[2m:[0m RTDS silencieux 5830 ms → réabonnement
[2m2026-07-05T06:59:46.889810Z[0m [33m WARN[0m [2mpm_acquisition::rtds[0m[2m:[0m RTDS silencieux 5841 ms → réabonnement
[2m2026-07-05T06:59:52.889790Z[0m [33m WARN[0m [2mpm_acquisition::rtds[0m[2m:[0m RTDS silencieux 5828 ms → réabonnement
[2m2026-07-05T06:59:58.889815Z[0m [33m WARN[0m [2mpm_acquisition::rtds[0m[2m:[0m RTDS silencieux 5831 ms → réabonnement
[2m2026-07-05T07:00:02.409358Z[0m [32m INFO[0m [2mpm_bot[0m[2m:[0m RÈGLEMENT btc-updown-5m-1783234500 | strike=Some("62723.82") issue=inconnue | PnL up=+0.00 down=+0.00 | taker=0 maker_fills=0 | PnL cumulé=+0.00
[2m2026-07-05T07:00:02.409384Z[0m [32m INFO[0m [2mpm_bot[0m[2m:[0m fenêtre active: btc-updown-5m-1783234800 [1783234800000 → 1783235100000]
[2m2026-07-05T07:00:02.989877Z[0m [32m INFO[0m [2mpm_acquisition::clob[0m[2m:[0m CLOB connecté (up=11337452…, down=17404646…)
[2m2026-07-05T07:00:04.889674Z[0m [33m WARN[0m [2mpm_acquisition::rtds[0m[2m:[0m RTDS silencieux 5814 ms → réabonnement
[2m2026-07-05T07:00:10.889247Z[0m [33m WARN[0m [2mpm_acquisition::rtds[0m[2m:[0m RTDS silencieux 5842 ms → réabonnement
[2m2026-07-05T07:00:16.889657Z[0m [33m WARN[0m [2mpm_acquisition::rtds[0m[2m:[0m RTDS silencieux 5843 ms → réabonnement
[2m2026-07-05T07:00:22.890059Z[0m [33m WARN[0m [2mpm_acquisition::rtds[0m[2m:[0m RTDS silencieux 5848 ms → réabonnement
[2m2026-07-05T07:00:28.889277Z[0m [33m WARN[0m [2mpm_acquisition::rtds[0m[2m:[0m RTDS silencieux 5847 ms → réabonnement
[2m2026-07-05T07:00:34.889166Z[0m [33m WARN[0m [2mpm_acquisition::rtds[0m[2m:[0m RTDS silencieux 5841 ms → réabonnement
[2m2026-07-05T07:00:40.889619Z[0m [33m WARN[0m [2mpm_acquisition::rtds[0m[2m:[0m RTDS silencieux 5850 ms → réabonnement
[2m2026-07-05T07:00:46.889279Z[0m [33m WARN[0m [2mpm_acquisition::rtds[0m[2m:[0m RTDS silencieux 5831 ms → réabonnement
[2m2026-07-05T07:00:52.889951Z[0m [33m WARN[0m [2mpm_acquisition::rtds[0m[2m:[0m RTDS silencieux 5813 ms → réabonnement
[2m2026-07-05T07:00:58.889123Z[0m [33m WARN[0m [2mpm_acquisition::rtds[0m[2m:[0m RTDS silencieux 5842 ms → réabonnement
[2m2026-07-05T07:01:04.889557Z[0m [33m WARN[0m [2mpm_acquisition::rtds[0m[2m:[0m RTDS silencieux 5849 ms → réabonnement
[2m2026-07-05T07:01:10.889228Z[0m [33m WARN[0m [2mpm_acquisition::rtds[0m[2m:[0m RTDS silencieux 5814 ms → réabonnement
[2m2026-07-05T07:01:16.889724Z[0m [33m WARN[0m [2mpm_acquisition::rtds[0m[2m:[0m RTDS silencieux 5830 ms → réabonnement
[2m2026-07-05T07:01:22.889485Z[0m [33m WARN[0m [2mpm_acquisition::rtds[0m[2m:[0m RTDS silencieux 5850 ms → réabonnement
[2m2026-07-05T07:01:28.889138Z[0m [33m WARN[0m [2mpm_acquisition::rtds[0m[2m:[0m RTDS silencieux 5831 ms → réabonnement
[2m2026-07-05T07:01:34.889384Z[0m [33m WARN[0m [2mpm_acquisition::rtds[0m[2m:[0m RTDS silencieux 5848 ms → réabonnement
[2m2026-07-05T07:01:40.820732Z[0m [32m INFO[0m [2mpm_bot[0m[2m:[0m résolution officielle btc-updown-5m-1783234500: Down (pas d'estimation locale)
[2m2026-07-05T07:01:40.820814Z[0m [32m INFO[0m [2mpm_acquisition::clob[0m[2m:[0m CLOB flux terminé (marché résolu/fermé)
[2m2026-07-05T07:01:40.889859Z[0m [33m WARN[0m [2mpm_acquisition::rtds[0m[2m:[0m RTDS silencieux 5836 ms → réabonnement
[2m2026-07-05T07:01:46.889266Z[0m [33m WARN[0m [2mpm_acquisition::rtds[0m[2m:[0m RTDS silencieux 5840 ms → réabonnement
[2m2026-07-05T07:01:52.889681Z[0m [33m WARN[0m [2mpm_acquisition::rtds[0m[2m:[0m RTDS silencieux 5842 ms → réabonnement
[2m2026-07-05T07:01:58.889595Z[0m [33m WARN[0m [2mpm_acquisition::rtds[0m[2m:[0m RTDS silencieux 5835 ms → réabonnement
[2m2026-07-05T07:02:04.890030Z[0m [33m WARN[0m [2mpm_acquisition::rtds[0m[2m:[0m RTDS silencieux 5840 ms → réabonnement
[2m2026-07-05T07:02:10.889735Z[0m [33m WARN[0m [2mpm_acquisition::rtds[0m[2m:[0m RTDS silencieux 5845 ms → réabonnement
[2m2026-07-05T07:02:16.889935Z[0m [33m WARN[0m [2mpm_acquisition::rtds[0m[2m:[0m RTDS silencieux 5838 ms → réabonnement
[2m2026-07-05T07:02:22.889278Z[0m [33m WARN[0m [2mpm_acquisition::rtds[0m[2m:[0m RTDS silencieux 5841 ms → réabonnement
[2m2026-07-05T07:02:28.889809Z[0m [33m WARN[0m [2mpm_acquisition::rtds[0m[2m:[0m RTDS silencieux 5849 ms → réabonnement
[2m2026-07-05T07:02:34.889578Z[0m [33m WARN[0m [2mpm_acquisition::rtds[0m[2m:[0m RTDS silencieux 5843 ms → réabonnement
[2m2026-07-05T07:02:40.889956Z[0m [33m WARN[0m [2mpm_acquisition::rtds[0m[2m:[0m RTDS silencieux 5822 ms → réabonnement
[2m2026-07-05T07:02:46.890042Z[0m [33m WARN[0m [2mpm_acquisition::rtds[0m[2m:[0m RTDS silencieux 5845 ms → réabonnement
[2m2026-07-05T07:02:52.889825Z[0m [33m WARN[0m [2mpm_acquisition::rtds[0m[2m:[0m RTDS silencieux 5842 ms → réabonnement
[2m2026-07-05T07:02:58.889143Z[0m [33m WARN[0m [2mpm_acquisition::rtds[0m[2m:[0m RTDS silencieux 5833 ms → réabonnement
[2m2026-07-05T07:03:04.889443Z[0m [33m WARN[0m [2mpm_acquisition::rtds[0m[2m:[0m RTDS silencieux 5785 ms → réabonnement
[2m2026-07-05T07:03:10.889169Z[0m [33m WARN[0m [2mpm_acquisition::rtds[0m[2m:[0m RTDS silencieux 5847 ms → réabonnement
[2m2026-07-05T07:03:16.889136Z[0m [33m WARN[0m [2mpm_acquisition::rtds[0m[2m:[0m RTDS silencieux 5827 ms → réabonnement
[2m2026-07-05T07:03:22.889525Z[0m [33m WARN[0m [2mpm_acquisition::rtds[0m[2m:[0m RTDS silencieux 5843 ms → réabonnement
[2m2026-07-05T07:03:28.889283Z[0m [33m WARN[0m [2mpm_acquisition::rtds[0m[2m:[0m RTDS silencieux 5835 ms → réabonnement
[2m2026-07-05T07:03:34.889519Z[0m [33m WARN[0m [2mpm_acquisition::rtds[0m[2m:[0m RTDS silencieux 5844 ms → réabonnement
[2m2026-07-05T07:03:40.889220Z[0m [33m WARN[0m [2mpm_acquisition::rtds[0m[2m:[0m RTDS silencieux 5844 ms → réabonnement
[2m2026-07-05T07:03:46.889146Z[0m [33m WARN[0m [2mpm_acquisition::rtds[0m[2m:[0m RTDS silencieux 5835 ms → réabonnement
[2m2026-07-05T07:03:52.889388Z[0m [33m WARN[0m [2mpm_acquisition::rtds[0m[2m:[0m RTDS silencieux 5849 ms → réabonnement
[2m2026-07-05T07:03:58.889861Z[0m [33m WARN[0m [2mpm_acquisition::rtds[0m[2m:[0m RTDS silencieux 5808 ms → réabonnement
[2m2026-07-05T07:04:04.889457Z[0m [33m WARN[0m [2mpm_acquisition::rtds[0m[2m:[0m RTDS silencieux 5824 ms → réabonnement
[2m2026-07-05T07:04:10.889358Z[0m [33m WARN[0m [2mpm_acquisition::rtds[0m[2m:[0m RTDS silencieux 5847 ms → réabonnement
[2m2026-07-05T07:04:16.889371Z[0m [33m WARN[0m [2mpm_acquisition::rtds[0m[2m:[0m RTDS silencieux 5831 ms → réabonnement
[2m2026-07-05T07:04:22.889035Z[0m [33m WARN[0m [2mpm_acquisition::rtds[0m[2m:[0m RTDS silencieux 5837 ms → réabonnement
[2m2026-07-05T07:04:28.889218Z[0m [33m WARN[0m [2mpm_acquisition::rtds[0m[2m:[0m RTDS silencieux 5849 ms → réabonnement
[2m2026-07-05T07:04:34.889841Z[0m [33m WARN[0m [2mpm_acquisition::rtds[0m[2m:[0m RTDS silencieux 5836 ms → réabonnement
[2m2026-07-05T07:04:40.889692Z[0m [33m WARN[0m [2mpm_acquisition::rtds[0m[2m:[0m RTDS silencieux 5804 ms → réabonnement
[2m2026-07-05T07:04:46.889376Z[0m [33m WARN[0m [2mpm_acquisition::rtds[0m[2m:[0m RTDS silencieux 5846 ms → réabonnement
[2m2026-07-05T07:04:52.889015Z[0m [33m WARN[0m [2mpm_acquisition::rtds[0m[2m:[0m RTDS silencieux 5835 ms → réabonnement
[2m2026-07-05T07:04:58.889261Z[0m [33m WARN[0m [2mpm_acquisition::rtds[0m[2m:[0m RTDS silencieux 5846 ms → réabonnement
[2m2026-07-05T07:05:02.427471Z[0m [32m INFO[0m [2mpm_bot[0m[2m:[0m RÈGLEMENT btc-updown-5m-1783234800 | strike=Some("62723.82") issue=inconnue | PnL up=+0.00 down=+0.00 | taker=0 maker_fills=0 | PnL cumulé=+0.00
[2m2026-07-05T07:05:02.427502Z[0m [32m INFO[0m [2mpm_bot[0m[2m:[0m fenêtre active: btc-updown-5m-1783235100 [1783235100000 → 1783235400000]
[2m2026-07-05T07:05:03.028108Z[0m [32m INFO[0m [2mpm_acquisition::clob[0m[2m:[0m CLOB connecté (up=21925943…, down=74816070…)
[2m2026-07-05T07:05:04.889208Z[0m [33m WARN[0m [2mpm_acquisition::rtds[0m[2m:[0m RTDS silencieux 5848 ms → réabonnement
[2m2026-07-05T07:05:10.889975Z[0m [33m WARN[0m [2mpm_acquisition::rtds[0m[2m:[0m RTDS silencieux 5838 ms → réabonnement
[2m2026-07-05T07:05:16.889284Z[0m [33m WARN[0m [2mpm_acquisition::rtds[0m[2m:[0m RTDS silencieux 5841 ms → réabonnement
[2m2026-07-05T07:05:22.889647Z[0m [33m WARN[0m [2mpm_acquisition::rtds[0m[2m:[0m RTDS silencieux 5844 ms → réabonnement
[2m2026-07-05T07:05:28.889854Z[0m [33m WARN[0m [2mpm_acquisition::rtds[0m[2m:[0m RTDS silencieux 5842 ms → réabonnement
[2m2026-07-05T07:05:34.889851Z[0m [33m WARN[0m [2mpm_acquisition::rtds[0m[2m:[0m RTDS silencieux 5849 ms → réabonnement
[2m2026-07-05T07:05:40.890028Z[0m [33m WARN[0m [2mpm_acquisition::rtds[0m[2m:[0m RTDS silencieux 5845 ms → réabonnement
[2m2026-07-05T07:05:46.889969Z[0m [33m WARN[0m [2mpm_acquisition::rtds[0m[2m:[0m RTDS silencieux 5833 ms → réabonnement
[2m2026-07-05T07:05:52.889349Z[0m [33m WARN[0m [2mpm_acquisition::rtds[0m[2m:[0m RTDS silencieux 5846 ms → réabonnement
[2m2026-07-05T07:05:58.889708Z[0m [33m WARN[0m [2mpm_acquisition::rtds[0m[2m:[0m RTDS silencieux 5845 ms → réabonnement
[2m2026-07-05T07:06:04.890003Z[0m [33m WARN[0m [2mpm_acquisition::rtds[0m[2m:[0m RTDS silencieux 5837 ms → réabonnement
[2m2026-07-05T07:06:10.889883Z[0m [33m WARN[0m [2mpm_acquisition::rtds[0m[2m:[0m RTDS silencieux 5817 ms → réabonnement
[2m2026-07-05T07:06:16.889157Z[0m [33m WARN[0m [2mpm_acquisition::rtds[0m[2m:[0m RTDS silencieux 5831 ms → réabonnement
[2m2026-07-05T07:06:22.889827Z[0m [33m WARN[0m [2mpm_acquisition::rtds[0m[2m:[0m RTDS silencieux 5846 ms → réabonnement
[2m2026-07-05T07:06:28.889330Z[0m [33m WARN[0m [2mpm_acquisition::rtds[0m[2m:[0m RTDS silencieux 5835 ms → réabonnement
[2m2026-07-05T07:06:34.889926Z[0m [33m WARN[0m [2mpm_acquisition::rtds[0m[2m:[0m RTDS silencieux 5824 ms → réabonnement
[2m2026-07-05T07:06:40.889508Z[0m [33m WARN[0m [2mpm_acquisition::rtds[0m[2m:[0m RTDS silencieux 5829 ms → réabonnement
[2m2026-07-05T07:06:46.889597Z[0m [33m WARN[0m [2mpm_acquisition::rtds[0m[2m:[0m RTDS silencieux 5819 ms → réabonnement
[2m2026-07-05T07:06:52.889597Z[0m [33m WARN[0m [2mpm_acquisition::rtds[0m[2m:[0m RTDS silencieux 5849 ms → réabonnement
[2m2026-07-05T07:06:58.889990Z[0m [33m WARN[0m [2mpm_acquisition::rtds[0m[2m:[0m RTDS silencieux 5825 ms → réabonnement
[2m2026-07-05T07:07:00.574323Z[0m [32m INFO[0m [2mpm_bot[0m[2m:[0m résolution officielle btc-updown-5m-1783234800: Down (pas d'estimation locale)
[2m2026-07-05T07:07:00.574407Z[0m [32m INFO[0m [2mpm_acquisition::clob[0m[2m:[0m CLOB flux terminé (marché résolu/fermé)
[2m2026-07-05T07:07:04.889570Z[0m [33m WARN[0m [2mpm_acquisition::rtds[0m[2m:[0m RTDS silencieux 5772 ms → réabonnement
[2m2026-07-05T07:07:10.889504Z[0m [33m WARN[0m [2mpm_acquisition::rtds[0m[2m:[0m RTDS silencieux 5827 ms → réabonnement
[2m2026-07-05T07:07:16.889132Z[0m [33m WARN[0m [2mpm_acquisition::rtds[0m[2m:[0m RTDS silencieux 5834 ms → réabonnement
