[2m2026-07-06T17:39:29.280985Z[0m [32m INFO[0m [2mpm_bot[0m[2m:[0m pm-bot démarre (PAPER mode) — archives: /home/clementbondaz-sanson/Documents/Projet code/rustfactor/polymarket-btc5m-bot/data_v2/camp_20260706T173929
[2m2026-07-06T17:39:29.289009Z[0m [32m INFO[0m [2mpm_bot[0m[2m:[0m aucun fichier de config (./config.toml) — défauts calibrés
[2m2026-07-06T17:39:29.289222Z[0m [32m INFO[0m [2mpm_bot[0m[2m:[0m [config] [taker]
[2m2026-07-06T17:39:29.289232Z[0m [32m INFO[0m [2mpm_bot[0m[2m:[0m [config] mode_valeur = false
[2m2026-07-06T17:39:29.289238Z[0m [32m INFO[0m [2mpm_bot[0m[2m:[0m [config] min_edge = 0.06
[2m2026-07-06T17:39:29.289244Z[0m [32m INFO[0m [2mpm_bot[0m[2m:[0m [config] min_abs_z = 2.5
[2m2026-07-06T17:39:29.289250Z[0m [32m INFO[0m [2mpm_bot[0m[2m:[0m [config] min_strike_confidence = 0.8
[2m2026-07-06T17:39:29.289256Z[0m [32m INFO[0m [2mpm_bot[0m[2m:[0m [config] max_spot_age_ms = 3000
[2m2026-07-06T17:39:29.289262Z[0m [32m INFO[0m [2mpm_bot[0m[2m:[0m [config] min_elapsed_s = 10.0
[2m2026-07-06T17:39:29.289268Z[0m [32m INFO[0m [2mpm_bot[0m[2m:[0m [config] min_tau_s = 3.0
[2m2026-07-06T17:39:29.289274Z[0m [32m INFO[0m [2mpm_bot[0m[2m:[0m [config] cost_buffer = 0.005
[2m2026-07-06T17:39:29.289280Z[0m [32m INFO[0m [2mpm_bot[0m[2m:[0m [config] fee_rate = 0.07
[2m2026-07-06T17:39:29.289285Z[0m [32m INFO[0m [2mpm_bot[0m[2m:[0m [config] kelly_fraction = 0.25
[2m2026-07-06T17:39:29.289291Z[0m [32m INFO[0m [2mpm_bot[0m[2m:[0m [config] bankroll = 1000.0
[2m2026-07-06T17:39:29.289297Z[0m [32m INFO[0m [2mpm_bot[0m[2m:[0m [config] max_notional = 250.0
[2m2026-07-06T17:39:29.289303Z[0m [32m INFO[0m [2mpm_bot[0m[2m:[0m [config] max_slippage = 0.02
[2m2026-07-06T17:39:29.289308Z[0m [32m INFO[0m [2mpm_bot[0m[2m:[0m [config] max_entry_price = 0.75
[2m2026-07-06T17:39:29.289314Z[0m [32m INFO[0m [2mpm_bot[0m[2m:[0m [config] min_dist_usd = 50.0
[2m2026-07-06T17:39:29.289320Z[0m [32m INFO[0m [2mpm_bot[0m[2m:[0m [config] max_entry_certitude = 0.96
[2m2026-07-06T17:39:29.289326Z[0m [32m INFO[0m [2mpm_bot[0m[2m:[0m [config] dist_certitude_usd = 50.0
[2m2026-07-06T17:39:29.289332Z[0m [32m INFO[0m [2mpm_bot[0m[2m:[0m [config] tau_certitude_s = 60.0
[2m2026-07-06T17:39:29.289337Z[0m [32m INFO[0m [2mpm_bot[0m[2m:[0m [config] min_edge_certitude = 0.02
[2m2026-07-06T17:39:29.289343Z[0m [32m INFO[0m [2mpm_bot[0m[2m:[0m [config] 
[2m2026-07-06T17:39:29.289349Z[0m [32m INFO[0m [2mpm_bot[0m[2m:[0m [config] [maker]
[2m2026-07-06T17:39:29.289355Z[0m [32m INFO[0m [2mpm_bot[0m[2m:[0m [config] min_quote_price = 0.15
[2m2026-07-06T17:39:29.289360Z[0m [32m INFO[0m [2mpm_bot[0m[2m:[0m [config] max_quote_price = 0.85
[2m2026-07-06T17:39:29.289366Z[0m [32m INFO[0m [2mpm_bot[0m[2m:[0m [config] edge_margin = 0.03
[2m2026-07-06T17:39:29.289372Z[0m [32m INFO[0m [2mpm_bot[0m[2m:[0m [config] take_profit = 0.08
[2m2026-07-06T17:39:29.289378Z[0m [32m INFO[0m [2mpm_bot[0m[2m:[0m [config] stop_loss = 0.1
[2m2026-07-06T17:39:29.289383Z[0m [32m INFO[0m [2mpm_bot[0m[2m:[0m [config] quote_size = 50.0
[2m2026-07-06T17:39:29.289389Z[0m [32m INFO[0m [2mpm_bot[0m[2m:[0m [config] max_inventory = 150.0
[2m2026-07-06T17:39:29.289395Z[0m [32m INFO[0m [2mpm_bot[0m[2m:[0m [config] min_tau_open_s = 60.0
[2m2026-07-06T17:39:29.289401Z[0m [32m INFO[0m [2mpm_bot[0m[2m:[0m [config] min_tau_flat_s = 25.0
[2m2026-07-06T17:39:29.289406Z[0m [32m INFO[0m [2mpm_bot[0m[2m:[0m [config] max_abs_z_quote = 2.5
[2m2026-07-06T17:39:29.289412Z[0m [32m INFO[0m [2mpm_bot[0m[2m:[0m [config] sigma_panic_per_sqrt_s = 0.0005
[2m2026-07-06T17:39:29.289418Z[0m [32m INFO[0m [2mpm_bot[0m[2m:[0m [config] min_strike_confidence = 0.8
[2m2026-07-06T17:39:29.289424Z[0m [32m INFO[0m [2mpm_bot[0m[2m:[0m [config] max_spot_age_ms = 3000
[2m2026-07-06T17:39:29.289430Z[0m [32m INFO[0m [2mpm_bot[0m[2m:[0m [config] 
[2m2026-07-06T17:39:29.289450Z[0m [32m INFO[0m [2mpm_bot[0m[2m:[0m [config] [modele]
[2m2026-07-06T17:39:29.289461Z[0m [32m INFO[0m [2mpm_bot[0m[2m:[0m [config] sigma_floor_per_sqrt_s = 0.00005
[2m2026-07-06T17:39:29.289468Z[0m [32m INFO[0m [2mpm_bot[0m[2m:[0m [config] tau_floor_s = 1.0
[2m2026-07-06T17:39:29.289474Z[0m [32m INFO[0m [2mpm_bot[0m[2m:[0m [config] drift_snr_min = 0.25
[2m2026-07-06T17:39:29.289479Z[0m [32m INFO[0m [2mpm_bot[0m[2m:[0m [config] max_drift_z = 2.0
[2m2026-07-06T17:39:29.289485Z[0m [32m INFO[0m [2mpm_bot[0m[2m:[0m [config] dist = "student"
[2m2026-07-06T17:39:29.289491Z[0m [32m INFO[0m [2mpm_bot[0m[2m:[0m [config] student_nu = 2.0
[2m2026-07-06T17:39:29.289497Z[0m [32m INFO[0m [2mpm_bot[0m[2m:[0m [config] calibration = true
[2m2026-07-06T17:39:29.289503Z[0m [32m INFO[0m [2mpm_bot[0m[2m:[0m [config] 
[2m2026-07-06T17:39:29.289509Z[0m [32m INFO[0m [2mpm_bot[0m[2m:[0m [config] [volatilite]
[2m2026-07-06T17:39:29.289514Z[0m [32m INFO[0m [2mpm_bot[0m[2m:[0m [config] ewma_half_life_s = 60.0
[2m2026-07-06T17:39:29.289520Z[0m [32m INFO[0m [2mpm_bot[0m[2m:[0m [config] retention_s = 1800
[2m2026-07-06T17:39:29.289526Z[0m [32m INFO[0m [2mpm_bot[0m[2m:[0m [config] min_dt_ms = 10
[2m2026-07-06T17:39:29.289532Z[0m [32m INFO[0m [2mpm_bot[0m[2m:[0m [config] 
[2m2026-07-06T17:39:29.289538Z[0m [32m INFO[0m [2mpm_bot[0m[2m:[0m [config] [moteur]
[2m2026-07-06T17:39:29.289543Z[0m [32m INFO[0m [2mpm_bot[0m[2m:[0m [config] decision_step_ms = 250
[2m2026-07-06T17:39:29.289549Z[0m [32m INFO[0m [2mpm_bot[0m[2m:[0m [config] watchdog_stale_ms = 6000
[2m2026-07-06T17:39:29.289555Z[0m [32m INFO[0m [2mpm_bot[0m[2m:[0m [config] clob_grace_s = 180
[2m2026-07-06T17:39:29.289561Z[0m [32m INFO[0m [2mpm_bot[0m[2m:[0m [config] gamma_lookahead = 5
[2m2026-07-06T17:39:29.289567Z[0m [32m INFO[0m [2mpm_bot[0m[2m:[0m [config] retention_ticks_s = 2400
[2m2026-07-06T17:39:29.289787Z[0m [32m INFO[0m [2mpm_bot[0m[2m:[0m calibration: 1884 observations / 141 fenêtres (/home/clementbondaz-sanson/Documents/Projet code/rustfactor/polymarket-btc5m-bot/data_v2/calibration.json)
[2m2026-07-06T17:39:29.943197Z[0m [32m INFO[0m [2mpm_acquisition::rtds[0m[2m:[0m RTDS connecté
[2m2026-07-06T17:39:29.943252Z[0m [32m INFO[0m [2mpm_bot[0m[2m:[0m fenêtre active: btc-updown-5m-1783359300 [1783359300000 → 1783359600000]
[2m2026-07-06T17:39:30.399672Z[0m [32m INFO[0m [2mpm_acquisition::clob[0m[2m:[0m CLOB connecté (up=54829769…, down=33281283…)
[2m2026-07-06T17:39:31.043375Z[0m [32m INFO[0m [2mpm_acquisition::binance[0m[2m:[0m Binance connecté (btcusdt@trade, capture seule)
[2m2026-07-06T17:39:31.366487Z[0m [32m INFO[0m [2mpm_bot[0m[2m:[0m strike gelé: Some(63684.711289555155) (confidence=0.000, gap=Some(270000) ms)
[2m2026-07-06T17:40:02.288284Z[0m [32m INFO[0m [2mpm_bot[0m[2m:[0m RÈGLEMENT btc-updown-5m-1783359300 | strike=Some("63684.71") issue=inconnue | PnL up=+0.00 down=+0.00 | taker=0 maker_fills=0 | PnL cumulé=+0.00
[2m2026-07-06T17:40:02.288373Z[0m [32m INFO[0m [2mpm_bot[0m[2m:[0m fenêtre active: btc-updown-5m-1783359600 [1783359600000 → 1783359900000]
[2m2026-07-06T17:40:02.288400Z[0m [32m INFO[0m [2mpm_bot[0m[2m:[0m strike gelé: Some(63705.0287338249) (confidence=1.000, gap=Some(0) ms)
[2m2026-07-06T17:40:03.040717Z[0m [32m INFO[0m [2mpm_acquisition::clob[0m[2m:[0m CLOB connecté (up=21685862…, down=49360102…)
[2m2026-07-06T17:41:29.323171Z[0m [32m INFO[0m [2mpm_bot[0m[2m:[0m résolution officielle btc-updown-5m-1783359300: Down (pas d'estimation locale)
[2m2026-07-06T17:41:29.323296Z[0m [32m INFO[0m [2mpm_acquisition::clob[0m[2m:[0m CLOB flux terminé (marché résolu/fermé)
[2m2026-07-06T17:43:42.944105Z[0m [33m WARN[0m [2mpm_acquisition::rtds[0m[2m:[0m RTDS silencieux 5900 ms → réabonnement
[2m2026-07-06T17:43:43.290558Z[0m [33m WARN[0m [2mpm_acquisition::watchdog[0m[2m:[0m flux rtds stale (6246 ms de silence)
[2m2026-07-06T17:43:43.290640Z[0m [33m WARN[0m [2mpm_bot[0m[2m:[0m FEED STALE: rtds silencieux 6246 ms
[2m2026-07-06T17:45:02.551615Z[0m [32m INFO[0m [2mpm_bot[0m[2m:[0m RÈGLEMENT btc-updown-5m-1783359600 | strike=Some("63705.03") issue=Down (estimé) | PnL up=+0.00 down=+0.00 | taker=0 maker_fills=0 | PnL cumulé=+0.00
[2m2026-07-06T17:45:02.552050Z[0m [32m INFO[0m [2mpm_bot[0m[2m:[0m fenêtre active: btc-updown-5m-1783359900 [1783359900000 → 1783360200000]
[2m2026-07-06T17:45:02.552120Z[0m [32m INFO[0m [2mpm_bot[0m[2m:[0m strike gelé: Some(63656.311034178514) (confidence=1.000, gap=Some(0) ms)
[2m2026-07-06T17:45:03.239049Z[0m [32m INFO[0m [2mpm_acquisition::clob[0m[2m:[0m CLOB connecté (up=50214835…, down=41489210…)
[2m2026-07-06T17:46:30.177918Z[0m [32m INFO[0m [2mpm_bot[0m[2m:[0m résolution officielle btc-updown-5m-1783359600: Down — CONFIRME notre estimation ✓
[2m2026-07-06T17:46:30.178056Z[0m [32m INFO[0m [2mpm_acquisition::clob[0m[2m:[0m CLOB flux terminé (marché résolu/fermé)
[2m2026-07-06T17:50:02.628761Z[0m [32m INFO[0m [2mpm_bot[0m[2m:[0m RÈGLEMENT btc-updown-5m-1783359900 | strike=Some("63656.31") issue=Down (estimé) | PnL up=+0.00 down=+0.00 | taker=0 maker_fills=0 | PnL cumulé=+0.00
[2m2026-07-06T17:50:02.629127Z[0m [32m INFO[0m [2mpm_bot[0m[2m:[0m fenêtre active: btc-updown-5m-1783360200 [1783360200000 → 1783360500000]
[2m2026-07-06T17:50:02.629183Z[0m [32m INFO[0m [2mpm_bot[0m[2m:[0m strike gelé: Some(63624.16153) (confidence=1.000, gap=Some(0) ms)
[2m2026-07-06T17:50:03.173227Z[0m [32m INFO[0m [2mpm_acquisition::clob[0m[2m:[0m CLOB connecté (up=24536627…, down=88142617…)
[2m2026-07-06T17:52:06.112048Z[0m [32m INFO[0m [2mpm_bot[0m[2m:[0m résolution officielle btc-updown-5m-1783359900: Down — CONFIRME notre estimation ✓
[2m2026-07-06T17:52:06.112131Z[0m [32m INFO[0m [2mpm_acquisition::clob[0m[2m:[0m CLOB flux terminé (marché résolu/fermé)
[2m2026-07-06T17:54:00.040239Z[0m [32m INFO[0m [2mpm_bot[0m[2m:[0m TAKER: DOWN (z=-3.90 p=0.974 ask=0.900 avg=0.905 tau=60s dist=54$ mode=certitude)
[2m2026-07-06T17:54:00.040313Z[0m [32m INFO[0m [2mexecution[0m[2m:[0m [DRY-RUN] dryrun-0 Buy 88142617 x 206 @ 0.915 (Fak)
[2m2026-07-06T17:55:02.493348Z[0m [32m INFO[0m [2mpm_bot[0m[2m:[0m RÈGLEMENT btc-updown-5m-1783360200 | strike=Some("63624.16") issue=Down (estimé) | PnL up=+0.00 down=+18.35 | taker=1 maker_fills=0 | PnL cumulé=+18.35
[2m2026-07-06T17:55:02.493769Z[0m [32m INFO[0m [2mpm_bot[0m[2m:[0m fenêtre active: btc-updown-5m-1783360500 [1783360500000 → 1783360800000]
[2m2026-07-06T17:55:02.493866Z[0m [32m INFO[0m [2mpm_bot[0m[2m:[0m strike gelé: Some(63562.5832647057) (confidence=1.000, gap=Some(0) ms)
[2m2026-07-06T17:55:02.797300Z[0m [32m INFO[0m [2mpm_acquisition::clob[0m[2m:[0m CLOB connecté (up=94465238…, down=19478285…)
[2m2026-07-06T17:56:42.330712Z[0m [32m INFO[0m [2mpm_bot[0m[2m:[0m résolution officielle btc-updown-5m-1783360200: Down — CONFIRME notre estimation ✓
[2m2026-07-06T17:56:42.330810Z[0m [32m INFO[0m [2mpm_acquisition::clob[0m[2m:[0m CLOB flux terminé (marché résolu/fermé)
[2m2026-07-06T18:00:02.551626Z[0m [32m INFO[0m [2mpm_bot[0m[2m:[0m RÈGLEMENT btc-updown-5m-1783360500 | strike=Some("63562.58") issue=Down (estimé) | PnL up=+0.00 down=+0.00 | taker=0 maker_fills=0 | PnL cumulé=+18.35
[2m2026-07-06T18:00:02.551982Z[0m [32m INFO[0m [2mpm_bot[0m[2m:[0m fenêtre active: btc-updown-5m-1783360800 [1783360800000 → 1783361100000]
[2m2026-07-06T18:00:02.552096Z[0m [32m INFO[0m [2mpm_bot[0m[2m:[0m strike gelé: Some(63534.27186122152) (confidence=1.000, gap=Some(0) ms)
[2m2026-07-06T18:00:02.896127Z[0m [32m INFO[0m [2mpm_acquisition::clob[0m[2m:[0m CLOB connecté (up=75718922…, down=44963449…)
[2m2026-07-06T18:01:24.920240Z[0m [32m INFO[0m [2mpm_bot[0m[2m:[0m résolution officielle btc-updown-5m-1783360500: Down — CONFIRME notre estimation ✓
[2m2026-07-06T18:01:24.920311Z[0m [32m INFO[0m [2mpm_acquisition::clob[0m[2m:[0m CLOB flux terminé (marché résolu/fermé)
[2m2026-07-06T18:03:48.944643Z[0m [33m WARN[0m [2mpm_acquisition::rtds[0m[2m:[0m RTDS silencieux 5509 ms → réabonnement
[2m2026-07-06T18:03:49.790105Z[0m [33m WARN[0m [2mpm_acquisition::watchdog[0m[2m:[0m flux rtds stale (6355 ms de silence)
[2m2026-07-06T18:03:49.790204Z[0m [33m WARN[0m [2mpm_bot[0m[2m:[0m FEED STALE: rtds silencieux 6355 ms
[2m2026-07-06T18:05:02.566675Z[0m [32m INFO[0m [2mpm_bot[0m[2m:[0m RÈGLEMENT btc-updown-5m-1783360800 | strike=Some("63534.27") issue=Up (estimé) | PnL up=+0.00 down=+0.00 | taker=0 maker_fills=0 | PnL cumulé=+18.35
[2m2026-07-06T18:05:02.566916Z[0m [32m INFO[0m [2mpm_bot[0m[2m:[0m fenêtre active: btc-updown-5m-1783361100 [1783361100000 → 1783361400000]
[2m2026-07-06T18:05:02.566972Z[0m [32m INFO[0m [2mpm_bot[0m[2m:[0m strike gelé: Some(63677.994216673) (confidence=1.000, gap=Some(0) ms)
[2m2026-07-06T18:05:02.975935Z[0m [32m INFO[0m [2mpm_acquisition::clob[0m[2m:[0m CLOB connecté (up=64096584…, down=95159556…)
[2m2026-07-06T18:06:25.718674Z[0m [32m INFO[0m [2mpm_bot[0m[2m:[0m résolution officielle btc-updown-5m-1783360800: Up — CONFIRME notre estimation ✓
[2m2026-07-06T18:06:25.718776Z[0m [32m INFO[0m [2mpm_acquisition::clob[0m[2m:[0m CLOB flux terminé (marché résolu/fermé)
[2m2026-07-06T18:10:02.705179Z[0m [32m INFO[0m [2mpm_bot[0m[2m:[0m RÈGLEMENT btc-updown-5m-1783361100 | strike=Some("63677.99") issue=Down (estimé) | PnL up=+0.00 down=+0.00 | taker=0 maker_fills=0 | PnL cumulé=+18.35
[2m2026-07-06T18:10:02.705500Z[0m [32m INFO[0m [2mpm_bot[0m[2m:[0m fenêtre active: btc-updown-5m-1783361400 [1783361400000 → 1783361700000]
[2m2026-07-06T18:10:02.705546Z[0m [32m INFO[0m [2mpm_bot[0m[2m:[0m strike gelé: Some(63629.02922) (confidence=1.000, gap=Some(0) ms)
[2m2026-07-06T18:10:03.103703Z[0m [32m INFO[0m [2mpm_acquisition::clob[0m[2m:[0m CLOB connecté (up=12211711…, down=31479869…)
[2m2026-07-06T18:11:35.481440Z[0m [32m INFO[0m [2mpm_bot[0m[2m:[0m résolution officielle btc-updown-5m-1783361100: Down — CONFIRME notre estimation ✓
[2m2026-07-06T18:11:35.481543Z[0m [32m INFO[0m [2mpm_acquisition::clob[0m[2m:[0m CLOB flux terminé (marché résolu/fermé)
[2m2026-07-06T18:15:02.536864Z[0m [32m INFO[0m [2mpm_bot[0m[2m:[0m RÈGLEMENT btc-updown-5m-1783361400 | strike=Some("63629.03") issue=Up (estimé) | PnL up=+0.00 down=+0.00 | taker=0 maker_fills=0 | PnL cumulé=+18.35
[2m2026-07-06T18:15:02.537229Z[0m [32m INFO[0m [2mpm_bot[0m[2m:[0m fenêtre active: btc-updown-5m-1783361700 [1783361700000 → 1783362000000]
[2m2026-07-06T18:15:02.537290Z[0m [32m INFO[0m [2mpm_bot[0m[2m:[0m strike gelé: Some(63647.13349) (confidence=1.000, gap=Some(0) ms)
[2m2026-07-06T18:15:02.844093Z[0m [32m INFO[0m [2mpm_acquisition::clob[0m[2m:[0m CLOB connecté (up=52391334…, down=58553089…)
[2m2026-07-06T18:17:02.887771Z[0m [32m INFO[0m [2mpm_bot[0m[2m:[0m résolution officielle btc-updown-5m-1783361400: Up — CONFIRME notre estimation ✓
[2m2026-07-06T18:17:02.887888Z[0m [32m INFO[0m [2mpm_acquisition::clob[0m[2m:[0m CLOB flux terminé (marché résolu/fermé)
[2m2026-07-06T18:20:02.573693Z[0m [32m INFO[0m [2mpm_bot[0m[2m:[0m RÈGLEMENT btc-updown-5m-1783361700 | strike=Some("63647.13") issue=Down (estimé) | PnL up=+0.00 down=+0.00 | taker=0 maker_fills=0 | PnL cumulé=+18.35
[2m2026-07-06T18:20:02.574014Z[0m [32m INFO[0m [2mpm_bot[0m[2m:[0m fenêtre active: btc-updown-5m-1783362000 [1783362000000 → 1783362300000]
[2m2026-07-06T18:20:02.574088Z[0m [32m INFO[0m [2mpm_bot[0m[2m:[0m strike gelé: Some(63630.7840018268) (confidence=1.000, gap=Some(0) ms)
[2m2026-07-06T18:20:03.136177Z[0m [32m INFO[0m [2mpm_acquisition::clob[0m[2m:[0m CLOB connecté (up=11286490…, down=81176973…)
[2m2026-07-06T18:21:24.814457Z[0m [32m INFO[0m [2mpm_bot[0m[2m:[0m résolution officielle btc-updown-5m-1783361700: Down — CONFIRME notre estimation ✓
[2m2026-07-06T18:21:24.814568Z[0m [32m INFO[0m [2mpm_acquisition::clob[0m[2m:[0m CLOB flux terminé (marché résolu/fermé)
[2m2026-07-06T18:25:02.508254Z[0m [32m INFO[0m [2mpm_bot[0m[2m:[0m RÈGLEMENT btc-updown-5m-1783362000 | strike=Some("63630.78") issue=Up (estimé) | PnL up=+0.00 down=+0.00 | taker=0 maker_fills=0 | PnL cumulé=+18.35
[2m2026-07-06T18:25:02.508637Z[0m [32m INFO[0m [2mpm_bot[0m[2m:[0m fenêtre active: btc-updown-5m-1783362300 [1783362300000 → 1783362600000]
[2m2026-07-06T18:25:02.508705Z[0m [32m INFO[0m [2mpm_bot[0m[2m:[0m strike gelé: Some(63764.09071203816) (confidence=1.000, gap=Some(0) ms)
[2m2026-07-06T18:25:02.815108Z[0m [32m INFO[0m [2mpm_acquisition::clob[0m[2m:[0m CLOB connecté (up=60379223…, down=33343678…)
[2m2026-07-06T18:26:21.692147Z[0m [32m INFO[0m [2mpm_bot[0m[2m:[0m résolution officielle btc-updown-5m-1783362000: Up — CONFIRME notre estimation ✓
[2m2026-07-06T18:26:21.692276Z[0m [32m INFO[0m [2mpm_acquisition::clob[0m[2m:[0m CLOB flux terminé (marché résolu/fermé)
[2m2026-07-06T18:30:02.544268Z[0m [32m INFO[0m [2mpm_bot[0m[2m:[0m RÈGLEMENT btc-updown-5m-1783362300 | strike=Some("63764.09") issue=Down (estimé) | PnL up=+0.00 down=+0.00 | taker=0 maker_fills=0 | PnL cumulé=+18.35
[2m2026-07-06T18:30:02.544601Z[0m [32m INFO[0m [2mpm_bot[0m[2m:[0m fenêtre active: btc-updown-5m-1783362600 [1783362600000 → 1783362900000]
[2m2026-07-06T18:30:02.544651Z[0m [32m INFO[0m [2mpm_bot[0m[2m:[0m strike gelé: Some(63712.20080819694) (confidence=1.000, gap=Some(0) ms)
[2m2026-07-06T18:30:02.954674Z[0m [32m INFO[0m [2mpm_acquisition::clob[0m[2m:[0m CLOB connecté (up=41842573…, down=10239872…)
