[2m2026-07-06T05:05:19.869390Z[0m [32m INFO[0m [2mpm_bot[0m[2m:[0m pm-bot démarre (PAPER mode) — archives: /home/clementbondaz-sanson/Documents/Projet code/rustfactor/polymarket-btc5m-bot/data_v2/camp_20260706T050519
[2m2026-07-06T05:05:19.872994Z[0m [32m INFO[0m [2mpm_bot[0m[2m:[0m aucun fichier de config (./config.toml) — défauts calibrés
[2m2026-07-06T05:05:19.873084Z[0m [32m INFO[0m [2mpm_bot[0m[2m:[0m [config] [taker]
[2m2026-07-06T05:05:19.873088Z[0m [32m INFO[0m [2mpm_bot[0m[2m:[0m [config] min_edge = 0.06
[2m2026-07-06T05:05:19.873091Z[0m [32m INFO[0m [2mpm_bot[0m[2m:[0m [config] min_abs_z = 2.5
[2m2026-07-06T05:05:19.873094Z[0m [32m INFO[0m [2mpm_bot[0m[2m:[0m [config] min_strike_confidence = 0.8
[2m2026-07-06T05:05:19.873097Z[0m [32m INFO[0m [2mpm_bot[0m[2m:[0m [config] max_spot_age_ms = 3000
[2m2026-07-06T05:05:19.873100Z[0m [32m INFO[0m [2mpm_bot[0m[2m:[0m [config] min_elapsed_s = 10.0
[2m2026-07-06T05:05:19.873103Z[0m [32m INFO[0m [2mpm_bot[0m[2m:[0m [config] min_tau_s = 3.0
[2m2026-07-06T05:05:19.873106Z[0m [32m INFO[0m [2mpm_bot[0m[2m:[0m [config] cost_buffer = 0.01
[2m2026-07-06T05:05:19.873109Z[0m [32m INFO[0m [2mpm_bot[0m[2m:[0m [config] kelly_fraction = 0.25
[2m2026-07-06T05:05:19.873112Z[0m [32m INFO[0m [2mpm_bot[0m[2m:[0m [config] bankroll = 1000.0
[2m2026-07-06T05:05:19.873114Z[0m [32m INFO[0m [2mpm_bot[0m[2m:[0m [config] max_notional = 250.0
[2m2026-07-06T05:05:19.873117Z[0m [32m INFO[0m [2mpm_bot[0m[2m:[0m [config] max_slippage = 0.02
[2m2026-07-06T05:05:19.873120Z[0m [32m INFO[0m [2mpm_bot[0m[2m:[0m [config] max_entry_price = 0.75
[2m2026-07-06T05:05:19.873123Z[0m [32m INFO[0m [2mpm_bot[0m[2m:[0m [config] 
[2m2026-07-06T05:05:19.873125Z[0m [32m INFO[0m [2mpm_bot[0m[2m:[0m [config] [maker]
[2m2026-07-06T05:05:19.873128Z[0m [32m INFO[0m [2mpm_bot[0m[2m:[0m [config] min_quote_price = 0.15
[2m2026-07-06T05:05:19.873131Z[0m [32m INFO[0m [2mpm_bot[0m[2m:[0m [config] max_quote_price = 0.85
[2m2026-07-06T05:05:19.873134Z[0m [32m INFO[0m [2mpm_bot[0m[2m:[0m [config] edge_margin = 0.03
[2m2026-07-06T05:05:19.873137Z[0m [32m INFO[0m [2mpm_bot[0m[2m:[0m [config] take_profit = 0.08
[2m2026-07-06T05:05:19.873139Z[0m [32m INFO[0m [2mpm_bot[0m[2m:[0m [config] stop_loss = 0.1
[2m2026-07-06T05:05:19.873142Z[0m [32m INFO[0m [2mpm_bot[0m[2m:[0m [config] quote_size = 50.0
[2m2026-07-06T05:05:19.873145Z[0m [32m INFO[0m [2mpm_bot[0m[2m:[0m [config] max_inventory = 150.0
[2m2026-07-06T05:05:19.873148Z[0m [32m INFO[0m [2mpm_bot[0m[2m:[0m [config] min_tau_open_s = 60.0
[2m2026-07-06T05:05:19.873151Z[0m [32m INFO[0m [2mpm_bot[0m[2m:[0m [config] min_tau_flat_s = 25.0
[2m2026-07-06T05:05:19.873154Z[0m [32m INFO[0m [2mpm_bot[0m[2m:[0m [config] max_abs_z_quote = 2.5
[2m2026-07-06T05:05:19.873156Z[0m [32m INFO[0m [2mpm_bot[0m[2m:[0m [config] sigma_panic_per_sqrt_s = 0.0005
[2m2026-07-06T05:05:19.873159Z[0m [32m INFO[0m [2mpm_bot[0m[2m:[0m [config] min_strike_confidence = 0.8
[2m2026-07-06T05:05:19.873162Z[0m [32m INFO[0m [2mpm_bot[0m[2m:[0m [config] max_spot_age_ms = 3000
[2m2026-07-06T05:05:19.873165Z[0m [32m INFO[0m [2mpm_bot[0m[2m:[0m [config] 
[2m2026-07-06T05:05:19.873168Z[0m [32m INFO[0m [2mpm_bot[0m[2m:[0m [config] [modele]
[2m2026-07-06T05:05:19.873170Z[0m [32m INFO[0m [2mpm_bot[0m[2m:[0m [config] sigma_floor_per_sqrt_s = 0.00005
[2m2026-07-06T05:05:19.873173Z[0m [32m INFO[0m [2mpm_bot[0m[2m:[0m [config] tau_floor_s = 1.0
[2m2026-07-06T05:05:19.873176Z[0m [32m INFO[0m [2mpm_bot[0m[2m:[0m [config] drift_snr_min = 0.25
[2m2026-07-06T05:05:19.873179Z[0m [32m INFO[0m [2mpm_bot[0m[2m:[0m [config] max_drift_z = 2.0
[2m2026-07-06T05:05:19.873182Z[0m [32m INFO[0m [2mpm_bot[0m[2m:[0m [config] 
[2m2026-07-06T05:05:19.873184Z[0m [32m INFO[0m [2mpm_bot[0m[2m:[0m [config] [volatilite]
[2m2026-07-06T05:05:19.873187Z[0m [32m INFO[0m [2mpm_bot[0m[2m:[0m [config] ewma_half_life_s = 60.0
[2m2026-07-06T05:05:19.873198Z[0m [32m INFO[0m [2mpm_bot[0m[2m:[0m [config] retention_s = 1800
[2m2026-07-06T05:05:19.873203Z[0m [32m INFO[0m [2mpm_bot[0m[2m:[0m [config] min_dt_ms = 10
[2m2026-07-06T05:05:19.873206Z[0m [32m INFO[0m [2mpm_bot[0m[2m:[0m [config] 
[2m2026-07-06T05:05:19.873209Z[0m [32m INFO[0m [2mpm_bot[0m[2m:[0m [config] [moteur]
[2m2026-07-06T05:05:19.873211Z[0m [32m INFO[0m [2mpm_bot[0m[2m:[0m [config] decision_step_ms = 250
[2m2026-07-06T05:05:19.873214Z[0m [32m INFO[0m [2mpm_bot[0m[2m:[0m [config] watchdog_stale_ms = 6000
[2m2026-07-06T05:05:19.873217Z[0m [32m INFO[0m [2mpm_bot[0m[2m:[0m [config] clob_grace_s = 180
[2m2026-07-06T05:05:19.873220Z[0m [32m INFO[0m [2mpm_bot[0m[2m:[0m [config] gamma_lookahead = 5
[2m2026-07-06T05:05:19.873223Z[0m [32m INFO[0m [2mpm_bot[0m[2m:[0m [config] retention_ticks_s = 2400
[2m2026-07-06T05:05:20.260936Z[0m [32m INFO[0m [2mpm_bot[0m[2m:[0m fenêtre active: btc-updown-5m-1783314300 [1783314300000 → 1783314600000]
[2m2026-07-06T05:05:20.309205Z[0m [32m INFO[0m [2mpm_acquisition::rtds[0m[2m:[0m RTDS connecté
[2m2026-07-06T05:05:20.548938Z[0m [32m INFO[0m [2mpm_acquisition::clob[0m[2m:[0m CLOB connecté (up=15457444…, down=10558543…)
[2m2026-07-06T05:05:21.412806Z[0m [32m INFO[0m [2mpm_bot[0m[2m:[0m strike gelé: Some(63149.249232242066) (confidence=0.000, gap=Some(20000) ms)
[2m2026-07-06T05:10:02.377211Z[0m [32m INFO[0m [2mpm_bot[0m[2m:[0m RÈGLEMENT btc-updown-5m-1783314300 | strike=Some("63149.25") issue=inconnue | PnL up=+0.00 down=+0.00 | taker=0 maker_fills=0 | PnL cumulé=+0.00
[2m2026-07-06T05:10:02.377262Z[0m [32m INFO[0m [2mpm_bot[0m[2m:[0m fenêtre active: btc-updown-5m-1783314600 [1783314600000 → 1783314900000]
[2m2026-07-06T05:10:02.377279Z[0m [32m INFO[0m [2mpm_bot[0m[2m:[0m strike gelé: Some(63129.88223664857) (confidence=1.000, gap=Some(0) ms)
[2m2026-07-06T05:10:02.685221Z[0m [32m INFO[0m [2mpm_acquisition::clob[0m[2m:[0m CLOB connecté (up=20876067…, down=80870096…)
[2m2026-07-06T05:11:00.956567Z[0m [33m WARN[0m [2mpm_acquisition::clob[0m[2m:[0m CLOB erreur: WebSocket protocol error: Connection reset without closing handshake: Connection reset without closing handshake
[2m2026-07-06T05:11:02.391470Z[0m [32m INFO[0m [2mpm_acquisition::clob[0m[2m:[0m CLOB connecté (up=20876067…, down=80870096…)
[2m2026-07-06T05:11:27.116557Z[0m [32m INFO[0m [2mpm_bot[0m[2m:[0m résolution officielle btc-updown-5m-1783314300: Down (pas d'estimation locale)
[2m2026-07-06T05:11:27.116633Z[0m [32m INFO[0m [2mpm_acquisition::clob[0m[2m:[0m CLOB flux terminé (marché résolu/fermé)
[2m2026-07-06T05:15:02.399109Z[0m [32m INFO[0m [2mpm_bot[0m[2m:[0m RÈGLEMENT btc-updown-5m-1783314600 | strike=Some("63129.88") issue=Up (estimé) | PnL up=+0.00 down=+0.00 | taker=0 maker_fills=0 | PnL cumulé=+0.00
[2m2026-07-06T05:15:02.399136Z[0m [32m INFO[0m [2mpm_bot[0m[2m:[0m fenêtre active: btc-updown-5m-1783314900 [1783314900000 → 1783315200000]
[2m2026-07-06T05:15:02.399166Z[0m [32m INFO[0m [2mpm_bot[0m[2m:[0m strike gelé: Some(63143.885060102744) (confidence=1.000, gap=Some(0) ms)
[2m2026-07-06T05:15:02.824056Z[0m [32m INFO[0m [2mpm_acquisition::clob[0m[2m:[0m CLOB connecté (up=59614726…, down=17299857…)
[2m2026-07-06T05:16:27.019695Z[0m [32m INFO[0m [2mpm_bot[0m[2m:[0m résolution officielle btc-updown-5m-1783314600: Up — CONFIRME notre estimation ✓
[2m2026-07-06T05:16:27.019755Z[0m [32m INFO[0m [2mpm_acquisition::clob[0m[2m:[0m CLOB flux terminé (marché résolu/fermé)
[2m2026-07-06T05:20:02.450952Z[0m [32m INFO[0m [2mpm_bot[0m[2m:[0m RÈGLEMENT btc-updown-5m-1783314900 | strike=Some("63143.89") issue=Down (estimé) | PnL up=+0.00 down=+0.00 | taker=0 maker_fills=0 | PnL cumulé=+0.00
[2m2026-07-06T05:20:02.451042Z[0m [32m INFO[0m [2mpm_bot[0m[2m:[0m fenêtre active: btc-updown-5m-1783315200 [1783315200000 → 1783315500000]
[2m2026-07-06T05:20:02.451122Z[0m [32m INFO[0m [2mpm_bot[0m[2m:[0m strike gelé: Some(63121.58426721285) (confidence=1.000, gap=Some(0) ms)
[2m2026-07-06T05:20:02.845016Z[0m [32m INFO[0m [2mpm_acquisition::clob[0m[2m:[0m CLOB connecté (up=61820023…, down=10890394…)
[2m2026-07-06T05:21:26.088391Z[0m [32m INFO[0m [2mpm_bot[0m[2m:[0m résolution officielle btc-updown-5m-1783314900: Down — CONFIRME notre estimation ✓
[2m2026-07-06T05:21:26.088485Z[0m [32m INFO[0m [2mpm_acquisition::clob[0m[2m:[0m CLOB flux terminé (marché résolu/fermé)
[2m2026-07-06T05:25:02.488092Z[0m [32m INFO[0m [2mpm_bot[0m[2m:[0m RÈGLEMENT btc-updown-5m-1783315200 | strike=Some("63121.58") issue=Up (estimé) | PnL up=+0.00 down=+0.00 | taker=0 maker_fills=0 | PnL cumulé=+0.00
[2m2026-07-06T05:25:02.488156Z[0m [32m INFO[0m [2mpm_bot[0m[2m:[0m fenêtre active: btc-updown-5m-1783315500 [1783315500000 → 1783315800000]
[2m2026-07-06T05:25:02.488253Z[0m [32m INFO[0m [2mpm_bot[0m[2m:[0m strike gelé: Some(63123.23078375477) (confidence=1.000, gap=Some(0) ms)
[2m2026-07-06T05:25:02.794825Z[0m [32m INFO[0m [2mpm_acquisition::clob[0m[2m:[0m CLOB connecté (up=41144693…, down=35604272…)
[2m2026-07-06T05:26:25.980071Z[0m [32m INFO[0m [2mpm_bot[0m[2m:[0m résolution officielle btc-updown-5m-1783315200: Up — CONFIRME notre estimation ✓
[2m2026-07-06T05:26:25.980140Z[0m [32m INFO[0m [2mpm_acquisition::clob[0m[2m:[0m CLOB flux terminé (marché résolu/fermé)
[2m2026-07-06T05:30:02.487836Z[0m [32m INFO[0m [2mpm_bot[0m[2m:[0m RÈGLEMENT btc-updown-5m-1783315500 | strike=Some("63123.23") issue=Down (estimé) | PnL up=+0.00 down=+0.00 | taker=0 maker_fills=0 | PnL cumulé=+0.00
[2m2026-07-06T05:30:02.487911Z[0m [32m INFO[0m [2mpm_bot[0m[2m:[0m fenêtre active: btc-updown-5m-1783315800 [1783315800000 → 1783316100000]
[2m2026-07-06T05:30:02.487967Z[0m [32m INFO[0m [2mpm_bot[0m[2m:[0m strike gelé: Some(62951.56321491797) (confidence=1.000, gap=Some(0) ms)
[2m2026-07-06T05:30:03.036963Z[0m [32m INFO[0m [2mpm_acquisition::clob[0m[2m:[0m CLOB connecté (up=10167850…, down=30735805…)
[2m2026-07-06T05:31:29.740073Z[0m [32m INFO[0m [2mpm_bot[0m[2m:[0m résolution officielle btc-updown-5m-1783315500: Down — CONFIRME notre estimation ✓
[2m2026-07-06T05:31:29.740280Z[0m [32m INFO[0m [2mpm_acquisition::clob[0m[2m:[0m CLOB flux terminé (marché résolu/fermé)
[2m2026-07-06T05:34:38.874151Z[0m [33m WARN[0m [2mpm_acquisition::watchdog[0m[2m:[0m flux rtds stale (6389 ms de silence)
[2m2026-07-06T05:34:38.874192Z[0m [33m WARN[0m [2mpm_bot[0m[2m:[0m FEED STALE: rtds silencieux 6389 ms
[2m2026-07-06T05:34:39.310262Z[0m [33m WARN[0m [2mpm_acquisition::rtds[0m[2m:[0m RTDS silencieux 5728 ms → réabonnement
[2m2026-07-06T05:35:02.255103Z[0m [32m INFO[0m [2mpm_bot[0m[2m:[0m RÈGLEMENT btc-updown-5m-1783315800 | strike=Some("62951.56") issue=Down (estimé) | PnL up=+0.00 down=+0.00 | taker=0 maker_fills=0 | PnL cumulé=+0.00
[2m2026-07-06T05:35:02.255207Z[0m [32m INFO[0m [2mpm_bot[0m[2m:[0m fenêtre active: btc-updown-5m-1783316100 [1783316100000 → 1783316400000]
[2m2026-07-06T05:35:02.255257Z[0m [32m INFO[0m [2mpm_bot[0m[2m:[0m strike gelé: Some(62932.64015162263) (confidence=1.000, gap=Some(0) ms)
[2m2026-07-06T05:35:02.749989Z[0m [32m INFO[0m [2mpm_acquisition::clob[0m[2m:[0m CLOB connecté (up=75562112…, down=26094501…)
[2m2026-07-06T05:36:55.667273Z[0m [32m INFO[0m [2mpm_bot[0m[2m:[0m résolution officielle btc-updown-5m-1783315800: Down — CONFIRME notre estimation ✓
[2m2026-07-06T05:36:55.667381Z[0m [32m INFO[0m [2mpm_acquisition::clob[0m[2m:[0m CLOB flux terminé (marché résolu/fermé)
[2m2026-07-06T05:40:02.393204Z[0m [32m INFO[0m [2mpm_bot[0m[2m:[0m RÈGLEMENT btc-updown-5m-1783316100 | strike=Some("62932.64") issue=Up (estimé) | PnL up=+0.00 down=+0.00 | taker=0 maker_fills=0 | PnL cumulé=+0.00
[2m2026-07-06T05:40:02.393297Z[0m [32m INFO[0m [2mpm_bot[0m[2m:[0m fenêtre active: btc-updown-5m-1783316400 [1783316400000 → 1783316700000]
[2m2026-07-06T05:40:02.393375Z[0m [32m INFO[0m [2mpm_bot[0m[2m:[0m strike gelé: Some(63046.23576687119) (confidence=1.000, gap=Some(0) ms)
[2m2026-07-06T05:40:03.007650Z[0m [32m INFO[0m [2mpm_acquisition::clob[0m[2m:[0m CLOB connecté (up=93156845…, down=28151771…)
[2m2026-07-06T05:41:29.360104Z[0m [32m INFO[0m [2mpm_bot[0m[2m:[0m résolution officielle btc-updown-5m-1783316100: Up — CONFIRME notre estimation ✓
[2m2026-07-06T05:41:29.360204Z[0m [32m INFO[0m [2mpm_acquisition::clob[0m[2m:[0m CLOB flux terminé (marché résolu/fermé)
[2m2026-07-06T05:45:02.533280Z[0m [32m INFO[0m [2mpm_bot[0m[2m:[0m RÈGLEMENT btc-updown-5m-1783316400 | strike=Some("63046.24") issue=Down (estimé) | PnL up=+0.00 down=+0.00 | taker=0 maker_fills=0 | PnL cumulé=+0.00
[2m2026-07-06T05:45:02.533346Z[0m [32m INFO[0m [2mpm_bot[0m[2m:[0m fenêtre active: btc-updown-5m-1783316700 [1783316700000 → 1783317000000]
[2m2026-07-06T05:45:02.533423Z[0m [32m INFO[0m [2mpm_bot[0m[2m:[0m strike gelé: Some(63037.795595) (confidence=1.000, gap=Some(0) ms)
[2m2026-07-06T05:45:02.967664Z[0m [32m INFO[0m [2mpm_acquisition::clob[0m[2m:[0m CLOB connecté (up=43307989…, down=86445747…)
[2m2026-07-06T05:46:25.734821Z[0m [32m INFO[0m [2mpm_bot[0m[2m:[0m résolution officielle btc-updown-5m-1783316400: Down — CONFIRME notre estimation ✓
[2m2026-07-06T05:46:25.734886Z[0m [32m INFO[0m [2mpm_acquisition::clob[0m[2m:[0m CLOB flux terminé (marché résolu/fermé)
[2m2026-07-06T05:50:02.365059Z[0m [32m INFO[0m [2mpm_bot[0m[2m:[0m RÈGLEMENT btc-updown-5m-1783316700 | strike=Some("63037.80") issue=Up (estimé) | PnL up=+0.00 down=+0.00 | taker=0 maker_fills=0 | PnL cumulé=+0.00
[2m2026-07-06T05:50:02.365127Z[0m [32m INFO[0m [2mpm_bot[0m[2m:[0m fenêtre active: btc-updown-5m-1783317000 [1783317000000 → 1783317300000]
[2m2026-07-06T05:50:02.365167Z[0m [32m INFO[0m [2mpm_bot[0m[2m:[0m strike gelé: Some(63061.82889455323) (confidence=1.000, gap=Some(0) ms)
[2m2026-07-06T05:50:02.774549Z[0m [32m INFO[0m [2mpm_acquisition::clob[0m[2m:[0m CLOB connecté (up=56545156…, down=11101414…)
[2m2026-07-06T05:51:42.283300Z[0m [32m INFO[0m [2mpm_bot[0m[2m:[0m résolution officielle btc-updown-5m-1783316700: Up — CONFIRME notre estimation ✓
[2m2026-07-06T05:51:42.283368Z[0m [32m INFO[0m [2mpm_acquisition::clob[0m[2m:[0m CLOB flux terminé (marché résolu/fermé)
[2m2026-07-06T05:52:01.374822Z[0m [33m WARN[0m [2mpm_acquisition::watchdog[0m[2m:[0m flux rtds stale (6160 ms de silence)
[2m2026-07-06T05:52:01.374952Z[0m [33m WARN[0m [2mpm_bot[0m[2m:[0m FEED STALE: rtds silencieux 6160 ms
[2m2026-07-06T05:52:02.310857Z[0m [33m WARN[0m [2mpm_acquisition::rtds[0m[2m:[0m RTDS silencieux 6279 ms → réabonnement
[2m2026-07-06T05:55:02.299626Z[0m [32m INFO[0m [2mpm_bot[0m[2m:[0m RÈGLEMENT btc-updown-5m-1783317000 | strike=Some("63061.83") issue=Up (estimé) | PnL up=+0.00 down=+0.00 | taker=0 maker_fills=0 | PnL cumulé=+0.00
[2m2026-07-06T05:55:02.299707Z[0m [32m INFO[0m [2mpm_bot[0m[2m:[0m fenêtre active: btc-updown-5m-1783317300 [1783317300000 → 1783317600000]
[2m2026-07-06T05:55:02.299767Z[0m [32m INFO[0m [2mpm_bot[0m[2m:[0m strike gelé: Some(63092.00093578186) (confidence=1.000, gap=Some(0) ms)
[2m2026-07-06T05:55:02.750659Z[0m [32m INFO[0m [2mpm_acquisition::clob[0m[2m:[0m CLOB connecté (up=20990787…, down=87650714…)
